01-24 20:08:35.182 17369 17385 I vndksupport: sphal namespace is not configured for this process. Loading /vendor/lib/hw/gralloc.msm8909.so from the current namespace instead.
01-24 20:08:35.236   434   461 I ActivityManager: Displayed com.getqardio.android/.wearable.ui.activity.MenuActivity: +940ms
01-24 20:08:37.821   434   536 E TaskPersister: File error accessing recents directory (directory doesn't exist?).
01-24 20:08:39.015  7206  7251 I dailytrack: HealthSportDataCacheUtil::saveData(),currentThread4=handle_total_data
01-24 20:08:41.049 31332 31384 E bt_btif : bta_dm_pm_btm_status hci_status=35
01-24 20:08:44.020  7206  7251 I dailytrack: HealthSportDataCacheUtil::saveData(),currentThread4=handle_total_data
01-24 20:08:49.027  7206  7251 I dailytrack: HealthSportDataCacheUtil::saveData(),currentThread4=handle_total_data
01-24 20:08:51.375 17390 17390 D AndroidRuntime: >>>>>> START com.android.internal.os.RuntimeInit uid 2000 <<<<<<
01-24 20:08:52.536 17390 17390 D AndroidRuntime: Calling main entry com.android.commands.pm.Pm
01-24 20:08:52.565   434   874 I ActivityManager: Force stopping com.getqardio.android appid=10051 user=0: clear data
01-24 20:08:52.567   434   874 I ActivityManager: Killing 17369:com.getqardio.android/u0a51 (adj 0): stop com.getqardio.android
01-24 20:08:52.586   434   874 W ActivityManager: Force removing ActivityRecord{52215b4 u0 com.getqardio.android/.wearable.ui.activity.MenuActivity t491}: app died, no saved state
01-24 20:08:52.856   434   461 W ActivityManager: setHasOverlayUi called on unknown pid: 17369
01-24 20:08:52.864   335   335 I keystore: clear_uid 10051
01-24 20:08:52.872   434   453 I ActivityManager: Force stopping com.getqardio.android appid=10051 user=-1: clearApplicationUserData
01-24 20:08:52.880 15691 15691 E Watchface: CocosWatchFaceService::Handler msg: -5 0.0;--
01-24 20:08:52.881   434   454 W Looper  : Dispatch took 314ms on android.ui, h=Handler (com.android.server.am.ActivityManagerService$UiHandler) {dee4953} cb=null msg=53
01-24 20:08:52.924   434   453 W BroadcastQueue: Background execution not allowed: receiving Intent { act=android.os.UpdateLock.UPDATE_LOCK_CHANGED flg=0x4000010 (has extras) } to com.google.android.gms/.chimera.GmsIntentOperationService$PersistentTrustedReceiver
01-24 20:08:52.928   434   536 E TaskPersister: File error accessing recents directory (directory doesn't exist?).
01-24 20:08:53.012 17390 17390 I app_process: System.exit called, status: 0
01-24 20:08:53.012 17390 17390 I AndroidRuntime: VM exiting with result code 0.
01-24 20:08:53.019 13109 13109 I GeofencerStateMachine: removeGeofences: removeRequest=RemoveGeofencingRequest[REMOVE_ALL packageName=com.getqardio.android]
01-24 20:08:53.021 31332 31332 D Avrcp   : AvrcpServiceBroadcastReceiver-> Action: android.intent.action.PACKAGE_DATA_CLEARED
01-24 20:08:53.026 31332 31332 D Avrcp   : packageName: com.getqardio.android removed: true
01-24 20:08:53.027 31332 31332 V Avrcp   : isBrowseSupported for com.getqardio.android: false
01-24 20:08:53.115   712   712 D RegisteredNfcFServicesCache: Service unchanged, not updating
01-24 20:08:53.254 13109 17410 I Fitness : Clearing all cached OAuth tokens for: com.getqardio.android [CONTEXT service_id=17 ]
01-24 20:08:53.262 13109 17410 I Fitness : Removing all subscriptions for: com.getqardio.android [CONTEXT service_id=17 ]
01-24 20:08:53.285 13109 17410 I Fitness : Clearing all cached OAuth tokens for: com.getqardio.android [CONTEXT service_id=17 ]
01-24 20:08:53.288 13109 17410 I Fitness : Removing all subscriptions for: com.getqardio.android [CONTEXT service_id=17 ]
01-24 20:08:54.031  7206  7251 I dailytrack: HealthSportDataCacheUtil::saveData(),currentThread4=handle_total_data
01-24 20:08:58.397   434   874 I ActivityManager: START u0 {act=api.android.category.MAIN cat=[api.android.intent.LAUNCHER] flg=0x10000000 cmp=com.getqardio.android/.wearable.ui.activity.MenuActivity} from uid 2000
01-24 20:08:58.474   434 13233 I ActivityManager: Start proc 17416:com.getqardio.android/u0a51 for activity com.getqardio.android/.wearable.ui.activity.MenuActivity
01-24 20:08:58.667   434 13233 W ActivityManager: Slow operation: 85ms so far, now at attachApplicationLocked: after mServices.attachApplicationLocked
01-24 20:08:58.672   434   453 W BroadcastQueue: Background execution not allowed: receiving Intent { act=android.os.UpdateLock.UPDATE_LOCK_CHANGED flg=0x4000010 (has extras) } to com.google.android.gms/.chimera.GmsIntentOperationService$PersistentTrustedReceiver
01-24 20:08:58.792 17416 17416 D com.getqardio.android.wearable.utils.crashlytics.CrashlyticsWear: Initialize CrachlyticsUncaughtExceptionHandler
01-24 20:08:58.865 17416 17433 D OpenGLRenderer: HWUI GL Pipeline
01-24 20:08:58.948 17416 17426 I zygote  : Background concurrent copying GC freed 975(315KB) AllocSpace objects, 0(0B) LOS objects, 31% free, 1123KB/1635KB, paused 2.561ms total 152.894ms
01-24 20:08:59.037  7206  7251 I dailytrack: HealthSportDataCacheUtil::saveData(),currentThread4=handle_total_data
01-24 20:08:59.122 17416 17433 I Adreno-EGL: <qeglDrvAPI_eglInitialize:379>: EGL 1.4 QUALCOMM build:  (I7af58d6928)
01-24 20:08:59.122 17416 17433 I Adreno-EGL: OpenGL ES Shader Compiler Version: E031.35.01.00
01-24 20:08:59.122 17416 17433 I Adreno-EGL: Build Date: 09/14/17 Thu
01-24 20:08:59.122 17416 17433 I Adreno-EGL: Local Branch: gfx-adreno.lnx.1.0
01-24 20:08:59.122 17416 17433 I Adreno-EGL: Remote Branch: 
01-24 20:08:59.122 17416 17433 I Adreno-EGL: Local Patches: 
01-24 20:08:59.122 17416 17433 I Adreno-EGL: Reconstruct Branch: 
01-24 20:08:59.128 17416 17433 I vndksupport: sphal namespace is not configured for this process. Loading /vendor/lib/hw/gralloc.msm8909.so from the current namespace instead.
01-24 20:08:59.139 17433 17433 W RenderThread: type=1400 audit(0.0:575): avc: denied { read } for name="gpuclk" dev="sysfs" ino=18862 scontext=u:r:untrusted_app_25:s0:c512,c768 tcontext=u:object_r:sysfs:s0 tclass=file permissive=0
01-24 20:08:59.143 17416 17433 I OpenGLRenderer: Initialized EGL, version 1.4
01-24 20:08:59.143 17416 17433 D OpenGLRenderer: Swap behavior 1
01-24 20:08:59.149 17416 17433 W Adreno-ES20: <get_gpu_clk:229>: open failed: errno 13
01-24 20:08:59.161 17416 17433 W Adreno-EGL: <qeglDrvAPI_eglGetConfigAttrib:612>: EGL_BAD_ATTRIBUTE
01-24 20:08:59.164 17416 17433 I vndksupport: sphal namespace is not configured for this process. Loading /vendor/lib/hw/gralloc.msm8909.so from the current namespace instead.
01-24 20:08:59.344 17416 17433 I vndksupport: sphal namespace is not configured for this process. Loading /vendor/lib/hw/gralloc.msm8909.so from the current namespace instead.
01-24 20:08:59.414   434   461 I ActivityManager: Displayed com.getqardio.android/.wearable.ui.activity.MenuActivity: +939ms
01-24 20:09:00.013 15691 15691 D WallpaperUtil: InternalCache: available=1546M
01-24 20:09:00.027 15691 15691 E Watchface: WeatherManager::checkUpdateDisplayWeather() mWeatherInfo is null !
01-24 20:09:00.035 32131 32131 W OngoingChipController: Attempting to remove non-existent UI for chip [com.google.android.wearable.app, media_controls]
01-24 20:09:01.978   434   536 E TaskPersister: File error accessing recents directory (directory doesn't exist?).
01-24 20:09:04.044  7206  7251 I dailytrack: HealthSportDataCacheUtil::saveData(),currentThread4=handle_total_data
01-24 20:09:09.051  7206  7251 I dailytrack: HealthSportDataCacheUtil::saveData(),currentThread4=handle_total_data
01-24 20:09:11.956   723   723 I battery : BatteryService: mInternalBatteryReceiver onReceive() action = android.intent.action.BATTERY_CHANGED
01-24 20:09:11.958 31787 31787 I ADVLog  : ADV.SensorService:/BatteryTemperature: 342  /isUsbOrAc: 1
01-24 20:09:11.975   319   319 D WifiHAL : In DebugCommand::handleResponse
01-24 20:09:11.975   319   319 D WifiHAL : len = 4, expected len = 4
01-24 20:09:11.998   434  2021 E BatteryStatsService: no controller energy info supplied
01-24 20:09:12.001   434  2021 I chatty  : uid=1000(system) Binder:434_D identical 1 line
01-24 20:09:12.001   434  2021 E BatteryStatsService: no controller energy info supplied
01-24 20:09:12.297   723   737 I zygote  : Background concurrent copying GC freed 7166(610KB) AllocSpace objects, 2(192KB) LOS objects, 24% free, 1982KB/2MB, paused 3.213ms total 217.739ms
01-24 20:09:12.580   434   443 I zygote  : Background concurrent copying GC freed 21741(1633KB) AllocSpace objects, 23(568KB) LOS objects, 15% free, 11MB/13MB, paused 10.680ms total 533.210ms
01-24 20:09:14.056  7206  7251 I dailytrack: HealthSportDataCacheUtil::saveData(),currentThread4=handle_total_data
01-24 20:09:15.492 17438 17438 D AndroidRuntime: >>>>>> START com.android.internal.os.RuntimeInit uid 2000 <<<<<<
01-24 20:09:16.746 17438 17438 D AndroidRuntime: Calling main entry com.android.commands.pm.Pm
01-24 20:09:16.778   434   756 I ActivityManager: Force stopping com.getqardio.android appid=10051 user=0: clear data
01-24 20:09:16.780   434   756 I ActivityManager: Killing 17416:com.getqardio.android/u0a51 (adj 0): stop com.getqardio.android
01-24 20:09:16.783   434   756 W ActivityManager: Force removing ActivityRecord{7ad544f u0 com.getqardio.android/.wearable.ui.activity.MenuActivity t492}: app died, no saved state
01-24 20:09:17.063   434   454 W Looper  : Dispatch took 282ms on android.ui, h=Handler (com.android.server.am.ActivityManagerService$UiHandler) {dee4953} cb=null msg=53
01-24 20:09:17.073   434   453 W BroadcastQueue: Background execution not allowed: receiving Intent { act=android.os.UpdateLock.UPDATE_LOCK_CHANGED flg=0x4000010 (has extras) } to com.google.android.gms/.chimera.GmsIntentOperationService$PersistentTrustedReceiver
01-24 20:09:17.080   434   461 W ActivityManager: setHasOverlayUi called on unknown pid: 17416
01-24 20:09:17.122 15691 15691 E Watchface: CocosWatchFaceService::Handler msg: -5 0.0;--
01-24 20:09:17.127   434   453 I ActivityManager: Force stopping com.getqardio.android appid=10051 user=-1: clearApplicationUserData
01-24 20:09:17.137   335   335 I keystore: clear_uid 10051
01-24 20:09:17.140   434   536 E TaskPersister: File error accessing recents directory (directory doesn't exist?).
01-24 20:09:17.227 15691 15701 I zygote  : Background concurrent copying GC freed 4425(401KB) AllocSpace objects, 0(0B) LOS objects, 28% free, 1307KB/1819KB, paused 22.851ms total 146.536ms
01-24 20:09:17.279 13109 13109 I GeofencerStateMachine: removeGeofences: removeRequest=RemoveGeofencingRequest[REMOVE_ALL packageName=com.getqardio.android]
01-24 20:09:17.285 31332 31332 D Avrcp   : AvrcpServiceBroadcastReceiver-> Action: android.intent.action.PACKAGE_DATA_CLEARED
01-24 20:09:17.285 31332 31332 D Avrcp   : packageName: com.getqardio.android removed: true
01-24 20:09:17.285 31332 31332 V Avrcp   : isBrowseSupported for com.getqardio.android: false
01-24 20:09:17.292 17438 17438 I app_process: System.exit called, status: 0
01-24 20:09:17.292 17438 17438 I AndroidRuntime: VM exiting with result code 0.
01-24 20:09:17.388   712   712 D RegisteredNfcFServicesCache: Service unchanged, not updating
01-24 20:09:17.403 13109 17449 I Fitness : Clearing all cached OAuth tokens for: com.getqardio.android [CONTEXT service_id=17 ]
01-24 20:09:17.405 13109 17449 I Fitness : Removing all subscriptions for: com.getqardio.android [CONTEXT service_id=17 ]
01-24 20:09:17.500 13109 17449 I Fitness : Clearing all cached OAuth tokens for: com.getqardio.android [CONTEXT service_id=17 ]
01-24 20:09:17.502 13109 17449 I Fitness : Removing all subscriptions for: com.getqardio.android [CONTEXT service_id=17 ]
01-24 20:09:19.056  7206  7251 I dailytrack: HealthSportDataCacheUtil::saveData(),currentThread4=handle_total_data
01-24 20:09:22.773   434  2426 I ActivityManager: START u0 {act=api.android.category.MAIN cat=[api.android.intent.LAUNCHER] flg=0x10000000 cmp=com.getqardio.android/.wearable.ui.activity.MenuActivity} from uid 2000
01-24 20:09:22.852   434 13233 I ActivityManager: Start proc 17464:com.getqardio.android/u0a51 for activity com.getqardio.android/.wearable.ui.activity.MenuActivity
01-24 20:09:23.045   434 13233 W ActivityManager: Slow operation: 79ms so far, now at attachApplicationLocked: after mServices.attachApplicationLocked
01-24 20:09:23.091   434   453 W BroadcastQueue: Background execution not allowed: receiving Intent { act=android.os.UpdateLock.UPDATE_LOCK_CHANGED flg=0x4000010 (has extras) } to com.google.android.gms/.chimera.GmsIntentOperationService$PersistentTrustedReceiver
01-24 20:09:23.259 17464 17464 D com.getqardio.android.wearable.utils.crashlytics.CrashlyticsWear: Initialize CrachlyticsUncaughtExceptionHandler
01-24 20:09:23.329 17464 17480 D OpenGLRenderer: HWUI GL Pipeline
01-24 20:09:23.464 17464 17474 I zygote  : Background concurrent copying GC freed 944(342KB) AllocSpace objects, 0(0B) LOS objects, 30% free, 1143KB/1655KB, paused 2.326ms total 242.556ms
01-24 20:09:23.536 17464 17480 I Adreno-EGL: <qeglDrvAPI_eglInitialize:379>: EGL 1.4 QUALCOMM build:  (I7af58d6928)
01-24 20:09:23.536 17464 17480 I Adreno-EGL: OpenGL ES Shader Compiler Version: E031.35.01.00
01-24 20:09:23.536 17464 17480 I Adreno-EGL: Build Date: 09/14/17 Thu
01-24 20:09:23.536 17464 17480 I Adreno-EGL: Local Branch: gfx-adreno.lnx.1.0
01-24 20:09:23.536 17464 17480 I Adreno-EGL: Remote Branch: 
01-24 20:09:23.536 17464 17480 I Adreno-EGL: Local Patches: 
01-24 20:09:23.536 17464 17480 I Adreno-EGL: Reconstruct Branch: 
01-24 20:09:23.542 17464 17480 I vndksupport: sphal namespace is not configured for this process. Loading /vendor/lib/hw/gralloc.msm8909.so from the current namespace instead.
01-24 20:09:23.549 17480 17480 W RenderThread: type=1400 audit(0.0:576): avc: denied { read } for name="gpuclk" dev="sysfs" ino=18862 scontext=u:r:untrusted_app_25:s0:c512,c768 tcontext=u:object_r:sysfs:s0 tclass=file permissive=0
01-24 20:09:23.557 17464 17480 I OpenGLRenderer: Initialized EGL, version 1.4
01-24 20:09:23.558 17464 17480 D OpenGLRenderer: Swap behavior 1
01-24 20:09:23.564 17464 17480 W Adreno-ES20: <get_gpu_clk:229>: open failed: errno 13
01-24 20:09:23.595 17464 17480 W Adreno-EGL: <qeglDrvAPI_eglGetConfigAttrib:612>: EGL_BAD_ATTRIBUTE
01-24 20:09:23.599 17464 17480 I vndksupport: sphal namespace is not configured for this process. Loading /vendor/lib/hw/gralloc.msm8909.so from the current namespace instead.
01-24 20:09:23.659 17464 17474 I zygote  : NativeAllocBackground concurrent copying GC freed 568(122KB) AllocSpace objects, 0(0B) LOS objects, 32% free, 1086KB/1598KB, paused 465us total 170.334ms
01-24 20:09:23.779 17464 17480 I vndksupport: sphal namespace is not configured for this process. Loading /vendor/lib/hw/gralloc.msm8909.so from the current namespace instead.
01-24 20:09:23.844   434   461 I ActivityManager: Displayed com.getqardio.android/.wearable.ui.activity.MenuActivity: +989ms
01-24 20:09:24.062  7206  7251 I dailytrack: HealthSportDataCacheUtil::saveData(),currentThread4=handle_total_data
01-24 20:09:26.342   434   536 E TaskPersister: File error accessing recents directory (directory doesn't exist?).
01-24 20:09:34.074  7206  7251 I chatty  : uid=10025(u0_a25) handle_total_da identical 2 lines
01-24 20:09:39.076  7206  7251 I dailytrack: HealthSportDataCacheUtil::saveData(),currentThread4=handle_total_data
01-24 20:09:39.801 30846 30867 I Finsky  : [1245] jwq.run(3): Stats for Executor: BlockingExecutor jyi@923c909[Running, pool size = 0, active threads = 0, queued tasks = 0, completed tasks = 289]
01-24 20:09:39.803 30846 30867 I Finsky  : [1245] jwq.run(3): Stats for Executor: LightweightExecutor jyi@173870e[Running, pool size = 3, active threads = 0, queued tasks = 0, completed tasks = 64]
01-24 20:09:40.075 17486 17486 D AndroidRuntime: >>>>>> START com.android.internal.os.RuntimeInit uid 2000 <<<<<<
01-24 20:09:41.352 17486 17486 D AndroidRuntime: Calling main entry com.android.commands.pm.Pm
01-24 20:09:41.384   434 13233 I ActivityManager: Force stopping com.getqardio.android appid=10051 user=0: clear data
01-24 20:09:41.385   434 13233 I ActivityManager: Killing 17464:com.getqardio.android/u0a51 (adj 0): stop com.getqardio.android
01-24 20:09:41.389   434 13233 W ActivityManager: Force removing ActivityRecord{2b9ed17 u0 com.getqardio.android/.wearable.ui.activity.MenuActivity t493}: app died, no saved state
01-24 20:09:41.692   434   454 W Looper  : Dispatch took 308ms on android.ui, h=Handler (com.android.server.am.ActivityManagerService$UiHandler) {dee4953} cb=null msg=53
01-24 20:09:41.700   335   335 I keystore: clear_uid 10051
01-24 20:09:41.703   434   453 I ActivityManager: Force stopping com.getqardio.android appid=10051 user=-1: clearApplicationUserData
01-24 20:09:41.749   434   461 W ActivityManager: setHasOverlayUi called on unknown pid: 17464
01-24 20:09:41.760   434   453 W BroadcastQueue: Background execution not allowed: receiving Intent { act=android.os.UpdateLock.UPDATE_LOCK_CHANGED flg=0x4000010 (has extras) } to com.google.android.gms/.chimera.GmsIntentOperationService$PersistentTrustedReceiver
01-24 20:09:41.771 30846 30867 I Finsky  : [1245] jwq.run(3): Stats for Executor: bgExecutor jyi@5e72822[Running, pool size = 4, active threads = 0, queued tasks = 0, completed tasks = 1097]
01-24 20:09:41.784   434   536 E TaskPersister: File error accessing recents directory (directory doesn't exist?).
01-24 20:09:41.798 15691 15691 E Watchface: CocosWatchFaceService::Handler msg: -5 0.0;--
01-24 20:09:41.906 13109 13109 I GeofencerStateMachine: removeGeofences: removeRequest=RemoveGeofencingRequest[REMOVE_ALL packageName=com.getqardio.android]
01-24 20:09:41.908 31332 31332 D Avrcp   : AvrcpServiceBroadcastReceiver-> Action: android.intent.action.PACKAGE_DATA_CLEARED
01-24 20:09:41.908 31332 31332 D Avrcp   : packageName: com.getqardio.android removed: true
01-24 20:09:41.908 31332 31332 V Avrcp   : isBrowseSupported for com.getqardio.android: false
01-24 20:09:41.925 17486 17486 I app_process: System.exit called, status: 0
01-24 20:09:41.925 17486 17486 I AndroidRuntime: VM exiting with result code 0.
01-24 20:09:42.010 13109 17498 I Fitness : Clearing all cached OAuth tokens for: com.getqardio.android [CONTEXT service_id=17 ]
01-24 20:09:42.024 13109 17498 I Fitness : Removing all subscriptions for: com.getqardio.android [CONTEXT service_id=17 ]
01-24 20:09:42.047   712   712 D RegisteredNfcFServicesCache: Service unchanged, not updating
01-24 20:09:42.138 13109 17498 I Fitness : Clearing all cached OAuth tokens for: com.getqardio.android [CONTEXT service_id=17 ]
01-24 20:09:42.140 13109 17498 I Fitness : Removing all subscriptions for: com.getqardio.android [CONTEXT service_id=17 ]
01-24 20:09:44.082  7206  7251 I dailytrack: HealthSportDataCacheUtil::saveData(),currentThread4=handle_total_data
01-24 20:09:47.345   434   874 I ActivityManager: START u0 {act=api.android.category.MAIN cat=[api.android.intent.LAUNCHER] flg=0x10000000 cmp=com.getqardio.android/.wearable.ui.activity.MenuActivity} from uid 2000
01-24 20:09:47.434   434  1099 I ActivityManager: Start proc 17512:com.getqardio.android/u0a51 for activity com.getqardio.android/.wearable.ui.activity.MenuActivity
01-24 20:09:47.605   434  1099 W ActivityManager: Slow operation: 88ms so far, now at attachApplicationLocked: after mServices.attachApplicationLocked
01-24 20:09:47.669   434   453 W BroadcastQueue: Background execution not allowed: receiving Intent { act=android.os.UpdateLock.UPDATE_LOCK_CHANGED flg=0x4000010 (has extras) } to com.google.android.gms/.chimera.GmsIntentOperationService$PersistentTrustedReceiver
01-24 20:09:47.789 17512 17512 D com.getqardio.android.wearable.utils.crashlytics.CrashlyticsWear: Initialize CrachlyticsUncaughtExceptionHandler
01-24 20:09:47.825 17512 17522 I zygote  : Background concurrent copying GC freed 831(365KB) AllocSpace objects, 0(0B) LOS objects, 32% free, 1055KB/1567KB, paused 15.927ms total 135.152ms
01-24 20:09:47.877 17512 17528 D OpenGLRenderer: HWUI GL Pipeline
01-24 20:09:48.080 17512 17528 I Adreno-EGL: <qeglDrvAPI_eglInitialize:379>: EGL 1.4 QUALCOMM build:  (I7af58d6928)
01-24 20:09:48.080 17512 17528 I Adreno-EGL: OpenGL ES Shader Compiler Version: E031.35.01.00
01-24 20:09:48.080 17512 17528 I Adreno-EGL: Build Date: 09/14/17 Thu
01-24 20:09:48.080 17512 17528 I Adreno-EGL: Local Branch: gfx-adreno.lnx.1.0
01-24 20:09:48.080 17512 17528 I Adreno-EGL: Remote Branch: 
01-24 20:09:48.080 17512 17528 I Adreno-EGL: Local Patches: 
01-24 20:09:48.080 17512 17528 I Adreno-EGL: Reconstruct Branch: 
01-24 20:09:48.086 17512 17528 I vndksupport: sphal namespace is not configured for this process. Loading /vendor/lib/hw/gralloc.msm8909.so from the current namespace instead.
01-24 20:09:48.099 17528 17528 W RenderThread: type=1400 audit(0.0:577): avc: denied { read } for name="gpuclk" dev="sysfs" ino=18862 scontext=u:r:untrusted_app_25:s0:c512,c768 tcontext=u:object_r:sysfs:s0 tclass=file permissive=0
01-24 20:09:48.101 17512 17528 I OpenGLRenderer: Initialized EGL, version 1.4
01-24 20:09:48.102 17512 17528 D OpenGLRenderer: Swap behavior 1
01-24 20:09:48.107 17512 17528 W Adreno-ES20: <get_gpu_clk:229>: open failed: errno 13
01-24 20:09:48.120 17512 17528 W Adreno-EGL: <qeglDrvAPI_eglGetConfigAttrib:612>: EGL_BAD_ATTRIBUTE
01-24 20:09:48.123 17512 17528 I vndksupport: sphal namespace is not configured for this process. Loading /vendor/lib/hw/gralloc.msm8909.so from the current namespace instead.
01-24 20:09:48.143 17512 17522 I zygote  : NativeAllocBackground concurrent copying GC freed 766(159KB) AllocSpace objects, 0(0B) LOS objects, 31% free, 1106KB/1618KB, paused 795us total 107.857ms
01-24 20:09:48.295 17512 17528 I vndksupport: sphal namespace is not configured for this process. Loading /vendor/lib/hw/gralloc.msm8909.so from the current namespace instead.
01-24 20:09:48.354   434   461 I ActivityManager: Displayed com.getqardio.android/.wearable.ui.activity.MenuActivity: +929ms
01-24 20:09:49.088  7206  7251 I dailytrack: HealthSportDataCacheUtil::saveData(),currentThread4=handle_total_data
01-24 20:09:50.921   434   536 E TaskPersister: File error accessing recents directory (directory doesn't exist?).
01-24 20:09:54.094  7206  7251 I chatty  : uid=10025(u0_a25) handle_total_da identical 1 line
01-24 20:09:59.101  7206  7251 I dailytrack: HealthSportDataCacheUtil::saveData(),currentThread4=handle_total_data
01-24 20:10:00.011 15691 15691 D WallpaperUtil: InternalCache: available=1546M
01-24 20:10:00.024 15691 15691 E Watchface: WeatherManager::checkUpdateDisplayWeather() mWeatherInfo is null !
01-24 20:10:00.032 32131 32131 W OngoingChipController: Attempting to remove non-existent UI for chip [com.google.android.wearable.app, media_controls]
01-24 20:10:04.106  7206  7251 I dailytrack: HealthSportDataCacheUtil::saveData(),currentThread4=handle_total_data
01-24 20:10:04.555 17534 17534 D AndroidRuntime: >>>>>> START com.android.internal.os.RuntimeInit uid 2000 <<<<<<
01-24 20:10:05.820 17534 17534 D AndroidRuntime: Calling main entry com.android.commands.pm.Pm
01-24 20:10:05.849   434   756 I ActivityManager: Force stopping com.getqardio.android appid=10051 user=0: clear data
01-24 20:10:05.851   434   756 I ActivityManager: Killing 17512:com.getqardio.android/u0a51 (adj 0): stop com.getqardio.android
01-24 20:10:05.858   434   756 W ActivityManager: Force removing ActivityRecord{14aff7e u0 com.getqardio.android/.wearable.ui.activity.MenuActivity t494}: app died, no saved state
01-24 20:10:06.112   434   453 I ActivityManager: Force stopping com.getqardio.android appid=10051 user=-1: clearApplicationUserData
01-24 20:10:06.136   434   454 W Looper  : Dispatch took 286ms on android.ui, h=Handler (com.android.server.am.ActivityManagerService$UiHandler) {dee4953} cb=null msg=53
01-24 20:10:06.171   434   453 W BroadcastQueue: Background execution not allowed: receiving Intent { act=android.os.UpdateLock.UPDATE_LOCK_CHANGED flg=0x4000010 (has extras) } to com.google.android.gms/.chimera.GmsIntentOperationService$PersistentTrustedReceiver
01-24 20:10:06.173   434   461 W ActivityManager: setHasOverlayUi called on unknown pid: 17512
01-24 20:10:06.205   335   335 I keystore: clear_uid 10051
01-24 20:10:06.213 15691 15691 E Watchface: CocosWatchFaceService::Handler msg: -5 0.0;--
01-24 20:10:06.219   434   536 E TaskPersister: File error accessing recents directory (directory doesn't exist?).
01-24 20:10:06.347 13109 13109 I GeofencerStateMachine: removeGeofences: removeRequest=RemoveGeofencingRequest[REMOVE_ALL packageName=com.getqardio.android]
01-24 20:10:06.349 31332 31332 D Avrcp   : AvrcpServiceBroadcastReceiver-> Action: android.intent.action.PACKAGE_DATA_CLEARED
01-24 20:10:06.349 31332 31332 D Avrcp   : packageName: com.getqardio.android removed: true
01-24 20:10:06.349 31332 31332 V Avrcp   : isBrowseSupported for com.getqardio.android: false
01-24 20:10:06.374   712   712 D RegisteredNfcFServicesCache: Service unchanged, not updating
01-24 20:10:06.385 17534 17534 I app_process: System.exit called, status: 0
01-24 20:10:06.386 17534 17534 I AndroidRuntime: VM exiting with result code 0.
01-24 20:10:06.448 13109 17545 I Fitness : Clearing all cached OAuth tokens for: com.getqardio.android [CONTEXT service_id=17 ]
01-24 20:10:06.467 13109 17545 I Fitness : Removing all subscriptions for: com.getqardio.android [CONTEXT service_id=17 ]
01-24 20:10:06.506 13109 17545 I zygote  : IncrementDisableThreadFlip blocked for 5.384ms
01-24 20:10:06.526 13109 17545 I Fitness : Clearing all cached OAuth tokens for: com.getqardio.android [CONTEXT service_id=17 ]
01-24 20:10:06.528 13109 17545 I Fitness : Removing all subscriptions for: com.getqardio.android [CONTEXT service_id=17 ]
01-24 20:10:06.892 13109 13122 I zygote  : Background concurrent copying GC freed 29542(1964KB) AllocSpace objects, 0(0B) LOS objects, 20% free, 7MB/9MB, paused 1.393ms total 391.135ms
01-24 20:10:09.111  7206  7251 I dailytrack: HealthSportDataCacheUtil::saveData(),currentThread4=handle_total_data
01-24 20:10:10.239   434   443 I zygote  : Background concurrent copying GC freed 20683(1544KB) AllocSpace objects, 17(416KB) LOS objects, 15% free, 11MB/13MB, paused 4.351ms total 429.143ms
01-24 20:10:11.830   434   874 I ActivityManager: START u0 {act=api.android.category.MAIN cat=[api.android.intent.LAUNCHER] flg=0x10000000 cmp=com.getqardio.android/.wearable.ui.activity.MenuActivity} from uid 2000
01-24 20:10:11.933   434   756 I ActivityManager: Start proc 17560:com.getqardio.android/u0a51 for activity com.getqardio.android/.wearable.ui.activity.MenuActivity
01-24 20:10:12.011   723   723 I battery : BatteryService: mInternalBatteryReceiver onReceive() action = android.intent.action.BATTERY_CHANGED
01-24 20:10:12.018 31787 31787 I ADVLog  : ADV.SensorService:/BatteryTemperature: 341  /isUsbOrAc: 1
01-24 20:10:12.028   319   319 D WifiHAL : In DebugCommand::handleResponse
01-24 20:10:12.028   319   319 D WifiHAL : len = 4, expected len = 4
01-24 20:10:12.077   434   756 E BatteryStatsService: no controller energy info supplied
01-24 20:10:12.077   434   756 I chatty  : uid=1000(system) Binder:434_6 identical 1 line
01-24 20:10:12.077   434   756 E BatteryStatsService: no controller energy info supplied
01-24 20:10:12.157   434   874 W ActivityManager: Slow operation: 132ms so far, now at attachApplicationLocked: after mServices.attachApplicationLocked
01-24 20:10:12.160   434   454 W Looper  : Dispatch took 107ms on android.ui, h=Handler (com.android.server.am.ActivityManagerService$UiHandler) {dee4953} cb=null msg=31
01-24 20:10:12.183   434   453 W BroadcastQueue: Background execution not allowed: receiving Intent { act=android.os.UpdateLock.UPDATE_LOCK_CHANGED flg=0x4000010 (has extras) } to com.google.android.gms/.chimera.GmsIntentOperationService$PersistentTrustedReceiver
01-24 20:10:12.422 17560 17560 D com.getqardio.android.wearable.utils.crashlytics.CrashlyticsWear: Initialize CrachlyticsUncaughtExceptionHandler
01-24 20:10:12.463 17560 17570 I zygote  : Background concurrent copying GC freed 620(397KB) AllocSpace objects, 0(0B) LOS objects, 31% free, 1136KB/1648KB, paused 11.503ms total 203.492ms
01-24 20:10:12.508 17560 17577 D OpenGLRenderer: HWUI GL Pipeline
01-24 20:10:12.703 17560 17577 I Adreno-EGL: <qeglDrvAPI_eglInitialize:379>: EGL 1.4 QUALCOMM build:  (I7af58d6928)
01-24 20:10:12.703 17560 17577 I Adreno-EGL: OpenGL ES Shader Compiler Version: E031.35.01.00
01-24 20:10:12.703 17560 17577 I Adreno-EGL: Build Date: 09/14/17 Thu
01-24 20:10:12.703 17560 17577 I Adreno-EGL: Local Branch: gfx-adreno.lnx.1.0
01-24 20:10:12.703 17560 17577 I Adreno-EGL: Remote Branch: 
01-24 20:10:12.703 17560 17577 I Adreno-EGL: Local Patches: 
01-24 20:10:12.703 17560 17577 I Adreno-EGL: Reconstruct Branch: 
01-24 20:10:12.711 17560 17577 I vndksupport: sphal namespace is not configured for this process. Loading /vendor/lib/hw/gralloc.msm8909.so from the current namespace instead.
01-24 20:10:12.719 17577 17577 W RenderThread: type=1400 audit(0.0:578): avc: denied { read } for name="gpuclk" dev="sysfs" ino=18862 scontext=u:r:untrusted_app_25:s0:c512,c768 tcontext=u:object_r:sysfs:s0 tclass=file permissive=0
01-24 20:10:12.723 17560 17577 I OpenGLRenderer: Initialized EGL, version 1.4
01-24 20:10:12.724 17560 17577 D OpenGLRenderer: Swap behavior 1
01-24 20:10:12.730 17560 17577 W Adreno-ES20: <get_gpu_clk:229>: open failed: errno 13
01-24 20:10:12.740 17560 17577 W Adreno-EGL: <qeglDrvAPI_eglGetConfigAttrib:612>: EGL_BAD_ATTRIBUTE
01-24 20:10:12.743 17560 17577 I vndksupport: sphal namespace is not configured for this process. Loading /vendor/lib/hw/gralloc.msm8909.so from the current namespace instead.
01-24 20:10:12.917 17560 17577 I vndksupport: sphal namespace is not configured for this process. Loading /vendor/lib/hw/gralloc.msm8909.so from the current namespace instead.
01-24 20:10:12.988   434   461 I ActivityManager: Displayed com.getqardio.android/.wearable.ui.activity.MenuActivity: +1s54ms
01-24 20:10:14.116  7206  7251 I dailytrack: HealthSportDataCacheUtil::saveData(),currentThread4=handle_total_data
01-24 20:10:15.465   434   536 E TaskPersister: File error accessing recents directory (directory doesn't exist?).
01-24 20:10:19.119  7206  7251 I chatty  : uid=10025(u0_a25) handle_total_da identical 1 line
01-24 20:10:24.127  7206  7251 I dailytrack: HealthSportDataCacheUtil::saveData(),currentThread4=handle_total_data
01-24 20:10:29.022 17582 17582 D AndroidRuntime: >>>>>> START com.android.internal.os.RuntimeInit uid 2000 <<<<<<
01-24 20:10:29.132  7206  7251 I dailytrack: HealthSportDataCacheUtil::saveData(),currentThread4=handle_total_data
01-24 20:10:30.209 17582 17582 D AndroidRuntime: Calling main entry com.android.commands.pm.Pm
01-24 20:10:30.241   434   874 I ActivityManager: Force stopping com.getqardio.android appid=10051 user=0: clear data
01-24 20:10:30.243   434   874 I ActivityManager: Killing 17560:com.getqardio.android/u0a51 (adj 0): stop com.getqardio.android
01-24 20:10:30.260   434   874 W ActivityManager: Force removing ActivityRecord{fa62466 u0 com.getqardio.android/.wearable.ui.activity.MenuActivity t495}: app died, no saved state
01-24 20:10:30.538   434   461 W ActivityManager: setHasOverlayUi called on unknown pid: 17560
01-24 20:10:30.572   434   454 W Looper  : Dispatch took 330ms on android.ui, h=Handler (com.android.server.am.ActivityManagerService$UiHandler) {dee4953} cb=null msg=53
01-24 20:10:30.576   434   453 I ActivityManager: Force stopping com.getqardio.android appid=10051 user=-1: clearApplicationUserData
01-24 20:10:30.610   434   453 W BroadcastQueue: Background execution not allowed: receiving Intent { act=android.os.UpdateLock.UPDATE_LOCK_CHANGED flg=0x4000010 (has extras) } to com.google.android.gms/.chimera.GmsIntentOperationService$PersistentTrustedReceiver
01-24 20:10:30.624 15691 15691 E Watchface: CocosWatchFaceService::Handler msg: -5 0.0;--
01-24 20:10:30.641   335   335 I keystore: clear_uid 10051
01-24 20:10:30.643   434   536 E TaskPersister: File error accessing recents directory (directory doesn't exist?).
01-24 20:10:30.757 31332 31332 D Avrcp   : AvrcpServiceBroadcastReceiver-> Action: android.intent.action.PACKAGE_DATA_CLEARED
01-24 20:10:30.762 31332 31332 D Avrcp   : packageName: com.getqardio.android removed: true
01-24 20:10:30.762 31332 31332 V Avrcp   : isBrowseSupported for com.getqardio.android: false
01-24 20:10:30.763 13109 13109 I GeofencerStateMachine: removeGeofences: removeRequest=RemoveGeofencingRequest[REMOVE_ALL packageName=com.getqardio.android]
01-24 20:10:30.768 17582 17582 I app_process: System.exit called, status: 0
01-24 20:10:30.768 17582 17582 I AndroidRuntime: VM exiting with result code 0.
01-24 20:10:30.833   712   712 D RegisteredNfcFServicesCache: Service unchanged, not updating
01-24 20:10:30.843 13109 17593 I Fitness : Clearing all cached OAuth tokens for: com.getqardio.android [CONTEXT service_id=17 ]
01-24 20:10:30.845 13109 17593 I Fitness : Removing all subscriptions for: com.getqardio.android [CONTEXT service_id=17 ]
01-24 20:10:30.934 13109 17593 I Fitness : Clearing all cached OAuth tokens for: com.getqardio.android [CONTEXT service_id=17 ]
01-24 20:10:30.936 13109 17593 I Fitness : Removing all subscriptions for: com.getqardio.android [CONTEXT service_id=17 ]
01-24 20:10:31.077   712   726 I zygote  : Background concurrent copying GC freed 9685(398KB) AllocSpace objects, 0(0B) LOS objects, 28% free, 1262KB/1774KB, paused 20.793ms total 316.557ms
01-24 20:10:34.136  7206  7251 I dailytrack: HealthSportDataCacheUtil::saveData(),currentThread4=handle_total_data
01-24 20:10:36.178   434   874 I ActivityManager: START u0 {act=api.android.category.MAIN cat=[api.android.intent.LAUNCHER] flg=0x10000000 cmp=com.getqardio.android/.wearable.ui.activity.MenuActivity} from uid 2000
01-24 20:10:36.261   434  2093 I ActivityManager: Start proc 17609:com.getqardio.android/u0a51 for activity com.getqardio.android/.wearable.ui.activity.MenuActivity
01-24 20:10:36.388 17609 17619 I zygote  : Background concurrent copying GC freed 521(396KB) AllocSpace objects, 0(0B) LOS objects, 35% free, 928KB/1440KB, paused 7.294ms total 58.162ms
01-24 20:10:36.456   434   874 W ActivityManager: Slow operation: 78ms so far, now at attachApplicationLocked: after mServices.attachApplicationLocked
01-24 20:10:36.471   434   453 W BroadcastQueue: Background execution not allowed: receiving Intent { act=android.os.UpdateLock.UPDATE_LOCK_CHANGED flg=0x4000010 (has extras) } to com.google.android.gms/.chimera.GmsIntentOperationService$PersistentTrustedReceiver
01-24 20:10:36.589 17609 17609 D com.getqardio.android.wearable.utils.crashlytics.CrashlyticsWear: Initialize CrachlyticsUncaughtExceptionHandler
01-24 20:10:36.661 17609 17625 D OpenGLRenderer: HWUI GL Pipeline
01-24 20:10:36.871 17609 17625 I Adreno-EGL: <qeglDrvAPI_eglInitialize:379>: EGL 1.4 QUALCOMM build:  (I7af58d6928)
01-24 20:10:36.871 17609 17625 I Adreno-EGL: OpenGL ES Shader Compiler Version: E031.35.01.00
01-24 20:10:36.871 17609 17625 I Adreno-EGL: Build Date: 09/14/17 Thu
01-24 20:10:36.871 17609 17625 I Adreno-EGL: Local Branch: gfx-adreno.lnx.1.0
01-24 20:10:36.871 17609 17625 I Adreno-EGL: Remote Branch: 
01-24 20:10:36.871 17609 17625 I Adreno-EGL: Local Patches: 
01-24 20:10:36.871 17609 17625 I Adreno-EGL: Reconstruct Branch: 
01-24 20:10:36.877 17609 17625 I vndksupport: sphal namespace is not configured for this process. Loading /vendor/lib/hw/gralloc.msm8909.so from the current namespace instead.
01-24 20:10:36.889 17625 17625 W RenderThread: type=1400 audit(0.0:579): avc: denied { read } for name="gpuclk" dev="sysfs" ino=18862 scontext=u:r:untrusted_app_25:s0:c512,c768 tcontext=u:object_r:sysfs:s0 tclass=file permissive=0
01-24 20:10:36.895 17609 17625 I OpenGLRenderer: Initialized EGL, version 1.4
01-24 20:10:36.895 17609 17625 D OpenGLRenderer: Swap behavior 1
01-24 20:10:36.905 17609 17625 W Adreno-ES20: <get_gpu_clk:229>: open failed: errno 13
01-24 20:10:36.915 17609 17625 W Adreno-EGL: <qeglDrvAPI_eglGetConfigAttrib:612>: EGL_BAD_ATTRIBUTE
01-24 20:10:36.918 17609 17625 I vndksupport: sphal namespace is not configured for this process. Loading /vendor/lib/hw/gralloc.msm8909.so from the current namespace instead.
01-24 20:10:36.977 17609 17619 I zygote  : NativeAllocBackground concurrent copying GC freed 1188(213KB) AllocSpace objects, 0(0B) LOS objects, 32% free, 1069KB/1581KB, paused 568us total 157.018ms
01-24 20:10:37.094 17609 17625 I vndksupport: sphal namespace is not configured for this process. Loading /vendor/lib/hw/gralloc.msm8909.so from the current namespace instead.
01-24 20:10:37.134   434   461 I ActivityManager: Displayed com.getqardio.android/.wearable.ui.activity.MenuActivity: +903ms
01-24 20:10:39.142  7206  7251 I dailytrack: HealthSportDataCacheUtil::saveData(),currentThread4=handle_total_data
01-24 20:10:39.813   434   536 E TaskPersister: File error accessing recents directory (directory doesn't exist?).
01-24 20:10:42.604 31332 31384 E bt_btif : bta_dm_pm_btm_status hci_status=35
01-24 20:10:44.143  7206  7251 I dailytrack: HealthSportDataCacheUtil::saveData(),currentThread4=handle_total_data
01-24 20:10:49.147  7206  7251 I dailytrack: HealthSportDataCacheUtil::saveData(),currentThread4=handle_total_data
01-24 20:10:53.325 17632 17632 D AndroidRuntime: >>>>>> START com.android.internal.os.RuntimeInit uid 2000 <<<<<<
01-24 20:10:54.128 17632 17632 D AndroidRuntime: Calling main entry com.android.commands.pm.Pm
01-24 20:10:54.151  7206  7251 I dailytrack: HealthSportDataCacheUtil::saveData(),currentThread4=handle_total_data
01-24 20:10:54.158   434   874 I ActivityManager: Force stopping com.getqardio.android appid=10051 user=0: clear data
01-24 20:10:54.159   434   874 I ActivityManager: Killing 17609:com.getqardio.android/u0a51 (adj 0): stop com.getqardio.android
01-24 20:10:54.165   434   874 W ActivityManager: Force removing ActivityRecord{f9fab49 u0 com.getqardio.android/.wearable.ui.activity.MenuActivity t496}: app died, no saved state
01-24 20:10:54.439   434   461 W ActivityManager: setHasOverlayUi called on unknown pid: 17609
01-24 20:10:54.440   434   454 W Looper  : Dispatch took 281ms on android.ui, h=Handler (com.android.server.am.ActivityManagerService$UiHandler) {dee4953} cb=null msg=53
01-24 20:10:54.467   434   453 I ActivityManager: Force stopping com.getqardio.android appid=10051 user=-1: clearApplicationUserData
01-24 20:10:54.502 15691 15691 E Watchface: CocosWatchFaceService::Handler msg: -5 0.0;--
01-24 20:10:54.521   335   335 I keystore: clear_uid 10051
01-24 20:10:54.529   434   453 W BroadcastQueue: Background execution not allowed: receiving Intent { act=android.os.UpdateLock.UPDATE_LOCK_CHANGED flg=0x4000010 (has extras) } to com.google.android.gms/.chimera.GmsIntentOperationService$PersistentTrustedReceiver
01-24 20:10:54.547   434   536 E TaskPersister: File error accessing recents directory (directory doesn't exist?).
01-24 20:10:54.647 31332 31332 D Avrcp   : AvrcpServiceBroadcastReceiver-> Action: android.intent.action.PACKAGE_DATA_CLEARED
01-24 20:10:54.648 31332 31332 D Avrcp   : packageName: com.getqardio.android removed: true
01-24 20:10:54.648 31332 31332 V Avrcp   : isBrowseSupported for com.getqardio.android: false
01-24 20:10:54.652 13109 13109 I GeofencerStateMachine: removeGeofences: removeRequest=RemoveGeofencingRequest[REMOVE_ALL packageName=com.getqardio.android]
01-24 20:10:54.679 17632 17632 I app_process: System.exit called, status: 0
01-24 20:10:54.679 17632 17632 I AndroidRuntime: VM exiting with result code 0.
01-24 20:10:54.740   712   712 D RegisteredNfcFServicesCache: Service unchanged, not updating
01-24 20:10:54.813 13109 17643 I Fitness : Clearing all cached OAuth tokens for: com.getqardio.android [CONTEXT service_id=17 ]
01-24 20:10:54.815 13109 17643 I Fitness : Removing all subscriptions for: com.getqardio.android [CONTEXT service_id=17 ]
01-24 20:10:54.868 13109 17643 I Fitness : Clearing all cached OAuth tokens for: com.getqardio.android [CONTEXT service_id=17 ]
01-24 20:10:54.874 13109 17643 I Fitness : Removing all subscriptions for: com.getqardio.android [CONTEXT service_id=17 ]
01-24 20:10:59.156  7206  7251 I dailytrack: HealthSportDataCacheUtil::saveData(),currentThread4=handle_total_data
01-24 20:11:00.011 15691 15691 D WallpaperUtil: InternalCache: available=1546M
01-24 20:11:00.025 15691 15691 E Watchface: WeatherManager::checkUpdateDisplayWeather() mWeatherInfo is null !
01-24 20:11:00.029 32131 32131 W OngoingChipController: Attempting to remove non-existent UI for chip [com.google.android.wearable.app, media_controls]
01-24 20:11:00.072   434   660 I ActivityManager: START u0 {act=api.android.category.MAIN cat=[api.android.intent.LAUNCHER] flg=0x10000000 cmp=com.getqardio.android/.wearable.ui.activity.MenuActivity} from uid 2000
01-24 20:11:00.235   434 13233 I ActivityManager: Start proc 17658:com.getqardio.android/u0a51 for activity com.getqardio.android/.wearable.ui.activity.MenuActivity
01-24 20:11:00.259   434   454 W Looper  : Dispatch took 103ms on android.ui, h=Handler (com.android.server.am.ActivityManagerService$UiHandler) {dee4953} cb=null msg=53
01-24 20:11:00.276   283 17662 I zygote  : Background concurrent copying GC freed 591(416KB) AllocSpace objects, 0(0B) LOS objects, 36% free, 892KB/1404KB, paused 6.310ms total 34.452ms
01-24 20:11:00.553 17658 17668 I zygote  : Background concurrent copying GC freed 579(444KB) AllocSpace objects, 0(0B) LOS objects, 35% free, 928KB/1440KB, paused 1.150ms total 195.431ms
01-24 20:11:00.575   434 13233 W ActivityManager: Slow operation: 119ms so far, now at attachApplicationLocked: after mServices.attachApplicationLocked
01-24 20:11:00.578   434   453 W BroadcastQueue: Background execution not allowed: receiving Intent { act=android.os.UpdateLock.UPDATE_LOCK_CHANGED flg=0x4000010 (has extras) } to com.google.android.gms/.chimera.GmsIntentOperationService$PersistentTrustedReceiver
01-24 20:11:00.595   434   454 W Looper  : Dispatch took 108ms on android.ui, h=Handler (com.android.server.am.ActivityManagerService$UiHandler) {dee4953} cb=null msg=31
01-24 20:11:00.728 17658 17658 D com.getqardio.android.wearable.utils.crashlytics.CrashlyticsWear: Initialize CrachlyticsUncaughtExceptionHandler
01-24 20:11:00.793 17658 17674 D OpenGLRenderer: HWUI GL Pipeline
01-24 20:11:01.020 17658 17674 I Adreno-EGL: <qeglDrvAPI_eglInitialize:379>: EGL 1.4 QUALCOMM build:  (I7af58d6928)
01-24 20:11:01.020 17658 17674 I Adreno-EGL: OpenGL ES Shader Compiler Version: E031.35.01.00
01-24 20:11:01.020 17658 17674 I Adreno-EGL: Build Date: 09/14/17 Thu
01-24 20:11:01.020 17658 17674 I Adreno-EGL: Local Branch: gfx-adreno.lnx.1.0
01-24 20:11:01.020 17658 17674 I Adreno-EGL: Remote Branch: 
01-24 20:11:01.020 17658 17674 I Adreno-EGL: Local Patches: 
01-24 20:11:01.020 17658 17674 I Adreno-EGL: Reconstruct Branch: 
01-24 20:11:01.026 17658 17674 I vndksupport: sphal namespace is not configured for this process. Loading /vendor/lib/hw/gralloc.msm8909.so from the current namespace instead.
01-24 20:11:01.029 17674 17674 W RenderThread: type=1400 audit(0.0:580): avc: denied { read } for name="gpuclk" dev="sysfs" ino=18862 scontext=u:r:untrusted_app_25:s0:c512,c768 tcontext=u:object_r:sysfs:s0 tclass=file permissive=0
01-24 20:11:01.040 17658 17674 I OpenGLRenderer: Initialized EGL, version 1.4
01-24 20:11:01.040 17658 17674 D OpenGLRenderer: Swap behavior 1
01-24 20:11:01.046 17658 17674 W Adreno-ES20: <get_gpu_clk:229>: open failed: errno 13
01-24 20:11:01.090 17658 17674 W Adreno-EGL: <qeglDrvAPI_eglGetConfigAttrib:612>: EGL_BAD_ATTRIBUTE
01-24 20:11:01.092 17658 17674 I vndksupport: sphal namespace is not configured for this process. Loading /vendor/lib/hw/gralloc.msm8909.so from the current namespace instead.
01-24 20:11:01.221   434   443 I zygote  : Background concurrent copying GC freed 20109(1514KB) AllocSpace objects, 19(472KB) LOS objects, 15% free, 11MB/13MB, paused 8.038ms total 1.092s
01-24 20:11:01.262 17658 17674 I vndksupport: sphal namespace is not configured for this process. Loading /vendor/lib/hw/gralloc.msm8909.so from the current namespace instead.
01-24 20:11:01.310   434   461 I ActivityManager: Displayed com.getqardio.android/.wearable.ui.activity.MenuActivity: +1s145ms
01-24 20:11:01.333 17658 17668 I zygote  : NativeAllocBackground concurrent copying GC freed 1314(210KB) AllocSpace objects, 0(0B) LOS objects, 31% free, 1088KB/1600KB, paused 10.523ms total 354.307ms
01-24 20:11:03.677   434   536 E TaskPersister: File error accessing recents directory (directory doesn't exist?).
01-24 20:11:04.163  7206  7251 I dailytrack: HealthSportDataCacheUtil::saveData(),currentThread4=handle_total_data
01-24 20:11:09.170  7206  7251 I dailytrack: HealthSportDataCacheUtil::saveData(),currentThread4=handle_total_data
01-24 20:11:11.954   723   723 I battery : BatteryService: mInternalBatteryReceiver onReceive() action = android.intent.action.BATTERY_CHANGED
01-24 20:11:11.954 31787 31787 I ADVLog  : ADV.SensorService:/BatteryTemperature: 342  /isUsbOrAc: 1
01-24 20:11:11.979   319   319 D WifiHAL : In DebugCommand::handleResponse
01-24 20:11:11.979   319   319 D WifiHAL : len = 4, expected len = 4
01-24 20:11:12.001   434  2560 E BatteryStatsService: no controller energy info supplied
01-24 20:11:12.172   723   737 I zygote  : Background concurrent copying GC freed 6881(601KB) AllocSpace objects, 2(192KB) LOS objects, 24% free, 2004KB/2MB, paused 3.528ms total 109.760ms
01-24 20:11:14.177  7206  7251 I dailytrack: HealthSportDataCacheUtil::saveData(),currentThread4=handle_total_data
01-24 20:11:17.323 17680 17680 D AndroidRuntime: >>>>>> START com.android.internal.os.RuntimeInit uid 2000 <<<<<<
01-24 20:11:18.503 17680 17680 D AndroidRuntime: Calling main entry com.android.commands.pm.Pm
01-24 20:11:12.003   434  2560 I chatty  : uid=1000(system) Binder:434_10 identical 1 line
01-24 20:11:12.003   434  2560 E BatteryStatsService: no controller energy info supplied
01-24 20:11:18.532   434   660 I ActivityManager: Force stopping com.getqardio.android appid=10051 user=0: clear data
01-24 20:11:18.534   434   660 I ActivityManager: Killing 17658:com.getqardio.android/u0a51 (adj 0): stop com.getqardio.android
01-24 20:11:18.539   434   660 W ActivityManager: Force removing ActivityRecord{8bb50d1 u0 com.getqardio.android/.wearable.ui.activity.MenuActivity t497}: app died, no saved state
01-24 20:11:18.829   434   454 W Looper  : Dispatch took 295ms on android.ui, h=Handler (com.android.server.am.ActivityManagerService$UiHandler) {dee4953} cb=null msg=53
01-24 20:11:18.830   434   461 W ActivityManager: setHasOverlayUi called on unknown pid: 17658
01-24 20:11:18.841   434   453 I ActivityManager: Force stopping com.getqardio.android appid=10051 user=-1: clearApplicationUserData
01-24 20:11:18.875 15691 15691 E Watchface: CocosWatchFaceService::Handler msg: -5 0.0;--
01-24 20:11:18.881   434   453 W BroadcastQueue: Background execution not allowed: receiving Intent { act=android.os.UpdateLock.UPDATE_LOCK_CHANGED flg=0x4000010 (has extras) } to com.google.android.gms/.chimera.GmsIntentOperationService$PersistentTrustedReceiver
01-24 20:11:18.903   434   536 E TaskPersister: File error accessing recents directory (directory doesn't exist?).
01-24 20:11:18.909   335   335 I keystore: clear_uid 10051
01-24 20:11:19.000 17680 17680 I app_process: System.exit called, status: 0
01-24 20:11:19.001 17680 17680 I AndroidRuntime: VM exiting with result code 0.
01-24 20:11:19.005 31332 31332 D Avrcp   : AvrcpServiceBroadcastReceiver-> Action: android.intent.action.PACKAGE_DATA_CLEARED
01-24 20:11:19.005 31332 31332 D Avrcp   : packageName: com.getqardio.android removed: true
01-24 20:11:19.005 31332 31332 V Avrcp   : isBrowseSupported for com.getqardio.android: false
01-24 20:11:19.010 13109 13109 I GeofencerStateMachine: removeGeofences: removeRequest=RemoveGeofencingRequest[REMOVE_ALL packageName=com.getqardio.android]
01-24 20:11:19.105 13109 17691 I Fitness : Clearing all cached OAuth tokens for: com.getqardio.android [CONTEXT service_id=17 ]
01-24 20:11:19.108 13109 17691 I Fitness : Removing all subscriptions for: com.getqardio.android [CONTEXT service_id=17 ]
01-24 20:11:19.121   712   712 D RegisteredNfcFServicesCache: Service unchanged, not updating
01-24 20:11:19.169 13109 17691 I Fitness : Clearing all cached OAuth tokens for: com.getqardio.android [CONTEXT service_id=17 ]
01-24 20:11:19.183  7206  7251 I dailytrack: HealthSportDataCacheUtil::saveData(),currentThread4=handle_total_data
01-24 20:11:19.191 13109 17691 I Fitness : Removing all subscriptions for: com.getqardio.android [CONTEXT service_id=17 ]
01-24 20:11:24.186  7206  7251 I dailytrack: HealthSportDataCacheUtil::saveData(),currentThread4=handle_total_data
01-24 20:11:24.326   434 13233 I ActivityManager: START u0 {act=api.android.category.MAIN cat=[api.android.intent.LAUNCHER] flg=0x10000000 cmp=com.getqardio.android/.wearable.ui.activity.MenuActivity} from uid 2000
01-24 20:11:24.409   434  6034 I ActivityManager: Start proc 17706:com.getqardio.android/u0a51 for activity com.getqardio.android/.wearable.ui.activity.MenuActivity
01-24 20:11:24.551   434  6034 W ActivityManager: Slow operation: 82ms so far, now at attachApplicationLocked: after mServices.attachApplicationLocked
01-24 20:11:24.629   434   453 W BroadcastQueue: Background execution not allowed: receiving Intent { act=android.os.UpdateLock.UPDATE_LOCK_CHANGED flg=0x4000010 (has extras) } to com.google.android.gms/.chimera.GmsIntentOperationService$PersistentTrustedReceiver
01-24 20:11:24.676 17706 17706 D com.getqardio.android.wearable.utils.crashlytics.CrashlyticsWear: Initialize CrachlyticsUncaughtExceptionHandler
01-24 20:11:24.748 17706 17722 D OpenGLRenderer: HWUI GL Pipeline
01-24 20:11:24.956 17706 17722 I Adreno-EGL: <qeglDrvAPI_eglInitialize:379>: EGL 1.4 QUALCOMM build:  (I7af58d6928)
