--------- beginning of system
01-24 20:05:11.971   434  4786 I chatty  : uid=1000(system) Binder:434_14 expire 1 line
01-24 20:05:11.971   434  4786 E BatteryStatsService: no controller energy info supplied
--------- beginning of main
01-24 20:05:18.796  7206  7251 I dailytrack: HealthSportDataCacheUtil::saveData(),currentThread4=handle_total_data
01-24 20:05:18.833   434  4786 I ActivityManager: START u0 {act=api.android.category.MAIN cat=[api.android.intent.LAUNCHER] flg=0x10000000 cmp=com.getqardio.android/.wearable.ui.activity.MenuActivity} from uid 2000
01-24 20:05:18.914   434  2426 I ActivityManager: Start proc 16982:com.getqardio.android/u0a51 for activity com.getqardio.android/.wearable.ui.activity.MenuActivity
01-24 20:05:19.073   434  2426 W ActivityManager: Slow operation: 79ms so far, now at attachApplicationLocked: after mServices.attachApplicationLocked
01-24 20:05:19.083   434   453 W BroadcastQueue: Background execution not allowed: receiving Intent { act=android.os.UpdateLock.UPDATE_LOCK_CHANGED flg=0x4000010 (has extras) } to com.google.android.gms/.chimera.GmsIntentOperationService$PersistentTrustedReceiver
01-24 20:05:19.226 16982 16982 I chatty  : uid=10051(u0_a51) expire 1 line
01-24 20:05:19.343 16982 17000 I chatty  : uid=10051(u0_a51) expire 9 lines
01-24 20:05:19.521 16982 16992 I chatty  : uid=10051(u0_a51) expire 1 line
01-24 20:05:19.579 17000 17000 I chatty  : uid=10051(u0_a51) com.getqardio.android expire 1 line
01-24 20:05:19.842   434   461 I ActivityManager: Displayed com.getqardio.android/.wearable.ui.activity.MenuActivity: +958ms
01-24 20:05:22.468   434   536 E TaskPersister: File error accessing recents directory (directory doesn't exist?).
01-24 20:05:23.803  7206  7251 I dailytrack: HealthSportDataCacheUtil::saveData(),currentThread4=handle_total_data
01-24 20:05:25.328 31332 31384 E bt_btif : bta_dm_pm_btm_status hci_status=35
01-24 20:05:28.809  7206  7251 I dailytrack: HealthSportDataCacheUtil::saveData(),currentThread4=handle_total_data
01-24 20:05:33.811  7206  7251 I dailytrack: HealthSportDataCacheUtil::saveData(),currentThread4=handle_total_data
01-24 20:05:36.145 17006 17006 D AndroidRuntime: >>>>>> START com.android.internal.os.RuntimeInit uid 2000 <<<<<<
01-24 20:05:37.416 17006 17006 D AndroidRuntime: Calling main entry com.android.commands.pm.Pm
01-24 20:05:37.444   434 13083 I ActivityManager: Force stopping com.getqardio.android appid=10051 user=0: clear data
01-24 20:05:37.447   434 13083 I ActivityManager: Killing 16982:com.getqardio.android/u0a51 (adj 0): stop com.getqardio.android
01-24 20:05:37.459   434 13083 W ActivityManager: Force removing ActivityRecord{9373fe0 u0 com.getqardio.android/.wearable.ui.activity.MenuActivity t483}: app died, no saved state
01-24 20:05:37.688   434   454 W Looper  : Dispatch took 241ms on android.ui, h=Handler (com.android.server.am.ActivityManagerService$UiHandler) {dee4953} cb=null msg=53
01-24 20:05:37.721   434   453 I ActivityManager: Force stopping com.getqardio.android appid=10051 user=-1: clearApplicationUserData
01-24 20:05:37.724   335   335 I keystore: clear_uid 10051
01-24 20:05:37.725   434   461 W ActivityManager: setHasOverlayUi called on unknown pid: 16982
01-24 20:05:37.733   434   453 W BroadcastQueue: Background execution not allowed: receiving Intent { act=android.os.UpdateLock.UPDATE_LOCK_CHANGED flg=0x4000010 (has extras) } to com.google.android.gms/.chimera.GmsIntentOperationService$PersistentTrustedReceiver
01-24 20:05:37.749 15691 15691 E Watchface: CocosWatchFaceService::Handler msg: -5 0.0;--
01-24 20:05:37.756   434   536 E TaskPersister: File error accessing recents directory (directory doesn't exist?).
01-24 20:05:37.886 31332 31332 D Avrcp   : AvrcpServiceBroadcastReceiver-> Action: android.intent.action.PACKAGE_DATA_CLEARED
01-24 20:05:37.887 31332 31332 D Avrcp   : packageName: com.getqardio.android removed: true
01-24 20:05:37.887 31332 31332 V Avrcp   : isBrowseSupported for com.getqardio.android: false
01-24 20:05:37.894 13109 13109 I GeofencerStateMachine: removeGeofences: removeRequest=RemoveGeofencingRequest[REMOVE_ALL packageName=com.getqardio.android]
01-24 20:05:37.909 17006 17006 I app_process: System.exit called, status: 0
01-24 20:05:37.909 17006 17006 I AndroidRuntime: VM exiting with result code 0.
01-24 20:05:37.939   712   712 D RegisteredNfcFServicesCache: Service unchanged, not updating
01-24 20:05:38.097 13109 17017 I Fitness : Clearing all cached OAuth tokens for: com.getqardio.android [CONTEXT service_id=17 ]
01-24 20:05:38.101 13109 17017 I Fitness : Removing all subscriptions for: com.getqardio.android [CONTEXT service_id=17 ]
01-24 20:05:38.145 13109 17017 I Fitness : Clearing all cached OAuth tokens for: com.getqardio.android [CONTEXT service_id=17 ]
01-24 20:05:38.155 13109 17017 I Fitness : Removing all subscriptions for: com.getqardio.android [CONTEXT service_id=17 ]
01-24 20:05:38.812  7206  7251 I dailytrack: HealthSportDataCacheUtil::saveData(),currentThread4=handle_total_data
01-24 20:05:43.331   434  2426 I ActivityManager: START u0 {act=api.android.category.MAIN cat=[api.android.intent.LAUNCHER] flg=0x10000000 cmp=com.getqardio.android/.wearable.ui.activity.MenuActivity} from uid 2000
01-24 20:05:43.409   434   874 I ActivityManager: Start proc 17032:com.getqardio.android/u0a51 for activity com.getqardio.android/.wearable.ui.activity.MenuActivity
01-24 20:05:43.570   434   874 W ActivityManager: Slow operation: 72ms so far, now at attachApplicationLocked: after mServices.attachApplicationLocked
01-24 20:05:43.587   434   453 W BroadcastQueue: Background execution not allowed: receiving Intent { act=android.os.UpdateLock.UPDATE_LOCK_CHANGED flg=0x4000010 (has extras) } to com.google.android.gms/.chimera.GmsIntentOperationService$PersistentTrustedReceiver
01-24 20:05:43.689 17032 17032 I chatty  : uid=10051(u0_a51) expire 1 line
01-24 20:05:43.773 17032 17049 I chatty  : uid=10051(u0_a51) expire 9 lines
01-24 20:05:43.819  7206  7251 I dailytrack: HealthSportDataCacheUtil::saveData(),currentThread4=handle_total_data
01-24 20:05:43.889 17032 17042 I chatty  : uid=10051(u0_a51) expire 1 line
01-24 20:05:44.029 17049 17049 I chatty  : uid=10051(u0_a51) com.getqardio.android expire 1 line
01-24 20:05:44.304   434   461 I ActivityManager: Displayed com.getqardio.android/.wearable.ui.activity.MenuActivity: +890ms
01-24 20:05:46.920   434   536 E TaskPersister: File error accessing recents directory (directory doesn't exist?).
01-24 20:05:48.827  7206  7251 I dailytrack: HealthSportDataCacheUtil::saveData(),currentThread4=handle_total_data
01-24 20:05:49.837 31332 31384 E bt_btif : bta_dm_pm_btm_status hci_status=35
01-24 20:05:53.835  7206  7251 I dailytrack: HealthSportDataCacheUtil::saveData(),currentThread4=handle_total_data
01-24 20:05:58.836  7206  7251 I dailytrack: HealthSportDataCacheUtil::saveData(),currentThread4=handle_total_data
01-24 20:06:00.015 15691 15691 D WallpaperUtil: InternalCache: available=1546M
01-24 20:06:00.040 15691 15691 E Watchface: WeatherManager::checkUpdateDisplayWeather() mWeatherInfo is null !
01-24 20:06:00.056 32131 32131 W OngoingChipController: Attempting to remove non-existent UI for chip [com.google.android.wearable.app, media_controls]
01-24 20:06:00.648 17054 17054 D AndroidRuntime: >>>>>> START com.android.internal.os.RuntimeInit uid 2000 <<<<<<
01-24 20:06:02.014 17054 17054 D AndroidRuntime: Calling main entry com.android.commands.pm.Pm
01-24 20:06:02.041   434  2021 I ActivityManager: Force stopping com.getqardio.android appid=10051 user=0: clear data
01-24 20:06:02.043   434  2021 I ActivityManager: Killing 17032:com.getqardio.android/u0a51 (adj 0): stop com.getqardio.android
01-24 20:06:02.048   434  2021 W ActivityManager: Force removing ActivityRecord{f8f488 u0 com.getqardio.android/.wearable.ui.activity.MenuActivity t484}: app died, no saved state
01-24 20:06:02.310   434   454 W Looper  : Dispatch took 267ms on android.ui, h=Handler (com.android.server.am.ActivityManagerService$UiHandler) {dee4953} cb=null msg=53
01-24 20:06:02.341   434   453 I ActivityManager: Force stopping com.getqardio.android appid=10051 user=-1: clearApplicationUserData
01-24 20:06:02.354   434   461 W ActivityManager: setHasOverlayUi called on unknown pid: 17032
01-24 20:06:02.365   434   453 W BroadcastQueue: Background execution not allowed: receiving Intent { act=android.os.UpdateLock.UPDATE_LOCK_CHANGED flg=0x4000010 (has extras) } to com.google.android.gms/.chimera.GmsIntentOperationService$PersistentTrustedReceiver
01-24 20:06:02.382 15691 15691 E Watchface: CocosWatchFaceService::Handler msg: -5 0.0;--
01-24 20:06:02.389   434   536 E TaskPersister: File error accessing recents directory (directory doesn't exist?).
01-24 20:06:02.409   335   335 I keystore: clear_uid 10051
01-24 20:06:02.523 13109 13109 I GeofencerStateMachine: removeGeofences: removeRequest=RemoveGeofencingRequest[REMOVE_ALL packageName=com.getqardio.android]
01-24 20:06:02.524 31332 31332 D Avrcp   : AvrcpServiceBroadcastReceiver-> Action: android.intent.action.PACKAGE_DATA_CLEARED
01-24 20:06:02.525 31332 31332 D Avrcp   : packageName: com.getqardio.android removed: true
01-24 20:06:02.525 31332 31332 V Avrcp   : isBrowseSupported for com.getqardio.android: false
01-24 20:06:02.529 17054 17054 I app_process: System.exit called, status: 0
01-24 20:06:02.529 17054 17054 I AndroidRuntime: VM exiting with result code 0.
01-24 20:06:02.571   712   712 D RegisteredNfcFServicesCache: Service unchanged, not updating
01-24 20:06:02.744 13109 17074 I Fitness : Clearing all cached OAuth tokens for: com.getqardio.android [CONTEXT service_id=17 ]
01-24 20:06:02.751 13109 17074 I Fitness : Removing all subscriptions for: com.getqardio.android [CONTEXT service_id=17 ]
01-24 20:06:02.787 13109 17074 I Fitness : Clearing all cached OAuth tokens for: com.getqardio.android [CONTEXT service_id=17 ]
01-24 20:06:02.791 13109 17074 I Fitness : Removing all subscriptions for: com.getqardio.android [CONTEXT service_id=17 ]
01-24 20:06:03.007 13109 13122 I zygote  : Background concurrent copying GC freed 32050(2MB) AllocSpace objects, 0(0B) LOS objects, 20% free, 7MB/9MB, paused 6.342ms total 414.229ms
01-24 20:06:03.841  7206  7251 I dailytrack: HealthSportDataCacheUtil::saveData(),currentThread4=handle_total_data
01-24 20:06:07.893   434 13233 I ActivityManager: START u0 {act=api.android.category.MAIN cat=[api.android.intent.LAUNCHER] flg=0x10000000 cmp=com.getqardio.android/.wearable.ui.activity.MenuActivity} from uid 2000
01-24 20:06:07.978   434  2021 I ActivityManager: Start proc 17080:com.getqardio.android/u0a51 for activity com.getqardio.android/.wearable.ui.activity.MenuActivity
01-24 20:06:08.164   434  2021 W ActivityManager: Slow operation: 73ms so far, now at attachApplicationLocked: after mServices.attachApplicationLocked
01-24 20:06:08.168   434   453 W BroadcastQueue: Background execution not allowed: receiving Intent { act=android.os.UpdateLock.UPDATE_LOCK_CHANGED flg=0x4000010 (has extras) } to com.google.android.gms/.chimera.GmsIntentOperationService$PersistentTrustedReceiver
01-24 20:06:08.287 17080 17080 I chatty  : uid=10051(u0_a51) expire 1 line
01-24 20:06:08.390 17080 17096 I chatty  : uid=10051(u0_a51) expire 9 lines
01-24 20:06:08.629 17096 17096 I chatty  : uid=10051(u0_a51) com.getqardio.android expire 1 line
01-24 20:06:08.684 17080 17090 I chatty  : uid=10051(u0_a51) expire 1 line
01-24 20:06:08.848  7206  7251 I dailytrack: HealthSportDataCacheUtil::saveData(),currentThread4=handle_total_data
01-24 20:06:08.914   434   461 I ActivityManager: Displayed com.getqardio.android/.wearable.ui.activity.MenuActivity: +933ms
01-24 20:06:09.029 17080 17088 I chatty  : uid=10051(u0_a51) expire 1 line
01-24 20:06:11.471   434   536 E TaskPersister: File error accessing recents directory (directory doesn't exist?).
01-24 20:06:11.957   723   723 I battery : BatteryService: mInternalBatteryReceiver onReceive() action = android.intent.action.BATTERY_CHANGED
01-24 20:06:11.960 31787 31787 I ADVLog  : ADV.SensorService:/BatteryTemperature: 345  /isUsbOrAc: 1
01-24 20:06:11.973   319   319 D WifiHAL : In DebugCommand::handleResponse
01-24 20:06:11.973   319   319 D WifiHAL : len = 4, expected len = 4
01-24 20:06:12.004   434  2021 E BatteryStatsService: no controller energy info supplied
01-24 20:06:12.561   434   443 I zygote  : Background concurrent copying GC freed 19635(1520KB) AllocSpace objects, 23(552KB) LOS objects, 15% free, 11MB/13MB, paused 11.414ms total 541.900ms
01-24 20:06:13.852  7206  7251 I dailytrack: HealthSportDataCacheUtil::saveData(),currentThread4=handle_total_data
01-24 20:06:18.858  7206  7251 I chatty  : uid=10025(u0_a25) handle_total_da identical 3 lines
01-24 20:06:23.861  7206  7251 I dailytrack: HealthSportDataCacheUtil::saveData(),currentThread4=handle_total_data
01-24 20:06:25.012 17102 17102 D AndroidRuntime: >>>>>> START com.android.internal.os.RuntimeInit uid 2000 <<<<<<
01-24 20:06:26.206 17102 17102 D AndroidRuntime: Calling main entry com.android.commands.pm.Pm
01-24 20:06:12.005   434  2021 I chatty  : uid=1000(system) Binder:434_D identical 1 line
01-24 20:06:12.005   434  2021 E BatteryStatsService: no controller energy info supplied
01-24 20:06:26.237   434 13233 I ActivityManager: Force stopping com.getqardio.android appid=10051 user=0: clear data
01-24 20:06:26.238   434 13233 I ActivityManager: Killing 17080:com.getqardio.android/u0a51 (adj 0): stop com.getqardio.android
01-24 20:06:26.243   434 13233 W ActivityManager: Force removing ActivityRecord{6be4430 u0 com.getqardio.android/.wearable.ui.activity.MenuActivity t485}: app died, no saved state
01-24 20:06:26.487   434   453 I ActivityManager: Force stopping com.getqardio.android appid=10051 user=-1: clearApplicationUserData
01-24 20:06:26.523   434   461 W ActivityManager: setHasOverlayUi called on unknown pid: 17080
01-24 20:06:26.524   335   335 I keystore: clear_uid 10051
01-24 20:06:26.551   434   454 W Looper  : Dispatch took 313ms on android.ui, h=Handler (com.android.server.am.ActivityManagerService$UiHandler) {dee4953} cb=null msg=53
01-24 20:06:26.558   434   453 W BroadcastQueue: Background execution not allowed: receiving Intent { act=android.os.UpdateLock.UPDATE_LOCK_CHANGED flg=0x4000010 (has extras) } to com.google.android.gms/.chimera.GmsIntentOperationService$PersistentTrustedReceiver
01-24 20:06:26.599 15691 15691 E Watchface: CocosWatchFaceService::Handler msg: -5 0.0;--
01-24 20:06:26.617   434   536 E TaskPersister: File error accessing recents directory (directory doesn't exist?).
01-24 20:06:26.666 15691 15701 I zygote  : Background concurrent copying GC freed 4512(401KB) AllocSpace objects, 0(0B) LOS objects, 28% free, 1258KB/1770KB, paused 14.635ms total 85.550ms
01-24 20:06:26.729 13109 13109 I GeofencerStateMachine: removeGeofences: removeRequest=RemoveGeofencingRequest[REMOVE_ALL packageName=com.getqardio.android]
01-24 20:06:26.729 31332 31332 D Avrcp   : AvrcpServiceBroadcastReceiver-> Action: android.intent.action.PACKAGE_DATA_CLEARED
01-24 20:06:26.729 31332 31332 D Avrcp   : packageName: com.getqardio.android removed: true
01-24 20:06:26.730 31332 31332 V Avrcp   : isBrowseSupported for com.getqardio.android: false
01-24 20:06:26.797 17102 17102 I app_process: System.exit called, status: 0
01-24 20:06:26.797 17102 17102 I AndroidRuntime: VM exiting with result code 0.
01-24 20:06:26.819 13109 17114 I Fitness : Clearing all cached OAuth tokens for: com.getqardio.android [CONTEXT service_id=17 ]
01-24 20:06:26.825   712   712 D RegisteredNfcFServicesCache: Service unchanged, not updating
01-24 20:06:26.826 13109 17114 I Fitness : Removing all subscriptions for: com.getqardio.android [CONTEXT service_id=17 ]
01-24 20:06:26.897 13109 17114 I Fitness : Clearing all cached OAuth tokens for: com.getqardio.android [CONTEXT service_id=17 ]
01-24 20:06:26.900 13109 17114 I Fitness : Removing all subscriptions for: com.getqardio.android [CONTEXT service_id=17 ]
01-24 20:06:28.866  7206  7251 I dailytrack: HealthSportDataCacheUtil::saveData(),currentThread4=handle_total_data
01-24 20:06:32.153   434   756 I ActivityManager: START u0 {act=api.android.category.MAIN cat=[api.android.intent.LAUNCHER] flg=0x10000000 cmp=com.getqardio.android/.wearable.ui.activity.MenuActivity} from uid 2000
01-24 20:06:32.258   434 13233 I ActivityManager: Start proc 17127:com.getqardio.android/u0a51 for activity com.getqardio.android/.wearable.ui.activity.MenuActivity
01-24 20:06:32.398   434 13233 W ActivityManager: Slow operation: 77ms so far, now at attachApplicationLocked: after mServices.attachApplicationLocked
01-24 20:06:32.406   434   453 W BroadcastQueue: Background execution not allowed: receiving Intent { act=android.os.UpdateLock.UPDATE_LOCK_CHANGED flg=0x4000010 (has extras) } to com.google.android.gms/.chimera.GmsIntentOperationService$PersistentTrustedReceiver
01-24 20:06:32.582 17127 17127 I chatty  : uid=10051(u0_a51) expire 1 line
01-24 20:06:32.672 17127 17144 I chatty  : uid=10051(u0_a51) expire 9 lines
01-24 20:06:32.826   323   403 W HWComposer: Ignoring duplicate VSYNC event from HWC (t=168662328765813)
01-24 20:06:32.909 17144 17144 I chatty  : uid=10051(u0_a51) com.getqardio.android expire 1 line
01-24 20:06:32.949 17127 17137 I chatty  : uid=10051(u0_a51) expire 1 line
01-24 20:06:33.190   434   461 I ActivityManager: Displayed com.getqardio.android/.wearable.ui.activity.MenuActivity: +939ms
01-24 20:06:33.873  7206  7251 I dailytrack: HealthSportDataCacheUtil::saveData(),currentThread4=handle_total_data
01-24 20:06:35.798   434   536 E TaskPersister: File error accessing recents directory (directory doesn't exist?).
01-24 20:06:48.893  7206  7251 I dailytrack: HealthSportDataCacheUtil::saveData(),currentThread4=handle_total_data
01-24 20:06:49.287 17149 17149 D AndroidRuntime: >>>>>> START com.android.internal.os.RuntimeInit uid 2000 <<<<<<
01-24 20:06:50.558 17149 17149 D AndroidRuntime: Calling main entry com.android.commands.pm.Pm
01-24 20:06:50.587   434 13233 I ActivityManager: Force stopping com.getqardio.android appid=10051 user=0: clear data
01-24 20:06:50.589   434 13233 I ActivityManager: Killing 17127:com.getqardio.android/u0a51 (adj 0): stop com.getqardio.android
01-24 20:06:50.593   434 13233 W ActivityManager: Force removing ActivityRecord{9c289bb u0 com.getqardio.android/.wearable.ui.activity.MenuActivity t486}: app died, no saved state
01-24 20:06:50.861   434   454 W Looper  : Dispatch took 273ms on android.ui, h=Handler (com.android.server.am.ActivityManagerService$UiHandler) {dee4953} cb=null msg=53
01-24 20:06:50.877   434   461 W ActivityManager: setHasOverlayUi called on unknown pid: 17127
01-24 20:06:50.897   434   453 I ActivityManager: Force stopping com.getqardio.android appid=10051 user=-1: clearApplicationUserData
01-24 20:06:50.927   335   335 I keystore: clear_uid 10051
01-24 20:06:50.928   434   536 E TaskPersister: File error accessing recents directory (directory doesn't exist?).
01-24 20:06:50.934   434   453 W BroadcastQueue: Background execution not allowed: receiving Intent { act=android.os.UpdateLock.UPDATE_LOCK_CHANGED flg=0x4000010 (has extras) } to com.google.android.gms/.chimera.GmsIntentOperationService$PersistentTrustedReceiver
01-24 20:06:50.951 15691 15691 E Watchface: CocosWatchFaceService::Handler msg: -5 0.0;--
01-24 20:06:51.072 13109 13109 I GeofencerStateMachine: removeGeofences: removeRequest=RemoveGeofencingRequest[REMOVE_ALL packageName=com.getqardio.android]
01-24 20:06:51.079 31332 31332 D Avrcp   : AvrcpServiceBroadcastReceiver-> Action: android.intent.action.PACKAGE_DATA_CLEARED
01-24 20:06:51.079 31332 31332 D Avrcp   : packageName: com.getqardio.android removed: true
01-24 20:06:51.079 31332 31332 V Avrcp   : isBrowseSupported for com.getqardio.android: false
01-24 20:06:51.121 17149 17149 I app_process: System.exit called, status: 0
01-24 20:06:51.121 17149 17149 I AndroidRuntime: VM exiting with result code 0.
01-24 20:06:51.155   712   712 D RegisteredNfcFServicesCache: Service unchanged, not updating
01-24 20:06:51.181 13109 17160 I Fitness : Clearing all cached OAuth tokens for: com.getqardio.android [CONTEXT service_id=17 ]
01-24 20:06:51.189 13109 17160 I Fitness : Removing all subscriptions for: com.getqardio.android [CONTEXT service_id=17 ]
01-24 20:06:51.287 13109 17160 I Fitness : Clearing all cached OAuth tokens for: com.getqardio.android [CONTEXT service_id=17 ]
01-24 20:06:51.292 13109 17160 I Fitness : Removing all subscriptions for: com.getqardio.android [CONTEXT service_id=17 ]
01-24 20:06:51.355   712   726 I zygote  : Background concurrent copying GC freed 10648(416KB) AllocSpace objects, 0(0B) LOS objects, 29% free, 1229KB/1741KB, paused 1.575ms total 205.193ms
01-24 20:06:53.896  7206  7251 I dailytrack: HealthSportDataCacheUtil::saveData(),currentThread4=handle_total_data
01-24 20:06:56.549   434 13233 I ActivityManager: START u0 {act=api.android.category.MAIN cat=[api.android.intent.LAUNCHER] flg=0x10000000 cmp=com.getqardio.android/.wearable.ui.activity.MenuActivity} from uid 2000
01-24 20:06:56.635   434  2093 I ActivityManager: Start proc 17176:com.getqardio.android/u0a51 for activity com.getqardio.android/.wearable.ui.activity.MenuActivity
01-24 20:06:56.847   434 13233 W ActivityManager: Slow operation: 84ms so far, now at attachApplicationLocked: after mServices.attachApplicationLocked
01-24 20:06:56.869   434   453 W BroadcastQueue: Background execution not allowed: receiving Intent { act=android.os.UpdateLock.UPDATE_LOCK_CHANGED flg=0x4000010 (has extras) } to com.google.android.gms/.chimera.GmsIntentOperationService$PersistentTrustedReceiver
01-24 20:06:57.046 17176 17186 I chatty  : uid=10051(u0_a51) expire 2 lines
01-24 20:06:57.049 17176 17176 I chatty  : uid=10051(u0_a51) expire 1 line
01-24 20:06:57.114 17176 17192 I chatty  : uid=10051(u0_a51) expire 9 lines
01-24 20:06:57.349 17192 17192 I chatty  : uid=10051(u0_a51) com.getqardio.android expire 1 line
01-24 20:06:57.633   434   461 I ActivityManager: Displayed com.getqardio.android/.wearable.ui.activity.MenuActivity: +987ms
01-24 20:06:58.902  7206  7251 I dailytrack: HealthSportDataCacheUtil::saveData(),currentThread4=handle_total_data
01-24 20:07:00.010 15691 15691 D WallpaperUtil: InternalCache: available=1546M
01-24 20:07:00.027 15691 15691 E Watchface: WeatherManager::checkUpdateDisplayWeather() mWeatherInfo is null !
01-24 20:07:00.035 32131 32131 W OngoingChipController: Attempting to remove non-existent UI for chip [com.google.android.wearable.app, media_controls]
01-24 20:07:00.105   434   536 E TaskPersister: File error accessing recents directory (directory doesn't exist?).
01-24 20:07:03.910  7206  7251 I dailytrack: HealthSportDataCacheUtil::saveData(),currentThread4=handle_total_data
01-24 20:07:08.918  7206  7251 I dailytrack: HealthSportDataCacheUtil::saveData(),currentThread4=handle_total_data
01-24 20:07:11.974 31787 31787 I ADVLog  : ADV.SensorService:/BatteryTemperature: 344  /isUsbOrAc: 1
01-24 20:07:11.975   723   723 I battery : BatteryService: mInternalBatteryReceiver onReceive() action = android.intent.action.BATTERY_CHANGED
01-24 20:07:11.994   323   403 W HWComposer: Ignoring duplicate VSYNC event from HWC (t=168701504791631)
01-24 20:07:12.013   319   319 D WifiHAL : In DebugCommand::handleResponse
01-24 20:07:12.013   319   319 D WifiHAL : len = 4, expected len = 4
01-24 20:07:12.073   434  2093 E BatteryStatsService: no controller energy info supplied
01-24 20:07:12.076   434  2093 I chatty  : uid=1000(system) Binder:434_E identical 1 line
01-24 20:07:12.076   434  2093 E BatteryStatsService: no controller energy info supplied
01-24 20:07:12.448   723   737 I zygote  : Background concurrent copying GC freed 7298(635KB) AllocSpace objects, 2(192KB) LOS objects, 24% free, 1984KB/2MB, paused 3.042ms total 267.516ms
01-24 20:07:13.779 17198 17198 D AndroidRuntime: >>>>>> START com.android.internal.os.RuntimeInit uid 2000 <<<<<<
01-24 20:07:13.923  7206  7251 I dailytrack: HealthSportDataCacheUtil::saveData(),currentThread4=handle_total_data
01-24 20:07:14.972 17198 17198 D AndroidRuntime: Calling main entry com.android.commands.pm.Pm
01-24 20:07:15.009   434  2093 I ActivityManager: Force stopping com.getqardio.android appid=10051 user=0: clear data
01-24 20:07:15.012   434  2093 I ActivityManager: Killing 17176:com.getqardio.android/u0a51 (adj 0): stop com.getqardio.android
01-24 20:07:15.019   434  2093 W ActivityManager: Force removing ActivityRecord{6b699b2 u0 com.getqardio.android/.wearable.ui.activity.MenuActivity t487}: app died, no saved state
01-24 20:07:15.268   434   454 W Looper  : Dispatch took 256ms on android.ui, h=Handler (com.android.server.am.ActivityManagerService$UiHandler) {dee4953} cb=null msg=53
01-24 20:07:15.275   434   453 I ActivityManager: Force stopping com.getqardio.android appid=10051 user=-1: clearApplicationUserData
01-24 20:07:15.296   434   461 W ActivityManager: setHasOverlayUi called on unknown pid: 17176
01-24 20:07:15.311   335   335 I keystore: clear_uid 10051
01-24 20:07:15.325   434   453 W BroadcastQueue: Background execution not allowed: receiving Intent { act=android.os.UpdateLock.UPDATE_LOCK_CHANGED flg=0x4000010 (has extras) } to com.google.android.gms/.chimera.GmsIntentOperationService$PersistentTrustedReceiver
01-24 20:07:15.331   434   536 E TaskPersister: File error accessing recents directory (directory doesn't exist?).
01-24 20:07:15.333 15691 15691 E Watchface: CocosWatchFaceService::Handler msg: -5 0.0;--
01-24 20:07:15.461 13109 13109 I GeofencerStateMachine: removeGeofences: removeRequest=RemoveGeofencingRequest[REMOVE_ALL packageName=com.getqardio.android]
01-24 20:07:15.464 31332 31332 D Avrcp   : AvrcpServiceBroadcastReceiver-> Action: android.intent.action.PACKAGE_DATA_CLEARED
01-24 20:07:15.464 31332 31332 D Avrcp   : packageName: com.getqardio.android removed: true
01-24 20:07:15.464 31332 31332 V Avrcp   : isBrowseSupported for com.getqardio.android: false
01-24 20:07:15.480 17198 17198 I app_process: System.exit called, status: 0
01-24 20:07:15.480 17198 17198 I AndroidRuntime: VM exiting with result code 0.
01-24 20:07:15.587 13109 17214 I Fitness : Clearing all cached OAuth tokens for: com.getqardio.android [CONTEXT service_id=17 ]
01-24 20:07:15.593 13109 17214 I Fitness : Removing all subscriptions for: com.getqardio.android [CONTEXT service_id=17 ]
01-24 20:07:15.684   712   712 D RegisteredNfcFServicesCache: Service unchanged, not updating
01-24 20:07:15.695 13109 17214 I Fitness : Clearing all cached OAuth tokens for: com.getqardio.android [CONTEXT service_id=17 ]
01-24 20:07:15.697 13109 17214 I Fitness : Removing all subscriptions for: com.getqardio.android [CONTEXT service_id=17 ]
01-24 20:07:16.028   434   443 I zygote  : Background concurrent copying GC freed 21197(1638KB) AllocSpace objects, 20(584KB) LOS objects, 15% free, 11MB/13MB, paused 3.917ms total 831.822ms
01-24 20:07:18.926  7206  7251 I dailytrack: HealthSportDataCacheUtil::saveData(),currentThread4=handle_total_data
01-24 20:07:20.791   434  2560 I ActivityManager: START u0 {act=api.android.category.MAIN cat=[api.android.intent.LAUNCHER] flg=0x10000000 cmp=com.getqardio.android/.wearable.ui.activity.MenuActivity} from uid 2000
01-24 20:07:20.888   434  2021 I ActivityManager: Start proc 17224:com.getqardio.android/u0a51 for activity com.getqardio.android/.wearable.ui.activity.MenuActivity
01-24 20:07:21.107   434  2021 W ActivityManager: Slow operation: 94ms so far, now at attachApplicationLocked: after mServices.attachApplicationLocked
01-24 20:07:21.117   434   453 W BroadcastQueue: Background execution not allowed: receiving Intent { act=android.os.UpdateLock.UPDATE_LOCK_CHANGED flg=0x4000010 (has extras) } to com.google.android.gms/.chimera.GmsIntentOperationService$PersistentTrustedReceiver
01-24 20:07:21.238 17224 17224 I chatty  : uid=10051(u0_a51) expire 1 line
01-24 20:07:21.318 17224 17240 I chatty  : uid=10051(u0_a51) expire 8 lines
01-24 20:07:21.549 17240 17240 I chatty  : uid=10051(u0_a51) com.getqardio.android expire 1 line
01-24 20:07:21.663 17224 17234 I zygote  : NativeAllocBackground concurrent copying GC freed 1189(214KB) AllocSpace objects, 0(0B) LOS objects, 32% free, 1069KB/1581KB, paused 574us total 185.144ms
01-24 20:07:21.769 17224 17240 I vndksupport: sphal namespace is not configured for this process. Loading /vendor/lib/hw/gralloc.msm8909.so from the current namespace instead.
01-24 20:07:21.819   434   461 I ActivityManager: Displayed com.getqardio.android/.wearable.ui.activity.MenuActivity: +952ms
01-24 20:07:21.885 15691 15701 I zygote  : Background concurrent copying GC freed 4430(400KB) AllocSpace objects, 0(0B) LOS objects, 28% free, 1275KB/1787KB, paused 482us total 191.767ms
01-24 20:07:23.933  7206  7251 I dailytrack: HealthSportDataCacheUtil::saveData(),currentThread4=handle_total_data
01-24 20:07:24.379   434   536 E TaskPersister: File error accessing recents directory (directory doesn't exist?).
01-24 20:07:28.940  7206  7251 I chatty  : uid=10025(u0_a25) handle_total_da identical 1 line
01-24 20:07:33.947  7206  7251 I dailytrack: HealthSportDataCacheUtil::saveData(),currentThread4=handle_total_data
01-24 20:07:38.081 17246 17246 D AndroidRuntime: >>>>>> START com.android.internal.os.RuntimeInit uid 2000 <<<<<<
01-24 20:07:38.953  7206  7251 I dailytrack: HealthSportDataCacheUtil::saveData(),currentThread4=handle_total_data
01-24 20:07:39.304 17246 17246 D AndroidRuntime: Calling main entry com.android.commands.pm.Pm
01-24 20:07:39.323   434 13233 I ActivityManager: Force stopping com.getqardio.android appid=10051 user=0: clear data
01-24 20:07:39.325   434 13233 I ActivityManager: Killing 17224:com.getqardio.android/u0a51 (adj 0): stop com.getqardio.android
01-24 20:07:39.331   434 13233 W ActivityManager: Force removing ActivityRecord{a65d01a u0 com.getqardio.android/.wearable.ui.activity.MenuActivity t488}: app died, no saved state
01-24 20:07:39.483   434  4786 W InputMethodManagerService: Got RemoteException sending setActive(false) notification to pid 17224 uid 10051
01-24 20:07:39.550   434   454 W Looper  : Dispatch took 225ms on android.ui, h=Handler (com.android.server.am.ActivityManagerService$UiHandler) {dee4953} cb=null msg=53
01-24 20:07:39.553   434   461 W ActivityManager: setHasOverlayUi called on unknown pid: 17224
01-24 20:07:39.556   434   453 I ActivityManager: Force stopping com.getqardio.android appid=10051 user=-1: clearApplicationUserData
01-24 20:07:39.592 15691 15691 E Watchface: CocosWatchFaceService::Handler msg: -5 0.0;--
01-24 20:07:39.601   335   335 I keystore: clear_uid 10051
01-24 20:07:39.602   434   453 W BroadcastQueue: Background execution not allowed: receiving Intent { act=android.os.UpdateLock.UPDATE_LOCK_CHANGED flg=0x4000010 (has extras) } to com.google.android.gms/.chimera.GmsIntentOperationService$PersistentTrustedReceiver
01-24 20:07:39.619   434   536 E TaskPersister: File error accessing recents directory (directory doesn't exist?).
01-24 20:07:39.712 31332 31332 D Avrcp   : AvrcpServiceBroadcastReceiver-> Action: android.intent.action.PACKAGE_DATA_CLEARED
01-24 20:07:39.712 31332 31332 D Avrcp   : packageName: com.getqardio.android removed: true
01-24 20:07:39.712 31332 31332 V Avrcp   : isBrowseSupported for com.getqardio.android: false
01-24 20:07:39.721 13109 13109 I GeofencerStateMachine: removeGeofences: removeRequest=RemoveGeofencingRequest[REMOVE_ALL packageName=com.getqardio.android]
01-24 20:07:39.741 17246 17246 I app_process: System.exit called, status: 0
01-24 20:07:39.742 17246 17246 I AndroidRuntime: VM exiting with result code 0.
01-24 20:07:39.802 31850 17262 I zygote  : IncrementDisableThreadFlip blocked for 7.805ms
01-24 20:07:39.812 13109 17257 I Fitness : Clearing all cached OAuth tokens for: com.getqardio.android [CONTEXT service_id=17 ]
01-24 20:07:39.817 13109 17257 I Fitness : Removing all subscriptions for: com.getqardio.android [CONTEXT service_id=17 ]
01-24 20:07:39.836   712   712 D RegisteredNfcFServicesCache: Service unchanged, not updating
01-24 20:07:39.915 13109 17257 I Fitness : Clearing all cached OAuth tokens for: com.getqardio.android [CONTEXT service_id=17 ]
01-24 20:07:39.918 13109 17257 I Fitness : Removing all subscriptions for: com.getqardio.android [CONTEXT service_id=17 ]
01-24 20:07:43.956  7206  7251 I dailytrack: HealthSportDataCacheUtil::saveData(),currentThread4=handle_total_data
01-24 20:07:45.176   434 13233 I ActivityManager: START u0 {act=api.android.category.MAIN cat=[api.android.intent.LAUNCHER] flg=0x10000000 cmp=com.getqardio.android/.wearable.ui.activity.MenuActivity} from uid 2000
01-24 20:07:45.260   434  4786 I ActivityManager: Start proc 17272:com.getqardio.android/u0a51 for activity com.getqardio.android/.wearable.ui.activity.MenuActivity
01-24 20:07:45.421   434  4786 W ActivityManager: Slow operation: 80ms so far, now at attachApplicationLocked: after mServices.attachApplicationLocked
01-24 20:07:45.437   434   453 W BroadcastQueue: Background execution not allowed: receiving Intent { act=android.os.UpdateLock.UPDATE_LOCK_CHANGED flg=0x4000010 (has extras) } to com.google.android.gms/.chimera.GmsIntentOperationService$PersistentTrustedReceiver
01-24 20:07:45.598 17272 17272 D com.getqardio.android.wearable.utils.crashlytics.CrashlyticsWear: Initialize CrachlyticsUncaughtExceptionHandler
01-24 20:07:45.691 17272 17289 D OpenGLRenderer: HWUI GL Pipeline
01-24 20:07:45.900 17272 17289 I Adreno-EGL: <qeglDrvAPI_eglInitialize:379>: EGL 1.4 QUALCOMM build:  (I7af58d6928)
01-24 20:07:45.900 17272 17289 I Adreno-EGL: OpenGL ES Shader Compiler Version: E031.35.01.00
01-24 20:07:45.900 17272 17289 I Adreno-EGL: Build Date: 09/14/17 Thu
01-24 20:07:45.900 17272 17289 I Adreno-EGL: Local Branch: gfx-adreno.lnx.1.0
01-24 20:07:45.900 17272 17289 I Adreno-EGL: Remote Branch: 
01-24 20:07:45.900 17272 17289 I Adreno-EGL: Local Patches: 
01-24 20:07:45.900 17272 17289 I Adreno-EGL: Reconstruct Branch: 
01-24 20:07:45.906 17272 17289 I vndksupport: sphal namespace is not configured for this process. Loading /vendor/lib/hw/gralloc.msm8909.so from the current namespace instead.
01-24 20:07:45.919 17289 17289 W RenderThread: type=1400 audit(0.0:572): avc: denied { read } for name="gpuclk" dev="sysfs" ino=18862 scontext=u:r:untrusted_app_25:s0:c512,c768 tcontext=u:object_r:sysfs:s0 tclass=file permissive=0
01-24 20:07:45.923 17272 17289 I OpenGLRenderer: Initialized EGL, version 1.4
01-24 20:07:45.924 17272 17289 D OpenGLRenderer: Swap behavior 1
01-24 20:07:45.931 17272 17289 W Adreno-ES20: <get_gpu_clk:229>: open failed: errno 13
01-24 20:07:45.946 17272 17289 W Adreno-EGL: <qeglDrvAPI_eglGetConfigAttrib:612>: EGL_BAD_ATTRIBUTE
01-24 20:07:45.949 17272 17289 I vndksupport: sphal namespace is not configured for this process. Loading /vendor/lib/hw/gralloc.msm8909.so from the current namespace instead.
01-24 20:07:45.986 17272 17282 I zygote  : NativeAllocBackground concurrent copying GC freed 1182(233KB) AllocSpace objects, 0(0B) LOS objects, 32% free, 1070KB/1582KB, paused 506us total 128.491ms
01-24 20:07:46.115 17272 17289 I vndksupport: sphal namespace is not configured for this process. Loading /vendor/lib/hw/gralloc.msm8909.so from the current namespace instead.
01-24 20:07:46.182   434   461 I ActivityManager: Displayed com.getqardio.android/.wearable.ui.activity.MenuActivity: +919ms
01-24 20:07:48.761   434   536 E TaskPersister: File error accessing recents directory (directory doesn't exist?).
01-24 20:07:48.962  7206  7251 I dailytrack: HealthSportDataCacheUtil::saveData(),currentThread4=handle_total_data
01-24 20:07:53.968  7206  7251 I chatty  : uid=10025(u0_a25) handle_total_da identical 1 line
01-24 20:07:58.971  7206  7251 I dailytrack: HealthSportDataCacheUtil::saveData(),currentThread4=handle_total_data
01-24 20:08:00.012 15691 15691 D WallpaperUtil: InternalCache: available=1546M
01-24 20:08:00.029 15691 15691 E Watchface: WeatherManager::checkUpdateDisplayWeather() mWeatherInfo is null !
01-24 20:08:00.039 32131 32131 W OngoingChipController: Attempting to remove non-existent UI for chip [com.google.android.wearable.app, media_controls]
01-24 20:08:02.511 17294 17294 D AndroidRuntime: >>>>>> START com.android.internal.os.RuntimeInit uid 2000 <<<<<<
01-24 20:08:03.719 17294 17294 D AndroidRuntime: Calling main entry com.android.commands.pm.Pm
01-24 20:08:03.745   434   874 I ActivityManager: Force stopping com.getqardio.android appid=10051 user=0: clear data
01-24 20:08:03.748   434   874 I ActivityManager: Killing 17272:com.getqardio.android/u0a51 (adj 0): stop com.getqardio.android
01-24 20:08:03.754   434   874 W ActivityManager: Force removing ActivityRecord{6981ccd u0 com.getqardio.android/.wearable.ui.activity.MenuActivity t489}: app died, no saved state
01-24 20:08:03.976  7206  7251 I dailytrack: HealthSportDataCacheUtil::saveData(),currentThread4=handle_total_data
01-24 20:08:04.022   434   461 W ActivityManager: setHasOverlayUi called on unknown pid: 17272
01-24 20:08:04.052   434   453 W BroadcastQueue: Background execution not allowed: receiving Intent { act=android.os.UpdateLock.UPDATE_LOCK_CHANGED flg=0x4000010 (has extras) } to com.google.android.gms/.chimera.GmsIntentOperationService$PersistentTrustedReceiver
01-24 20:08:04.052   434   453 I ActivityManager: Force stopping com.getqardio.android appid=10051 user=-1: clearApplicationUserData
01-24 20:08:04.072 15691 15691 E Watchface: CocosWatchFaceService::Handler msg: -5 0.0;--
01-24 20:08:04.085   335   335 I keystore: clear_uid 10051
01-24 20:08:04.089   434   454 W Looper  : Dispatch took 342ms on android.ui, h=Handler (com.android.server.am.ActivityManagerService$UiHandler) {dee4953} cb=null msg=53
01-24 20:08:04.093   434   536 E TaskPersister: File error accessing recents directory (directory doesn't exist?).
01-24 20:08:04.257 31332 31332 D Avrcp   : AvrcpServiceBroadcastReceiver-> Action: android.intent.action.PACKAGE_DATA_CLEARED
01-24 20:08:04.257 31332 31332 D Avrcp   : packageName: com.getqardio.android removed: true
01-24 20:08:04.257 31332 31332 V Avrcp   : isBrowseSupported for com.getqardio.android: false
01-24 20:08:04.258 13109 13109 I GeofencerStateMachine: removeGeofences: removeRequest=RemoveGeofencingRequest[REMOVE_ALL packageName=com.getqardio.android]
01-24 20:08:04.281   712   712 D RegisteredNfcFServicesCache: Service unchanged, not updating
01-24 20:08:04.287 17294 17294 I app_process: System.exit called, status: 0
01-24 20:08:04.287 17294 17294 I AndroidRuntime: VM exiting with result code 0.
01-24 20:08:04.365 13109 17305 I Fitness : Clearing all cached OAuth tokens for: com.getqardio.android [CONTEXT service_id=17 ]
01-24 20:08:04.369 13109 17305 I Fitness : Removing all subscriptions for: com.getqardio.android [CONTEXT service_id=17 ]
01-24 20:08:04.406 13109 17305 I Fitness : Clearing all cached OAuth tokens for: com.getqardio.android [CONTEXT service_id=17 ]
01-24 20:08:04.409 13109 17305 I Fitness : Removing all subscriptions for: com.getqardio.android [CONTEXT service_id=17 ]
01-24 20:08:04.808 13109 13122 I zygote  : Background concurrent copying GC freed 35528(2MB) AllocSpace objects, 0(0B) LOS objects, 20% free, 7MB/9MB, paused 874us total 396.958ms
01-24 20:08:08.982  7206  7251 I dailytrack: HealthSportDataCacheUtil::saveData(),currentThread4=handle_total_data
01-24 20:08:09.661   434  1099 I ActivityManager: START u0 {act=api.android.category.MAIN cat=[api.android.intent.LAUNCHER] flg=0x10000000 cmp=com.getqardio.android/.wearable.ui.activity.MenuActivity} from uid 2000
01-24 20:08:09.751   434  7909 I ActivityManager: Start proc 17319:com.getqardio.android/u0a51 for activity com.getqardio.android/.wearable.ui.activity.MenuActivity
01-24 20:08:09.898   434  7909 W ActivityManager: Slow operation: 89ms so far, now at attachApplicationLocked: after mServices.attachApplicationLocked
01-24 20:08:09.905   434   453 W BroadcastQueue: Background execution not allowed: receiving Intent { act=android.os.UpdateLock.UPDATE_LOCK_CHANGED flg=0x4000010 (has extras) } to com.google.android.gms/.chimera.GmsIntentOperationService$PersistentTrustedReceiver
01-24 20:08:10.075 17319 17319 D com.getqardio.android.wearable.utils.crashlytics.CrashlyticsWear: Initialize CrachlyticsUncaughtExceptionHandler
01-24 20:08:10.145 17319 17335 D OpenGLRenderer: HWUI GL Pipeline
01-24 20:08:10.239 17319 17329 I zygote  : Background concurrent copying GC freed 1099(259KB) AllocSpace objects, 0(0B) LOS objects, 31% free, 1099KB/1611KB, paused 2.136ms total 102.258ms
01-24 20:08:10.368 17319 17335 I Adreno-EGL: <qeglDrvAPI_eglInitialize:379>: EGL 1.4 QUALCOMM build:  (I7af58d6928)
01-24 20:08:10.368 17319 17335 I Adreno-EGL: OpenGL ES Shader Compiler Version: E031.35.01.00
01-24 20:08:10.368 17319 17335 I Adreno-EGL: Build Date: 09/14/17 Thu
01-24 20:08:10.368 17319 17335 I Adreno-EGL: Local Branch: gfx-adreno.lnx.1.0
01-24 20:08:10.368 17319 17335 I Adreno-EGL: Remote Branch: 
01-24 20:08:10.368 17319 17335 I Adreno-EGL: Local Patches: 
01-24 20:08:10.368 17319 17335 I Adreno-EGL: Reconstruct Branch: 
01-24 20:08:10.374 17319 17335 I vndksupport: sphal namespace is not configured for this process. Loading /vendor/lib/hw/gralloc.msm8909.so from the current namespace instead.
01-24 20:08:10.399 17335 17335 W RenderThread: type=1400 audit(0.0:573): avc: denied { read } for name="gpuclk" dev="sysfs" ino=18862 scontext=u:r:untrusted_app_25:s0:c512,c768 tcontext=u:object_r:sysfs:s0 tclass=file permissive=0
01-24 20:08:10.403 17319 17335 I OpenGLRenderer: Initialized EGL, version 1.4
01-24 20:08:10.403 17319 17335 D OpenGLRenderer: Swap behavior 1
01-24 20:08:10.410 17319 17335 W Adreno-ES20: <get_gpu_clk:229>: open failed: errno 13
01-24 20:08:10.426 17319 17335 W Adreno-EGL: <qeglDrvAPI_eglGetConfigAttrib:612>: EGL_BAD_ATTRIBUTE
01-24 20:08:10.428 17319 17335 I vndksupport: sphal namespace is not configured for this process. Loading /vendor/lib/hw/gralloc.msm8909.so from the current namespace instead.
01-24 20:08:10.434 17319 17329 I zygote  : NativeAllocBackground concurrent copying GC freed 192(90KB) AllocSpace objects, 0(0B) LOS objects, 32% free, 1074KB/1586KB, paused 421us total 110.308ms
01-24 20:08:10.600 17319 17335 I vndksupport: sphal namespace is not configured for this process. Loading /vendor/lib/hw/gralloc.msm8909.so from the current namespace instead.
01-24 20:08:10.657   434   461 I ActivityManager: Displayed com.getqardio.android/.wearable.ui.activity.MenuActivity: +922ms
01-24 20:08:11.965   723   723 I battery : BatteryService: mInternalBatteryReceiver onReceive() action = android.intent.action.BATTERY_CHANGED
01-24 20:08:11.969 31787 31787 I ADVLog  : ADV.SensorService:/BatteryTemperature: 343  /isUsbOrAc: 1
01-24 20:08:11.984   319   319 D WifiHAL : In DebugCommand::handleResponse
01-24 20:08:11.984   319   319 D WifiHAL : len = 4, expected len = 4
01-24 20:08:12.178   434 13233 E BatteryStatsService: no controller energy info supplied
01-24 20:08:12.183   434 13233 I chatty  : uid=1000(system) Binder:434_20 identical 1 line
01-24 20:08:12.184   434 13233 E BatteryStatsService: no controller energy info supplied
01-24 20:08:12.720   434   443 I zygote  : Background concurrent copying GC freed 20505(1611KB) AllocSpace objects, 19(380KB) LOS objects, 15% free, 11MB/13MB, paused 8.305ms total 712.578ms
01-24 20:08:13.245   434   536 E TaskPersister: File error accessing recents directory (directory doesn't exist?).
01-24 20:08:13.989  7206  7251 I dailytrack: HealthSportDataCacheUtil::saveData(),currentThread4=handle_total_data
01-24 20:08:18.995  7206  7251 I chatty  : uid=10025(u0_a25) handle_total_da identical 1 line
01-24 20:08:24.002  7206  7251 I dailytrack: HealthSportDataCacheUtil::saveData(),currentThread4=handle_total_data
01-24 20:08:26.934 17342 17342 D AndroidRuntime: >>>>>> START com.android.internal.os.RuntimeInit uid 2000 <<<<<<
01-24 20:08:28.208 17342 17342 D AndroidRuntime: Calling main entry com.android.commands.pm.Pm
01-24 20:08:28.238   434   756 I ActivityManager: Force stopping com.getqardio.android appid=10051 user=0: clear data
01-24 20:08:28.243   434   756 I ActivityManager: Killing 17319:com.getqardio.android/u0a51 (adj 0): stop com.getqardio.android
01-24 20:08:28.252   434   756 W ActivityManager: Force removing ActivityRecord{ca549d5 u0 com.getqardio.android/.wearable.ui.activity.MenuActivity t490}: app died, no saved state
01-24 20:08:28.375   434   455 W zygote  : kill(17319, 9) failed: No such process
01-24 20:08:28.491   434   454 W Looper  : Dispatch took 251ms on android.ui, h=Handler (com.android.server.am.ActivityManagerService$UiHandler) {dee4953} cb=null msg=53
01-24 20:08:28.495   434   453 I ActivityManager: Force stopping com.getqardio.android appid=10051 user=-1: clearApplicationUserData
01-24 20:08:28.523   434   536 E TaskPersister: File error accessing recents directory (directory doesn't exist?).
01-24 20:08:28.560   434   461 W ActivityManager: setHasOverlayUi called on unknown pid: 17319
01-24 20:08:28.561   434   453 W BroadcastQueue: Background execution not allowed: receiving Intent { act=android.os.UpdateLock.UPDATE_LOCK_CHANGED flg=0x4000010 (has extras) } to com.google.android.gms/.chimera.GmsIntentOperationService$PersistentTrustedReceiver
01-24 20:08:28.568   335   335 I keystore: clear_uid 10051
01-24 20:08:28.598 15691 15691 E Watchface: CocosWatchFaceService::Handler msg: -5 0.0;--
01-24 20:08:28.735 31332 31332 D Avrcp   : AvrcpServiceBroadcastReceiver-> Action: android.intent.action.PACKAGE_DATA_CLEARED
01-24 20:08:28.735 31332 31332 D Avrcp   : packageName: com.getqardio.android removed: true
01-24 20:08:28.735 31332 31332 V Avrcp   : isBrowseSupported for com.getqardio.android: false
01-24 20:08:28.745 17342 17342 I app_process: System.exit called, status: 0
01-24 20:08:28.746 17342 17342 I AndroidRuntime: VM exiting with result code 0.
01-24 20:08:28.754 13109 13109 I GeofencerStateMachine: removeGeofences: removeRequest=RemoveGeofencingRequest[REMOVE_ALL packageName=com.getqardio.android]
01-24 20:08:28.837 13109 17358 I Fitness : Clearing all cached OAuth tokens for: com.getqardio.android [CONTEXT service_id=17 ]
01-24 20:08:28.839 13109 17358 I Fitness : Removing all subscriptions for: com.getqardio.android [CONTEXT service_id=17 ]
01-24 20:08:28.871   712   712 D RegisteredNfcFServicesCache: Service unchanged, not updating
01-24 20:08:28.902 13109 17358 I Fitness : Clearing all cached OAuth tokens for: com.getqardio.android [CONTEXT service_id=17 ]
01-24 20:08:28.910 13109 17358 I Fitness : Removing all subscriptions for: com.getqardio.android [CONTEXT service_id=17 ]
01-24 20:08:29.006  7206  7251 I dailytrack: HealthSportDataCacheUtil::saveData(),currentThread4=handle_total_data
01-24 20:08:34.007  7206  7251 I dailytrack: HealthSportDataCacheUtil::saveData(),currentThread4=handle_total_data
01-24 20:08:34.227   434   756 I ActivityManager: START u0 {act=api.android.category.MAIN cat=[api.android.intent.LAUNCHER] flg=0x10000000 cmp=com.getqardio.android/.wearable.ui.activity.MenuActivity} from uid 2000
01-24 20:08:34.319   434   874 I ActivityManager: Start proc 17369:com.getqardio.android/u0a51 for activity com.getqardio.android/.wearable.ui.activity.MenuActivity
01-24 20:08:34.477   434   756 W ActivityManager: Slow operation: 84ms so far, now at attachApplicationLocked: after mServices.attachApplicationLocked
01-24 20:08:34.483   434   453 W BroadcastQueue: Background execution not allowed: receiving Intent { act=android.os.UpdateLock.UPDATE_LOCK_CHANGED flg=0x4000010 (has extras) } to com.google.android.gms/.chimera.GmsIntentOperationService$PersistentTrustedReceiver
01-24 20:08:34.649 17369 17369 D com.getqardio.android.wearable.utils.crashlytics.CrashlyticsWear: Initialize CrachlyticsUncaughtExceptionHandler
01-24 20:08:34.740 17369 17385 D OpenGLRenderer: HWUI GL Pipeline
01-24 20:08:34.834 17369 17379 I zygote  : Background concurrent copying GC freed 939(280KB) AllocSpace objects, 0(0B) LOS objects, 31% free, 1110KB/1622KB, paused 1.686ms total 107.874ms
01-24 20:08:34.870   323   403 W HWComposer: Ignoring duplicate VSYNC event from HWC (t=168784357656495)
01-24 20:08:34.960 17369 17385 I Adreno-EGL: <qeglDrvAPI_eglInitialize:379>: EGL 1.4 QUALCOMM build:  (I7af58d6928)
01-24 20:08:34.960 17369 17385 I Adreno-EGL: OpenGL ES Shader Compiler Version: E031.35.01.00
01-24 20:08:34.960 17369 17385 I Adreno-EGL: Build Date: 09/14/17 Thu
01-24 20:08:34.960 17369 17385 I Adreno-EGL: Local Branch: gfx-adreno.lnx.1.0
01-24 20:08:34.960 17369 17385 I Adreno-EGL: Remote Branch: 
01-24 20:08:34.960 17369 17385 I Adreno-EGL: Local Patches: 
01-24 20:08:34.960 17369 17385 I Adreno-EGL: Reconstruct Branch: 
01-24 20:08:34.966 17369 17385 I vndksupport: sphal namespace is not configured for this process. Loading /vendor/lib/hw/gralloc.msm8909.so from the current namespace instead.
01-24 20:08:34.979 17385 17385 W RenderThread: type=1400 audit(0.0:574): avc: denied { read } for name="gpuclk" dev="sysfs" ino=18862 scontext=u:r:untrusted_app_25:s0:c512,c768 tcontext=u:object_r:sysfs:s0 tclass=file permissive=0
01-24 20:08:34.982 17369 17385 I OpenGLRenderer: Initialized EGL, version 1.4
01-24 20:08:34.982 17369 17385 D OpenGLRenderer: Swap behavior 1
01-24 20:08:34.989 17369 17385 W Adreno-ES20: <get_gpu_clk:229>: open failed: errno 13
01-24 20:08:35.001 17369 17385 W Adreno-EGL: <qeglDrvAPI_eglGetConfigAttrib:612>: EGL_BAD_ATTRIBUTE
01-24 20:08:35.004 17369 17385 I vndksupport: sphal namespace is not configured for this process. Loading /vendor/lib/hw/gralloc.msm8909.so from the current namespace instead.
01-24 20:08:35.055 17369 17379 I zygote  : NativeAllocBackground concurrent copying GC freed 432(104KB) AllocSpace objects, 0(0B) LOS objects, 32% free, 1070KB/1582KB, paused 802us total 156.862ms
