01-24 20:11:24.956 17706 17722 I Adreno-EGL: OpenGL ES Shader Compiler Version: E031.35.01.00
01-24 20:11:24.956 17706 17722 I Adreno-EGL: Build Date: 09/14/17 Thu
01-24 20:11:24.956 17706 17722 I Adreno-EGL: Local Branch: gfx-adreno.lnx.1.0
01-24 20:11:24.956 17706 17722 I Adreno-EGL: Remote Branch: 
01-24 20:11:24.956 17706 17722 I Adreno-EGL: Local Patches: 
01-24 20:11:24.956 17706 17722 I Adreno-EGL: Reconstruct Branch: 
01-24 20:11:24.963 17706 17722 I vndksupport: sphal namespace is not configured for this process. Loading /vendor/lib/hw/gralloc.msm8909.so from the current namespace instead.
01-24 20:11:24.977 17706 17722 I OpenGLRenderer: Initialized EGL, version 1.4
01-24 20:11:24.977 17706 17722 D OpenGLRenderer: Swap behavior 1
01-24 20:11:25.009 17722 17722 W RenderThread: type=1400 audit(0.0:581): avc: denied { read } for name="gpuclk" dev="sysfs" ino=18862 scontext=u:r:untrusted_app_25:s0:c512,c768 tcontext=u:object_r:sysfs:s0 tclass=file permissive=0
01-24 20:11:25.024 17706 17722 W Adreno-ES20: <get_gpu_clk:229>: open failed: errno 13
01-24 20:11:25.036 17706 17722 W Adreno-EGL: <qeglDrvAPI_eglGetConfigAttrib:612>: EGL_BAD_ATTRIBUTE
01-24 20:11:25.039 17706 17722 I vndksupport: sphal namespace is not configured for this process. Loading /vendor/lib/hw/gralloc.msm8909.so from the current namespace instead.
01-24 20:11:25.064 17706 17716 I zygote  : Background concurrent copying GC freed 1099(261KB) AllocSpace objects, 0(0B) LOS objects, 31% free, 1098KB/1610KB, paused 7.070ms total 270.596ms
01-24 20:11:25.189   323   403 W HWComposer: Ignoring duplicate VSYNC event from HWC (t=168954685850232)
01-24 20:11:25.211 17706 17722 I vndksupport: sphal namespace is not configured for this process. Loading /vendor/lib/hw/gralloc.msm8909.so from the current namespace instead.
01-24 20:11:25.273   434   461 I ActivityManager: Displayed com.getqardio.android/.wearable.ui.activity.MenuActivity: +864ms
01-24 20:11:27.896   434   536 E TaskPersister: File error accessing recents directory (directory doesn't exist?).
01-24 20:11:29.192  7206  7251 I dailytrack: HealthSportDataCacheUtil::saveData(),currentThread4=handle_total_data
01-24 20:11:30.586 31332 31384 E bt_btif : bta_dm_pm_btm_status hci_status=35
01-24 20:11:34.197  7206  7251 I dailytrack: HealthSportDataCacheUtil::saveData(),currentThread4=handle_total_data
01-24 20:11:39.205  7206  7251 I dailytrack: HealthSportDataCacheUtil::saveData(),currentThread4=handle_total_data
01-24 20:11:41.551 17727 17727 D AndroidRuntime: >>>>>> START com.android.internal.os.RuntimeInit uid 2000 <<<<<<
01-24 20:11:42.713 17727 17727 D AndroidRuntime: Calling main entry com.android.commands.pm.Pm
01-24 20:11:42.739   434  2560 I ActivityManager: Force stopping com.getqardio.android appid=10051 user=0: clear data
01-24 20:11:42.740   434  2560 I ActivityManager: Killing 17706:com.getqardio.android/u0a51 (adj 0): stop com.getqardio.android
01-24 20:11:42.746   434  2560 W ActivityManager: Force removing ActivityRecord{5ece5a0 u0 com.getqardio.android/.wearable.ui.activity.MenuActivity t498}: app died, no saved state
01-24 20:11:42.941   434   660 W InputMethodManagerService: Got RemoteException sending setActive(false) notification to pid 17706 uid 10051
01-24 20:11:43.037 15691 15691 E Watchface: CocosWatchFaceService::Handler msg: -5 0.0;--
01-24 20:11:43.041   434   454 W Looper  : Dispatch took 301ms on android.ui, h=Handler (com.android.server.am.ActivityManagerService$UiHandler) {dee4953} cb=null msg=53
01-24 20:11:43.044   434   461 W ActivityManager: setHasOverlayUi called on unknown pid: 17706
01-24 20:11:43.053   434   453 I ActivityManager: Force stopping com.getqardio.android appid=10051 user=-1: clearApplicationUserData
01-24 20:11:43.105   434   453 W BroadcastQueue: Background execution not allowed: receiving Intent { act=android.os.UpdateLock.UPDATE_LOCK_CHANGED flg=0x4000010 (has extras) } to com.google.android.gms/.chimera.GmsIntentOperationService$PersistentTrustedReceiver
01-24 20:11:43.110   335   335 I keystore: clear_uid 10051
01-24 20:11:43.117   434   536 E TaskPersister: File error accessing recents directory (directory doesn't exist?).
01-24 20:11:43.197 31332 31332 D Avrcp   : AvrcpServiceBroadcastReceiver-> Action: android.intent.action.PACKAGE_DATA_CLEARED
01-24 20:11:43.197 31332 31332 D Avrcp   : packageName: com.getqardio.android removed: true
01-24 20:11:43.197 31332 31332 V Avrcp   : isBrowseSupported for com.getqardio.android: false
01-24 20:11:43.199 13109 13109 I GeofencerStateMachine: removeGeofences: removeRequest=RemoveGeofencingRequest[REMOVE_ALL packageName=com.getqardio.android]
01-24 20:11:43.216 17727 17727 I app_process: System.exit called, status: 0
01-24 20:11:43.216 17727 17727 I AndroidRuntime: VM exiting with result code 0.
01-24 20:11:43.290 13109 17747 I Fitness : Clearing all cached OAuth tokens for: com.getqardio.android [CONTEXT service_id=17 ]
01-24 20:11:43.295 13109 17747 I Fitness : Removing all subscriptions for: com.getqardio.android [CONTEXT service_id=17 ]
01-24 20:11:43.313   712   712 D RegisteredNfcFServicesCache: Service unchanged, not updating
01-24 20:11:43.364 13109 17747 I Fitness : Clearing all cached OAuth tokens for: com.getqardio.android [CONTEXT service_id=17 ]
01-24 20:11:43.366 13109 17747 I Fitness : Removing all subscriptions for: com.getqardio.android [CONTEXT service_id=17 ]
01-24 20:11:44.206  7206  7251 I dailytrack: HealthSportDataCacheUtil::saveData(),currentThread4=handle_total_data
01-24 20:11:48.682   434   660 I ActivityManager: START u0 {act=api.android.category.MAIN cat=[api.android.intent.LAUNCHER] flg=0x10000000 cmp=com.getqardio.android/.wearable.ui.activity.MenuActivity} from uid 2000
01-24 20:11:48.768   434 13083 I ActivityManager: Start proc 17754:com.getqardio.android/u0a51 for activity com.getqardio.android/.wearable.ui.activity.MenuActivity
01-24 20:11:48.926   434 13083 W ActivityManager: Slow operation: 84ms so far, now at attachApplicationLocked: after mServices.attachApplicationLocked
01-24 20:11:48.967   434   453 W BroadcastQueue: Background execution not allowed: receiving Intent { act=android.os.UpdateLock.UPDATE_LOCK_CHANGED flg=0x4000010 (has extras) } to com.google.android.gms/.chimera.GmsIntentOperationService$PersistentTrustedReceiver
01-24 20:11:49.054 17754 17754 D com.getqardio.android.wearable.utils.crashlytics.CrashlyticsWear: Initialize CrachlyticsUncaughtExceptionHandler
01-24 20:11:49.139 17754 17770 D OpenGLRenderer: HWUI GL Pipeline
01-24 20:11:49.212  7206  7251 I dailytrack: HealthSportDataCacheUtil::saveData(),currentThread4=handle_total_data
01-24 20:11:49.307   323   403 W HWComposer: Ignoring duplicate VSYNC event from HWC (t=168978806444338)
01-24 20:11:49.345 17754 17770 I Adreno-EGL: <qeglDrvAPI_eglInitialize:379>: EGL 1.4 QUALCOMM build:  (I7af58d6928)
01-24 20:11:49.345 17754 17770 I Adreno-EGL: OpenGL ES Shader Compiler Version: E031.35.01.00
01-24 20:11:49.345 17754 17770 I Adreno-EGL: Build Date: 09/14/17 Thu
01-24 20:11:49.345 17754 17770 I Adreno-EGL: Local Branch: gfx-adreno.lnx.1.0
01-24 20:11:49.345 17754 17770 I Adreno-EGL: Remote Branch: 
01-24 20:11:49.345 17754 17770 I Adreno-EGL: Local Patches: 
01-24 20:11:49.345 17754 17770 I Adreno-EGL: Reconstruct Branch: 
01-24 20:11:49.350 17754 17770 I vndksupport: sphal namespace is not configured for this process. Loading /vendor/lib/hw/gralloc.msm8909.so from the current namespace instead.
01-24 20:11:49.365 17754 17770 I OpenGLRenderer: Initialized EGL, version 1.4
01-24 20:11:49.365 17754 17770 D OpenGLRenderer: Swap behavior 1
01-24 20:11:49.369 17770 17770 W RenderThread: type=1400 audit(0.0:582): avc: denied { read } for name="gpuclk" dev="sysfs" ino=18862 scontext=u:r:untrusted_app_25:s0:c512,c768 tcontext=u:object_r:sysfs:s0 tclass=file permissive=0
01-24 20:11:49.380 17754 17770 W Adreno-ES20: <get_gpu_clk:229>: open failed: errno 13
01-24 20:11:49.393 17754 17770 W Adreno-EGL: <qeglDrvAPI_eglGetConfigAttrib:612>: EGL_BAD_ATTRIBUTE
01-24 20:11:49.395 17754 17770 I vndksupport: sphal namespace is not configured for this process. Loading /vendor/lib/hw/gralloc.msm8909.so from the current namespace instead.
01-24 20:11:49.437 17754 17764 I zygote  : Background concurrent copying GC freed 1106(292KB) AllocSpace objects, 0(0B) LOS objects, 30% free, 1162KB/1674KB, paused 1.279ms total 343.319ms
01-24 20:11:49.573 17754 17770 I vndksupport: sphal namespace is not configured for this process. Loading /vendor/lib/hw/gralloc.msm8909.so from the current namespace instead.
01-24 20:11:49.630   434   461 I ActivityManager: Displayed com.getqardio.android/.wearable.ui.activity.MenuActivity: +878ms
01-24 20:11:52.243   434   536 E TaskPersister: File error accessing recents directory (directory doesn't exist?).
01-24 20:11:54.217  7206  7251 I dailytrack: HealthSportDataCacheUtil::saveData(),currentThread4=handle_total_data
01-24 20:11:59.225  7206  7251 I dailytrack: HealthSportDataCacheUtil::saveData(),currentThread4=handle_total_data
01-24 20:12:00.014 15691 15691 D WallpaperUtil: InternalCache: available=1546M
01-24 20:12:00.028 15691 15691 E Watchface: WeatherManager::checkUpdateDisplayWeather() mWeatherInfo is null !
01-24 20:12:00.034 32131 32131 W OngoingChipController: Attempting to remove non-existent UI for chip [com.google.android.wearable.app, media_controls]
01-24 20:12:04.226  7206  7251 I dailytrack: HealthSportDataCacheUtil::saveData(),currentThread4=handle_total_data
01-24 20:12:05.928 17776 17776 D AndroidRuntime: >>>>>> START com.android.internal.os.RuntimeInit uid 2000 <<<<<<
01-24 20:12:07.209 17776 17776 D AndroidRuntime: Calling main entry com.android.commands.pm.Pm
01-24 20:12:07.233   434 13083 I ActivityManager: Force stopping com.getqardio.android appid=10051 user=0: clear data
01-24 20:12:07.235   434 13083 I ActivityManager: Killing 17754:com.getqardio.android/u0a51 (adj 0): stop com.getqardio.android
01-24 20:12:07.242   434 13083 W ActivityManager: Force removing ActivityRecord{44884eb u0 com.getqardio.android/.wearable.ui.activity.MenuActivity t499}: app died, no saved state
01-24 20:12:07.573   335   335 I keystore: clear_uid 10051
01-24 20:12:07.587   434   453 I ActivityManager: Force stopping com.getqardio.android appid=10051 user=-1: clearApplicationUserData
01-24 20:12:07.588 15691 15691 E Watchface: CocosWatchFaceService::Handler msg: -5 0.0;--
01-24 20:12:07.599   434   461 W ActivityManager: setHasOverlayUi called on unknown pid: 17754
01-24 20:12:07.600   434   454 W Looper  : Dispatch took 366ms on android.ui, h=Handler (com.android.server.am.ActivityManagerService$UiHandler) {dee4953} cb=null msg=53
01-24 20:12:07.607   434   453 W BroadcastQueue: Background execution not allowed: receiving Intent { act=android.os.UpdateLock.UPDATE_LOCK_CHANGED flg=0x4000010 (has extras) } to com.google.android.gms/.chimera.GmsIntentOperationService$PersistentTrustedReceiver
01-24 20:12:07.638   434   536 E TaskPersister: File error accessing recents directory (directory doesn't exist?).
01-24 20:12:07.777 15691 15701 I zygote  : Background concurrent copying GC freed 4755(402KB) AllocSpace objects, 0(0B) LOS objects, 28% free, 1307KB/1819KB, paused 494us total 174.964ms
01-24 20:12:07.825 31332 31332 D Avrcp   : AvrcpServiceBroadcastReceiver-> Action: android.intent.action.PACKAGE_DATA_CLEARED
01-24 20:12:07.825 31332 31332 D Avrcp   : packageName: com.getqardio.android removed: true
01-24 20:12:07.825 31332 31332 V Avrcp   : isBrowseSupported for com.getqardio.android: false
01-24 20:12:07.835 13109 13109 I GeofencerStateMachine: removeGeofences: removeRequest=RemoveGeofencingRequest[REMOVE_ALL packageName=com.getqardio.android]
01-24 20:12:07.861 17776 17776 I app_process: System.exit called, status: 0
01-24 20:12:07.861 17776 17776 I AndroidRuntime: VM exiting with result code 0.
01-24 20:12:07.914 13109 17787 I Fitness : Clearing all cached OAuth tokens for: com.getqardio.android [CONTEXT service_id=17 ]
01-24 20:12:07.916   712   712 D RegisteredNfcFServicesCache: Service unchanged, not updating
01-24 20:12:07.917 13109 17787 I Fitness : Removing all subscriptions for: com.getqardio.android [CONTEXT service_id=17 ]
01-24 20:12:07.978 13109 17787 I Fitness : Clearing all cached OAuth tokens for: com.getqardio.android [CONTEXT service_id=17 ]
01-24 20:12:07.986 13109 17787 I Fitness : Removing all subscriptions for: com.getqardio.android [CONTEXT service_id=17 ]
01-24 20:12:08.501 13109 13122 I zygote  : Background concurrent copying GC freed 34876(2MB) AllocSpace objects, 0(0B) LOS objects, 20% free, 7MB/9MB, paused 13.176ms total 497.907ms
01-24 20:12:08.617   434   443 I zygote  : Background concurrent copying GC freed 19102(1483KB) AllocSpace objects, 22(532KB) LOS objects, 14% free, 11MB/13MB, paused 7.869ms total 1.072s
01-24 20:12:09.231  7206  7251 I dailytrack: HealthSportDataCacheUtil::saveData(),currentThread4=handle_total_data
01-24 20:12:11.937   723   723 I battery : BatteryService: mInternalBatteryReceiver onReceive() action = android.intent.action.BATTERY_CHANGED
01-24 20:12:11.939 31787 31787 I ADVLog  : ADV.SensorService:/BatteryTemperature: 341  /isUsbOrAc: 1
01-24 20:12:11.949   319   319 D WifiHAL : In DebugCommand::handleResponse
01-24 20:12:11.949   319   319 D WifiHAL : len = 4, expected len = 4
01-24 20:12:11.965   434   756 E BatteryStatsService: no controller energy info supplied
01-24 20:12:11.967   434   756 I chatty  : uid=1000(system) Binder:434_6 identical 1 line
01-24 20:12:11.967   434   756 E BatteryStatsService: no controller energy info supplied
01-24 20:12:13.239   434 13083 I ActivityManager: START u0 {act=api.android.category.MAIN cat=[api.android.intent.LAUNCHER] flg=0x10000000 cmp=com.getqardio.android/.wearable.ui.activity.MenuActivity} from uid 2000
01-24 20:12:13.314   434  5002 I ActivityManager: Start proc 17802:com.getqardio.android/u0a51 for activity com.getqardio.android/.wearable.ui.activity.MenuActivity
01-24 20:12:13.486   434  5002 W ActivityManager: Slow operation: 86ms so far, now at attachApplicationLocked: after mServices.attachApplicationLocked
01-24 20:12:13.490   434   453 W BroadcastQueue: Background execution not allowed: receiving Intent { act=android.os.UpdateLock.UPDATE_LOCK_CHANGED flg=0x4000010 (has extras) } to com.google.android.gms/.chimera.GmsIntentOperationService$PersistentTrustedReceiver
01-24 20:12:13.616 17802 17802 D com.getqardio.android.wearable.utils.crashlytics.CrashlyticsWear: Initialize CrachlyticsUncaughtExceptionHandler
01-24 20:12:13.711 17802 17820 D OpenGLRenderer: HWUI GL Pipeline
01-24 20:12:13.910 17802 17812 I zygote  : Background concurrent copying GC freed 970(333KB) AllocSpace objects, 0(0B) LOS objects, 30% free, 1186KB/1698KB, paused 13.924ms total 280.707ms
01-24 20:12:13.937 17802 17820 I Adreno-EGL: <qeglDrvAPI_eglInitialize:379>: EGL 1.4 QUALCOMM build:  (I7af58d6928)
01-24 20:12:13.937 17802 17820 I Adreno-EGL: OpenGL ES Shader Compiler Version: E031.35.01.00
01-24 20:12:13.937 17802 17820 I Adreno-EGL: Build Date: 09/14/17 Thu
01-24 20:12:13.937 17802 17820 I Adreno-EGL: Local Branch: gfx-adreno.lnx.1.0
01-24 20:12:13.937 17802 17820 I Adreno-EGL: Remote Branch: 
01-24 20:12:13.937 17802 17820 I Adreno-EGL: Local Patches: 
01-24 20:12:13.937 17802 17820 I Adreno-EGL: Reconstruct Branch: 
01-24 20:12:13.944 17802 17820 I vndksupport: sphal namespace is not configured for this process. Loading /vendor/lib/hw/gralloc.msm8909.so from the current namespace instead.
01-24 20:12:13.959 17820 17820 W RenderThread: type=1400 audit(0.0:583): avc: denied { read } for name="gpuclk" dev="sysfs" ino=18862 scontext=u:r:untrusted_app_25:s0:c512,c768 tcontext=u:object_r:sysfs:s0 tclass=file permissive=0
01-24 20:12:13.959 17802 17820 I OpenGLRenderer: Initialized EGL, version 1.4
01-24 20:12:13.960 17802 17820 D OpenGLRenderer: Swap behavior 1
01-24 20:12:13.968 17802 17820 W Adreno-ES20: <get_gpu_clk:229>: open failed: errno 13
01-24 20:12:13.980 17802 17820 W Adreno-EGL: <qeglDrvAPI_eglGetConfigAttrib:612>: EGL_BAD_ATTRIBUTE
01-24 20:12:13.983 17802 17820 I vndksupport: sphal namespace is not configured for this process. Loading /vendor/lib/hw/gralloc.msm8909.so from the current namespace instead.
01-24 20:12:14.153 17802 17820 I vndksupport: sphal namespace is not configured for this process. Loading /vendor/lib/hw/gralloc.msm8909.so from the current namespace instead.
01-24 20:12:14.208   434   461 I ActivityManager: Displayed com.getqardio.android/.wearable.ui.activity.MenuActivity: +896ms
01-24 20:12:14.237  7206  7251 I dailytrack: HealthSportDataCacheUtil::saveData(),currentThread4=handle_total_data
01-24 20:12:16.879   434   536 E TaskPersister: File error accessing recents directory (directory doesn't exist?).
01-24 20:12:24.246  7206  7251 I chatty  : uid=10025(u0_a25) handle_total_da identical 2 lines
01-24 20:12:29.246  7206  7251 I dailytrack: HealthSportDataCacheUtil::saveData(),currentThread4=handle_total_data
01-24 20:12:30.285 17825 17825 D AndroidRuntime: >>>>>> START com.android.internal.os.RuntimeInit uid 2000 <<<<<<
01-24 20:12:31.496 17825 17825 D AndroidRuntime: Calling main entry com.android.commands.pm.Pm
01-24 20:12:31.523   434   756 I ActivityManager: Force stopping com.getqardio.android appid=10051 user=0: clear data
01-24 20:12:31.526   434   756 I ActivityManager: Killing 17802:com.getqardio.android/u0a51 (adj 0): stop com.getqardio.android
01-24 20:12:31.531   434   756 W ActivityManager: Force removing ActivityRecord{2e11233 u0 com.getqardio.android/.wearable.ui.activity.MenuActivity t500}: app died, no saved state
01-24 20:12:31.729   434   454 W Looper  : Dispatch took 204ms on android.ui, h=Handler (com.android.server.am.ActivityManagerService$UiHandler) {dee4953} cb=null msg=53
01-24 20:12:31.787   335   335 I keystore: clear_uid 10051
01-24 20:12:31.789   434   453 W BroadcastQueue: Background execution not allowed: receiving Intent { act=android.os.UpdateLock.UPDATE_LOCK_CHANGED flg=0x4000010 (has extras) } to com.google.android.gms/.chimera.GmsIntentOperationService$PersistentTrustedReceiver
01-24 20:12:31.789   434   453 I ActivityManager: Force stopping com.getqardio.android appid=10051 user=-1: clearApplicationUserData
01-24 20:12:31.820 15691 15691 E Watchface: CocosWatchFaceService::Handler msg: -5 0.0;--
01-24 20:12:31.823   434   461 W ActivityManager: setHasOverlayUi called on unknown pid: 17802
01-24 20:12:31.834   434   536 E TaskPersister: File error accessing recents directory (directory doesn't exist?).
01-24 20:12:31.959 31332 31332 D Avrcp   : AvrcpServiceBroadcastReceiver-> Action: android.intent.action.PACKAGE_DATA_CLEARED
01-24 20:12:31.960 31332 31332 D Avrcp   : packageName: com.getqardio.android removed: true
01-24 20:12:31.960 31332 31332 V Avrcp   : isBrowseSupported for com.getqardio.android: false
01-24 20:12:31.962 13109 13109 I GeofencerStateMachine: removeGeofences: removeRequest=RemoveGeofencingRequest[REMOVE_ALL packageName=com.getqardio.android]
01-24 20:12:31.996 17825 17825 I app_process: System.exit called, status: 0
01-24 20:12:31.996 17825 17825 I AndroidRuntime: VM exiting with result code 0.
01-24 20:12:32.051 13109 17837 I Fitness : Clearing all cached OAuth tokens for: com.getqardio.android [CONTEXT service_id=17 ]
01-24 20:12:32.059 13109 17837 I Fitness : Removing all subscriptions for: com.getqardio.android [CONTEXT service_id=17 ]
01-24 20:12:32.083   712   712 D RegisteredNfcFServicesCache: Service unchanged, not updating
01-24 20:12:32.162 13109 17837 I Fitness : Clearing all cached OAuth tokens for: com.getqardio.android [CONTEXT service_id=17 ]
01-24 20:12:32.164 13109 17837 I Fitness : Removing all subscriptions for: com.getqardio.android [CONTEXT service_id=17 ]
01-24 20:12:34.252  7206  7251 I dailytrack: HealthSportDataCacheUtil::saveData(),currentThread4=handle_total_data
01-24 20:12:37.425   434  2560 I ActivityManager: START u0 {act=api.android.category.MAIN cat=[api.android.intent.LAUNCHER] flg=0x10000000 cmp=com.getqardio.android/.wearable.ui.activity.MenuActivity} from uid 2000
01-24 20:12:37.507   434   756 I ActivityManager: Start proc 17852:com.getqardio.android/u0a51 for activity com.getqardio.android/.wearable.ui.activity.MenuActivity
01-24 20:12:37.687   434  2560 W ActivityManager: Slow operation: 86ms so far, now at attachApplicationLocked: after mServices.attachApplicationLocked
01-24 20:12:37.748   434   453 W BroadcastQueue: Background execution not allowed: receiving Intent { act=android.os.UpdateLock.UPDATE_LOCK_CHANGED flg=0x4000010 (has extras) } to com.google.android.gms/.chimera.GmsIntentOperationService$PersistentTrustedReceiver
01-24 20:12:37.868 17852 17852 D com.getqardio.android.wearable.utils.crashlytics.CrashlyticsWear: Initialize CrachlyticsUncaughtExceptionHandler
01-24 20:12:37.981 17852 17868 D OpenGLRenderer: HWUI GL Pipeline
01-24 20:12:37.984 17852 17862 I zygote  : Background concurrent copying GC freed 917(331KB) AllocSpace objects, 0(0B) LOS objects, 31% free, 1122KB/1634KB, paused 1.134ms total 133.496ms
01-24 20:12:38.190 17852 17868 I Adreno-EGL: <qeglDrvAPI_eglInitialize:379>: EGL 1.4 QUALCOMM build:  (I7af58d6928)
01-24 20:12:38.190 17852 17868 I Adreno-EGL: OpenGL ES Shader Compiler Version: E031.35.01.00
01-24 20:12:38.190 17852 17868 I Adreno-EGL: Build Date: 09/14/17 Thu
01-24 20:12:38.190 17852 17868 I Adreno-EGL: Local Branch: gfx-adreno.lnx.1.0
01-24 20:12:38.190 17852 17868 I Adreno-EGL: Remote Branch: 
01-24 20:12:38.190 17852 17868 I Adreno-EGL: Local Patches: 
01-24 20:12:38.190 17852 17868 I Adreno-EGL: Reconstruct Branch: 
01-24 20:12:38.196 17852 17868 I vndksupport: sphal namespace is not configured for this process. Loading /vendor/lib/hw/gralloc.msm8909.so from the current namespace instead.
01-24 20:12:38.209 17868 17868 W RenderThread: type=1400 audit(0.0:584): avc: denied { read } for name="gpuclk" dev="sysfs" ino=18862 scontext=u:r:untrusted_app_25:s0:c512,c768 tcontext=u:object_r:sysfs:s0 tclass=file permissive=0
01-24 20:12:38.212 17852 17868 I OpenGLRenderer: Initialized EGL, version 1.4
01-24 20:12:38.212 17852 17868 D OpenGLRenderer: Swap behavior 1
01-24 20:12:38.218 17852 17868 W Adreno-ES20: <get_gpu_clk:229>: open failed: errno 13
01-24 20:12:38.229 17852 17868 W Adreno-EGL: <qeglDrvAPI_eglGetConfigAttrib:612>: EGL_BAD_ATTRIBUTE
01-24 20:12:38.232 17852 17868 I vndksupport: sphal namespace is not configured for this process. Loading /vendor/lib/hw/gralloc.msm8909.so from the current namespace instead.
01-24 20:12:38.399 17852 17868 I vndksupport: sphal namespace is not configured for this process. Loading /vendor/lib/hw/gralloc.msm8909.so from the current namespace instead.
01-24 20:12:38.489   434   461 I ActivityManager: Displayed com.getqardio.android/.wearable.ui.activity.MenuActivity: +974ms
01-24 20:12:39.256  7206  7251 I dailytrack: HealthSportDataCacheUtil::saveData(),currentThread4=handle_total_data
01-24 20:12:41.074   434   536 E TaskPersister: File error accessing recents directory (directory doesn't exist?).
01-24 20:12:49.271  7206  7251 I chatty  : uid=10025(u0_a25) handle_total_da identical 2 lines
01-24 20:12:54.276  7206  7251 I dailytrack: HealthSportDataCacheUtil::saveData(),currentThread4=handle_total_data
01-24 20:12:54.607 17874 17874 D AndroidRuntime: >>>>>> START com.android.internal.os.RuntimeInit uid 2000 <<<<<<
01-24 20:12:55.827 17874 17874 D AndroidRuntime: Calling main entry com.android.commands.pm.Pm
01-24 20:12:55.856   434  7909 I ActivityManager: Force stopping com.getqardio.android appid=10051 user=0: clear data
01-24 20:12:55.858   434  7909 I ActivityManager: Killing 17852:com.getqardio.android/u0a51 (adj 0): stop com.getqardio.android
01-24 20:12:55.869   434  7909 W ActivityManager: Force removing ActivityRecord{a9e7e0a u0 com.getqardio.android/.wearable.ui.activity.MenuActivity t501}: app died, no saved state
01-24 20:12:56.008   434  1099 W InputMethodManagerService: Got RemoteException sending setActive(false) notification to pid 17852 uid 10051
01-24 20:12:56.079   434   453 I ActivityManager: Force stopping com.getqardio.android appid=10051 user=-1: clearApplicationUserData
01-24 20:12:56.095   434   453 W BroadcastQueue: Background execution not allowed: receiving Intent { act=android.os.UpdateLock.UPDATE_LOCK_CHANGED flg=0x4000010 (has extras) } to com.google.android.gms/.chimera.GmsIntentOperationService$PersistentTrustedReceiver
01-24 20:12:56.097   434   461 W ActivityManager: setHasOverlayUi called on unknown pid: 17852
01-24 20:12:56.102   434   454 W Looper  : Dispatch took 245ms on android.ui, h=Handler (com.android.server.am.ActivityManagerService$UiHandler) {dee4953} cb=null msg=53
01-24 20:12:56.157 15691 15691 E Watchface: CocosWatchFaceService::Handler msg: -5 0.0;--
01-24 20:12:56.161   434   536 E TaskPersister: File error accessing recents directory (directory doesn't exist?).
01-24 20:12:56.171   335   335 I keystore: clear_uid 10051
01-24 20:12:56.250   434  7909 I zygote  : IncrementDisableThreadFlip blocked for 7.077ms
01-24 20:12:56.265 17874 17874 I app_process: System.exit called, status: 0
01-24 20:12:56.265 17874 17874 I AndroidRuntime: VM exiting with result code 0.
01-24 20:12:56.285 13109 13109 I GeofencerStateMachine: removeGeofences: removeRequest=RemoveGeofencingRequest[REMOVE_ALL packageName=com.getqardio.android]
01-24 20:12:56.287 31332 31332 D Avrcp   : AvrcpServiceBroadcastReceiver-> Action: android.intent.action.PACKAGE_DATA_CLEARED
01-24 20:12:56.288 31332 31332 D Avrcp   : packageName: com.getqardio.android removed: true
01-24 20:12:56.288 31332 31332 V Avrcp   : isBrowseSupported for com.getqardio.android: false
01-24 20:12:56.343   712   712 D RegisteredNfcFServicesCache: Service unchanged, not updating
01-24 20:12:56.509 13109 17895 I Fitness : Clearing all cached OAuth tokens for: com.getqardio.android [CONTEXT service_id=17 ]
01-24 20:12:56.517 13109 17895 I Fitness : Removing all subscriptions for: com.getqardio.android [CONTEXT service_id=17 ]
01-24 20:12:56.572 13109 17895 I Fitness : Clearing all cached OAuth tokens for: com.getqardio.android [CONTEXT service_id=17 ]
01-24 20:12:56.576 13109 17895 I Fitness : Removing all subscriptions for: com.getqardio.android [CONTEXT service_id=17 ]
01-24 20:12:56.884   434   443 I zygote  : Background concurrent copying GC freed 21368(1626KB) AllocSpace objects, 19(472KB) LOS objects, 15% free, 11MB/13MB, paused 6.679ms total 641.318ms
01-24 20:12:59.282  7206  7251 I dailytrack: HealthSportDataCacheUtil::saveData(),currentThread4=handle_total_data
01-24 20:13:00.020 15691 15691 D WallpaperUtil: InternalCache: available=1546M
01-24 20:13:00.058 15691 15691 E Watchface: WeatherManager::checkUpdateDisplayWeather() mWeatherInfo is null !
01-24 20:13:00.062 32131 32131 W OngoingChipController: Attempting to remove non-existent UI for chip [com.google.android.wearable.app, media_controls]
01-24 20:13:01.689   434  7909 I ActivityManager: START u0 {act=api.android.category.MAIN cat=[api.android.intent.LAUNCHER] flg=0x10000000 cmp=com.getqardio.android/.wearable.ui.activity.MenuActivity} from uid 2000
01-24 20:13:01.766   434  4786 I ActivityManager: Start proc 17901:com.getqardio.android/u0a51 for activity com.getqardio.android/.wearable.ui.activity.MenuActivity
01-24 20:13:01.944   434  4786 W ActivityManager: Slow operation: 83ms so far, now at attachApplicationLocked: after mServices.attachApplicationLocked
01-24 20:13:01.968   434   453 W BroadcastQueue: Background execution not allowed: receiving Intent { act=android.os.UpdateLock.UPDATE_LOCK_CHANGED flg=0x4000010 (has extras) } to com.google.android.gms/.chimera.GmsIntentOperationService$PersistentTrustedReceiver
01-24 20:13:02.046 17901 17901 I zygote  : IncrementDisableThreadFlip blocked for 8.499ms
01-24 20:13:02.121 17901 17911 I zygote  : Background concurrent copying GC freed 837(382KB) AllocSpace objects, 0(0B) LOS objects, 34% free, 960KB/1472KB, paused 23.112ms total 112.855ms
01-24 20:13:02.139 17901 17901 D com.getqardio.android.wearable.utils.crashlytics.CrashlyticsWear: Initialize CrachlyticsUncaughtExceptionHandler
01-24 20:13:02.202 17901 17917 D OpenGLRenderer: HWUI GL Pipeline
01-24 20:13:02.407 17901 17917 I Adreno-EGL: <qeglDrvAPI_eglInitialize:379>: EGL 1.4 QUALCOMM build:  (I7af58d6928)
01-24 20:13:02.407 17901 17917 I Adreno-EGL: OpenGL ES Shader Compiler Version: E031.35.01.00
01-24 20:13:02.407 17901 17917 I Adreno-EGL: Build Date: 09/14/17 Thu
01-24 20:13:02.407 17901 17917 I Adreno-EGL: Local Branch: gfx-adreno.lnx.1.0
01-24 20:13:02.407 17901 17917 I Adreno-EGL: Remote Branch: 
01-24 20:13:02.407 17901 17917 I Adreno-EGL: Local Patches: 
01-24 20:13:02.407 17901 17917 I Adreno-EGL: Reconstruct Branch: 
01-24 20:13:02.414 17901 17917 I vndksupport: sphal namespace is not configured for this process. Loading /vendor/lib/hw/gralloc.msm8909.so from the current namespace instead.
01-24 20:13:02.419 17917 17917 W RenderThread: type=1400 audit(0.0:585): avc: denied { read } for name="gpuclk" dev="sysfs" ino=18862 scontext=u:r:untrusted_app_25:s0:c512,c768 tcontext=u:object_r:sysfs:s0 tclass=file permissive=0
01-24 20:13:02.429 17901 17917 I OpenGLRenderer: Initialized EGL, version 1.4
01-24 20:13:02.429 17901 17917 D OpenGLRenderer: Swap behavior 1
01-24 20:13:02.436 17901 17917 W Adreno-ES20: <get_gpu_clk:229>: open failed: errno 13
01-24 20:13:02.449 17901 17917 W Adreno-EGL: <qeglDrvAPI_eglGetConfigAttrib:612>: EGL_BAD_ATTRIBUTE
01-24 20:13:02.451 17901 17917 I vndksupport: sphal namespace is not configured for this process. Loading /vendor/lib/hw/gralloc.msm8909.so from the current namespace instead.
01-24 20:13:02.494 17901 17911 I zygote  : NativeAllocBackground concurrent copying GC freed 821(148KB) AllocSpace objects, 0(0B) LOS objects, 32% free, 1084KB/1596KB, paused 670us total 114.769ms
01-24 20:13:02.632 17901 17917 I vndksupport: sphal namespace is not configured for this process. Loading /vendor/lib/hw/gralloc.msm8909.so from the current namespace instead.
01-24 20:13:02.676   434   461 I ActivityManager: Displayed com.getqardio.android/.wearable.ui.activity.MenuActivity: +936ms
01-24 20:13:02.831 31332 31342 I zygote  : Background concurrent copying GC freed 363(400KB) AllocSpace objects, 0(0B) LOS objects, 33% free, 1008KB/1520KB, paused 6.202ms total 76.930ms
01-24 20:13:04.288  7206  7251 I dailytrack: HealthSportDataCacheUtil::saveData(),currentThread4=handle_total_data
01-24 20:13:05.244   434   536 E TaskPersister: File error accessing recents directory (directory doesn't exist?).
01-24 20:13:09.295  7206  7251 I dailytrack: HealthSportDataCacheUtil::saveData(),currentThread4=handle_total_data
01-24 20:13:11.957   723   723 I battery : BatteryService: mInternalBatteryReceiver onReceive() action = android.intent.action.BATTERY_CHANGED
01-24 20:13:11.963 31787 31787 I ADVLog  : ADV.SensorService:/BatteryTemperature: 341  /isUsbOrAc: 1
01-24 20:13:11.974   319   319 D WifiHAL : In DebugCommand::handleResponse
01-24 20:13:11.974   319   319 D WifiHAL : len = 4, expected len = 4
01-24 20:13:12.004   434   874 E BatteryStatsService: no controller energy info supplied
01-24 20:13:12.006   434   874 I chatty  : uid=1000(system) Binder:434_7 identical 1 line
01-24 20:13:12.007   434   874 E BatteryStatsService: no controller energy info supplied
01-24 20:13:12.170   723   737 I zygote  : Background concurrent copying GC freed 7537(637KB) AllocSpace objects, 2(192KB) LOS objects, 24% free, 1974KB/2MB, paused 3.437ms total 102.393ms
01-24 20:13:14.296  7206  7251 I dailytrack: HealthSportDataCacheUtil::saveData(),currentThread4=handle_total_data
01-24 20:13:16.842   434 17923 D NetworkMonitor/NetworkAgentInfo [WIFI () - 448]: PROBE_DNS www.google.com 56ms FAIL
01-24 20:13:16.848   434 17924 D NetworkMonitor/NetworkAgentInfo [WIFI () - 448]: PROBE_DNS connectivitycheck.gstatic.com 61ms FAIL
01-24 20:13:16.862   434 17923 D NetworkMonitor/NetworkAgentInfo [WIFI () - 448]: PROBE_HTTPS https://www.google.com/generate_204 Probably not a portal: exception java.net.UnknownHostException: Unable to resolve host "www.google.com": No address associated with hostname
01-24 20:13:16.868   434 17924 D NetworkMonitor/NetworkAgentInfo [WIFI () - 448]: PROBE_HTTP http://connectivitycheck.gstatic.com/generate_204 Probably not a portal: exception java.net.UnknownHostException: Unable to resolve host "connectivitycheck.gstatic.com": No address associated with hostname
01-24 20:13:16.879   434  1808 D NetworkMonitor/NetworkAgentInfo [WIFI () - 448]: PROBE_FALLBACK http://www.google.com/gen_204 Probably not a portal: exception java.net.UnknownHostException: Unable to resolve host "www.google.com": No address associated with hostname
01-24 20:13:16.884   434   517 D ConnectivityService: NetworkAgentInfo [WIFI () - 448] validation failed
01-24 20:13:16.885   434   514 D WifiStateMachine: NETWORK_STATUS_UNWANTED_VALIDATION_FAILED
01-24 20:13:18.858 17927 17927 D AndroidRuntime: >>>>>> START com.android.internal.os.RuntimeInit uid 2000 <<<<<<
01-24 20:13:19.297  7206  7251 I dailytrack: HealthSportDataCacheUtil::saveData(),currentThread4=handle_total_data
01-24 20:13:20.045 17927 17927 D AndroidRuntime: Calling main entry com.android.commands.pm.Pm
01-24 20:13:20.071   434   874 I ActivityManager: Force stopping com.getqardio.android appid=10051 user=0: clear data
01-24 20:13:20.072   434   874 I ActivityManager: Killing 17901:com.getqardio.android/u0a51 (adj 0): stop com.getqardio.android
01-24 20:13:20.078   434   874 W ActivityManager: Force removing ActivityRecord{714f972 u0 com.getqardio.android/.wearable.ui.activity.MenuActivity t502}: app died, no saved state
01-24 20:13:20.340   434   461 W ActivityManager: setHasOverlayUi called on unknown pid: 17901
01-24 20:13:20.343   434   454 W Looper  : Dispatch took 271ms on android.ui, h=Handler (com.android.server.am.ActivityManagerService$UiHandler) {dee4953} cb=null msg=53
01-24 20:13:20.382   434   453 I ActivityManager: Force stopping com.getqardio.android appid=10051 user=-1: clearApplicationUserData
01-24 20:13:20.407   434   453 W BroadcastQueue: Background execution not allowed: receiving Intent { act=android.os.UpdateLock.UPDATE_LOCK_CHANGED flg=0x4000010 (has extras) } to com.google.android.gms/.chimera.GmsIntentOperationService$PersistentTrustedReceiver
01-24 20:13:20.423   434   536 E TaskPersister: File error accessing recents directory (directory doesn't exist?).
01-24 20:13:20.433   335   335 I keystore: clear_uid 10051
01-24 20:13:20.460 15691 15691 E Watchface: CocosWatchFaceService::Handler msg: -5 0.0;--
01-24 20:13:20.527 31332 31332 D Avrcp   : AvrcpServiceBroadcastReceiver-> Action: android.intent.action.PACKAGE_DATA_CLEARED
01-24 20:13:20.528 31332 31332 D Avrcp   : packageName: com.getqardio.android removed: true
01-24 20:13:20.528 31332 31332 V Avrcp   : isBrowseSupported for com.getqardio.android: false
01-24 20:13:20.534 13109 13109 I GeofencerStateMachine: removeGeofences: removeRequest=RemoveGeofencingRequest[REMOVE_ALL packageName=com.getqardio.android]
01-24 20:13:20.553 17927 17927 I app_process: System.exit called, status: 0
01-24 20:13:20.553 17927 17927 I AndroidRuntime: VM exiting with result code 0.
01-24 20:13:20.626 13109 17943 I Fitness : Clearing all cached OAuth tokens for: com.getqardio.android [CONTEXT service_id=17 ]
01-24 20:13:20.636 13109 17943 I Fitness : Removing all subscriptions for: com.getqardio.android [CONTEXT service_id=17 ]
01-24 20:13:20.679   712   712 D RegisteredNfcFServicesCache: Service unchanged, not updating
01-24 20:13:20.722 13109 17943 I Fitness : Clearing all cached OAuth tokens for: com.getqardio.android [CONTEXT service_id=17 ]
01-24 20:13:20.724 13109 17943 I Fitness : Removing all subscriptions for: com.getqardio.android [CONTEXT service_id=17 ]
01-24 20:13:24.302  7206  7251 I dailytrack: HealthSportDataCacheUtil::saveData(),currentThread4=handle_total_data


