--------- beginning of system
01-24 18:27:46.058   434 13083 I ActivityManager: START u0 {act=api.android.category.MAIN cat=[api.android.intent.LAUNCHER] flg=0x10000000 cmp=org.dclm.live/.MainActivity} from uid 2000
--------- beginning of main
01-24 18:27:38.426  7206  7251 I chatty  : uid=10025(u0_a25) handle_total_da expire 5 lines
01-24 18:27:43.431  7206  7251 I dailytrack: HealthSportDataCacheUtil::saveData(),currentThread4=handle_total_data
01-24 18:27:46.078   434   488 W ResourceType: ResTable_typeSpec entry count inconsistent: given 111, previously 105
01-24 18:27:46.149   434  2560 I ActivityManager: Start proc 14289:org.dclm.live/u0a60 for activity org.dclm.live/.MainActivity
01-24 18:27:46.348   434  2560 W ActivityManager: Slow operation: 92ms so far, now at attachApplicationLocked: after mServices.attachApplicationLocked
01-24 18:27:46.375   434   453 W BroadcastQueue: Background execution not allowed: receiving Intent { act=android.os.UpdateLock.UPDATE_LOCK_CHANGED flg=0x4000010 (has extras) } to com.google.android.gms/.chimera.GmsIntentOperationService$PersistentTrustedReceiver
01-24 18:27:46.396 14289 14289 W ResourceType: ResTable_typeSpec entry count inconsistent: given 111, previously 105
01-24 18:27:46.423 14289 14289 W ResourceType: ResTable_typeSpec entry count inconsistent: given 111, previously 105
01-24 18:27:46.858 14289 14299 I zygote  : NativeAllocBackground concurrent copying GC freed 842(245KB) AllocSpace objects, 0(0B) LOS objects, 28% free, 1260KB/1772KB, paused 7.910ms total 288.256ms
01-24 18:27:46.870 14289 14309 D NetworkSecurityConfig: Using Network Security Config from resource network_security_config debugBuild: false
01-24 18:27:46.890 14289 14315 D OpenGLRenderer: HWUI GL Pipeline
01-24 18:27:46.993 14289 14289 I ExoPlayerImpl: Init cf930e8 [ExoPlayerLib/2.10.6] [sawfish, LEO-BX9, HUAWEI, 26]
01-24 18:27:46.997 14289 14299 I zygote  : NativeAllocBackground concurrent copying GC freed 572(221KB) AllocSpace objects, 0(0B) LOS objects, 28% free, 1315KB/1827KB, paused 2.661ms total 124.819ms
01-24 18:27:47.059  2732  2732 D sysproxy: [D:51a0] Look up airtime.dclm.org.
01-24 18:27:47.067 14289 14315 I Adreno-EGL: <qeglDrvAPI_eglInitialize:379>: EGL 1.4 QUALCOMM build:  (I7af58d6928)
01-24 18:27:47.067 14289 14315 I Adreno-EGL: OpenGL ES Shader Compiler Version: E031.35.01.00
01-24 18:27:47.067 14289 14315 I Adreno-EGL: Build Date: 09/14/17 Thu
01-24 18:27:47.067 14289 14315 I Adreno-EGL: Local Branch: gfx-adreno.lnx.1.0
01-24 18:27:47.067 14289 14315 I Adreno-EGL: Remote Branch: 
01-24 18:27:47.067 14289 14315 I Adreno-EGL: Local Patches: 
01-24 18:27:47.067 14289 14315 I Adreno-EGL: Reconstruct Branch: 
01-24 18:27:47.074 14289 14315 I vndksupport: sphal namespace is not configured for this process. Loading /vendor/lib/hw/gralloc.msm8909.so from the current namespace instead.
01-24 18:27:47.089 14315 14315 W RenderThread: type=1400 audit(0.0:518): avc: denied { read } for name="gpuclk" dev="sysfs" ino=18862 scontext=u:r:untrusted_app:s0:c512,c768 tcontext=u:object_r:sysfs:s0 tclass=file permissive=0
01-24 18:27:47.092 14289 14315 I OpenGLRenderer: Initialized EGL, version 1.4
01-24 18:27:47.093 14289 14315 D OpenGLRenderer: Swap behavior 1
01-24 18:27:47.101 14289 14315 W Adreno-ES20: <get_gpu_clk:229>: open failed: errno 13
01-24 18:27:47.112 14289 14315 W Adreno-EGL: <qeglDrvAPI_eglGetConfigAttrib:612>: EGL_BAD_ATTRIBUTE
01-24 18:27:47.114 14289 14315 I vndksupport: sphal namespace is not configured for this process. Loading /vendor/lib/hw/gralloc.msm8909.so from the current namespace instead.
01-24 18:27:47.183 14289 14315 I vndksupport: sphal namespace is not configured for this process. Loading /vendor/lib/hw/gralloc.msm8909.so from the current namespace instead.
01-24 18:27:47.444   434   461 I ActivityManager: Displayed org.dclm.live/.MainActivity: +1s335ms
01-24 18:27:47.611  2732  2732 D sysproxy: [D:51a0] Resolved airtime.dclm.org to 52.7.24.245.
01-24 18:27:47.642  2732  2732 D sysproxy: [T:123] Establishing a new TCP stream to: 52.7.24.245:443 (uid=10060) (package=org.dclm.live)
01-24 18:27:48.437  7206  7251 I dailytrack: HealthSportDataCacheUtil::saveData(),currentThread4=handle_total_data
01-24 18:27:49.202 14289 14299 I zygote  : NativeAllocBackground concurrent copying GC freed 2751(275KB) AllocSpace objects, 0(0B) LOS objects, 26% free, 1445KB/1957KB, paused 1.338ms total 100.904ms
01-24 18:27:49.213  2732  2732 D sysproxy: [D:1a1f] Look up dclmcloud.s3.amazonaws.com.
01-24 18:27:49.291  2732  2732 D sysproxy: [D:1a1f] Resolved s3-1-w.amazonaws.com to 52.217.15.60.
01-24 18:27:49.305  2732  2732 D sysproxy: [T:124] Establishing a new TCP stream to: 52.217.15.60:443 (uid=10060) (package=org.dclm.live)
01-24 18:27:49.639   434   536 E TaskPersister: File error accessing recents directory (directory doesn't exist?).
01-24 18:27:53.443  7206  7251 I dailytrack: HealthSportDataCacheUtil::saveData(),currentThread4=handle_total_data
01-24 18:27:58.446  7206  7251 I dailytrack: HealthSportDataCacheUtil::saveData(),currentThread4=handle_total_data
01-24 18:27:58.486  2732  2732 D sysproxy: [T:124] Closed stream. RX/TX: 486/150301
01-24 18:28:00.015 15691 15691 D WallpaperUtil: InternalCache: available=1546M
01-24 18:28:00.031 15691 15691 E Watchface: WeatherManager::checkUpdateDisplayWeather() mWeatherInfo is null !
01-24 18:28:00.042 32131 32131 W OngoingChipController: Attempting to remove non-existent UI for chip [com.google.android.wearable.app, media_controls]
01-24 18:28:03.451  7206  7251 I dailytrack: HealthSportDataCacheUtil::saveData(),currentThread4=handle_total_data
01-24 18:28:08.451 14334 14334 D AndroidRuntime: >>>>>> START com.android.internal.os.RuntimeInit uid 2000 <<<<<<
01-24 18:28:08.456  7206  7251 I dailytrack: HealthSportDataCacheUtil::saveData(),currentThread4=handle_total_data
01-24 18:28:09.703 14334 14334 D AndroidRuntime: Calling main entry com.android.commands.pm.Pm
01-24 18:28:09.732   434 13233 I ActivityManager: Force stopping org.dclm.live appid=10060 user=0: clear data
01-24 18:28:09.734   434 13233 I ActivityManager: Killing 14289:org.dclm.live/u0a60 (adj 0): stop org.dclm.live
01-24 18:28:09.748   434 13233 W ActivityManager: Force removing ActivityRecord{295ec47 u0 org.dclm.live/.MainActivity t435}: app died, no saved state
01-24 18:28:09.920   434  2560 W InputMethodManagerService: Got RemoteException sending setActive(false) notification to pid 14289 uid 10060
01-24 18:28:09.955  2732  2732 D sysproxy: [T:123] Local application closed connection; closing stream.
01-24 18:28:09.955  2732  2732 D sysproxy: [T:123] Closed stream. RX/TX: 687/11615
01-24 18:28:10.026   434   454 W Looper  : Dispatch took 292ms on android.ui, h=Handler (com.android.server.am.ActivityManagerService$UiHandler) {dee4953} cb=null msg=53
01-24 18:28:10.035   434   461 W ActivityManager: setHasOverlayUi called on unknown pid: 14289
01-24 18:28:10.073   434   453 I ActivityManager: Force stopping org.dclm.live appid=10060 user=-1: clearApplicationUserData
01-24 18:28:10.090   434   453 W BroadcastQueue: Background execution not allowed: receiving Intent { act=android.os.UpdateLock.UPDATE_LOCK_CHANGED flg=0x4000010 (has extras) } to com.google.android.gms/.chimera.GmsIntentOperationService$PersistentTrustedReceiver
01-24 18:28:10.105 15691 15691 E Watchface: CocosWatchFaceService::Handler msg: -5 0.0;--
01-24 18:28:10.119   434   536 E TaskPersister: File error accessing recents directory (directory doesn't exist?).
01-24 18:28:10.149   335   335 I keystore: clear_uid 10060
01-24 18:28:10.239 31332 31332 D Avrcp   : AvrcpServiceBroadcastReceiver-> Action: android.intent.action.PACKAGE_DATA_CLEARED
01-24 18:28:10.240 31332 31332 D Avrcp   : packageName: org.dclm.live removed: true
01-24 18:28:10.240 31332 31332 V Avrcp   : isBrowseSupported for org.dclm.live: false
01-24 18:28:10.244 13109 13109 I GeofencerStateMachine: removeGeofences: removeRequest=RemoveGeofencingRequest[REMOVE_ALL packageName=org.dclm.live]
01-24 18:28:10.266 14334 14334 I app_process: System.exit called, status: 0
01-24 18:28:10.268 14334 14334 I AndroidRuntime: VM exiting with result code 0.
01-24 18:28:10.411   712   712 D RegisteredNfcFServicesCache: Service unchanged, not updating
01-24 18:28:10.488 13109 14346 I Fitness : Clearing all cached OAuth tokens for: org.dclm.live [CONTEXT service_id=17 ]
01-24 18:28:10.499 13109 14346 I Fitness : Removing all subscriptions for: org.dclm.live [CONTEXT service_id=17 ]
01-24 18:28:10.552 13109 14346 I Fitness : Clearing all cached OAuth tokens for: org.dclm.live [CONTEXT service_id=17 ]
01-24 18:28:10.554 13109 14346 I Fitness : Removing all subscriptions for: org.dclm.live [CONTEXT service_id=17 ]
01-24 18:28:10.915   434   443 I zygote  : Background concurrent copying GC freed 25225(1547KB) AllocSpace objects, 16(488KB) LOS objects, 15% free, 10MB/12MB, paused 13.644ms total 550.339ms
01-24 18:28:11.938   723   723 I battery : BatteryService: mInternalBatteryReceiver onReceive() action = android.intent.action.BATTERY_CHANGED
01-24 18:28:11.946 31787 31787 I ADVLog  : ADV.SensorService:/BatteryTemperature: 360  /isUsbOrAc: 1
01-24 18:28:11.957   319   319 D WifiHAL : In DebugCommand::handleResponse
01-24 18:28:11.957   319   319 D WifiHAL : len = 4, expected len = 4
01-24 18:28:11.974   434  3945 E BatteryStatsService: no controller energy info supplied
01-24 18:28:11.976   434  3945 I chatty  : uid=1000(system) Binder:434_13 identical 1 line
01-24 18:28:11.976   434  3945 E BatteryStatsService: no controller energy info supplied
01-24 18:28:13.461  7206  7251 I dailytrack: HealthSportDataCacheUtil::saveData(),currentThread4=handle_total_data
01-24 18:28:18.466  7206  7251 I dailytrack: HealthSportDataCacheUtil::saveData(),currentThread4=handle_total_data
01-24 18:28:20.730   434  4786 I ActivityManager: START u0 {act=api.android.category.MAIN cat=[api.android.intent.LAUNCHER] flg=0x10000000 cmp=org.dclm.live/.MainActivity} from uid 2000
01-24 18:28:20.746   434   488 W ResourceType: ResTable_typeSpec entry count inconsistent: given 111, previously 105
01-24 18:28:20.808   434 13083 I ActivityManager: Start proc 14363:org.dclm.live/u0a60 for activity org.dclm.live/.MainActivity
01-24 18:28:20.999   434  4786 W ActivityManager: Slow operation: 98ms so far, now at attachApplicationLocked: after mServices.attachApplicationLocked
01-24 18:28:21.046   434   453 W BroadcastQueue: Background execution not allowed: receiving Intent { act=android.os.UpdateLock.UPDATE_LOCK_CHANGED flg=0x4000010 (has extras) } to com.google.android.gms/.chimera.GmsIntentOperationService$PersistentTrustedReceiver
01-24 18:28:21.047 14363 14363 W ResourceType: ResTable_typeSpec entry count inconsistent: given 111, previously 105
01-24 18:28:21.084 14363 14363 W ResourceType: ResTable_typeSpec entry count inconsistent: given 111, previously 105
01-24 18:28:21.414 14363 14373 I zygote  : Background concurrent copying GC freed 908(294KB) AllocSpace objects, 0(0B) LOS objects, 33% free, 1007KB/1519KB, paused 2.451ms total 235.916ms
01-24 18:28:21.549 14363 14383 D NetworkSecurityConfig: Using Network Security Config from resource network_security_config debugBuild: false
01-24 18:28:21.556 14363 14389 D OpenGLRenderer: HWUI GL Pipeline
01-24 18:28:21.618  2732  2732 D sysproxy: [T:125] Establishing a new TCP stream to: 52.7.24.245:443 (uid=10060) (package=org.dclm.live)
01-24 18:28:21.640 14363 14363 I ExoPlayerImpl: Init cc2a12c [ExoPlayerLib/2.10.6] [sawfish, LEO-BX9, HUAWEI, 26]
01-24 18:28:21.716 14363 14389 I Adreno-EGL: <qeglDrvAPI_eglInitialize:379>: EGL 1.4 QUALCOMM build:  (I7af58d6928)
01-24 18:28:21.716 14363 14389 I Adreno-EGL: OpenGL ES Shader Compiler Version: E031.35.01.00
01-24 18:28:21.716 14363 14389 I Adreno-EGL: Build Date: 09/14/17 Thu
01-24 18:28:21.716 14363 14389 I Adreno-EGL: Local Branch: gfx-adreno.lnx.1.0
01-24 18:28:21.716 14363 14389 I Adreno-EGL: Remote Branch: 
01-24 18:28:21.716 14363 14389 I Adreno-EGL: Local Patches: 
01-24 18:28:21.716 14363 14389 I Adreno-EGL: Reconstruct Branch: 
01-24 18:28:21.722 14363 14389 I vndksupport: sphal namespace is not configured for this process. Loading /vendor/lib/hw/gralloc.msm8909.so from the current namespace instead.
01-24 18:28:21.739 14389 14389 W RenderThread: type=1400 audit(0.0:519): avc: denied { read } for name="gpuclk" dev="sysfs" ino=18862 scontext=u:r:untrusted_app:s0:c512,c768 tcontext=u:object_r:sysfs:s0 tclass=file permissive=0
01-24 18:28:21.739 14363 14389 I OpenGLRenderer: Initialized EGL, version 1.4
01-24 18:28:21.740 14363 14389 D OpenGLRenderer: Swap behavior 1
01-24 18:28:21.748 14363 14389 W Adreno-ES20: <get_gpu_clk:229>: open failed: errno 13
01-24 18:28:21.759 14363 14389 W Adreno-EGL: <qeglDrvAPI_eglGetConfigAttrib:612>: EGL_BAD_ATTRIBUTE
01-24 18:28:21.761 14363 14389 I vndksupport: sphal namespace is not configured for this process. Loading /vendor/lib/hw/gralloc.msm8909.so from the current namespace instead.
01-24 18:28:21.822 14363 14389 I vndksupport: sphal namespace is not configured for this process. Loading /vendor/lib/hw/gralloc.msm8909.so from the current namespace instead.
01-24 18:28:22.073   434   461 I ActivityManager: Displayed org.dclm.live/.MainActivity: +1s301ms
01-24 18:28:23.258  2732  2732 D sysproxy: [D:567d] Look up dclmcloud.s3.amazonaws.com.
01-24 18:28:23.258 14363 14373 I zygote  : NativeAllocBackground concurrent copying GC freed 868(115KB) AllocSpace objects, 0(0B) LOS objects, 26% free, 1419KB/1931KB, paused 1.429ms total 135.913ms
01-24 18:28:23.316  2732  2732 D sysproxy: [D:567d] Resolved s3-1-w.amazonaws.com to 52.216.88.235.
01-24 18:28:23.347  2732  2732 D sysproxy: [T:126] Establishing a new TCP stream to: 52.216.88.235:443 (uid=10060) (package=org.dclm.live)
01-24 18:28:23.473  7206  7251 I dailytrack: HealthSportDataCacheUtil::saveData(),currentThread4=handle_total_data
01-24 18:28:24.339   434   536 E TaskPersister: File error accessing recents directory (directory doesn't exist?).
01-24 18:28:24.413 14363 14373 I zygote  : Background concurrent copying GC freed 8285(429KB) AllocSpace objects, 0(0B) LOS objects, 25% free, 1464KB/1976KB, paused 4.306ms total 129.794ms
01-24 18:28:28.478  7206  7251 I dailytrack: HealthSportDataCacheUtil::saveData(),currentThread4=handle_total_data
01-24 18:28:32.528  2732  2732 D sysproxy: [T:126] Closed stream. RX/TX: 486/150272
01-24 18:28:33.480  7206  7251 I dailytrack: HealthSportDataCacheUtil::saveData(),currentThread4=handle_total_data
01-24 18:28:38.483  7206  7251 I dailytrack: HealthSportDataCacheUtil::saveData(),currentThread4=handle_total_data
01-24 18:28:43.080 14405 14405 D AndroidRuntime: >>>>>> START com.android.internal.os.RuntimeInit uid 2000 <<<<<<
01-24 18:28:43.487  7206  7251 I dailytrack: HealthSportDataCacheUtil::saveData(),currentThread4=handle_total_data
01-24 18:28:44.351 14405 14405 D AndroidRuntime: Calling main entry com.android.commands.pm.Pm
01-24 18:28:44.381   434 13083 I ActivityManager: Force stopping org.dclm.live appid=10060 user=0: clear data
01-24 18:28:44.384   434 13083 I ActivityManager: Killing 14363:org.dclm.live/u0a60 (adj 0): stop org.dclm.live
01-24 18:28:44.400   434 13083 W ActivityManager: Force removing ActivityRecord{85a68d2 u0 org.dclm.live/.MainActivity t436}: app died, no saved state
01-24 18:28:44.605  2732  2732 D sysproxy: [T:125] Local application closed connection; closing stream.
01-24 18:28:44.605  2732  2732 D sysproxy: [T:125] Closed stream. RX/TX: 687/11615
01-24 18:28:44.668   335   335 I keystore: clear_uid 10060
01-24 18:28:44.677   434   453 I ActivityManager: Force stopping org.dclm.live appid=10060 user=-1: clearApplicationUserData
01-24 18:28:44.707   434   454 W Looper  : Dispatch took 324ms on android.ui, h=Handler (com.android.server.am.ActivityManagerService$UiHandler) {dee4953} cb=null msg=53
01-24 18:28:44.714   434   453 W BroadcastQueue: Background execution not allowed: receiving Intent { act=android.os.UpdateLock.UPDATE_LOCK_CHANGED flg=0x4000010 (has extras) } to com.google.android.gms/.chimera.GmsIntentOperationService$PersistentTrustedReceiver
01-24 18:28:44.735   434   461 W ActivityManager: setHasOverlayUi called on unknown pid: 14363
01-24 18:28:44.756 15691 15691 E Watchface: CocosWatchFaceService::Handler msg: -5 0.0;--
01-24 18:28:44.768   434   536 E TaskPersister: File error accessing recents directory (directory doesn't exist?).
01-24 18:28:44.855 31332 31342 I zygote  : Background concurrent copying GC freed 206(399KB) AllocSpace objects, 0(0B) LOS objects, 33% free, 1024KB/1536KB, paused 1.698ms total 221.039ms
01-24 18:28:44.885 31332 31332 D Avrcp   : AvrcpServiceBroadcastReceiver-> Action: android.intent.action.PACKAGE_DATA_CLEARED
01-24 18:28:44.885 31332 31332 D Avrcp   : packageName: org.dclm.live removed: true
01-24 18:28:44.885 31332 31332 V Avrcp   : isBrowseSupported for org.dclm.live: false
01-24 18:28:44.888 13109 13109 I GeofencerStateMachine: removeGeofences: removeRequest=RemoveGeofencingRequest[REMOVE_ALL packageName=org.dclm.live]
01-24 18:28:44.925 14405 14405 I app_process: System.exit called, status: 0
01-24 18:28:44.930 14405 14405 I AndroidRuntime: VM exiting with result code 0.
01-24 18:28:45.014   712   712 D RegisteredNfcFServicesCache: Service unchanged, not updating
01-24 18:28:45.119 13109 14417 I Fitness : Clearing all cached OAuth tokens for: org.dclm.live [CONTEXT service_id=17 ]
01-24 18:28:45.123 13109 14417 I Fitness : Removing all subscriptions for: org.dclm.live [CONTEXT service_id=17 ]
01-24 18:28:45.179 13109 14417 I Fitness : Clearing all cached OAuth tokens for: org.dclm.live [CONTEXT service_id=17 ]
01-24 18:28:45.182 13109 14417 I Fitness : Removing all subscriptions for: org.dclm.live [CONTEXT service_id=17 ]
01-24 18:28:48.488  7206  7251 I dailytrack: HealthSportDataCacheUtil::saveData(),currentThread4=handle_total_data
01-24 18:28:53.493  7206  7251 I dailytrack: HealthSportDataCacheUtil::saveData(),currentThread4=handle_total_data
01-24 18:28:55.338   434 13083 I ActivityManager: START u0 {act=api.android.category.MAIN cat=[api.android.intent.LAUNCHER] flg=0x10000000 cmp=org.dclm.live/.MainActivity} from uid 2000
01-24 18:28:55.425   434  7909 I ActivityManager: Start proc 14432:org.dclm.live/u0a60 for activity org.dclm.live/.MainActivity
01-24 18:28:55.604   434  7909 W ActivityManager: Slow operation: 93ms so far, now at attachApplicationLocked: after mServices.attachApplicationLocked
01-24 18:28:55.613   434   453 W BroadcastQueue: Background execution not allowed: receiving Intent { act=android.os.UpdateLock.UPDATE_LOCK_CHANGED flg=0x4000010 (has extras) } to com.google.android.gms/.chimera.GmsIntentOperationService$PersistentTrustedReceiver
01-24 18:28:55.657 14432 14432 W ResourceType: ResTable_typeSpec entry count inconsistent: given 111, previously 105
01-24 18:28:55.659   434   454 W Looper  : Dispatch took 114ms on android.ui, h=Handler (com.android.server.am.ActivityManagerService$UiHandler) {dee4953} cb=null msg=31
01-24 18:28:55.688 14432 14432 W ResourceType: ResTable_typeSpec entry count inconsistent: given 111, previously 105
01-24 18:28:56.049   323   403 W HWComposer: Ignoring duplicate VSYNC event from HWC (t=162805548328307)
01-24 18:28:56.141 14432 14451 D NetworkSecurityConfig: Using Network Security Config from resource network_security_config debugBuild: false
01-24 18:28:56.148 14432 14442 I zygote  : NativeAllocBackground concurrent copying GC freed 25(30KB) AllocSpace objects, 0(0B) LOS objects, 28% free, 1262KB/1774KB, paused 10.600ms total 128.684ms
01-24 18:28:56.159 14432 14458 D OpenGLRenderer: HWUI GL Pipeline
01-24 18:28:56.170  2732  2732 D sysproxy: [D:1ef4] Look up airtime.dclm.org.
01-24 18:28:56.240 14432 14432 I ExoPlayerImpl: Init cf930e8 [ExoPlayerLib/2.10.6] [sawfish, LEO-BX9, HUAWEI, 26]
01-24 18:28:56.311 14432 14458 I Adreno-EGL: <qeglDrvAPI_eglInitialize:379>: EGL 1.4 QUALCOMM build:  (I7af58d6928)
01-24 18:28:56.311 14432 14458 I Adreno-EGL: OpenGL ES Shader Compiler Version: E031.35.01.00
01-24 18:28:56.311 14432 14458 I Adreno-EGL: Build Date: 09/14/17 Thu
01-24 18:28:56.311 14432 14458 I Adreno-EGL: Local Branch: gfx-adreno.lnx.1.0
01-24 18:28:56.311 14432 14458 I Adreno-EGL: Remote Branch: 
01-24 18:28:56.311 14432 14458 I Adreno-EGL: Local Patches: 
01-24 18:28:56.311 14432 14458 I Adreno-EGL: Reconstruct Branch: 
01-24 18:28:56.318 14432 14458 I vndksupport: sphal namespace is not configured for this process. Loading /vendor/lib/hw/gralloc.msm8909.so from the current namespace instead.
01-24 18:28:56.329 14458 14458 W RenderThread: type=1400 audit(0.0:520): avc: denied { read } for name="gpuclk" dev="sysfs" ino=18862 scontext=u:r:untrusted_app:s0:c512,c768 tcontext=u:object_r:sysfs:s0 tclass=file permissive=0
01-24 18:28:56.330  2732  2732 D sysproxy: [D:1ef4] Resolved airtime.dclm.org to 52.7.24.245.
01-24 18:28:56.333 14432 14458 I OpenGLRenderer: Initialized EGL, version 1.4
01-24 18:28:56.333 14432 14458 D OpenGLRenderer: Swap behavior 1
01-24 18:28:56.341 14432 14458 W Adreno-ES20: <get_gpu_clk:229>: open failed: errno 13
01-24 18:28:56.353 14432 14458 W Adreno-EGL: <qeglDrvAPI_eglGetConfigAttrib:612>: EGL_BAD_ATTRIBUTE
01-24 18:28:56.359 14432 14458 I vndksupport: sphal namespace is not configured for this process. Loading /vendor/lib/hw/gralloc.msm8909.so from the current namespace instead.
01-24 18:28:56.411  2732  2732 D sysproxy: [T:127] Establishing a new TCP stream to: 52.7.24.245:443 (uid=10060) (package=org.dclm.live)
01-24 18:28:56.421 14432 14458 I vndksupport: sphal namespace is not configured for this process. Loading /vendor/lib/hw/gralloc.msm8909.so from the current namespace instead.
01-24 18:28:56.679   434   461 I ActivityManager: Displayed org.dclm.live/.MainActivity: +1s290ms
01-24 18:28:57.654 14432 14442 I zygote  : Background concurrent copying GC freed 5535(399KB) AllocSpace objects, 0(0B) LOS objects, 27% free, 1364KB/1876KB, paused 2.917ms total 119.659ms
01-24 18:28:57.818 14432 14442 I zygote  : NativeAllocBackground concurrent copying GC freed 790(101KB) AllocSpace objects, 0(0B) LOS objects, 27% free, 1375KB/1887KB, paused 5.633ms total 106.812ms
01-24 18:28:57.851  2732  2732 D sysproxy: [D:6a51] Look up dclmcloud.s3.amazonaws.com.
01-24 18:28:57.998  2732  2732 D sysproxy: [D:6a51] Resolved s3-1-w.amazonaws.com to 52.217.37.164.
01-24 18:28:58.030  2732  2732 D sysproxy: [T:128] Establishing a new TCP stream to: 52.217.37.164:443 (uid=10060) (package=org.dclm.live)
01-24 18:28:58.499  7206  7251 I dailytrack: HealthSportDataCacheUtil::saveData(),currentThread4=handle_total_data
01-24 18:28:58.930   434   536 E TaskPersister: File error accessing recents directory (directory doesn't exist?).
01-24 18:29:00.048 15691 15691 D WallpaperUtil: InternalCache: available=1546M
01-24 18:29:00.124 15691 15691 E Watchface: WeatherManager::checkUpdateDisplayWeather() mWeatherInfo is null !
01-24 18:29:00.132 32131 32131 W OngoingChipController: Attempting to remove non-existent UI for chip [com.google.android.wearable.app, media_controls]
01-24 18:29:03.505  7206  7251 I dailytrack: HealthSportDataCacheUtil::saveData(),currentThread4=handle_total_data
01-24 18:29:07.417  2732  2732 D sysproxy: [T:128] Closed stream. RX/TX: 486/150272
01-24 18:29:08.511  7206  7251 I dailytrack: HealthSportDataCacheUtil::saveData(),currentThread4=handle_total_data
01-24 18:29:11.958   723   723 I battery : BatteryService: mInternalBatteryReceiver onReceive() action = android.intent.action.BATTERY_CHANGED
01-24 18:29:11.964 31787 31787 I ADVLog  : ADV.SensorService:/BatteryTemperature: 358  /isUsbOrAc: 1
01-24 18:29:11.978   319   319 D WifiHAL : In DebugCommand::handleResponse
01-24 18:29:11.978   319   319 D WifiHAL : len = 4, expected len = 4
01-24 18:29:12.003   434 13083 E BatteryStatsService: no controller energy info supplied
01-24 18:29:13.519  7206  7251 I dailytrack: HealthSportDataCacheUtil::saveData(),currentThread4=handle_total_data
01-24 18:29:17.715 14474 14474 D AndroidRuntime: >>>>>> START com.android.internal.os.RuntimeInit uid 2000 <<<<<<
01-24 18:29:18.525  7206  7251 I dailytrack: HealthSportDataCacheUtil::saveData(),currentThread4=handle_total_data
01-24 18:29:19.010 14474 14474 D AndroidRuntime: Calling main entry com.android.commands.pm.Pm
01-24 18:29:12.006   434 13083 I chatty  : uid=1000(system) Binder:434_1F identical 1 line
01-24 18:29:12.006   434 13083 E BatteryStatsService: no controller energy info supplied
01-24 18:29:19.041   434  7909 I ActivityManager: Force stopping org.dclm.live appid=10060 user=0: clear data
01-24 18:29:19.043   434  7909 I ActivityManager: Killing 14432:org.dclm.live/u0a60 (adj 0): stop org.dclm.live
01-24 18:29:19.054   434  7909 W ActivityManager: Force removing ActivityRecord{8685563 u0 org.dclm.live/.MainActivity t437}: app died, no saved state
01-24 18:29:19.229   434 13081 W InputMethodManagerService: Got RemoteException sending setActive(false) notification to pid 14432 uid 10060
01-24 18:29:19.270  2732  2732 D sysproxy: [T:127] Local application closed connection; closing stream.
01-24 18:29:19.272  2732  2732 D sysproxy: [T:127] Closed stream. RX/TX: 687/11615
01-24 18:29:19.411   434   454 W Looper  : Dispatch took 367ms on android.ui, h=Handler (com.android.server.am.ActivityManagerService$UiHandler) {dee4953} cb=null msg=53
01-24 18:29:19.413   434   461 W ActivityManager: setHasOverlayUi called on unknown pid: 14432
01-24 18:29:19.415   434   453 I ActivityManager: Force stopping org.dclm.live appid=10060 user=-1: clearApplicationUserData
01-24 18:29:19.452   434   453 W BroadcastQueue: Background execution not allowed: receiving Intent { act=android.os.UpdateLock.UPDATE_LOCK_CHANGED flg=0x4000010 (has extras) } to com.google.android.gms/.chimera.GmsIntentOperationService$PersistentTrustedReceiver
01-24 18:29:19.460 15691 15691 E Watchface: CocosWatchFaceService::Handler msg: -5 0.0;--
01-24 18:29:19.471   335   335 I keystore: clear_uid 10060
01-24 18:29:19.473   434   536 E TaskPersister: File error accessing recents directory (directory doesn't exist?).
01-24 18:29:19.726 31332 31332 D Avrcp   : AvrcpServiceBroadcastReceiver-> Action: android.intent.action.PACKAGE_DATA_CLEARED
01-24 18:29:19.727 31332 31332 D Avrcp   : packageName: org.dclm.live removed: true
01-24 18:29:19.727 31332 31332 V Avrcp   : isBrowseSupported for org.dclm.live: false
01-24 18:29:19.728 13109 13109 I GeofencerStateMachine: removeGeofences: removeRequest=RemoveGeofencingRequest[REMOVE_ALL packageName=org.dclm.live]
01-24 18:29:19.768 14474 14474 I app_process: System.exit called, status: 0
01-24 18:29:19.768 14474 14474 I AndroidRuntime: VM exiting with result code 0.
01-24 18:29:19.787   712   712 D RegisteredNfcFServicesCache: Service unchanged, not updating
01-24 18:29:19.810 13109 14486 I Fitness : Clearing all cached OAuth tokens for: org.dclm.live [CONTEXT service_id=17 ]
01-24 18:29:19.813 13109 14486 I Fitness : Removing all subscriptions for: org.dclm.live [CONTEXT service_id=17 ]
01-24 18:29:19.882 13109 14486 I Fitness : Clearing all cached OAuth tokens for: org.dclm.live [CONTEXT service_id=17 ]
01-24 18:29:19.897 13109 14486 I Fitness : Removing all subscriptions for: org.dclm.live [CONTEXT service_id=17 ]
01-24 18:29:20.321   434   443 I zygote  : Background concurrent copying GC freed 18338(1385KB) AllocSpace objects, 20(584KB) LOS objects, 15% free, 11MB/13MB, paused 2.615ms total 845.108ms
01-24 18:29:23.529  7206  7251 I dailytrack: HealthSportDataCacheUtil::saveData(),currentThread4=handle_total_data
01-24 18:29:28.535  7206  7251 I dailytrack: HealthSportDataCacheUtil::saveData(),currentThread4=handle_total_data
01-24 18:29:30.152   434   610 I ActivityManager: START u0 {act=api.android.category.MAIN cat=[api.android.intent.LAUNCHER] flg=0x10000000 cmp=org.dclm.live/.MainActivity} from uid 2000
01-24 18:29:30.171   434   488 W ResourceType: ResTable_typeSpec entry count inconsistent: given 111, previously 105
01-24 18:29:30.221   434  7909 I ActivityManager: Start proc 14501:org.dclm.live/u0a60 for activity org.dclm.live/.MainActivity
01-24 18:29:30.408   434  7909 W ActivityManager: Slow operation: 84ms so far, now at attachApplicationLocked: after mServices.attachApplicationLocked
01-24 18:29:30.415   434   453 W BroadcastQueue: Background execution not allowed: receiving Intent { act=android.os.UpdateLock.UPDATE_LOCK_CHANGED flg=0x4000010 (has extras) } to com.google.android.gms/.chimera.GmsIntentOperationService$PersistentTrustedReceiver
01-24 18:29:30.489 14501 14501 W ResourceType: ResTable_typeSpec entry count inconsistent: given 111, previously 105
01-24 18:29:30.523 14501 14501 W ResourceType: ResTable_typeSpec entry count inconsistent: given 111, previously 105
01-24 18:29:30.690 14501 14511 I zygote  : Background concurrent copying GC freed 742(370KB) AllocSpace objects, 0(0B) LOS objects, 32% free, 1043KB/1555KB, paused 869us total 190.276ms
01-24 18:29:30.946 14501 14527 D OpenGLRenderer: HWUI GL Pipeline
01-24 18:29:30.953 14501 14519 D NetworkSecurityConfig: Using Network Security Config from resource network_security_config debugBuild: false
01-24 18:29:31.010  2732  2732 D sysproxy: [T:129] Establishing a new TCP stream to: 52.7.24.245:443 (uid=10060) (package=org.dclm.live)
01-24 18:29:31.025 14501 14501 I ExoPlayerImpl: Init cc2a12c [ExoPlayerLib/2.10.6] [sawfish, LEO-BX9, HUAWEI, 26]
01-24 18:29:31.120 14501 14527 I Adreno-EGL: <qeglDrvAPI_eglInitialize:379>: EGL 1.4 QUALCOMM build:  (I7af58d6928)
01-24 18:29:31.120 14501 14527 I Adreno-EGL: OpenGL ES Shader Compiler Version: E031.35.01.00
01-24 18:29:31.120 14501 14527 I Adreno-EGL: Build Date: 09/14/17 Thu
01-24 18:29:31.120 14501 14527 I Adreno-EGL: Local Branch: gfx-adreno.lnx.1.0
01-24 18:29:31.120 14501 14527 I Adreno-EGL: Remote Branch: 
01-24 18:29:31.120 14501 14527 I Adreno-EGL: Local Patches: 
01-24 18:29:31.120 14501 14527 I Adreno-EGL: Reconstruct Branch: 
01-24 18:29:31.127 14501 14527 I vndksupport: sphal namespace is not configured for this process. Loading /vendor/lib/hw/gralloc.msm8909.so from the current namespace instead.
01-24 18:29:31.139 14527 14527 W RenderThread: type=1400 audit(0.0:521): avc: denied { read } for name="gpuclk" dev="sysfs" ino=18862 scontext=u:r:untrusted_app:s0:c512,c768 tcontext=u:object_r:sysfs:s0 tclass=file permissive=0
01-24 18:29:31.142 14501 14527 I OpenGLRenderer: Initialized EGL, version 1.4
01-24 18:29:31.142 14501 14527 D OpenGLRenderer: Swap behavior 1
01-24 18:29:31.147 14501 14527 W Adreno-ES20: <get_gpu_clk:229>: open failed: errno 13
01-24 18:29:31.158 14501 14527 W Adreno-EGL: <qeglDrvAPI_eglGetConfigAttrib:612>: EGL_BAD_ATTRIBUTE
01-24 18:29:31.161 14501 14527 I vndksupport: sphal namespace is not configured for this process. Loading /vendor/lib/hw/gralloc.msm8909.so from the current namespace instead.
01-24 18:29:31.225 14501 14527 I vndksupport: sphal namespace is not configured for this process. Loading /vendor/lib/hw/gralloc.msm8909.so from the current namespace instead.
01-24 18:29:31.479   434   461 I ActivityManager: Displayed org.dclm.live/.MainActivity: +1s288ms
01-24 18:29:32.637 14501 14511 I zygote  : Background concurrent copying GC freed 6515(395KB) AllocSpace objects, 0(0B) LOS objects, 26% free, 1403KB/1915KB, paused 2.020ms total 139.843ms
01-24 18:29:33.008 14501 14511 I zygote  : NativeAllocBackground concurrent copying GC freed 1938(262KB) AllocSpace objects, 0(0B) LOS objects, 27% free, 1350KB/1862KB, paused 1.168ms total 148.733ms
01-24 18:29:33.052  2732  2732 D sysproxy: [D:4733] Look up dclmcloud.s3.amazonaws.com.
01-24 18:29:33.105  2732  2732 D sysproxy: [D:4733] Resolved s3-1-w.amazonaws.com to 52.216.112.251.
01-24 18:29:33.135  2732  2732 D sysproxy: [T:130] Establishing a new TCP stream to: 52.216.112.251:443 (uid=10060) (package=org.dclm.live)
01-24 18:29:33.536  7206  7251 I dailytrack: HealthSportDataCacheUtil::saveData(),currentThread4=handle_total_data
01-24 18:29:33.718   434   536 E TaskPersister: File error accessing recents directory (directory doesn't exist?).
01-24 18:29:38.543  7206  7251 I dailytrack: HealthSportDataCacheUtil::saveData(),currentThread4=handle_total_data
01-24 18:29:39.772 30846 30867 I Finsky  : [1245] jwq.run(3): Stats for Executor: BlockingExecutor jyi@923c909[Running, pool size = 0, active threads = 0, queued tasks = 0, completed tasks = 289]
01-24 18:29:39.774 30846 30867 I Finsky  : [1245] jwq.run(3): Stats for Executor: LightweightExecutor jyi@173870e[Running, pool size = 3, active threads = 0, queued tasks = 0, completed tasks = 64]
01-24 18:29:41.746 30846 30867 I Finsky  : [1245] jwq.run(3): Stats for Executor: bgExecutor jyi@5e72822[Running, pool size = 4, active threads = 0, queued tasks = 0, completed tasks = 1077]
01-24 18:29:42.504  2732  2732 D sysproxy: [T:130] Closed stream. RX/TX: 486/150272
01-24 18:29:43.549  7206  7251 I dailytrack: HealthSportDataCacheUtil::saveData(),currentThread4=handle_total_data
01-24 18:29:48.556  7206  7251 I dailytrack: HealthSportDataCacheUtil::saveData(),currentThread4=handle_total_data
01-24 18:29:52.403 14543 14543 D AndroidRuntime: >>>>>> START com.android.internal.os.RuntimeInit uid 2000 <<<<<<
01-24 18:29:53.556  7206  7251 I dailytrack: HealthSportDataCacheUtil::saveData(),currentThread4=handle_total_data
01-24 18:29:53.684 14543 14543 D AndroidRuntime: Calling main entry com.android.commands.pm.Pm
01-24 18:29:53.714   434   610 I ActivityManager: Force stopping org.dclm.live appid=10060 user=0: clear data
01-24 18:29:53.715   434   610 I ActivityManager: Killing 14501:org.dclm.live/u0a60 (adj 0): stop org.dclm.live
01-24 18:29:53.722   434   610 W ActivityManager: Force removing ActivityRecord{7a497d9 u0 org.dclm.live/.MainActivity t438}: app died, no saved state
01-24 18:29:53.854   434 13233 W InputMethodManagerService: Got RemoteException sending setActive(false) notification to pid 14501 uid 10060
01-24 18:29:53.863  2732  2732 D sysproxy: [T:129] Local application closed connection; closing stream.
01-24 18:29:53.864  2732  2732 D sysproxy: [T:129] Closed stream. RX/TX: 687/11613
01-24 18:29:53.980   434   454 W Looper  : Dispatch took 261ms on android.ui, h=Handler (com.android.server.am.ActivityManagerService$UiHandler) {dee4953} cb=null msg=53
01-24 18:29:54.001   434   461 W ActivityManager: setHasOverlayUi called on unknown pid: 14501
01-24 18:29:54.041   434   453 I ActivityManager: Force stopping org.dclm.live appid=10060 user=-1: clearApplicationUserData
01-24 18:29:54.048   335   335 I keystore: clear_uid 10060
01-24 18:29:54.048   434   453 W BroadcastQueue: Background execution not allowed: receiving Intent { act=android.os.UpdateLock.UPDATE_LOCK_CHANGED flg=0x4000010 (has extras) } to com.google.android.gms/.chimera.GmsIntentOperationService$PersistentTrustedReceiver
01-24 18:29:54.069 15691 15691 E Watchface: CocosWatchFaceService::Handler msg: -5 0.0;--
01-24 18:29:54.071   434   536 E TaskPersister: File error accessing recents directory (directory doesn't exist?).
01-24 18:29:54.208 31332 31332 D Avrcp   : AvrcpServiceBroadcastReceiver-> Action: android.intent.action.PACKAGE_DATA_CLEARED
01-24 18:29:54.208 31332 31332 D Avrcp   : packageName: org.dclm.live removed: true
01-24 18:29:54.208 31332 31332 V Avrcp   : isBrowseSupported for org.dclm.live: false
01-24 18:29:54.209 13109 13109 I GeofencerStateMachine: removeGeofences: removeRequest=RemoveGeofencingRequest[REMOVE_ALL packageName=org.dclm.live]
01-24 18:29:54.228 14543 14543 I app_process: System.exit called, status: 0
01-24 18:29:54.228 14543 14543 I AndroidRuntime: VM exiting with result code 0.
01-24 18:29:54.256   712   712 D RegisteredNfcFServicesCache: Service unchanged, not updating
01-24 18:29:54.326 13109 14555 I Fitness : Clearing all cached OAuth tokens for: org.dclm.live [CONTEXT service_id=17 ]
01-24 18:29:54.329 13109 14555 I Fitness : Removing all subscriptions for: org.dclm.live [CONTEXT service_id=17 ]
01-24 18:29:54.431 13109 14555 I Fitness : Clearing all cached OAuth tokens for: org.dclm.live [CONTEXT service_id=17 ]
01-24 18:29:54.438 13109 14555 I Fitness : Removing all subscriptions for: org.dclm.live [CONTEXT service_id=17 ]
01-24 18:29:58.562  7206  7251 I dailytrack: HealthSportDataCacheUtil::saveData(),currentThread4=handle_total_data
01-24 18:29:59.040 31332 31384 E bt_btif : bta_dm_pm_btm_status hci_status=35
01-24 18:30:00.031 15691 15691 D WallpaperUtil: InternalCache: available=1546M
01-24 18:30:00.058 15691 15691 E Watchface: WeatherManager::checkUpdateDisplayWeather() mWeatherInfo is null !
01-24 18:30:00.060 32131 32131 W OngoingChipController: Attempting to remove non-existent UI for chip [com.google.android.wearable.app, media_controls]
01-24 18:30:02.665  2732  2732 D sysproxy: [T:121] Closed stream. RX/TX: 1841/2060
01-24 18:30:03.566  7206  7251 I dailytrack: HealthSportDataCacheUtil::saveData(),currentThread4=handle_total_data
01-24 18:30:04.689   434  7909 I ActivityManager: START u0 {act=api.android.category.MAIN cat=[api.android.intent.LAUNCHER] flg=0x10000000 cmp=org.dclm.live/.MainActivity} from uid 2000
01-24 18:30:04.766   434   610 I ActivityManager: Start proc 14570:org.dclm.live/u0a60 for activity org.dclm.live/.MainActivity
01-24 18:30:04.890 14570 14580 I zygote  : Background concurrent copying GC freed 446(374KB) AllocSpace objects, 0(0B) LOS objects, 35% free, 918KB/1430KB, paused 6.132ms total 61.180ms
01-24 18:30:04.957   434   610 W ActivityManager: Slow operation: 93ms so far, now at attachApplicationLocked: after mServices.attachApplicationLocked
01-24 18:30:04.985   434   453 W BroadcastQueue: Background execution not allowed: receiving Intent { act=android.os.UpdateLock.UPDATE_LOCK_CHANGED flg=0x4000010 (has extras) } to com.google.android.gms/.chimera.GmsIntentOperationService$PersistentTrustedReceiver
01-24 18:30:05.061 14570 14570 W ResourceType: ResTable_typeSpec entry count inconsistent: given 111, previously 105
01-24 18:30:05.092 14570 14570 W ResourceType: ResTable_typeSpec entry count inconsistent: given 111, previously 105
01-24 18:30:05.491 14570 14590 D NetworkSecurityConfig: Using Network Security Config from resource network_security_config debugBuild: false
01-24 18:30:05.508 14570 14596 D OpenGLRenderer: HWUI GL Pipeline
01-24 18:30:05.514 14570 14580 I zygote  : NativeAllocBackground concurrent copying GC freed 237(45KB) AllocSpace objects, 0(0B) LOS objects, 28% free, 1290KB/1802KB, paused 458us total 104.019ms
01-24 18:30:05.555  2732  2732 D sysproxy: [T:131] Establishing a new TCP stream to: 52.7.24.245:443 (uid=10060) (package=org.dclm.live)
01-24 18:30:05.591 14570 14570 I ExoPlayerImpl: Init cc2a12c [ExoPlayerLib/2.10.6] [sawfish, LEO-BX9, HUAWEI, 26]
01-24 18:30:05.663 14570 14596 I Adreno-EGL: <qeglDrvAPI_eglInitialize:379>: EGL 1.4 QUALCOMM build:  (I7af58d6928)
01-24 18:30:05.663 14570 14596 I Adreno-EGL: OpenGL ES Shader Compiler Version: E031.35.01.00
01-24 18:30:05.663 14570 14596 I Adreno-EGL: Build Date: 09/14/17 Thu
01-24 18:30:05.663 14570 14596 I Adreno-EGL: Local Branch: gfx-adreno.lnx.1.0
01-24 18:30:05.663 14570 14596 I Adreno-EGL: Remote Branch: 
01-24 18:30:05.663 14570 14596 I Adreno-EGL: Local Patches: 
01-24 18:30:05.663 14570 14596 I Adreno-EGL: Reconstruct Branch: 
01-24 18:30:05.671 14570 14596 I vndksupport: sphal namespace is not configured for this process. Loading /vendor/lib/hw/gralloc.msm8909.so from the current namespace instead.
01-24 18:30:05.679 14596 14596 W RenderThread: type=1400 audit(0.0:522): avc: denied { read } for name="gpuclk" dev="sysfs" ino=18862 scontext=u:r:untrusted_app:s0:c512,c768 tcontext=u:object_r:sysfs:s0 tclass=file permissive=0
01-24 18:30:05.685 14570 14596 I OpenGLRenderer: Initialized EGL, version 1.4
01-24 18:30:05.685 14570 14596 D OpenGLRenderer: Swap behavior 1
01-24 18:30:05.691 14570 14596 W Adreno-ES20: <get_gpu_clk:229>: open failed: errno 13
01-24 18:30:05.701 14570 14596 W Adreno-EGL: <qeglDrvAPI_eglGetConfigAttrib:612>: EGL_BAD_ATTRIBUTE
01-24 18:30:05.703 14570 14596 I vndksupport: sphal namespace is not configured for this process. Loading /vendor/lib/hw/gralloc.msm8909.so from the current namespace instead.
01-24 18:30:05.765 14570 14596 I vndksupport: sphal namespace is not configured for this process. Loading /vendor/lib/hw/gralloc.msm8909.so from the current namespace instead.
01-24 18:30:06.048   434   461 I ActivityManager: Displayed org.dclm.live/.MainActivity: +1s285ms
01-24 18:30:06.746 14570 14580 I zygote  : Background concurrent copying GC freed 5040(367KB) AllocSpace objects, 0(0B) LOS objects, 26% free, 1429KB/1941KB, paused 2ms total 113.450ms
01-24 18:30:06.936  2732  2732 D sysproxy: [D:13cc] Look up dclmcloud.s3.amazonaws.com.
01-24 18:30:06.987  2732  2732 D sysproxy: [D:13cc] Resolved s3-1-w.amazonaws.com to 52.216.129.123.
01-24 18:30:07.003  2732  2732 D sysproxy: [T:132] Establishing a new TCP stream to: 52.216.129.123:443 (uid=10060) (package=org.dclm.live)
01-24 18:30:08.293   434   536 E TaskPersister: File error accessing recents directory (directory doesn't exist?).
01-24 18:30:08.572  7206  7251 I dailytrack: HealthSportDataCacheUtil::saveData(),currentThread4=handle_total_data
01-24 18:30:11.960   723   723 I battery : BatteryService: mInternalBatteryReceiver onReceive() action = android.intent.action.BATTERY_CHANGED
01-24 18:30:11.965 31787 31787 I ADVLog  : ADV.SensorService:/BatteryTemperature: 356  /isUsbOrAc: 1
01-24 18:30:11.979   319   319 D WifiHAL : In DebugCommand::handleResponse
01-24 18:30:11.980   319   319 D WifiHAL : len = 4, expected len = 4
01-24 18:30:12.017   434   610 E BatteryStatsService: no controller energy info supplied
01-24 18:30:12.191   723   737 I zygote  : Background concurrent copying GC freed 6982(605KB) AllocSpace objects, 2(192KB) LOS objects, 24% free, 1989KB/2MB, paused 2.373ms total 111.989ms
01-24 18:30:13.576  7206  7251 I dailytrack: HealthSportDataCacheUtil::saveData(),currentThread4=handle_total_data
01-24 18:30:16.143  2732  2732 D sysproxy: [T:132] Closed stream. RX/TX: 486/150272
01-24 18:30:18.584  7206  7251 I dailytrack: HealthSportDataCacheUtil::saveData(),currentThread4=handle_total_data
01-24 18:30:23.590  7206  7251 I dailytrack: HealthSportDataCacheUtil::saveData(),currentThread4=handle_total_data
01-24 18:30:26.811 14612 14612 D AndroidRuntime: >>>>>> START com.android.internal.os.RuntimeInit uid 2000 <<<<<<
01-24 18:30:27.993 14612 14612 D AndroidRuntime: Calling main entry com.android.commands.pm.Pm
01-24 18:30:12.022   434   610 I chatty  : uid=1000(system) Binder:434_4 identical 1 line
01-24 18:30:12.022   434   610 E BatteryStatsService: no controller energy info supplied
01-24 18:30:28.022   434 13233 I ActivityManager: Force stopping org.dclm.live appid=10060 user=0: clear data
01-24 18:30:28.024   434 13233 I ActivityManager: Killing 14570:org.dclm.live/u0a60 (adj 0): stop org.dclm.live
01-24 18:30:28.028   434 13233 W ActivityManager: Force removing ActivityRecord{d9aac3f u0 org.dclm.live/.MainActivity t439}: app died, no saved state
01-24 18:30:28.150  2732  2732 D sysproxy: [T:131] Local application closed connection; closing stream.
01-24 18:30:28.150  2732  2732 D sysproxy: [T:131] Closed stream. RX/TX: 687/11613
01-24 18:30:28.308   434   454 W Looper  : Dispatch took 285ms on android.ui, h=Handler (com.android.server.am.ActivityManagerService$UiHandler) {dee4953} cb=null msg=53
01-24 18:30:28.334   434   461 W ActivityManager: setHasOverlayUi called on unknown pid: 14570
01-24 18:30:28.340   434   453 I ActivityManager: Force stopping org.dclm.live appid=10060 user=-1: clearApplicationUserData
01-24 18:30:28.341   434   453 W BroadcastQueue: Background execution not allowed: receiving Intent { act=android.os.UpdateLock.UPDATE_LOCK_CHANGED flg=0x4000010 (has extras) } to com.google.android.gms/.chimera.GmsIntentOperationService$PersistentTrustedReceiver
01-24 18:30:28.349   434   536 E TaskPersister: File error accessing recents directory (directory doesn't exist?).
01-24 18:30:28.377 15691 15691 E Watchface: CocosWatchFaceService::Handler msg: -5 0.0;--
01-24 18:30:28.383   335   335 I keystore: clear_uid 10060
01-24 18:30:28.491 15691 15701 I zygote  : Background concurrent copying GC freed 4366(400KB) AllocSpace objects, 0(0B) LOS objects, 28% free, 1275KB/1787KB, paused 528us total 122.579ms
01-24 18:30:28.531 31332 31332 D Avrcp   : AvrcpServiceBroadcastReceiver-> Action: android.intent.action.PACKAGE_DATA_CLEARED
01-24 18:30:28.532 13109 13109 I GeofencerStateMachine: removeGeofences: removeRequest=RemoveGeofencingRequest[REMOVE_ALL packageName=org.dclm.live]
01-24 18:30:28.532 31332 31332 D Avrcp   : packageName: org.dclm.live removed: true
01-24 18:30:28.532 31332 31332 V Avrcp   : isBrowseSupported for org.dclm.live: false
01-24 18:30:28.549 14612 14612 I app_process: System.exit called, status: 0
01-24 18:30:28.549 14612 14612 I AndroidRuntime: VM exiting with result code 0.
01-24 18:30:28.593  7206  7251 I dailytrack: HealthSportDataCacheUtil::saveData(),currentThread4=handle_total_data
01-24 18:30:28.601   712   712 D RegisteredNfcFServicesCache: Service unchanged, not updating
01-24 18:30:28.658 13109 14623 I Fitness : Clearing all cached OAuth tokens for: org.dclm.live [CONTEXT service_id=17 ]
01-24 18:30:28.674 13109 14623 I Fitness : Removing all subscriptions for: org.dclm.live [CONTEXT service_id=17 ]
01-24 18:30:28.795 13109 14623 I Fitness : Clearing all cached OAuth tokens for: org.dclm.live [CONTEXT service_id=17 ]
01-24 18:30:28.798 13109 14623 I Fitness : Removing all subscriptions for: org.dclm.live [CONTEXT service_id=17 ]
01-24 18:30:29.138 13109 13122 I zygote  : Background concurrent copying GC freed 30430(2MB) AllocSpace objects, 0(0B) LOS objects, 20% free, 7MB/9MB, paused 2.122ms total 337.016ms
01-24 18:30:33.540 31332 31384 E bt_btif : bta_dm_pm_btm_status hci_status=35
01-24 18:30:33.599  7206  7251 I dailytrack: HealthSportDataCacheUtil::saveData(),currentThread4=handle_total_data


