--------- beginning of system
01-24 19:43:31.017   434  2560 I ActivityManager: START u0 {act=api.android.category.MAIN cat=[api.android.intent.LAUNCHER] flg=0x10000000 cmp=online.makkahtv.salattime/.activity.MainChooseActivity} from uid 2000
01-24 19:43:31.100   434  7909 I ActivityManager: Start proc 14804:online.makkahtv.salattime/u0a67 for activity online.makkahtv.salattime/.activity.MainChooseActivity
01-24 19:43:31.349   434  7909 W ActivityManager: Slow operation: 84ms so far, now at attachApplicationLocked: after mServices.attachApplicationLocked
01-24 19:43:31.370   434   453 W BroadcastQueue: Background execution not allowed: receiving Intent { act=android.os.UpdateLock.UPDATE_LOCK_CHANGED flg=0x4000010 (has extras) } to com.google.android.gms/.chimera.GmsIntentOperationService$PersistentTrustedReceiver
--------- beginning of main
01-24 19:43:27.496  7206  7251 I dailytrack: HealthSportDataCacheUtil::saveData(),currentThread4=handle_total_data
01-24 19:43:31.450 14804 14804 I chatty  : uid=10067(u0_a67) expire 1 line
01-24 19:43:31.754 14804 14814 I chatty  : uid=10067(u0_a67) expire 1 line
01-24 19:43:31.849 14804 14823 I chatty  : uid=10067(u0_a67) expire 9 lines
01-24 19:43:31.929 14823 14823 I chatty  : uid=10067(u0_a67) online.makkahtv.salattime expire 1 line
01-24 19:43:32.270   434   461 I ActivityManager: Displayed online.makkahtv.salattime/.activity.MainChooseActivity: +1s163ms
01-24 19:43:32.502  7206  7251 I dailytrack: HealthSportDataCacheUtil::saveData(),currentThread4=handle_total_data
01-24 19:43:34.650   434   536 E TaskPersister: File error accessing recents directory (directory doesn't exist?).
01-24 19:43:37.507  7206  7251 I dailytrack: HealthSportDataCacheUtil::saveData(),currentThread4=handle_total_data
01-24 19:43:38.069 31332 31384 E bt_btif : bta_dm_pm_btm_status hci_status=35
01-24 19:43:42.514  7206  7251 I dailytrack: HealthSportDataCacheUtil::saveData(),currentThread4=handle_total_data
01-24 19:43:47.516  7206  7251 I dailytrack: HealthSportDataCacheUtil::saveData(),currentThread4=handle_total_data
01-24 19:43:48.237 14828 14828 D AndroidRuntime: >>>>>> START com.android.internal.os.RuntimeInit uid 2000 <<<<<<
01-24 19:43:49.460 14828 14828 D AndroidRuntime: Calling main entry com.android.commands.pm.Pm
01-24 19:43:49.495   434  2426 I ActivityManager: Force stopping online.makkahtv.salattime appid=10067 user=0: clear data
01-24 19:43:49.498   434  2426 I ActivityManager: Killing 14804:online.makkahtv.salattime/u0a67 (adj 0): stop online.makkahtv.salattime
01-24 19:43:49.507   434  2426 W ActivityManager: Force removing ActivityRecord{4ac092c u0 online.makkahtv.salattime/.activity.MainChooseActivity t441}: app died, no saved state
01-24 19:43:49.677   434  7909 W InputMethodManagerService: Got RemoteException sending setActive(false) notification to pid 14804 uid 10067
01-24 19:43:49.748   434   454 W Looper  : Dispatch took 251ms on android.ui, h=Handler (com.android.server.am.ActivityManagerService$UiHandler) {dee4953} cb=null msg=53
01-24 19:43:49.751   434   461 W ActivityManager: setHasOverlayUi called on unknown pid: 14804
01-24 19:43:49.756   434   453 I ActivityManager: Force stopping online.makkahtv.salattime appid=10067 user=-1: clearApplicationUserData
01-24 19:43:49.762   335   335 I keystore: clear_uid 10067
01-24 19:43:49.776   434   453 W BroadcastQueue: Background execution not allowed: receiving Intent { act=android.os.UpdateLock.UPDATE_LOCK_CHANGED flg=0x4000010 (has extras) } to com.google.android.gms/.chimera.GmsIntentOperationService$PersistentTrustedReceiver
01-24 19:43:49.819 15691 15691 E Watchface: CocosWatchFaceService::Handler msg: -5 0.0;--
01-24 19:43:49.839   434   536 E TaskPersister: File error accessing recents directory (directory doesn't exist?).
01-24 19:43:49.923 31332 31332 D Avrcp   : AvrcpServiceBroadcastReceiver-> Action: android.intent.action.PACKAGE_DATA_CLEARED
01-24 19:43:49.924 31332 31332 D Avrcp   : packageName: online.makkahtv.salattime removed: true
01-24 19:43:49.924 31332 31332 V Avrcp   : isBrowseSupported for online.makkahtv.salattime: false
01-24 19:43:49.925 13109 13109 I GeofencerStateMachine: removeGeofences: removeRequest=RemoveGeofencingRequest[REMOVE_ALL packageName=online.makkahtv.salattime]
01-24 19:43:49.940 14828 14828 I app_process: System.exit called, status: 0
01-24 19:43:49.941 14828 14828 I AndroidRuntime: VM exiting with result code 0.
01-24 19:43:50.023   712   712 D RegisteredNfcFServicesCache: Service unchanged, not updating
01-24 19:43:50.026 13109 14839 I Fitness : Clearing all cached OAuth tokens for: online.makkahtv.salattime [CONTEXT service_id=17 ]
01-24 19:43:50.029 13109 14839 I Fitness : Removing all subscriptions for: online.makkahtv.salattime [CONTEXT service_id=17 ]
01-24 19:43:50.090 13109 14839 I Fitness : Clearing all cached OAuth tokens for: online.makkahtv.salattime [CONTEXT service_id=17 ]
01-24 19:43:50.093 13109 14839 I Fitness : Removing all subscriptions for: online.makkahtv.salattime [CONTEXT service_id=17 ]
01-24 19:43:50.452 13109 13122 I zygote  : Background concurrent copying GC freed 32116(2MB) AllocSpace objects, 0(0B) LOS objects, 20% free, 7MB/9MB, paused 3.547ms total 296.517ms
01-24 19:43:52.522  7206  7251 I dailytrack: HealthSportDataCacheUtil::saveData(),currentThread4=handle_total_data
01-24 19:43:55.452   434 13233 I ActivityManager: START u0 {act=api.android.category.MAIN cat=[api.android.intent.LAUNCHER] flg=0x10000000 cmp=online.makkahtv.salattime/.activity.MainChooseActivity} from uid 2000
01-24 19:43:55.539   434   610 I ActivityManager: Start proc 14856:online.makkahtv.salattime/u0a67 for activity online.makkahtv.salattime/.activity.MainChooseActivity
01-24 19:43:55.684   434 13233 W ActivityManager: Slow operation: 83ms so far, now at attachApplicationLocked: after mServices.attachApplicationLocked
01-24 19:43:55.688   434   453 W BroadcastQueue: Background execution not allowed: receiving Intent { act=android.os.UpdateLock.UPDATE_LOCK_CHANGED flg=0x4000010 (has extras) } to com.google.android.gms/.chimera.GmsIntentOperationService$PersistentTrustedReceiver
01-24 19:43:55.779 14856 14856 I chatty  : uid=10067(u0_a67) expire 1 line
01-24 19:43:56.180 14856 14872 I chatty  : uid=10067(u0_a67) expire 9 lines
01-24 19:43:56.269 14872 14872 I chatty  : uid=10067(u0_a67) online.makkahtv.salattime expire 1 line
01-24 19:43:56.271   323   403 W HWComposer: Ignoring duplicate VSYNC event from HWC (t=167305774784559)
01-24 19:43:56.613   434   461 I ActivityManager: Displayed online.makkahtv.salattime/.activity.MainChooseActivity: +1s98ms
01-24 19:43:57.529  7206  7251 I dailytrack: HealthSportDataCacheUtil::saveData(),currentThread4=handle_total_data
01-24 19:43:59.093   434   536 E TaskPersister: File error accessing recents directory (directory doesn't exist?).
01-24 19:44:00.014 15691 15691 D WallpaperUtil: InternalCache: available=1546M
01-24 19:44:00.031 15691 15691 E Watchface: WeatherManager::checkUpdateDisplayWeather() mWeatherInfo is null !
01-24 19:44:00.040 32131 32131 W OngoingChipController: Attempting to remove non-existent UI for chip [com.google.android.wearable.app, media_controls]
01-24 19:44:02.536  7206  7251 I dailytrack: HealthSportDataCacheUtil::saveData(),currentThread4=handle_total_data
01-24 19:44:07.543  7206  7251 I dailytrack: HealthSportDataCacheUtil::saveData(),currentThread4=handle_total_data
01-24 19:44:11.952   723   723 I battery : BatteryService: mInternalBatteryReceiver onReceive() action = android.intent.action.BATTERY_CHANGED
01-24 19:44:11.964 31787 31787 I ADVLog  : ADV.SensorService:/BatteryTemperature: 362  /isUsbOrAc: 1
01-24 19:44:11.979   319   319 D WifiHAL : In DebugCommand::handleResponse
01-24 19:44:11.980   319   319 D WifiHAL : len = 4, expected len = 4
01-24 19:44:12.018   434 13083 E BatteryStatsService: no controller energy info supplied
01-24 19:44:12.021   434 13083 I chatty  : uid=1000(system) Binder:434_1F identical 1 line
01-24 19:44:12.021   434 13083 E BatteryStatsService: no controller energy info supplied
01-24 19:44:12.549  7206  7251 I dailytrack: HealthSportDataCacheUtil::saveData(),currentThread4=handle_total_data
01-24 19:44:12.681   434   443 I zygote  : Background concurrent copying GC freed 23011(1540KB) AllocSpace objects, 18(544KB) LOS objects, 15% free, 10MB/12MB, paused 21.618ms total 613.904ms
01-24 19:44:12.866 14878 14878 D AndroidRuntime: >>>>>> START com.android.internal.os.RuntimeInit uid 2000 <<<<<<
01-24 19:44:14.167 14878 14878 D AndroidRuntime: Calling main entry com.android.commands.pm.Pm
01-24 19:44:14.198   434 13083 I ActivityManager: Force stopping online.makkahtv.salattime appid=10067 user=0: clear data
01-24 19:44:14.202   434 13083 I ActivityManager: Killing 14856:online.makkahtv.salattime/u0a67 (adj 0): stop online.makkahtv.salattime
01-24 19:44:14.209   434 13083 W ActivityManager: Force removing ActivityRecord{2867f43 u0 online.makkahtv.salattime/.activity.MainChooseActivity t442}: app died, no saved state
01-24 19:44:14.415   434  2426 W InputMethodManagerService: Got RemoteException sending setActive(false) notification to pid 14856 uid 10067
01-24 19:44:14.511   434   454 W Looper  : Dispatch took 310ms on android.ui, h=Handler (com.android.server.am.ActivityManagerService$UiHandler) {dee4953} cb=null msg=53
01-24 19:44:14.539   434   453 I ActivityManager: Force stopping online.makkahtv.salattime appid=10067 user=-1: clearApplicationUserData
01-24 19:44:14.574   434   453 W BroadcastQueue: Background execution not allowed: receiving Intent { act=android.os.UpdateLock.UPDATE_LOCK_CHANGED flg=0x4000010 (has extras) } to com.google.android.gms/.chimera.GmsIntentOperationService$PersistentTrustedReceiver
01-24 19:44:14.581   434   461 W ActivityManager: setHasOverlayUi called on unknown pid: 14856
01-24 19:44:14.603 15691 15691 E Watchface: CocosWatchFaceService::Handler msg: -5 0.0;--
01-24 19:44:14.607   335   335 I keystore: clear_uid 10067
01-24 19:44:14.608   434   536 E TaskPersister: File error accessing recents directory (directory doesn't exist?).
01-24 19:44:14.731 31332 31332 D Avrcp   : AvrcpServiceBroadcastReceiver-> Action: android.intent.action.PACKAGE_DATA_CLEARED
01-24 19:44:14.732 31332 31332 D Avrcp   : packageName: online.makkahtv.salattime removed: true
01-24 19:44:14.732 31332 31332 V Avrcp   : isBrowseSupported for online.makkahtv.salattime: false
01-24 19:44:14.744 13109 13109 I GeofencerStateMachine: removeGeofences: removeRequest=RemoveGeofencingRequest[REMOVE_ALL packageName=online.makkahtv.salattime]
01-24 19:44:14.748 14878 14878 I app_process: System.exit called, status: 0
01-24 19:44:14.748 14878 14878 I AndroidRuntime: VM exiting with result code 0.
01-24 19:44:14.827 13109 14889 I Fitness : Clearing all cached OAuth tokens for: online.makkahtv.salattime [CONTEXT service_id=17 ]
01-24 19:44:14.828   712   712 D RegisteredNfcFServicesCache: Service unchanged, not updating
01-24 19:44:14.830 13109 14889 I Fitness : Removing all subscriptions for: online.makkahtv.salattime [CONTEXT service_id=17 ]
01-24 19:44:14.912 13109 14889 I Fitness : Clearing all cached OAuth tokens for: online.makkahtv.salattime [CONTEXT service_id=17 ]
01-24 19:44:14.915 13109 14889 I Fitness : Removing all subscriptions for: online.makkahtv.salattime [CONTEXT service_id=17 ]
01-24 19:44:15.055   712   726 I zygote  : Background concurrent copying GC freed 9941(424KB) AllocSpace objects, 0(0B) LOS objects, 29% free, 1228KB/1740KB, paused 36.324ms total 265.049ms
01-24 19:44:17.552  7206  7251 I dailytrack: HealthSportDataCacheUtil::saveData(),currentThread4=handle_total_data
01-24 19:44:20.133   434 13083 I ActivityManager: START u0 {act=api.android.category.MAIN cat=[api.android.intent.LAUNCHER] flg=0x10000000 cmp=online.makkahtv.salattime/.activity.MainChooseActivity} from uid 2000
01-24 19:44:20.219   434   610 I ActivityManager: Start proc 14904:online.makkahtv.salattime/u0a67 for activity online.makkahtv.salattime/.activity.MainChooseActivity
01-24 19:44:20.411   434   610 W ActivityManager: Slow operation: 95ms so far, now at attachApplicationLocked: after mServices.attachApplicationLocked
01-24 19:44:20.436   434   453 W BroadcastQueue: Background execution not allowed: receiving Intent { act=android.os.UpdateLock.UPDATE_LOCK_CHANGED flg=0x4000010 (has extras) } to com.google.android.gms/.chimera.GmsIntentOperationService$PersistentTrustedReceiver
01-24 19:44:20.490 14904 14904 I chatty  : uid=10067(u0_a67) expire 1 line
01-24 19:44:20.878 14904 14914 I chatty  : uid=10067(u0_a67) expire 1 line
01-24 19:44:20.925 14904 14920 I chatty  : uid=10067(u0_a67) expire 9 lines
01-24 19:44:20.999 14920 14920 I chatty  : uid=10067(u0_a67) online.makkahtv.salattime expire 1 line
01-24 19:44:21.341   434   461 I ActivityManager: Displayed online.makkahtv.salattime/.activity.MainChooseActivity: +1s126ms
01-24 19:44:22.560  7206  7251 I dailytrack: HealthSportDataCacheUtil::saveData(),currentThread4=handle_total_data
01-24 19:44:23.711   434   536 E TaskPersister: File error accessing recents directory (directory doesn't exist?).
01-24 19:44:27.567  7206  7251 I chatty  : uid=10025(u0_a25) handle_total_da identical 3 lines
01-24 19:44:32.571  7206  7251 I dailytrack: HealthSportDataCacheUtil::saveData(),currentThread4=handle_total_data
01-24 19:44:37.477 14926 14926 D AndroidRuntime: >>>>>> START com.android.internal.os.RuntimeInit uid 2000 <<<<<<
01-24 19:44:37.577  7206  7251 I dailytrack: HealthSportDataCacheUtil::saveData(),currentThread4=handle_total_data
01-24 19:44:38.666 14926 14926 D AndroidRuntime: Calling main entry com.android.commands.pm.Pm
01-24 19:44:38.696   434 13081 I ActivityManager: Force stopping online.makkahtv.salattime appid=10067 user=0: clear data
01-24 19:44:38.697   434 13081 I ActivityManager: Killing 14904:online.makkahtv.salattime/u0a67 (adj 0): stop online.makkahtv.salattime
01-24 19:44:38.702   434 13081 W ActivityManager: Force removing ActivityRecord{10a6681 u0 online.makkahtv.salattime/.activity.MainChooseActivity t443}: app died, no saved state
01-24 19:44:38.840   434 13083 W InputMethodManagerService: Got RemoteException sending setActive(false) notification to pid 14904 uid 10067
01-24 19:44:38.931   434   454 W Looper  : Dispatch took 234ms on android.ui, h=Handler (com.android.server.am.ActivityManagerService$UiHandler) {dee4953} cb=null msg=53
01-24 19:44:38.962   434   453 W BroadcastQueue: Background execution not allowed: receiving Intent { act=android.os.UpdateLock.UPDATE_LOCK_CHANGED flg=0x4000010 (has extras) } to com.google.android.gms/.chimera.GmsIntentOperationService$PersistentTrustedReceiver
01-24 19:44:38.985   434   453 I ActivityManager: Force stopping online.makkahtv.salattime appid=10067 user=-1: clearApplicationUserData
01-24 19:44:39.007   434   461 W ActivityManager: setHasOverlayUi called on unknown pid: 14904
01-24 19:44:39.013 15691 15691 E Watchface: CocosWatchFaceService::Handler msg: -5 0.0;--
01-24 19:44:39.014   335   335 I keystore: clear_uid 10067
01-24 19:44:39.049   434   536 E TaskPersister: File error accessing recents directory (directory doesn't exist?).
01-24 19:44:39.145 13109 13109 I GeofencerStateMachine: removeGeofences: removeRequest=RemoveGeofencingRequest[REMOVE_ALL packageName=online.makkahtv.salattime]
01-24 19:44:39.148 31332 31332 D Avrcp   : AvrcpServiceBroadcastReceiver-> Action: android.intent.action.PACKAGE_DATA_CLEARED
01-24 19:44:39.149 31332 31332 D Avrcp   : packageName: online.makkahtv.salattime removed: true
01-24 19:44:39.149 31332 31332 V Avrcp   : isBrowseSupported for online.makkahtv.salattime: false
01-24 19:44:39.227 14926 14926 I app_process: System.exit called, status: 0
01-24 19:44:39.228 14926 14926 I AndroidRuntime: VM exiting with result code 0.
01-24 19:44:39.237   712   712 D RegisteredNfcFServicesCache: Service unchanged, not updating
01-24 19:44:39.243 13109 14938 I Fitness : Clearing all cached OAuth tokens for: online.makkahtv.salattime [CONTEXT service_id=17 ]
01-24 19:44:39.255 13109 14938 I Fitness : Removing all subscriptions for: online.makkahtv.salattime [CONTEXT service_id=17 ]
01-24 19:44:39.355 13109 14938 I Fitness : Clearing all cached OAuth tokens for: online.makkahtv.salattime [CONTEXT service_id=17 ]
01-24 19:44:39.358 13109 14938 I Fitness : Removing all subscriptions for: online.makkahtv.salattime [CONTEXT service_id=17 ]
01-24 19:44:42.577  7206  7251 I dailytrack: HealthSportDataCacheUtil::saveData(),currentThread4=handle_total_data
01-24 19:44:44.602   434 13083 I ActivityManager: START u0 {act=api.android.category.MAIN cat=[api.android.intent.LAUNCHER] flg=0x10000000 cmp=online.makkahtv.salattime/.activity.MainChooseActivity} from uid 2000
01-24 19:44:44.680   434 13081 I ActivityManager: Start proc 14952:online.makkahtv.salattime/u0a67 for activity online.makkahtv.salattime/.activity.MainChooseActivity
01-24 19:44:44.854   434 13081 W ActivityManager: Slow operation: 75ms so far, now at attachApplicationLocked: after mServices.attachApplicationLocked
01-24 19:44:44.861   434   453 W BroadcastQueue: Background execution not allowed: receiving Intent { act=android.os.UpdateLock.UPDATE_LOCK_CHANGED flg=0x4000010 (has extras) } to com.google.android.gms/.chimera.GmsIntentOperationService$PersistentTrustedReceiver
01-24 19:44:44.977 14952 14952 I chatty  : uid=10067(u0_a67) expire 1 line
01-24 19:44:45.297 14952 14967 I chatty  : uid=10067(u0_a67) expire 1 line
01-24 19:44:45.363 14952 14973 I chatty  : uid=10067(u0_a67) expire 9 lines
01-24 19:44:45.439 14973 14973 I chatty  : uid=10067(u0_a67) online.makkahtv.salattime expire 1 line
01-24 19:44:45.761   434   461 I ActivityManager: Displayed online.makkahtv.salattime/.activity.MainChooseActivity: +1s87ms
01-24 19:44:47.584  7206  7251 I dailytrack: HealthSportDataCacheUtil::saveData(),currentThread4=handle_total_data
01-24 19:44:48.164   434   536 E TaskPersister: File error accessing recents directory (directory doesn't exist?).
01-24 19:44:57.598  7206  7251 I dailytrack: HealthSportDataCacheUtil::saveData(),currentThread4=handle_total_data
01-24 19:45:00.016 15691 15691 D WallpaperUtil: InternalCache: available=1546M
01-24 19:45:00.034 15691 15691 E Watchface: WeatherManager::checkUpdateDisplayWeather() mWeatherInfo is null !
01-24 19:45:00.052 32131 32131 W OngoingChipController: Attempting to remove non-existent UI for chip [com.google.android.wearable.app, media_controls]
01-24 19:45:01.893 14978 14978 D AndroidRuntime: >>>>>> START com.android.internal.os.RuntimeInit uid 2000 <<<<<<
01-24 19:45:02.604  7206  7251 I dailytrack: HealthSportDataCacheUtil::saveData(),currentThread4=handle_total_data
01-24 19:45:03.266 14978 14978 D AndroidRuntime: Calling main entry com.android.commands.pm.Pm
01-24 19:45:03.292   434  2021 I ActivityManager: Force stopping online.makkahtv.salattime appid=10067 user=0: clear data
01-24 19:45:03.296   434  2021 I ActivityManager: Killing 14952:online.makkahtv.salattime/u0a67 (adj 0): stop online.makkahtv.salattime
01-24 19:45:03.303   434  2021 W ActivityManager: Force removing ActivityRecord{6f2030e u0 online.makkahtv.salattime/.activity.MainChooseActivity t444}: app died, no saved state
01-24 19:45:03.367   323   370 E SurfaceFlinger: Failed to find layer (online.makkahtv.salattime/online.makkahtv.salattime.activity.MainChooseActivity#0) in layer parent (no-parent).
01-24 19:45:03.557   434   453 I ActivityManager: Force stopping online.makkahtv.salattime appid=10067 user=-1: clearApplicationUserData
01-24 19:45:03.582   335   335 I keystore: clear_uid 10067
01-24 19:45:03.592   434   454 W Looper  : Dispatch took 298ms on android.ui, h=Handler (com.android.server.am.ActivityManagerService$UiHandler) {dee4953} cb=null msg=53
01-24 19:45:03.596   434   461 W ActivityManager: setHasOverlayUi called on unknown pid: 14952
01-24 19:45:03.627   434   453 W BroadcastQueue: Background execution not allowed: receiving Intent { act=android.os.UpdateLock.UPDATE_LOCK_CHANGED flg=0x4000010 (has extras) } to com.google.android.gms/.chimera.GmsIntentOperationService$PersistentTrustedReceiver
01-24 19:45:03.633 15691 15691 E Watchface: CocosWatchFaceService::Handler msg: -5 0.0;--
01-24 19:45:03.653   434   536 E TaskPersister: File error accessing recents directory (directory doesn't exist?).
01-24 19:45:03.784 31332 31332 D Avrcp   : AvrcpServiceBroadcastReceiver-> Action: android.intent.action.PACKAGE_DATA_CLEARED
01-24 19:45:03.785 31332 31332 D Avrcp   : packageName: online.makkahtv.salattime removed: true
01-24 19:45:03.785 31332 31332 V Avrcp   : isBrowseSupported for online.makkahtv.salattime: false
01-24 19:45:03.785 13109 13109 I GeofencerStateMachine: removeGeofences: removeRequest=RemoveGeofencingRequest[REMOVE_ALL packageName=online.makkahtv.salattime]
01-24 19:45:03.833 14978 14978 I app_process: System.exit called, status: 0
01-24 19:45:03.834 14978 14978 I AndroidRuntime: VM exiting with result code 0.
01-24 19:45:03.890   712   712 D RegisteredNfcFServicesCache: Service unchanged, not updating
01-24 19:45:03.894 13109 14990 I Fitness : Clearing all cached OAuth tokens for: online.makkahtv.salattime [CONTEXT service_id=17 ]
01-24 19:45:03.900 13109 14990 I Fitness : Removing all subscriptions for: online.makkahtv.salattime [CONTEXT service_id=17 ]
01-24 19:45:03.974 13109 14990 I Fitness : Clearing all cached OAuth tokens for: online.makkahtv.salattime [CONTEXT service_id=17 ]
01-24 19:45:03.978 13109 14990 I Fitness : Removing all subscriptions for: online.makkahtv.salattime [CONTEXT service_id=17 ]
01-24 19:45:07.606  7206  7251 I dailytrack: HealthSportDataCacheUtil::saveData(),currentThread4=handle_total_data
01-24 19:45:09.300   434 13081 I ActivityManager: START u0 {act=api.android.category.MAIN cat=[api.android.intent.LAUNCHER] flg=0x10000000 cmp=online.makkahtv.salattime/.activity.MainChooseActivity} from uid 2000
01-24 19:45:09.393   434  2426 I ActivityManager: Start proc 15004:online.makkahtv.salattime/u0a67 for activity online.makkahtv.salattime/.activity.MainChooseActivity
01-24 19:45:09.643   434  2021 W ActivityManager: Slow operation: 104ms so far, now at attachApplicationLocked: after mServices.attachApplicationLocked
01-24 19:45:09.680   434   453 W BroadcastQueue: Background execution not allowed: receiving Intent { act=android.os.UpdateLock.UPDATE_LOCK_CHANGED flg=0x4000010 (has extras) } to com.google.android.gms/.chimera.GmsIntentOperationService$PersistentTrustedReceiver
01-24 19:45:09.716 15004 15004 I chatty  : uid=10067(u0_a67) expire 1 line
01-24 19:45:10.163 15004 15014 I chatty  : uid=10067(u0_a67) expire 1 line
01-24 19:45:10.163 15004 15020 I chatty  : uid=10067(u0_a67) expire 9 lines
01-24 19:45:10.239 15020 15020 I chatty  : uid=10067(u0_a67) online.makkahtv.salattime expire 1 line
01-24 19:45:10.462   434   443 I zygote  : Background concurrent copying GC freed 21357(1571KB) AllocSpace objects, 19(380KB) LOS objects, 15% free, 11MB/13MB, paused 3.516ms total 1.116s
01-24 19:45:10.613   434   461 I ActivityManager: Displayed online.makkahtv.salattime/.activity.MainChooseActivity: +1s253ms
01-24 19:45:11.990   723   723 I battery : BatteryService: mInternalBatteryReceiver onReceive() action = android.intent.action.BATTERY_CHANGED
01-24 19:45:12.007 31787 31787 I ADVLog  : ADV.SensorService:/BatteryTemperature: 358  /isUsbOrAc: 1
01-24 19:45:12.021   319   319 D WifiHAL : In DebugCommand::handleResponse
01-24 19:45:12.021   319   319 D WifiHAL : len = 4, expected len = 4
01-24 19:45:12.086   434 13081 E BatteryStatsService: no controller energy info supplied
01-24 19:45:12.099   434 13081 I chatty  : uid=1000(system) Binder:434_1E identical 1 line
01-24 19:45:12.099   434 13081 E BatteryStatsService: no controller energy info supplied
01-24 19:45:12.324   723   737 I zygote  : Background concurrent copying GC freed 7035(608KB) AllocSpace objects, 2(192KB) LOS objects, 25% free, 1996KB/2MB, paused 1.698ms total 107.210ms
01-24 19:45:12.607  7206  7251 I dailytrack: HealthSportDataCacheUtil::saveData(),currentThread4=handle_total_data
01-24 19:45:12.877   434   536 E TaskPersister: File error accessing recents directory (directory doesn't exist?).
01-24 19:45:16.307 31332 31384 E bt_btif : bta_dm_pm_btm_status hci_status=35
01-24 19:45:17.614  7206  7251 I dailytrack: HealthSportDataCacheUtil::saveData(),currentThread4=handle_total_data
01-24 19:45:22.620  7206  7251 I dailytrack: HealthSportDataCacheUtil::saveData(),currentThread4=handle_total_data
01-24 19:45:26.528 15026 15026 D AndroidRuntime: >>>>>> START com.android.internal.os.RuntimeInit uid 2000 <<<<<<
01-24 19:45:27.626  7206  7251 I dailytrack: HealthSportDataCacheUtil::saveData(),currentThread4=handle_total_data
01-24 19:45:27.752 15026 15026 D AndroidRuntime: Calling main entry com.android.commands.pm.Pm
01-24 19:45:27.786   434  4786 I ActivityManager: Force stopping online.makkahtv.salattime appid=10067 user=0: clear data
01-24 19:45:27.787   434  4786 I ActivityManager: Killing 15004:online.makkahtv.salattime/u0a67 (adj 0): stop online.makkahtv.salattime
01-24 19:45:27.792   434  4786 W ActivityManager: Force removing ActivityRecord{7f39464 u0 online.makkahtv.salattime/.activity.MainChooseActivity t445}: app died, no saved state
01-24 19:45:27.968   434 13081 W InputMethodManagerService: Got RemoteException sending setActive(false) notification to pid 15004 uid 10067
01-24 19:45:28.061   434   453 I ActivityManager: Force stopping online.makkahtv.salattime appid=10067 user=-1: clearApplicationUserData
01-24 19:45:28.069   434   454 W Looper  : Dispatch took 282ms on android.ui, h=Handler (com.android.server.am.ActivityManagerService$UiHandler) {dee4953} cb=null msg=53
01-24 19:45:28.094   434   453 W BroadcastQueue: Background execution not allowed: receiving Intent { act=android.os.UpdateLock.UPDATE_LOCK_CHANGED flg=0x4000010 (has extras) } to com.google.android.gms/.chimera.GmsIntentOperationService$PersistentTrustedReceiver
01-24 19:45:28.094   434   461 W ActivityManager: setHasOverlayUi called on unknown pid: 15004
01-24 19:45:28.108   335   335 I keystore: clear_uid 10067
01-24 19:45:28.112 15691 15691 E Watchface: CocosWatchFaceService::Handler msg: -5 0.0;--
01-24 19:45:28.130   434   536 E TaskPersister: File error accessing recents directory (directory doesn't exist?).
01-24 19:45:28.222 13109 13109 I GeofencerStateMachine: removeGeofences: removeRequest=RemoveGeofencingRequest[REMOVE_ALL packageName=online.makkahtv.salattime]
01-24 19:45:28.226 31332 31332 D Avrcp   : AvrcpServiceBroadcastReceiver-> Action: android.intent.action.PACKAGE_DATA_CLEARED
01-24 19:45:28.226 31332 31332 D Avrcp   : packageName: online.makkahtv.salattime removed: true
01-24 19:45:28.226 31332 31332 V Avrcp   : isBrowseSupported for online.makkahtv.salattime: false
01-24 19:45:28.262 15026 15026 I app_process: System.exit called, status: 0
01-24 19:45:28.262 15026 15026 I AndroidRuntime: VM exiting with result code 0.
01-24 19:45:28.307   712   712 D RegisteredNfcFServicesCache: Service unchanged, not updating
01-24 19:45:28.308 13109 15037 I Fitness : Clearing all cached OAuth tokens for: online.makkahtv.salattime [CONTEXT service_id=17 ]
01-24 19:45:28.318 13109 15037 I Fitness : Removing all subscriptions for: online.makkahtv.salattime [CONTEXT service_id=17 ]
01-24 19:45:28.394 13109 15037 I Fitness : Clearing all cached OAuth tokens for: online.makkahtv.salattime [CONTEXT service_id=17 ]
01-24 19:45:28.410 13109 15037 I Fitness : Removing all subscriptions for: online.makkahtv.salattime [CONTEXT service_id=17 ]
01-24 19:45:31.700   319   319 D WifiHAL : In DebugCommand::handleResponse
01-24 19:45:31.700   319   319 D WifiHAL : len = 4, expected len = 4
01-24 19:45:31.720   434   456 E BatteryStatsService: no controller energy info supplied
01-24 19:45:31.721   434   456 I chatty  : uid=1000(system) batterystats-sy identical 1 line
01-24 19:45:31.721   434   456 E BatteryStatsService: no controller energy info supplied
01-24 19:45:32.632  7206  7251 I dailytrack: HealthSportDataCacheUtil::saveData(),currentThread4=handle_total_data
01-24 19:45:33.661   434  5002 I ActivityManager: START u0 {act=api.android.category.MAIN cat=[api.android.intent.LAUNCHER] flg=0x10000000 cmp=online.makkahtv.salattime/.activity.MainChooseActivity} from uid 2000
01-24 19:45:33.746   434  4786 I ActivityManager: Start proc 15052:online.makkahtv.salattime/u0a67 for activity online.makkahtv.salattime/.activity.MainChooseActivity
01-24 19:45:33.921   434  5002 W ActivityManager: Slow operation: 96ms so far, now at attachApplicationLocked: after mServices.attachApplicationLocked
01-24 19:45:33.954   434   453 W BroadcastQueue: Background execution not allowed: receiving Intent { act=android.os.UpdateLock.UPDATE_LOCK_CHANGED flg=0x4000010 (has extras) } to com.google.android.gms/.chimera.GmsIntentOperationService$PersistentTrustedReceiver
01-24 19:45:33.995 15052 15052 I chatty  : uid=10067(u0_a67) expire 1 line
01-24 19:45:34.178 15052 15062 I chatty  : uid=10067(u0_a67) expire 1 line
01-24 19:45:34.401 15052 15068 I chatty  : uid=10067(u0_a67) expire 9 lines
01-24 19:45:34.479 15068 15068 I chatty  : uid=10067(u0_a67) online.makkahtv.salattime expire 1 line
01-24 19:45:34.823   434   461 I ActivityManager: Displayed online.makkahtv.salattime/.activity.MainChooseActivity: +1s78ms
01-24 19:45:37.242   434   536 E TaskPersister: File error accessing recents directory (directory doesn't exist?).
01-24 19:45:37.638  7206  7251 I dailytrack: HealthSportDataCacheUtil::saveData(),currentThread4=handle_total_data
01-24 19:45:47.646  7206  7251 I dailytrack: HealthSportDataCacheUtil::saveData(),currentThread4=handle_total_data
01-24 19:45:50.811 15074 15074 D AndroidRuntime: >>>>>> START com.android.internal.os.RuntimeInit uid 2000 <<<<<<
01-24 19:45:52.004 15074 15074 D AndroidRuntime: Calling main entry com.android.commands.pm.Pm
01-24 19:45:52.035   434   610 I ActivityManager: Force stopping online.makkahtv.salattime appid=10067 user=0: clear data
01-24 19:45:52.037   434   610 I ActivityManager: Killing 15052:online.makkahtv.salattime/u0a67 (adj 0): stop online.makkahtv.salattime
01-24 19:45:52.061   434   610 W ActivityManager: Force removing ActivityRecord{626c3d5 u0 online.makkahtv.salattime/.activity.MainChooseActivity t446}: app died, no saved state
01-24 19:45:52.340   434   453 I ActivityManager: Force stopping online.makkahtv.salattime appid=10067 user=-1: clearApplicationUserData
01-24 19:45:52.360   434   461 W ActivityManager: setHasOverlayUi called on unknown pid: 15052
01-24 19:45:52.364   434   454 W Looper  : Dispatch took 328ms on android.ui, h=Handler (com.android.server.am.ActivityManagerService$UiHandler) {dee4953} cb=null msg=53
01-24 19:45:52.394   434   453 W BroadcastQueue: Background execution not allowed: receiving Intent { act=android.os.UpdateLock.UPDATE_LOCK_CHANGED flg=0x4000010 (has extras) } to com.google.android.gms/.chimera.GmsIntentOperationService$PersistentTrustedReceiver
01-24 19:45:52.409 15691 15691 E Watchface: CocosWatchFaceService::Handler msg: -5 0.0;--
01-24 19:45:52.439   335   335 I keystore: clear_uid 10067
01-24 19:45:52.446   434   536 E TaskPersister: File error accessing recents directory (directory doesn't exist?).
01-24 19:45:52.562 31332 31332 D Avrcp   : AvrcpServiceBroadcastReceiver-> Action: android.intent.action.PACKAGE_DATA_CLEARED
01-24 19:45:52.562 31332 31332 D Avrcp   : packageName: online.makkahtv.salattime removed: true
01-24 19:45:52.562 31332 31332 V Avrcp   : isBrowseSupported for online.makkahtv.salattime: false
01-24 19:45:52.563 13109 13109 I GeofencerStateMachine: removeGeofences: removeRequest=RemoveGeofencingRequest[REMOVE_ALL packageName=online.makkahtv.salattime]
01-24 19:45:52.575 15074 15074 I app_process: System.exit called, status: 0
01-24 19:45:52.575 15074 15074 I AndroidRuntime: VM exiting with result code 0.
01-24 19:45:52.639 13109 15085 I Fitness : Clearing all cached OAuth tokens for: online.makkahtv.salattime [CONTEXT service_id=17 ]
01-24 19:45:52.643   712   712 D RegisteredNfcFServicesCache: Service unchanged, not updating
01-24 19:45:52.653  7206  7251 I dailytrack: HealthSportDataCacheUtil::saveData(),currentThread4=handle_total_data
01-24 19:45:52.683 13109 15085 I Fitness : Removing all subscriptions for: online.makkahtv.salattime [CONTEXT service_id=17 ]
01-24 19:45:52.747 13109 15085 I Fitness : Clearing all cached OAuth tokens for: online.makkahtv.salattime [CONTEXT service_id=17 ]
01-24 19:45:52.752 13109 15085 I Fitness : Removing all subscriptions for: online.makkahtv.salattime [CONTEXT service_id=17 ]
01-24 19:45:53.084 13109 13122 I zygote  : Background concurrent copying GC freed 33070(2MB) AllocSpace objects, 0(0B) LOS objects, 21% free, 7MB/9MB, paused 1.207ms total 316.304ms
01-24 19:45:57.656  7206  7251 I dailytrack: HealthSportDataCacheUtil::saveData(),currentThread4=handle_total_data
01-24 19:45:58.044   434   610 I ActivityManager: START u0 {act=api.android.category.MAIN cat=[api.android.intent.LAUNCHER] flg=0x10000000 cmp=online.makkahtv.salattime/.activity.MainChooseActivity} from uid 2000
01-24 19:45:58.147   434  7888 I ActivityManager: Start proc 15100:online.makkahtv.salattime/u0a67 for activity online.makkahtv.salattime/.activity.MainChooseActivity
01-24 19:45:58.212   434   462 W ProcessCpuTracker: Skipping unknown process pid 15096
01-24 19:45:58.213   434   462 W ProcessCpuTracker: Skipping unknown process pid 15098
01-24 19:45:58.360   434  7888 W ActivityManager: Slow operation: 92ms so far, now at attachApplicationLocked: after mServices.attachApplicationLocked
01-24 19:45:58.372   434   453 W BroadcastQueue: Background execution not allowed: receiving Intent { act=android.os.UpdateLock.UPDATE_LOCK_CHANGED flg=0x4000010 (has extras) } to com.google.android.gms/.chimera.GmsIntentOperationService$PersistentTrustedReceiver
01-24 19:45:58.494 15100 15100 I chatty  : uid=10067(u0_a67) expire 1 line
01-24 19:45:58.746 15691 15701 I zygote  : Background concurrent copying GC freed 4270(401KB) AllocSpace objects, 0(0B) LOS objects, 28% free, 1258KB/1770KB, paused 28.584ms total 148.648ms
01-24 19:45:58.867 15100 15110 I chatty  : uid=10067(u0_a67) expire 1 line
01-24 19:45:58.927 15100 15116 D OpenGLRenderer: HWUI GL Pipeline
01-24 19:45:58.983 15100 15116 I Adreno-EGL: <qeglDrvAPI_eglInitialize:379>: EGL 1.4 QUALCOMM build:  (I7af58d6928)
01-24 19:45:58.983 15100 15116 I Adreno-EGL: OpenGL ES Shader Compiler Version: E031.35.01.00
01-24 19:45:58.983 15100 15116 I Adreno-EGL: Build Date: 09/14/17 Thu
01-24 19:45:58.983 15100 15116 I Adreno-EGL: Local Branch: gfx-adreno.lnx.1.0
01-24 19:45:58.983 15100 15116 I Adreno-EGL: Remote Branch: 
01-24 19:45:58.983 15100 15116 I Adreno-EGL: Local Patches: 
01-24 19:45:58.983 15100 15116 I Adreno-EGL: Reconstruct Branch: 
01-24 19:45:58.989 15100 15116 I vndksupport: sphal namespace is not configured for this process. Loading /vendor/lib/hw/gralloc.msm8909.so from the current namespace instead.
01-24 19:45:58.999 15116 15116 W RenderThread: type=1400 audit(0.0:530): avc: denied { read } for name="gpuclk" dev="sysfs" ino=18862 scontext=u:r:untrusted_app:s0:c512,c768 tcontext=u:object_r:sysfs:s0 tclass=file permissive=0
01-24 19:45:59.002 15100 15116 I OpenGLRenderer: Initialized EGL, version 1.4
01-24 19:45:59.003 15100 15116 D OpenGLRenderer: Swap behavior 1
01-24 19:45:59.010 15100 15116 W Adreno-ES20: <get_gpu_clk:229>: open failed: errno 13
01-24 19:45:59.021 15100 15116 W Adreno-EGL: <qeglDrvAPI_eglGetConfigAttrib:612>: EGL_BAD_ATTRIBUTE
01-24 19:45:59.023 15100 15116 I vndksupport: sphal namespace is not configured for this process. Loading /vendor/lib/hw/gralloc.msm8909.so from the current namespace instead.
01-24 19:45:59.102 15100 15116 I vndksupport: sphal namespace is not configured for this process. Loading /vendor/lib/hw/gralloc.msm8909.so from the current namespace instead.
01-24 19:45:59.255   434   443 I zygote  : Background concurrent copying GC freed 18551(1355KB) AllocSpace objects, 22(584KB) LOS objects, 15% free, 11MB/13MB, paused 4.204ms total 752.602ms
01-24 19:45:59.331   434   461 I ActivityManager: Displayed online.makkahtv.salattime/.activity.MainChooseActivity: +1s202ms
01-24 19:46:00.018 15691 15691 D WallpaperUtil: InternalCache: available=1546M
01-24 19:46:00.032 15691 15691 E Watchface: WeatherManager::checkUpdateDisplayWeather() mWeatherInfo is null !
01-24 19:46:00.039 32131 32131 W OngoingChipController: Attempting to remove non-existent UI for chip [com.google.android.wearable.app, media_controls]
01-24 19:46:01.618   434   536 E TaskPersister: File error accessing recents directory (directory doesn't exist?).
01-24 19:46:02.662  7206  7251 I dailytrack: HealthSportDataCacheUtil::saveData(),currentThread4=handle_total_data
01-24 19:46:07.668  7206  7251 I dailytrack: HealthSportDataCacheUtil::saveData(),currentThread4=handle_total_data
01-24 19:46:11.957   723   723 I battery : BatteryService: mInternalBatteryReceiver onReceive() action = android.intent.action.BATTERY_CHANGED
01-24 19:46:11.959 31787 31787 I ADVLog  : ADV.SensorService:/BatteryTemperature: 356  /isUsbOrAc: 1
01-24 19:46:11.988   319   319 D WifiHAL : In DebugCommand::handleResponse
01-24 19:46:11.989   319   319 D WifiHAL : len = 4, expected len = 4
01-24 19:46:12.021   434  5002 E BatteryStatsService: no controller energy info supplied
01-24 19:46:12.023   434  5002 I chatty  : uid=1000(system) Binder:434_17 identical 1 line
01-24 19:46:12.023   434  5002 E BatteryStatsService: no controller energy info supplied
01-24 19:46:12.674  7206  7251 I dailytrack: HealthSportDataCacheUtil::saveData(),currentThread4=handle_total_data
01-24 19:46:15.330 15122 15122 D AndroidRuntime: >>>>>> START com.android.internal.os.RuntimeInit uid 2000 <<<<<<
01-24 19:46:16.585 15122 15122 D AndroidRuntime: Calling main entry com.android.commands.pm.Pm
01-24 19:46:16.613   434   610 I ActivityManager: Force stopping online.makkahtv.salattime appid=10067 user=0: clear data
01-24 19:46:16.614   434   610 I ActivityManager: Killing 15100:online.makkahtv.salattime/u0a67 (adj 0): stop online.makkahtv.salattime
01-24 19:46:16.619   434   610 W ActivityManager: Force removing ActivityRecord{df7f752 u0 online.makkahtv.salattime/.activity.MainChooseActivity t447}: app died, no saved state
01-24 19:46:16.820   434  7888 W InputMethodManagerService: Got RemoteException sending setActive(false) notification to pid 15100 uid 10067
01-24 19:46:16.902   434   454 W Looper  : Dispatch took 288ms on android.ui, h=Handler (com.android.server.am.ActivityManagerService$UiHandler) {dee4953} cb=null msg=53
01-24 19:46:16.904   434   453 I ActivityManager: Force stopping online.makkahtv.salattime appid=10067 user=-1: clearApplicationUserData
01-24 19:46:16.907   335   335 I keystore: clear_uid 10067
01-24 19:46:16.912   434   453 W BroadcastQueue: Background execution not allowed: receiving Intent { act=android.os.UpdateLock.UPDATE_LOCK_CHANGED flg=0x4000010 (has extras) } to com.google.android.gms/.chimera.GmsIntentOperationService$PersistentTrustedReceiver
01-24 19:46:16.917   434   461 W ActivityManager: setHasOverlayUi called on unknown pid: 15100
01-24 19:46:16.921 15691 15691 E Watchface: CocosWatchFaceService::Handler msg: -5 0.0;--
01-24 19:46:16.981   434   536 E TaskPersister: File error accessing recents directory (directory doesn't exist?).
01-24 19:46:17.093 13109 13109 I GeofencerStateMachine: removeGeofences: removeRequest=RemoveGeofencingRequest[REMOVE_ALL packageName=online.makkahtv.salattime]
01-24 19:46:17.096 31332 31332 D Avrcp   : AvrcpServiceBroadcastReceiver-> Action: android.intent.action.PACKAGE_DATA_CLEARED
01-24 19:46:17.096 31332 31332 D Avrcp   : packageName: online.makkahtv.salattime removed: true
01-24 19:46:17.096 31332 31332 V Avrcp   : isBrowseSupported for online.makkahtv.salattime: false
01-24 19:46:17.122 15122 15122 I app_process: System.exit called, status: 0
01-24 19:46:17.122 15122 15122 I AndroidRuntime: VM exiting with result code 0.
01-24 19:46:17.181 13109 15134 I Fitness : Clearing all cached OAuth tokens for: online.makkahtv.salattime [CONTEXT service_id=17 ]
01-24 19:46:17.185 13109 15134 I Fitness : Removing all subscriptions for: online.makkahtv.salattime [CONTEXT service_id=17 ]
01-24 19:46:17.192   712   712 D RegisteredNfcFServicesCache: Service unchanged, not updating
01-24 19:46:17.313 13109 15134 I Fitness : Clearing all cached OAuth tokens for: online.makkahtv.salattime [CONTEXT service_id=17 ]
01-24 19:46:17.320 13109 15134 I Fitness : Removing all subscriptions for: online.makkahtv.salattime [CONTEXT service_id=17 ]
01-24 19:46:17.676  7206  7251 I dailytrack: HealthSportDataCacheUtil::saveData(),currentThread4=handle_total_data
01-24 19:46:22.512   434  5002 I ActivityManager: START u0 {act=api.android.category.MAIN cat=[api.android.intent.LAUNCHER] flg=0x10000000 cmp=online.makkahtv.salattime/.activity.MainChooseActivity} from uid 2000
01-24 19:46:22.593   434  2426 I ActivityManager: Start proc 15148:online.makkahtv.salattime/u0a67 for activity online.makkahtv.salattime/.activity.MainChooseActivity
01-24 19:46:22.676   434   462 W ProcessCpuTracker: Skipping unknown process pid 15144
01-24 19:46:22.678   434   462 W ProcessCpuTracker: Skipping unknown process pid 15146
01-24 19:46:22.682  7206  7251 I dailytrack: HealthSportDataCacheUtil::saveData(),currentThread4=handle_total_data
01-24 19:46:22.826 15148 15158 I zygote  : Background concurrent copying GC freed 521(406KB) AllocSpace objects, 0(0B) LOS objects, 35% free, 934KB/1446KB, paused 20.512ms total 90.276ms
01-24 19:46:22.872   434  2426 W ActivityManager: Slow operation: 101ms so far, now at attachApplicationLocked: after mServices.attachApplicationLocked
01-24 19:46:22.938   434   453 W BroadcastQueue: Background execution not allowed: receiving Intent { act=android.os.UpdateLock.UPDATE_LOCK_CHANGED flg=0x4000010 (has extras) } to com.google.android.gms/.chimera.GmsIntentOperationService$PersistentTrustedReceiver
01-24 19:46:22.952 15148 15148 I FirebaseInitProvider: FirebaseApp initialization unsuccessful
01-24 19:46:23.305 15148 15158 I zygote  : NativeAllocBackground concurrent copying GC freed 757(148KB) AllocSpace objects, 0(0B) LOS objects, 31% free, 1094KB/1606KB, paused 8.054ms total 104.595ms
01-24 19:46:23.361 15148 15164 D OpenGLRenderer: HWUI GL Pipeline
01-24 19:46:23.418 15148 15164 I Adreno-EGL: <qeglDrvAPI_eglInitialize:379>: EGL 1.4 QUALCOMM build:  (I7af58d6928)
01-24 19:46:23.418 15148 15164 I Adreno-EGL: OpenGL ES Shader Compiler Version: E031.35.01.00
01-24 19:46:23.418 15148 15164 I Adreno-EGL: Build Date: 09/14/17 Thu
01-24 19:46:23.418 15148 15164 I Adreno-EGL: Local Branch: gfx-adreno.lnx.1.0
01-24 19:46:23.418 15148 15164 I Adreno-EGL: Remote Branch: 
01-24 19:46:23.418 15148 15164 I Adreno-EGL: Local Patches: 
01-24 19:46:23.418 15148 15164 I Adreno-EGL: Reconstruct Branch: 
01-24 19:46:23.424 15148 15164 I vndksupport: sphal namespace is not configured for this process. Loading /vendor/lib/hw/gralloc.msm8909.so from the current namespace instead.
01-24 19:46:23.438 15148 15164 I OpenGLRenderer: Initialized EGL, version 1.4
01-24 19:46:23.438 15148 15164 D OpenGLRenderer: Swap behavior 1
01-24 19:46:23.439 15164 15164 W RenderThread: type=1400 audit(0.0:531): avc: denied { read } for name="gpuclk" dev="sysfs" ino=18862 scontext=u:r:untrusted_app:s0:c512,c768 tcontext=u:object_r:sysfs:s0 tclass=file permissive=0
01-24 19:46:23.446 15148 15164 W Adreno-ES20: <get_gpu_clk:229>: open failed: errno 13
01-24 19:46:23.458 15148 15164 W Adreno-EGL: <qeglDrvAPI_eglGetConfigAttrib:612>: EGL_BAD_ATTRIBUTE
01-24 19:46:23.460 15148 15164 I vndksupport: sphal namespace is not configured for this process. Loading /vendor/lib/hw/gralloc.msm8909.so from the current namespace instead.
01-24 19:46:23.529 15148 15164 I vndksupport: sphal namespace is not configured for this process. Loading /vendor/lib/hw/gralloc.msm8909.so from the current namespace instead.
01-24 19:46:23.745   434   461 I ActivityManager: Displayed online.makkahtv.salattime/.activity.MainChooseActivity: +1s178ms
01-24 19:46:26.099   434   536 E TaskPersister: File error accessing recents directory (directory doesn't exist?).
01-24 19:46:27.686  7206  7251 I dailytrack: HealthSportDataCacheUtil::saveData(),currentThread4=handle_total_data
01-24 19:46:29.081 31332 31384 E bt_btif : bta_dm_pm_btm_status hci_status=35
01-24 19:46:32.692  7206  7251 I dailytrack: HealthSportDataCacheUtil::saveData(),currentThread4=handle_total_data
01-24 19:46:37.696  7206  7251 I dailytrack: HealthSportDataCacheUtil::saveData(),currentThread4=handle_total_data
01-24 19:46:39.817 15170 15170 D AndroidRuntime: >>>>>> START com.android.internal.os.RuntimeInit uid 2000 <<<<<<
01-24 19:46:41.097 15170 15170 D AndroidRuntime: Calling main entry com.android.commands.pm.Pm
01-24 19:46:41.125   434 13081 I ActivityManager: Force stopping online.makkahtv.salattime appid=10067 user=0: clear data
01-24 19:46:41.127   434 13081 I ActivityManager: Killing 15148:online.makkahtv.salattime/u0a67 (adj 0): stop online.makkahtv.salattime
01-24 19:46:41.133   434 13081 W ActivityManager: Force removing ActivityRecord{76fa7c8 u0 online.makkahtv.salattime/.activity.MainChooseActivity t448}: app died, no saved state
01-24 19:46:41.400   434   454 W Looper  : Dispatch took 267ms on android.ui, h=Handler (com.android.server.am.ActivityManagerService$UiHandler) {dee4953} cb=null msg=53
01-24 19:46:41.406   434   461 W ActivityManager: setHasOverlayUi called on unknown pid: 15148
01-24 19:46:41.407   434   453 I ActivityManager: Force stopping online.makkahtv.salattime appid=10067 user=-1: clearApplicationUserData
01-24 19:46:41.427   335   335 I keystore: clear_uid 10067
01-24 19:46:41.441   434   453 W BroadcastQueue: Background execution not allowed: receiving Intent { act=android.os.UpdateLock.UPDATE_LOCK_CHANGED flg=0x4000010 (has extras) } to com.google.android.gms/.chimera.GmsIntentOperationService$PersistentTrustedReceiver
01-24 19:46:41.485 15691 15691 E Watchface: CocosWatchFaceService::Handler msg: -5 0.0;--
01-24 19:46:41.487   434   536 E TaskPersister: File error accessing recents directory (directory doesn't exist?).
01-24 19:46:41.541   434   462 W ProcessCpuTracker: Skipping unknown process pid 15148
01-24 19:46:41.569 13109 13109 I GeofencerStateMachine: removeGeofences: removeRequest=RemoveGeofencingRequest[REMOVE_ALL packageName=online.makkahtv.salattime]
01-24 19:46:41.573 31332 31332 D Avrcp   : AvrcpServiceBroadcastReceiver-> Action: android.intent.action.PACKAGE_DATA_CLEARED
01-24 19:46:41.573 31332 31332 D Avrcp   : packageName: online.makkahtv.salattime removed: true
01-24 19:46:41.573 31332 31332 V Avrcp   : isBrowseSupported for online.makkahtv.salattime: false
01-24 19:46:41.609 15170 15170 I app_process: System.exit called, status: 0
01-24 19:46:41.609 15170 15170 I AndroidRuntime: VM exiting with result code 0.
01-24 19:46:41.681 13109 15182 I Fitness : Clearing all cached OAuth tokens for: online.makkahtv.salattime [CONTEXT service_id=17 ]
01-24 19:46:41.683   712   712 D RegisteredNfcFServicesCache: Service unchanged, not updating
01-24 19:46:41.692 13109 15182 I Fitness : Removing all subscriptions for: online.makkahtv.salattime [CONTEXT service_id=17 ]
01-24 19:46:41.777 13109 15182 I Fitness : Clearing all cached OAuth tokens for: online.makkahtv.salattime [CONTEXT service_id=17 ]
01-24 19:46:41.789 13109 15182 I Fitness : Removing all subscriptions for: online.makkahtv.salattime [CONTEXT service_id=17 ]
01-24 19:46:42.701  7206  7251 I dailytrack: HealthSportDataCacheUtil::saveData(),currentThread4=handle_total_data
01-24 19:46:46.984   434 13081 I ActivityManager: START u0 {act=api.android.category.MAIN cat=[api.android.intent.LAUNCHER] flg=0x10000000 cmp=online.makkahtv.salattime/.activity.MainChooseActivity} from uid 2000
01-24 19:46:47.078   434  2426 I ActivityManager: Start proc 15196:online.makkahtv.salattime/u0a67 for activity online.makkahtv.salattime/.activity.MainChooseActivity
01-24 19:46:47.189   434   462 W ProcessCpuTracker: Skipping unknown process pid 15192
01-24 19:46:47.190   434   462 W ProcessCpuTracker: Skipping unknown process pid 15194
01-24 19:46:47.241   283 15200 I zygote  : Background concurrent copying GC freed 611(416KB) AllocSpace objects, 0(0B) LOS objects, 36% free, 876KB/1388KB, paused 788us total 122.321ms
01-24 19:46:47.267 15196 15206 I zygote  : Background concurrent copying GC freed 554(445KB) AllocSpace objects, 0(0B) LOS objects, 35% free, 928KB/1440KB, paused 6.035ms total 75.644ms
01-24 19:46:47.352   434  2426 W ActivityManager: Slow operation: 93ms so far, now at attachApplicationLocked: after mServices.attachApplicationLocked
01-24 19:46:47.363   434   453 W BroadcastQueue: Background execution not allowed: receiving Intent { act=android.os.UpdateLock.UPDATE_LOCK_CHANGED flg=0x4000010 (has extras) } to com.google.android.gms/.chimera.GmsIntentOperationService$PersistentTrustedReceiver
01-24 19:46:47.428 15196 15196 I FirebaseInitProvider: FirebaseApp initialization unsuccessful
01-24 19:46:47.707  7206  7251 I dailytrack: HealthSportDataCacheUtil::saveData(),currentThread4=handle_total_data
01-24 19:46:47.837 15196 15212 D OpenGLRenderer: HWUI GL Pipeline
01-24 19:46:47.897 15196 15212 I Adreno-EGL: <qeglDrvAPI_eglInitialize:379>: EGL 1.4 QUALCOMM build:  (I7af58d6928)
01-24 19:46:47.897 15196 15212 I Adreno-EGL: OpenGL ES Shader Compiler Version: E031.35.01.00
01-24 19:46:47.897 15196 15212 I Adreno-EGL: Build Date: 09/14/17 Thu
01-24 19:46:47.897 15196 15212 I Adreno-EGL: Local Branch: gfx-adreno.lnx.1.0
01-24 19:46:47.897 15196 15212 I Adreno-EGL: Remote Branch: 
01-24 19:46:47.897 15196 15212 I Adreno-EGL: Local Patches: 
01-24 19:46:47.897 15196 15212 I Adreno-EGL: Reconstruct Branch: 
