--------- beginning of system
01-24 20:23:57.889   434  2093 I ActivityManager: START u0 {act=api.android.category.MAIN cat=[api.android.intent.LAUNCHER] flg=0x10000000 cmp=br.com.gerenciadorfinanceiro.controller/br.com.mobills.wear.views.MobillsWearActivity} from uid 2000
--------- beginning of main
01-24 20:23:54.992  7206  7251 I dailytrack: HealthSportDataCacheUtil::saveData(),currentThread4=handle_total_data
01-24 20:23:57.976   434  2093 I chatty  : uid=1000(system) Binder:434_E expire 1 line
01-24 20:23:58.000   434   488 I chatty  : uid=1000(system) android.anim expire 9 lines
01-24 20:23:58.056   434   610 I ActivityManager: Start proc 18552:br.com.gerenciadorfinanceiro.controller/u0a70 for activity br.com.gerenciadorfinanceiro.controller/br.com.mobills.wear.views.MobillsWearActivity
01-24 20:23:58.217   434   462 W ProcessCpuTracker: Skipping unknown process pid 18548
01-24 20:23:58.217   434   462 W ProcessCpuTracker: Skipping unknown process pid 18550
01-24 20:23:58.314   434   610 W ActivityManager: Slow operation: 81ms so far, now at attachApplicationLocked: after mServices.attachApplicationLocked
01-24 20:23:58.320   434   453 W BroadcastQueue: Background execution not allowed: receiving Intent { act=android.os.UpdateLock.UPDATE_LOCK_CHANGED flg=0x4000010 (has extras) } to com.google.android.gms/.chimera.GmsIntentOperationService$PersistentTrustedReceiver
01-24 20:23:58.490 18552 18552 I chatty  : uid=10070(u0_a70) expire 3 lines
01-24 20:23:59.053 18552 18572 I chatty  : uid=10070(u0_a70) expire 11 lines
01-24 20:23:59.199 18572 18572 I chatty  : uid=10070(u0_a70) br.com.gerenciadorfinanceiro.controller expire 1 line
01-24 20:23:59.641   434   461 I chatty  : uid=1000(system) android.display expire 10 lines
01-24 20:23:59.852 18552 18580 I chatty  : uid=10070(u0_a70) expire 1 line
01-24 20:23:59.996  7206  7251 I dailytrack: HealthSportDataCacheUtil::saveData(),currentThread4=handle_total_data
01-24 20:24:00.010 15691 15691 D WallpaperUtil: InternalCache: available=1546M
01-24 20:24:00.018 15691 15691 E Watchface: WeatherManager::checkUpdateDisplayWeather() mWeatherInfo is null !
01-24 20:24:00.022 32131 32131 W OngoingChipController: Attempting to remove non-existent UI for chip [com.google.android.wearable.app, media_controls]
01-24 20:24:01.539   434   536 E TaskPersister: File error accessing recents directory (directory doesn't exist?).
01-24 20:24:02.531   434   434 W WindowManager: removeWindowToken: Attempted to remove non-existing token: android.os.Binder@4b5696c
01-24 20:24:05.003  7206  7251 I dailytrack: HealthSportDataCacheUtil::saveData(),currentThread4=handle_total_data
01-24 20:24:10.009  7206  7251 I dailytrack: HealthSportDataCacheUtil::saveData(),currentThread4=handle_total_data
01-24 20:24:11.957 31787 31787 I ADVLog  : ADV.SensorService:/BatteryTemperature: 339  /isUsbOrAc: 1
01-24 20:24:11.958   723   723 I battery : BatteryService: mInternalBatteryReceiver onReceive() action = android.intent.action.BATTERY_CHANGED
01-24 20:24:11.981   319   319 D WifiHAL : In DebugCommand::handleResponse
01-24 20:24:11.982   319   319 D WifiHAL : len = 4, expected len = 4
01-24 20:24:12.015   434  2093 E BatteryStatsService: no controller energy info supplied
01-24 20:24:12.016   434  2093 I chatty  : uid=1000(system) Binder:434_E identical 1 line
01-24 20:24:12.016   434  2093 E BatteryStatsService: no controller energy info supplied
01-24 20:24:15.013  7206  7251 I dailytrack: HealthSportDataCacheUtil::saveData(),currentThread4=handle_total_data
01-24 20:24:15.193 18581 18581 D AndroidRuntime: >>>>>> START com.android.internal.os.RuntimeInit uid 2000 <<<<<<
01-24 20:24:16.400 18581 18581 D AndroidRuntime: Calling main entry com.android.commands.pm.Pm
01-24 20:24:16.432   434  5705 I ActivityManager: Force stopping br.com.gerenciadorfinanceiro.controller appid=10070 user=0: clear data
01-24 20:24:16.434   434  5705 I ActivityManager: Killing 18552:br.com.gerenciadorfinanceiro.controller/u0a70 (adj 0): stop br.com.gerenciadorfinanceiro.controller
01-24 20:24:16.439   434  5705 W ActivityManager: Force removing ActivityRecord{9b7dad1 u0 br.com.gerenciadorfinanceiro.controller/br.com.mobills.wear.views.MobillsWearActivity t510}: app died, no saved state
01-24 20:24:16.704   434   454 W Looper  : Dispatch took 270ms on android.ui, h=Handler (com.android.server.am.ActivityManagerService$UiHandler) {dee4953} cb=null msg=53
01-24 20:24:16.718 15691 15691 E Watchface: CocosWatchFaceService::Handler msg: -5 0.0;--
01-24 20:24:16.725   434   453 I ActivityManager: Force stopping br.com.gerenciadorfinanceiro.controller appid=10070 user=-1: clearApplicationUserData
01-24 20:24:16.782   434   461 W ActivityManager: setHasOverlayUi called on unknown pid: 18552
01-24 20:24:16.782   335   335 I keystore: clear_uid 10070
01-24 20:24:16.801   434   453 W BroadcastQueue: Background execution not allowed: receiving Intent { act=android.os.UpdateLock.UPDATE_LOCK_CHANGED flg=0x4000010 (has extras) } to com.google.android.gms/.chimera.GmsIntentOperationService$PersistentTrustedReceiver
01-24 20:24:16.817   434   536 E TaskPersister: File error accessing recents directory (directory doesn't exist?).
01-24 20:24:16.917 31332 31332 D Avrcp   : AvrcpServiceBroadcastReceiver-> Action: android.intent.action.PACKAGE_DATA_CLEARED
01-24 20:24:16.918 31332 31332 D Avrcp   : packageName: br.com.gerenciadorfinanceiro.controller removed: true
01-24 20:24:16.918 31332 31332 V Avrcp   : isBrowseSupported for br.com.gerenciadorfinanceiro.controller: false
01-24 20:24:16.919 13109 13109 I chatty  : uid=10009(u0_a9) com.google.android.gms.persistent expire 2 lines
01-24 20:24:16.951 18581 18581 I app_process: System.exit called, status: 0
01-24 20:24:16.951 18581 18581 I AndroidRuntime: VM exiting with result code 0.
01-24 20:24:16.995 13109 18592 I chatty  : uid=10009(u0_a9) com.google.android.gms.persistent expire 4 lines
01-24 20:24:17.012   712   712 D RegisteredNfcFServicesCache: Service unchanged, not updating
01-24 20:24:17.139   434   462 W ProcessCpuTracker: Skipping unknown process pid 18581
01-24 20:24:20.016  7206  7251 I dailytrack: HealthSportDataCacheUtil::saveData(),currentThread4=handle_total_data
01-24 20:24:22.533   434  2614 I ActivityManager: START u0 {act=api.android.category.MAIN cat=[api.android.intent.LAUNCHER] flg=0x10000000 cmp=br.com.gerenciadorfinanceiro.controller/br.com.mobills.wear.views.MobillsWearActivity} from uid 2000
01-24 20:24:22.610   434  2093 I ActivityManager: Start proc 18609:br.com.gerenciadorfinanceiro.controller/u0a70 for activity br.com.gerenciadorfinanceiro.controller/br.com.mobills.wear.views.MobillsWearActivity
01-24 20:24:22.791 18609 18619 I chatty  : uid=10070(u0_a70) expire 2 lines
01-24 20:24:22.807   434  2093 W ActivityManager: Slow operation: 103ms so far, now at attachApplicationLocked: after mServices.attachApplicationLocked
01-24 20:24:22.823   434   453 W BroadcastQueue: Background execution not allowed: receiving Intent { act=android.os.UpdateLock.UPDATE_LOCK_CHANGED flg=0x4000010 (has extras) } to com.google.android.gms/.chimera.GmsIntentOperationService$PersistentTrustedReceiver
01-24 20:24:22.859 18609 18609 I chatty  : uid=10070(u0_a70) expire 3 lines
01-24 20:24:22.864   434   462 W ProcessCpuTracker: Skipping unknown process pid 18605
01-24 20:24:22.865   434   462 W ProcessCpuTracker: Skipping unknown process pid 18607
01-24 20:24:23.245 18609 18627 I chatty  : uid=10070(u0_a70) expire 11 lines
01-24 20:24:23.369 18627 18627 I chatty  : uid=10070(u0_a70) br.com.gerenciadorfinanceiro.controller expire 1 line
01-24 20:24:23.994 18609 18634 I chatty  : uid=10070(u0_a70) expire 1 line
01-24 20:24:25.022  7206  7251 I dailytrack: HealthSportDataCacheUtil::saveData(),currentThread4=handle_total_data
01-24 20:24:26.070   434   443 I chatty  : uid=1000(system) HeapTaskDaemon expire 8 lines
01-24 20:24:26.110   434   536 E TaskPersister: File error accessing recents directory (directory doesn't exist?).
01-24 20:24:26.692   434   434 W WindowManager: removeWindowToken: Attempted to remove non-existing token: android.os.Binder@e28622c
01-24 20:24:30.029  7206  7251 I dailytrack: HealthSportDataCacheUtil::saveData(),currentThread4=handle_total_data
01-24 20:24:35.036  7206  7251 I dailytrack: HealthSportDataCacheUtil::saveData(),currentThread4=handle_total_data
01-24 20:24:39.869 18635 18635 D AndroidRuntime: >>>>>> START com.android.internal.os.RuntimeInit uid 2000 <<<<<<
01-24 20:24:40.038  7206  7251 I dailytrack: HealthSportDataCacheUtil::saveData(),currentThread4=handle_total_data
01-24 20:24:41.153 18635 18635 D AndroidRuntime: Calling main entry com.android.commands.pm.Pm
01-24 20:24:41.180   434  5705 I ActivityManager: Force stopping br.com.gerenciadorfinanceiro.controller appid=10070 user=0: clear data
01-24 20:24:41.182   434  5705 I ActivityManager: Killing 18609:br.com.gerenciadorfinanceiro.controller/u0a70 (adj 0): stop br.com.gerenciadorfinanceiro.controller
01-24 20:24:41.189   434  5705 W ActivityManager: Force removing ActivityRecord{a84cbf7 u0 br.com.gerenciadorfinanceiro.controller/br.com.mobills.wear.views.MobillsWearActivity t511}: app died, no saved state
01-24 20:24:41.493   434   454 W Looper  : Dispatch took 312ms on android.ui, h=Handler (com.android.server.am.ActivityManagerService$UiHandler) {dee4953} cb=null msg=53
01-24 20:24:41.528   434   453 I ActivityManager: Force stopping br.com.gerenciadorfinanceiro.controller appid=10070 user=-1: clearApplicationUserData
01-24 20:24:41.533   434   461 W ActivityManager: setHasOverlayUi called on unknown pid: 18609
01-24 20:24:41.545   335   335 I keystore: clear_uid 10070
01-24 20:24:41.582   434   453 W BroadcastQueue: Background execution not allowed: receiving Intent { act=android.os.UpdateLock.UPDATE_LOCK_CHANGED flg=0x4000010 (has extras) } to com.google.android.gms/.chimera.GmsIntentOperationService$PersistentTrustedReceiver
01-24 20:24:41.608 15691 15691 E Watchface: CocosWatchFaceService::Handler msg: -5 0.0;--
01-24 20:24:41.623   434   536 E TaskPersister: File error accessing recents directory (directory doesn't exist?).
01-24 20:24:41.693 31332 31332 D Avrcp   : AvrcpServiceBroadcastReceiver-> Action: android.intent.action.PACKAGE_DATA_CLEARED
01-24 20:24:41.693 31332 31332 D Avrcp   : packageName: br.com.gerenciadorfinanceiro.controller removed: true
01-24 20:24:41.693 31332 31332 V Avrcp   : isBrowseSupported for br.com.gerenciadorfinanceiro.controller: false
01-24 20:24:41.729 18635 18635 I app_process: System.exit called, status: 0
01-24 20:24:41.730 18635 18635 I AndroidRuntime: VM exiting with result code 0.
01-24 20:24:41.758   712   712 D RegisteredNfcFServicesCache: Service unchanged, not updating
01-24 20:24:41.788 13109 18651 I chatty  : uid=10009(u0_a9) com.google.android.gms.persistent expire 4 lines
01-24 20:24:45.041  7206  7251 I dailytrack: HealthSportDataCacheUtil::saveData(),currentThread4=handle_total_data
01-24 20:24:47.264   434  4786 I ActivityManager: START u0 {act=api.android.category.MAIN cat=[api.android.intent.LAUNCHER] flg=0x10000000 cmp=br.com.gerenciadorfinanceiro.controller/br.com.mobills.wear.views.MobillsWearActivity} from uid 2000
01-24 20:24:47.356   434  2614 I ActivityManager: Start proc 18662:br.com.gerenciadorfinanceiro.controller/u0a70 for activity br.com.gerenciadorfinanceiro.controller/br.com.mobills.wear.views.MobillsWearActivity
01-24 20:24:47.462   434   462 W ProcessCpuTracker: Skipping unknown process pid 18658
01-24 20:24:47.464   434   462 W ProcessCpuTracker: Skipping unknown process pid 18660
01-24 20:24:47.652   434  2614 W ActivityManager: Slow operation: 99ms so far, now at attachApplicationLocked: after mServices.attachApplicationLocked
01-24 20:24:47.655   434   453 W BroadcastQueue: Background execution not allowed: receiving Intent { act=android.os.UpdateLock.UPDATE_LOCK_CHANGED flg=0x4000010 (has extras) } to com.google.android.gms/.chimera.GmsIntentOperationService$PersistentTrustedReceiver
01-24 20:24:47.717 18662 18662 I chatty  : uid=10070(u0_a70) expire 3 lines
01-24 20:24:48.090 18662 18672 I chatty  : uid=10070(u0_a70) expire 1 line
01-24 20:24:48.122 18662 18680 I chatty  : uid=10070(u0_a70) expire 11 lines
01-24 20:24:48.219 18680 18680 I chatty  : uid=10070(u0_a70) br.com.gerenciadorfinanceiro.controller expire 1 line
01-24 20:24:48.850 18662 18687 I chatty  : uid=10070(u0_a70) expire 1 line
01-24 20:24:50.046  7206  7251 I dailytrack: HealthSportDataCacheUtil::saveData(),currentThread4=handle_total_data
01-24 20:24:50.839   434   536 E TaskPersister: File error accessing recents directory (directory doesn't exist?).
01-24 20:24:51.532   434   434 W WindowManager: removeWindowToken: Attempted to remove non-existing token: android.os.Binder@fa21aec
01-24 20:24:55.052  7206  7251 I dailytrack: HealthSportDataCacheUtil::saveData(),currentThread4=handle_total_data
01-24 20:25:00.016 15691 15691 D WallpaperUtil: InternalCache: available=1546M
01-24 20:25:00.044 15691 15691 E Watchface: WeatherManager::checkUpdateDisplayWeather() mWeatherInfo is null !
01-24 20:25:00.052 32131 32131 W OngoingChipController: Attempting to remove non-existent UI for chip [com.google.android.wearable.app, media_controls]
01-24 20:25:00.056  7206  7251 I dailytrack: HealthSportDataCacheUtil::saveData(),currentThread4=handle_total_data
01-24 20:25:04.395 18688 18688 D AndroidRuntime: >>>>>> START com.android.internal.os.RuntimeInit uid 2000 <<<<<<
01-24 20:25:05.063  7206  7251 I dailytrack: HealthSportDataCacheUtil::saveData(),currentThread4=handle_total_data
01-24 20:25:05.571 18688 18688 D AndroidRuntime: Calling main entry com.android.commands.pm.Pm
01-24 20:25:05.599   434  5705 I ActivityManager: Force stopping br.com.gerenciadorfinanceiro.controller appid=10070 user=0: clear data
01-24 20:25:05.601   434  5705 I ActivityManager: Killing 18662:br.com.gerenciadorfinanceiro.controller/u0a70 (adj 0): stop br.com.gerenciadorfinanceiro.controller
01-24 20:25:05.605   434  5705 W ActivityManager: Force removing ActivityRecord{562c7b7 u0 br.com.gerenciadorfinanceiro.controller/br.com.mobills.wear.views.MobillsWearActivity t512}: app died, no saved state
01-24 20:25:05.669   323   954 E SurfaceFlinger: Failed to find layer (br.com.gerenciadorfinanceiro.controller/br.com.mobills.wear.views.MobillsWearActivity#0) in layer parent (no-parent).
01-24 20:25:05.756   434  4786 W InputMethodManagerService: Got RemoteException sending setActive(false) notification to pid 18662 uid 10070
01-24 20:25:05.932   434   454 W Looper  : Dispatch took 332ms on android.ui, h=Handler (com.android.server.am.ActivityManagerService$UiHandler) {dee4953} cb=null msg=53
01-24 20:25:05.945   434   461 W ActivityManager: setHasOverlayUi called on unknown pid: 18662
01-24 20:25:05.962   434   453 W BroadcastQueue: Background execution not allowed: receiving Intent { act=android.os.UpdateLock.UPDATE_LOCK_CHANGED flg=0x4000010 (has extras) } to com.google.android.gms/.chimera.GmsIntentOperationService$PersistentTrustedReceiver
01-24 20:25:05.995 15691 15691 E Watchface: CocosWatchFaceService::Handler msg: -5 0.0;--
01-24 20:25:06.004   434   536 E TaskPersister: File error accessing recents directory (directory doesn't exist?).
01-24 20:25:06.022   434   453 I ActivityManager: Force stopping br.com.gerenciadorfinanceiro.controller appid=10070 user=-1: clearApplicationUserData
01-24 20:25:06.034   335   335 I keystore: clear_uid 10070
01-24 20:25:06.150 31332 31332 D Avrcp   : AvrcpServiceBroadcastReceiver-> Action: android.intent.action.PACKAGE_DATA_CLEARED
01-24 20:25:06.151 31332 31332 D Avrcp   : packageName: br.com.gerenciadorfinanceiro.controller removed: true
01-24 20:25:06.151 31332 31332 V Avrcp   : isBrowseSupported for br.com.gerenciadorfinanceiro.controller: false
01-24 20:25:06.156 13109 13109 I chatty  : uid=10009(u0_a9) com.google.android.gms.persistent expire 1 line
01-24 20:25:06.160 18688 18688 I app_process: System.exit called, status: 0
01-24 20:25:06.160 18688 18688 I AndroidRuntime: VM exiting with result code 0.
01-24 20:25:06.251   712   712 D RegisteredNfcFServicesCache: Service unchanged, not updating
01-24 20:25:06.395 13109 18708 I chatty  : uid=10009(u0_a9) com.google.android.gms.persistent expire 4 lines
01-24 20:25:10.066  7206  7251 I dailytrack: HealthSportDataCacheUtil::saveData(),currentThread4=handle_total_data
01-24 20:25:11.533   434  3482 I ActivityManager: START u0 {act=api.android.category.MAIN cat=[api.android.intent.LAUNCHER] flg=0x10000000 cmp=br.com.gerenciadorfinanceiro.controller/br.com.mobills.wear.views.MobillsWearActivity} from uid 2000
01-24 20:25:11.617   434  4786 I ActivityManager: Start proc 18714:br.com.gerenciadorfinanceiro.controller/u0a70 for activity br.com.gerenciadorfinanceiro.controller/br.com.mobills.wear.views.MobillsWearActivity
01-24 20:25:11.739   434   462 W ProcessCpuTracker: Skipping unknown process pid 18710
01-24 20:25:11.740   434   462 W ProcessCpuTracker: Skipping unknown process pid 18712
01-24 20:25:11.870   434  4786 W ActivityManager: Slow operation: 87ms so far, now at attachApplicationLocked: after mServices.attachApplicationLocked
01-24 20:25:11.873   434   453 W BroadcastQueue: Background execution not allowed: receiving Intent { act=android.os.UpdateLock.UPDATE_LOCK_CHANGED flg=0x4000010 (has extras) } to com.google.android.gms/.chimera.GmsIntentOperationService$PersistentTrustedReceiver
01-24 20:25:11.988 18714 18714 I chatty  : uid=10070(u0_a70) expire 3 lines
01-24 20:25:12.292 18714 18724 I chatty  : uid=10070(u0_a70) expire 1 line
01-24 20:25:12.369 18714 18732 I chatty  : uid=10070(u0_a70) expire 11 lines
01-24 20:25:12.469 18732 18732 I chatty  : uid=10070(u0_a70) br.com.gerenciadorfinanceiro.controller expire 1 line
01-24 20:25:13.022 18714 18739 I chatty  : uid=10070(u0_a70) expire 1 line
01-24 20:25:15.067  7206  7251 I dailytrack: HealthSportDataCacheUtil::saveData(),currentThread4=handle_total_data
01-24 20:25:15.101   434   536 E TaskPersister: File error accessing recents directory (directory doesn't exist?).
01-24 20:25:15.824   434   434 W WindowManager: removeWindowToken: Attempted to remove non-existing token: android.os.Binder@57f7875
01-24 20:25:20.071  7206  7251 I chatty  : uid=10025(u0_a25) handle_total_da identical 7 lines
01-24 20:25:25.076  7206  7251 I dailytrack: HealthSportDataCacheUtil::saveData(),currentThread4=handle_total_data
01-24 20:25:28.813 18740 18740 D AndroidRuntime: >>>>>> START com.android.internal.os.RuntimeInit uid 2000 <<<<<<
01-24 20:25:30.051 18740 18740 D AndroidRuntime: Calling main entry com.android.commands.pm.Pm
01-24 20:25:30.079   434  5705 I ActivityManager: Force stopping br.com.gerenciadorfinanceiro.controller appid=10070 user=0: clear data
01-24 20:25:30.081   434  5705 I ActivityManager: Killing 18714:br.com.gerenciadorfinanceiro.controller/u0a70 (adj 0): stop br.com.gerenciadorfinanceiro.controller
01-24 20:25:30.082  7206  7251 I dailytrack: HealthSportDataCacheUtil::saveData(),currentThread4=handle_total_data
01-24 20:25:30.091   434  5705 W ActivityManager: Force removing ActivityRecord{caa6be4 u0 br.com.gerenciadorfinanceiro.controller/br.com.mobills.wear.views.MobillsWearActivity t513}: app died, no saved state
01-24 20:25:30.154   323   635 E SurfaceFlinger: Failed to find layer (br.com.gerenciadorfinanceiro.controller/br.com.mobills.wear.views.MobillsWearActivity#0) in layer parent (no-parent).
01-24 20:25:30.385   434   454 W Looper  : Dispatch took 305ms on android.ui, h=Handler (com.android.server.am.ActivityManagerService$UiHandler) {dee4953} cb=null msg=53
01-24 20:25:30.393   434   461 W ActivityManager: setHasOverlayUi called on unknown pid: 18714
01-24 20:25:30.398   434   453 I ActivityManager: Force stopping br.com.gerenciadorfinanceiro.controller appid=10070 user=-1: clearApplicationUserData
01-24 20:25:30.399   335   335 I keystore: clear_uid 10070
01-24 20:25:30.412   434   453 W BroadcastQueue: Background execution not allowed: receiving Intent { act=android.os.UpdateLock.UPDATE_LOCK_CHANGED flg=0x4000010 (has extras) } to com.google.android.gms/.chimera.GmsIntentOperationService$PersistentTrustedReceiver
01-24 20:25:30.455   434   536 E TaskPersister: File error accessing recents directory (directory doesn't exist?).
01-24 20:25:30.471 15691 15691 E Watchface: CocosWatchFaceService::Handler msg: -5 0.0;--
01-24 20:25:30.652 31332 31332 D Avrcp   : AvrcpServiceBroadcastReceiver-> Action: android.intent.action.PACKAGE_DATA_CLEARED
01-24 20:25:30.653 31332 31332 D Avrcp   : packageName: br.com.gerenciadorfinanceiro.controller removed: true
01-24 20:25:30.653 31332 31332 V Avrcp   : isBrowseSupported for br.com.gerenciadorfinanceiro.controller: false
01-24 20:25:30.653 13109 13109 I GeofencerStateMachine: removeGeofences: removeRequest=RemoveGeofencingRequest[REMOVE_ALL packageName=br.com.gerenciadorfinanceiro.controller]
01-24 20:25:30.679 18740 18740 I app_process: System.exit called, status: 0
01-24 20:25:30.679 18740 18740 I AndroidRuntime: VM exiting with result code 0.
01-24 20:25:30.738 13109 18753 I Fitness : Clearing all cached OAuth tokens for: br.com.gerenciadorfinanceiro.controller [CONTEXT service_id=17 ]
01-24 20:25:30.742 13109 18753 I Fitness : Removing all subscriptions for: br.com.gerenciadorfinanceiro.controller [CONTEXT service_id=17 ]
01-24 20:25:30.770   712   712 D RegisteredNfcFServicesCache: Service unchanged, not updating
01-24 20:25:30.872 13109 18753 I Fitness : Clearing all cached OAuth tokens for: br.com.gerenciadorfinanceiro.controller [CONTEXT service_id=17 ]
01-24 20:25:30.882 13109 18753 I Fitness : Removing all subscriptions for: br.com.gerenciadorfinanceiro.controller [CONTEXT service_id=17 ]
01-24 20:25:30.986   712   726 I zygote  : Background concurrent copying GC freed 9920(394KB) AllocSpace objects, 0(0B) LOS objects, 29% free, 1240KB/1752KB, paused 1.276ms total 221.846ms
01-24 20:25:31.222 13109 13122 I zygote  : Background concurrent copying GC freed 31412(2MB) AllocSpace objects, 1(16KB) LOS objects, 19% free, 8MB/10MB, paused 696us total 769.325ms
01-24 20:25:35.087  7206  7251 I dailytrack: HealthSportDataCacheUtil::saveData(),currentThread4=handle_total_data
01-24 20:25:36.220   434   756 I ActivityManager: START u0 {act=api.android.category.MAIN cat=[api.android.intent.LAUNCHER] flg=0x10000000 cmp=br.com.gerenciadorfinanceiro.controller/br.com.mobills.wear.views.MobillsWearActivity} from uid 2000
01-24 20:25:36.290   434  5033 I ActivityManager: Start proc 18768:br.com.gerenciadorfinanceiro.controller/u0a70 for activity br.com.gerenciadorfinanceiro.controller/br.com.mobills.wear.views.MobillsWearActivity
01-24 20:25:36.466   434   462 W ProcessCpuTracker: Skipping unknown process pid 18764
01-24 20:25:36.497   434   756 W ActivityManager: Slow operation: 80ms so far, now at attachApplicationLocked: after mServices.attachApplicationLocked
01-24 20:25:36.549 18768 18768 I chatty  : uid=10070(u0_a70) expire 3 lines
01-24 20:25:36.563   434   453 W BroadcastQueue: Background execution not allowed: receiving Intent { act=android.os.UpdateLock.UPDATE_LOCK_CHANGED flg=0x4000010 (has extras) } to com.google.android.gms/.chimera.GmsIntentOperationService$PersistentTrustedReceiver
01-24 20:25:36.567   434   454 W Looper  : Dispatch took 130ms on android.ui, h=Handler (com.android.server.am.ActivityManagerService$UiHandler) {dee4953} cb=null msg=31
01-24 20:25:36.776   323   403 W HWComposer: Ignoring duplicate VSYNC event from HWC (t=169806281836522)
01-24 20:25:36.783 18768 18778 I chatty  : uid=10070(u0_a70) expire 1 line
01-24 20:25:36.938 18768 18787 I chatty  : uid=10070(u0_a70) expire 11 lines
01-24 20:25:37.039 18787 18787 I chatty  : uid=10070(u0_a70) br.com.gerenciadorfinanceiro.controller expire 1 line
01-24 20:25:37.637 18768 18794 I chatty  : uid=10070(u0_a70) expire 1 line
01-24 20:25:39.793   434   536 E TaskPersister: File error accessing recents directory (directory doesn't exist?).
01-24 20:25:40.089  7206  7251 I dailytrack: HealthSportDataCacheUtil::saveData(),currentThread4=handle_total_data
01-24 20:25:40.369   434   434 W WindowManager: removeWindowToken: Attempted to remove non-existing token: android.os.Binder@51d2235
01-24 20:25:50.095  7206  7251 I dailytrack: HealthSportDataCacheUtil::saveData(),currentThread4=handle_total_data
01-24 20:25:53.398 18795 18795 D AndroidRuntime: >>>>>> START com.android.internal.os.RuntimeInit uid 2000 <<<<<<
01-24 20:25:54.591 18795 18795 D AndroidRuntime: Calling main entry com.android.commands.pm.Pm
01-24 20:25:54.620   434   756 I ActivityManager: Force stopping br.com.gerenciadorfinanceiro.controller appid=10070 user=0: clear data
01-24 20:25:54.622   434   756 I ActivityManager: Killing 18768:br.com.gerenciadorfinanceiro.controller/u0a70 (adj 0): stop br.com.gerenciadorfinanceiro.controller
01-24 20:25:54.632   434   756 W ActivityManager: Force removing ActivityRecord{4209ca4 u0 br.com.gerenciadorfinanceiro.controller/br.com.mobills.wear.views.MobillsWearActivity t514}: app died, no saved state
01-24 20:25:54.893   434   453 I ActivityManager: Force stopping br.com.gerenciadorfinanceiro.controller appid=10070 user=-1: clearApplicationUserData
01-24 20:25:54.909   434   454 W Looper  : Dispatch took 288ms on android.ui, h=Handler (com.android.server.am.ActivityManagerService$UiHandler) {dee4953} cb=null msg=53
01-24 20:25:54.920   434   461 W ActivityManager: setHasOverlayUi called on unknown pid: 18768
01-24 20:25:54.924   434   453 W BroadcastQueue: Background execution not allowed: receiving Intent { act=android.os.UpdateLock.UPDATE_LOCK_CHANGED flg=0x4000010 (has extras) } to com.google.android.gms/.chimera.GmsIntentOperationService$PersistentTrustedReceiver
01-24 20:25:54.925   434   536 E TaskPersister: File error accessing recents directory (directory doesn't exist?).
01-24 20:25:54.985   335   335 I keystore: clear_uid 10070
01-24 20:25:55.009 15691 15691 E Watchface: CocosWatchFaceService::Handler msg: -5 0.0;--
01-24 20:25:55.052 31332 31332 D Avrcp   : AvrcpServiceBroadcastReceiver-> Action: android.intent.action.PACKAGE_DATA_CLEARED
01-24 20:25:55.052 31332 31332 D Avrcp   : packageName: br.com.gerenciadorfinanceiro.controller removed: true
01-24 20:25:55.052 31332 31332 V Avrcp   : isBrowseSupported for br.com.gerenciadorfinanceiro.controller: false
01-24 20:25:55.061 13109 13109 I GeofencerStateMachine: removeGeofences: removeRequest=RemoveGeofencingRequest[REMOVE_ALL packageName=br.com.gerenciadorfinanceiro.controller]
01-24 20:25:55.076 18795 18795 I app_process: System.exit called, status: 0
01-24 20:25:55.076 18795 18795 I AndroidRuntime: VM exiting with result code 0.
01-24 20:25:55.098  7206  7251 I dailytrack: HealthSportDataCacheUtil::saveData(),currentThread4=handle_total_data
01-24 20:25:55.160   712   712 D RegisteredNfcFServicesCache: Service unchanged, not updating
01-24 20:25:55.179 13109 18807 I Fitness : Clearing all cached OAuth tokens for: br.com.gerenciadorfinanceiro.controller [CONTEXT service_id=17 ]
01-24 20:25:55.183 13109 18807 I Fitness : Removing all subscriptions for: br.com.gerenciadorfinanceiro.controller [CONTEXT service_id=17 ]
01-24 20:25:55.267 13109 18807 I Fitness : Clearing all cached OAuth tokens for: br.com.gerenciadorfinanceiro.controller [CONTEXT service_id=17 ]
01-24 20:25:55.281 13109 18807 I Fitness : Removing all subscriptions for: br.com.gerenciadorfinanceiro.controller [CONTEXT service_id=17 ]
01-24 20:25:57.742 32131 32131 D GestureController: Ignoring duplicate ACTION_DOWN event.
01-24 20:26:00.024 15691 15691 D WallpaperUtil: InternalCache: available=1546M
01-24 20:26:00.030 15691 15691 E Watchface: WeatherManager::checkUpdateDisplayWeather() mWeatherInfo is null !
01-24 20:26:00.034 32131 32131 W OngoingChipController: Attempting to remove non-existent UI for chip [com.google.android.wearable.app, media_controls]
01-24 20:26:00.100  7206  7251 I dailytrack: HealthSportDataCacheUtil::saveData(),currentThread4=handle_total_data
01-24 20:26:00.491   434   660 I ActivityManager: START u0 {act=api.android.category.MAIN cat=[api.android.intent.LAUNCHER] flg=0x10000000 cmp=br.com.gerenciadorfinanceiro.controller/br.com.mobills.wear.views.MobillsWearActivity} from uid 2000
01-24 20:26:00.595   434  5033 I ActivityManager: Start proc 18822:br.com.gerenciadorfinanceiro.controller/u0a70 for activity br.com.gerenciadorfinanceiro.controller/br.com.mobills.wear.views.MobillsWearActivity
01-24 20:26:00.765   434  5033 W ActivityManager: Slow operation: 68ms so far, now at attachApplicationLocked: after mServices.attachApplicationLocked
01-24 20:26:00.791   434   453 W BroadcastQueue: Background execution not allowed: receiving Intent { act=android.os.UpdateLock.UPDATE_LOCK_CHANGED flg=0x4000010 (has extras) } to com.google.android.gms/.chimera.GmsIntentOperationService$PersistentTrustedReceiver
01-24 20:26:00.816 18822 18822 I chatty  : uid=10070(u0_a70) expire 3 lines
01-24 20:26:01.134 18822 18832 I chatty  : uid=10070(u0_a70) expire 1 line
01-24 20:26:01.265 18822 18840 I chatty  : uid=10070(u0_a70) expire 11 lines
01-24 20:26:01.359 18840 18840 I chatty  : uid=10070(u0_a70) br.com.gerenciadorfinanceiro.controller expire 1 line
01-24 20:26:01.911 18822 18847 I chatty  : uid=10070(u0_a70) expire 1 line
01-24 20:26:04.065   434   536 E TaskPersister: File error accessing recents directory (directory doesn't exist?).
01-24 20:26:04.658   434   434 W WindowManager: removeWindowToken: Attempted to remove non-existing token: android.os.Binder@4b06d8a
01-24 20:26:05.106  7206  7251 I dailytrack: HealthSportDataCacheUtil::saveData(),currentThread4=handle_total_data
01-24 20:26:10.110  7206  7251 I dailytrack: HealthSportDataCacheUtil::saveData(),currentThread4=handle_total_data
01-24 20:26:11.963   723   723 I battery : BatteryService: mInternalBatteryReceiver onReceive() action = android.intent.action.BATTERY_CHANGED
01-24 20:26:11.970 31787 31787 I ADVLog  : ADV.SensorService:/BatteryTemperature: 340  /isUsbOrAc: 1
01-24 20:26:11.987   319   319 D WifiHAL : In DebugCommand::handleResponse
01-24 20:26:11.988   319   319 D WifiHAL : len = 4, expected len = 4
01-24 20:26:12.012   434   660 E BatteryStatsService: no controller energy info supplied
01-24 20:26:12.175   723   737 I zygote  : Background concurrent copying GC freed 7624(641KB) AllocSpace objects, 2(192KB) LOS objects, 24% free, 1975KB/2MB, paused 2.765ms total 104.284ms
01-24 20:26:15.114  7206  7251 I dailytrack: HealthSportDataCacheUtil::saveData(),currentThread4=handle_total_data
01-24 20:26:17.712 18848 18848 D AndroidRuntime: >>>>>> START com.android.internal.os.RuntimeInit uid 2000 <<<<<<
01-24 20:26:18.948 18848 18848 D AndroidRuntime: Calling main entry com.android.commands.pm.Pm
01-24 20:26:12.015   434   660 I chatty  : uid=1000(system) Binder:434_5 identical 1 line
01-24 20:26:12.015   434   660 E BatteryStatsService: no controller energy info supplied
01-24 20:26:18.983   434   660 I ActivityManager: Force stopping br.com.gerenciadorfinanceiro.controller appid=10070 user=0: clear data
01-24 20:26:18.984   434   660 I ActivityManager: Killing 18822:br.com.gerenciadorfinanceiro.controller/u0a70 (adj 0): stop br.com.gerenciadorfinanceiro.controller
01-24 20:26:18.989   434   660 W ActivityManager: Force removing ActivityRecord{119dbcd u0 br.com.gerenciadorfinanceiro.controller/br.com.mobills.wear.views.MobillsWearActivity t515}: app died, no saved state
01-24 20:26:19.287   434   454 W Looper  : Dispatch took 290ms on android.ui, h=Handler (com.android.server.am.ActivityManagerService$UiHandler) {dee4953} cb=null msg=53
01-24 20:26:19.299 15691 15691 E Watchface: CocosWatchFaceService::Handler msg: -5 0.0;--
01-24 20:26:19.307   434   461 W ActivityManager: setHasOverlayUi called on unknown pid: 18822
01-24 20:26:19.312   434   453 I ActivityManager: Force stopping br.com.gerenciadorfinanceiro.controller appid=10070 user=-1: clearApplicationUserData
01-24 20:26:19.314   434   453 W BroadcastQueue: Background execution not allowed: receiving Intent { act=android.os.UpdateLock.UPDATE_LOCK_CHANGED flg=0x4000010 (has extras) } to com.google.android.gms/.chimera.GmsIntentOperationService$PersistentTrustedReceiver
01-24 20:26:19.371   335   335 I keystore: clear_uid 10070
01-24 20:26:19.372   434   536 E TaskPersister: File error accessing recents directory (directory doesn't exist?).
01-24 20:26:19.493 13109 13109 I GeofencerStateMachine: removeGeofences: removeRequest=RemoveGeofencingRequest[REMOVE_ALL packageName=br.com.gerenciadorfinanceiro.controller]
01-24 20:26:19.502 31332 31332 D Avrcp   : AvrcpServiceBroadcastReceiver-> Action: android.intent.action.PACKAGE_DATA_CLEARED
01-24 20:26:19.502 31332 31332 D Avrcp   : packageName: br.com.gerenciadorfinanceiro.controller removed: true
01-24 20:26:19.502 31332 31332 V Avrcp   : isBrowseSupported for br.com.gerenciadorfinanceiro.controller: false
01-24 20:26:19.512 18848 18848 I app_process: System.exit called, status: 0
01-24 20:26:19.512 18848 18848 I AndroidRuntime: VM exiting with result code 0.
01-24 20:26:19.582   712   712 D RegisteredNfcFServicesCache: Service unchanged, not updating
01-24 20:26:19.612 13109 18860 I Fitness : Clearing all cached OAuth tokens for: br.com.gerenciadorfinanceiro.controller [CONTEXT service_id=17 ]
01-24 20:26:19.627 13109 18860 I Fitness : Removing all subscriptions for: br.com.gerenciadorfinanceiro.controller [CONTEXT service_id=17 ]
01-24 20:26:19.672 13109 18860 I Fitness : Clearing all cached OAuth tokens for: br.com.gerenciadorfinanceiro.controller [CONTEXT service_id=17 ]
01-24 20:26:19.683 13109 18860 I Fitness : Removing all subscriptions for: br.com.gerenciadorfinanceiro.controller [CONTEXT service_id=17 ]
01-24 20:26:20.116  7206  7251 I dailytrack: HealthSportDataCacheUtil::saveData(),currentThread4=handle_total_data
01-24 20:26:25.121  7206  7251 I dailytrack: HealthSportDataCacheUtil::saveData(),currentThread4=handle_total_data
01-24 20:26:25.170   434   660 I ActivityManager: START u0 {act=api.android.category.MAIN cat=[api.android.intent.LAUNCHER] flg=0x10000000 cmp=br.com.gerenciadorfinanceiro.controller/br.com.mobills.wear.views.MobillsWearActivity} from uid 2000
01-24 20:26:25.268   434   756 I ActivityManager: Start proc 18876:br.com.gerenciadorfinanceiro.controller/u0a70 for activity br.com.gerenciadorfinanceiro.controller/br.com.mobills.wear.views.MobillsWearActivity
01-24 20:26:25.454   434   756 W ActivityManager: Slow operation: 82ms so far, now at attachApplicationLocked: after mServices.attachApplicationLocked
01-24 20:26:25.459   434   453 W BroadcastQueue: Background execution not allowed: receiving Intent { act=android.os.UpdateLock.UPDATE_LOCK_CHANGED flg=0x4000010 (has extras) } to com.google.android.gms/.chimera.GmsIntentOperationService$PersistentTrustedReceiver
01-24 20:26:25.510 18876 18876 I chatty  : uid=10070(u0_a70) expire 3 lines
01-24 20:26:25.869 18876 18894 I chatty  : uid=10070(u0_a70) expire 11 lines
01-24 20:26:25.989 18894 18894 I chatty  : uid=10070(u0_a70) br.com.gerenciadorfinanceiro.controller expire 1 line
01-24 20:26:26.560 18876 18902 I chatty  : uid=10070(u0_a70) expire 1 line
01-24 20:26:28.734   434   536 E TaskPersister: File error accessing recents directory (directory doesn't exist?).
01-24 20:26:29.321   434   434 W WindowManager: removeWindowToken: Attempted to remove non-existing token: android.os.Binder@6d3b44a
01-24 20:26:30.127  7206  7251 I dailytrack: HealthSportDataCacheUtil::saveData(),currentThread4=handle_total_data
01-24 20:26:40.139  7206  7251 I dailytrack: HealthSportDataCacheUtil::saveData(),currentThread4=handle_total_data
01-24 20:26:42.444 18903 18903 D AndroidRuntime: >>>>>> START com.android.internal.os.RuntimeInit uid 2000 <<<<<<
01-24 20:26:43.710 18903 18903 D AndroidRuntime: Calling main entry com.android.commands.pm.Pm
01-24 20:26:43.741   434  4786 I ActivityManager: Force stopping br.com.gerenciadorfinanceiro.controller appid=10070 user=0: clear data
01-24 20:26:43.743   434  4786 I ActivityManager: Killing 18876:br.com.gerenciadorfinanceiro.controller/u0a70 (adj 0): stop br.com.gerenciadorfinanceiro.controller
01-24 20:26:43.752   434  4786 W ActivityManager: Force removing ActivityRecord{3769d8d u0 br.com.gerenciadorfinanceiro.controller/br.com.mobills.wear.views.MobillsWearActivity t516}: app died, no saved state
01-24 20:26:43.944   434   660 W InputMethodManagerService: Got RemoteException sending setActive(false) notification to pid 18876 uid 10070
01-24 20:26:44.013   434   454 W Looper  : Dispatch took 271ms on android.ui, h=Handler (com.android.server.am.ActivityManagerService$UiHandler) {dee4953} cb=null msg=53
01-24 20:26:44.045   434   461 W ActivityManager: setHasOverlayUi called on unknown pid: 18876
01-24 20:26:44.053   434   453 I ActivityManager: Force stopping br.com.gerenciadorfinanceiro.controller appid=10070 user=-1: clearApplicationUserData
01-24 20:26:44.093   335   335 I keystore: clear_uid 10070
01-24 20:26:44.097 15691 15691 E Watchface: CocosWatchFaceService::Handler msg: -5 0.0;--
01-24 20:26:44.107   434   453 W BroadcastQueue: Background execution not allowed: receiving Intent { act=android.os.UpdateLock.UPDATE_LOCK_CHANGED flg=0x4000010 (has extras) } to com.google.android.gms/.chimera.GmsIntentOperationService$PersistentTrustedReceiver
01-24 20:26:44.109   434   536 E TaskPersister: File error accessing recents directory (directory doesn't exist?).
01-24 20:26:44.210 13109 13109 I GeofencerStateMachine: removeGeofences: removeRequest=RemoveGeofencingRequest[REMOVE_ALL packageName=br.com.gerenciadorfinanceiro.controller]
01-24 20:26:44.213 31332 31332 D Avrcp   : AvrcpServiceBroadcastReceiver-> Action: android.intent.action.PACKAGE_DATA_CLEARED
01-24 20:26:44.213 31332 31332 D Avrcp   : packageName: br.com.gerenciadorfinanceiro.controller removed: true
01-24 20:26:44.214 31332 31332 V Avrcp   : isBrowseSupported for br.com.gerenciadorfinanceiro.controller: false
01-24 20:26:44.275 18903 18903 I app_process: System.exit called, status: 0
01-24 20:26:44.275 18903 18903 I AndroidRuntime: VM exiting with result code 0.
01-24 20:26:44.313   712   712 D RegisteredNfcFServicesCache: Service unchanged, not updating
01-24 20:26:44.323 13109 18918 I Fitness : Clearing all cached OAuth tokens for: br.com.gerenciadorfinanceiro.controller [CONTEXT service_id=17 ]
01-24 20:26:44.333 13109 18918 I Fitness : Removing all subscriptions for: br.com.gerenciadorfinanceiro.controller [CONTEXT service_id=17 ]
01-24 20:26:44.412 13109 18918 I Fitness : Clearing all cached OAuth tokens for: br.com.gerenciadorfinanceiro.controller [CONTEXT service_id=17 ]
01-24 20:26:44.421 13109 18918 I Fitness : Removing all subscriptions for: br.com.gerenciadorfinanceiro.controller [CONTEXT service_id=17 ]
01-24 20:26:45.143  7206  7251 I dailytrack: HealthSportDataCacheUtil::saveData(),currentThread4=handle_total_data
01-24 20:26:49.715   434   756 I ActivityManager: START u0 {act=api.android.category.MAIN cat=[api.android.intent.LAUNCHER] flg=0x10000000 cmp=br.com.gerenciadorfinanceiro.controller/br.com.mobills.wear.views.MobillsWearActivity} from uid 2000
01-24 20:26:49.800   434  1694 I ActivityManager: Start proc 18929:br.com.gerenciadorfinanceiro.controller/u0a70 for activity br.com.gerenciadorfinanceiro.controller/br.com.mobills.wear.views.MobillsWearActivity
01-24 20:26:49.949   434   756 W ActivityManager: Slow operation: 87ms so far, now at attachApplicationLocked: after mServices.attachApplicationLocked
01-24 20:26:50.007   434   453 W BroadcastQueue: Background execution not allowed: receiving Intent { act=android.os.UpdateLock.UPDATE_LOCK_CHANGED flg=0x4000010 (has extras) } to com.google.android.gms/.chimera.GmsIntentOperationService$PersistentTrustedReceiver
01-24 20:26:50.020 18929 18929 I chatty  : uid=10070(u0_a70) expire 3 lines
01-24 20:26:50.147  7206  7251 I dailytrack: HealthSportDataCacheUtil::saveData(),currentThread4=handle_total_data
01-24 20:26:50.170 18929 18939 I chatty  : uid=10070(u0_a70) expire 2 lines
01-24 20:26:50.428 18929 18947 I chatty  : uid=10070(u0_a70) expire 11 lines
01-24 20:26:50.539 18947 18947 I chatty  : uid=10070(u0_a70) br.com.gerenciadorfinanceiro.controller expire 1 line
01-24 20:26:51.148 18929 18954 I chatty  : uid=10070(u0_a70) expire 1 line
01-24 20:26:53.290   434   536 E TaskPersister: File error accessing recents directory (directory doesn't exist?).
01-24 20:26:53.877   434   434 W WindowManager: removeWindowToken: Attempted to remove non-existing token: android.os.Binder@fbbb0a
01-24 20:26:55.155  7206  7251 I dailytrack: HealthSportDataCacheUtil::saveData(),currentThread4=handle_total_data
01-24 20:27:00.015 15691 15691 D WallpaperUtil: InternalCache: available=1546M
01-24 20:27:00.031 15691 15691 E Watchface: WeatherManager::checkUpdateDisplayWeather() mWeatherInfo is null !
01-24 20:27:00.039 32131 32131 W OngoingChipController: Attempting to remove non-existent UI for chip [com.google.android.wearable.app, media_controls]
01-24 20:27:00.157  7206  7251 I dailytrack: HealthSportDataCacheUtil::saveData(),currentThread4=handle_total_data
01-24 20:27:05.162  7206  7251 I dailytrack: HealthSportDataCacheUtil::saveData(),currentThread4=handle_total_data
01-24 20:27:06.857 18955 18955 D AndroidRuntime: >>>>>> START com.android.internal.os.RuntimeInit uid 2000 <<<<<<
01-24 20:27:08.055 18955 18955 D AndroidRuntime: Calling main entry com.android.commands.pm.Pm
01-24 20:27:08.088   434  4786 I ActivityManager: Force stopping br.com.gerenciadorfinanceiro.controller appid=10070 user=0: clear data
01-24 20:27:08.089   434  4786 I ActivityManager: Killing 18929:br.com.gerenciadorfinanceiro.controller/u0a70 (adj 0): stop br.com.gerenciadorfinanceiro.controller
01-24 20:27:08.093   434  4786 W ActivityManager: Force removing ActivityRecord{14b1f4d u0 br.com.gerenciadorfinanceiro.controller/br.com.mobills.wear.views.MobillsWearActivity t517}: app died, no saved state
01-24 20:27:08.367   434   454 W Looper  : Dispatch took 279ms on android.ui, h=Handler (com.android.server.am.ActivityManagerService$UiHandler) {dee4953} cb=null msg=53
01-24 20:27:08.395   434   453 W BroadcastQueue: Background execution not allowed: receiving Intent { act=android.os.UpdateLock.UPDATE_LOCK_CHANGED flg=0x4000010 (has extras) } to com.google.android.gms/.chimera.GmsIntentOperationService$PersistentTrustedReceiver
01-24 20:27:08.397   434   453 I ActivityManager: Force stopping br.com.gerenciadorfinanceiro.controller appid=10070 user=-1: clearApplicationUserData
01-24 20:27:08.437 15691 15691 E Watchface: CocosWatchFaceService::Handler msg: -5 0.0;--
01-24 20:27:08.449   434   461 W ActivityManager: setHasOverlayUi called on unknown pid: 18929
01-24 20:27:08.459   434   536 E TaskPersister: File error accessing recents directory (directory doesn't exist?).
01-24 20:27:08.466   335   335 I keystore: clear_uid 10070
01-24 20:27:08.572 13109 13109 I GeofencerStateMachine: removeGeofences: removeRequest=RemoveGeofencingRequest[REMOVE_ALL packageName=br.com.gerenciadorfinanceiro.controller]
01-24 20:27:08.583 31332 31332 D Avrcp   : AvrcpServiceBroadcastReceiver-> Action: android.intent.action.PACKAGE_DATA_CLEARED
01-24 20:27:08.583 31332 31332 D Avrcp   : packageName: br.com.gerenciadorfinanceiro.controller removed: true
01-24 20:27:08.584 31332 31332 V Avrcp   : isBrowseSupported for br.com.gerenciadorfinanceiro.controller: false
01-24 20:27:08.602 18955 18955 I app_process: System.exit called, status: 0
01-24 20:27:08.602 18955 18955 I AndroidRuntime: VM exiting with result code 0.
01-24 20:27:08.610 15691 15701 I zygote  : Background concurrent copying GC freed 4529(399KB) AllocSpace objects, 0(0B) LOS objects, 28% free, 1272KB/1784KB, paused 527us total 224.750ms
01-24 20:27:08.682   712   712 D RegisteredNfcFServicesCache: Service unchanged, not updating
01-24 20:27:08.724 13109 18966 I Fitness : Clearing all cached OAuth tokens for: br.com.gerenciadorfinanceiro.controller [CONTEXT service_id=17 ]
01-24 20:27:08.733 13109 18966 I Fitness : Removing all subscriptions for: br.com.gerenciadorfinanceiro.controller [CONTEXT service_id=17 ]
01-24 20:27:08.780 13109 18966 I Fitness : Clearing all cached OAuth tokens for: br.com.gerenciadorfinanceiro.controller [CONTEXT service_id=17 ]
01-24 20:27:08.795 13109 18966 I Fitness : Removing all subscriptions for: br.com.gerenciadorfinanceiro.controller [CONTEXT service_id=17 ]
01-24 20:27:10.167  7206  7251 I dailytrack: HealthSportDataCacheUtil::saveData(),currentThread4=handle_total_data
01-24 20:27:14.318   434  1679 I ActivityManager: START u0 {act=api.android.category.MAIN cat=[api.android.intent.LAUNCHER] flg=0x10000000 cmp=br.com.gerenciadorfinanceiro.controller/br.com.mobills.wear.views.MobillsWearActivity} from uid 2000
01-24 20:27:14.394   434  4786 I ActivityManager: Start proc 18981:br.com.gerenciadorfinanceiro.controller/u0a70 for activity br.com.gerenciadorfinanceiro.controller/br.com.mobills.wear.views.MobillsWearActivity
01-24 20:27:14.592   434  1679 W ActivityManager: Slow operation: 98ms so far, now at attachApplicationLocked: after mServices.attachApplicationLocked
01-24 20:27:14.610   434   453 W BroadcastQueue: Background execution not allowed: receiving Intent { act=android.os.UpdateLock.UPDATE_LOCK_CHANGED flg=0x4000010 (has extras) } to com.google.android.gms/.chimera.GmsIntentOperationService$PersistentTrustedReceiver
01-24 20:27:14.687 18981 18981 I chatty  : uid=10070(u0_a70) expire 4 lines
01-24 20:27:14.800 18981 18991 I chatty  : uid=10070(u0_a70) expire 1 line
01-24 20:27:15.041 18981 18999 I chatty  : uid=10070(u0_a70) expire 11 lines
01-24 20:27:15.169 18999 18999 I chatty  : uid=10070(u0_a70) br.com.gerenciadorfinanceiro.controller expire 1 line
01-24 20:27:15.171  7206  7251 I dailytrack: HealthSportDataCacheUtil::saveData(),currentThread4=handle_total_data
01-24 20:27:15.825 18981 19006 I chatty  : uid=10070(u0_a70) expire 1 line
01-24 20:27:17.889   434   536 E TaskPersister: File error accessing recents directory (directory doesn't exist?).
01-24 20:27:18.500   434   434 W WindowManager: removeWindowToken: Attempted to remove non-existing token: android.os.Binder@7c6ff3b
01-24 20:27:20.176  7206  7251 I dailytrack: HealthSportDataCacheUtil::saveData(),currentThread4=handle_total_data
01-24 20:27:30.186  7206  7251 I dailytrack: HealthSportDataCacheUtil::saveData(),currentThread4=handle_total_data
01-24 20:27:31.561 19008 19008 D AndroidRuntime: >>>>>> START com.android.internal.os.RuntimeInit uid 2000 <<<<<<
01-24 20:27:32.803 19008 19008 D AndroidRuntime: Calling main entry com.android.commands.pm.Pm
01-24 20:27:32.829   434 13083 I ActivityManager: Force stopping br.com.gerenciadorfinanceiro.controller appid=10070 user=0: clear data
01-24 20:27:32.831   434 13083 I ActivityManager: Killing 18981:br.com.gerenciadorfinanceiro.controller/u0a70 (adj 0): stop br.com.gerenciadorfinanceiro.controller
01-24 20:27:32.835   434 13083 W ActivityManager: Force removing ActivityRecord{9d478c2 u0 br.com.gerenciadorfinanceiro.controller/br.com.mobills.wear.views.MobillsWearActivity t518}: app died, no saved state
01-24 20:27:33.075   434   454 W Looper  : Dispatch took 245ms on android.ui, h=Handler (com.android.server.am.ActivityManagerService$UiHandler) {dee4953} cb=null msg=53
01-24 20:27:33.079   434   461 W ActivityManager: setHasOverlayUi called on unknown pid: 18981
01-24 20:27:33.097   434   453 I ActivityManager: Force stopping br.com.gerenciadorfinanceiro.controller appid=10070 user=-1: clearApplicationUserData
01-24 20:27:33.129 15691 15691 E Watchface: CocosWatchFaceService::Handler msg: -5 0.0;--
01-24 20:27:33.131   434   453 W BroadcastQueue: Background execution not allowed: receiving Intent { act=android.os.UpdateLock.UPDATE_LOCK_CHANGED flg=0x4000010 (has extras) } to com.google.android.gms/.chimera.GmsIntentOperationService$PersistentTrustedReceiver
01-24 20:27:33.145   434   536 E TaskPersister: File error accessing recents directory (directory doesn't exist?).
01-24 20:27:33.179   335   335 I keystore: clear_uid 10070
01-24 20:27:33.244 31332 31332 D Avrcp   : AvrcpServiceBroadcastReceiver-> Action: android.intent.action.PACKAGE_DATA_CLEARED
01-24 20:27:33.245 31332 31332 D Avrcp   : packageName: br.com.gerenciadorfinanceiro.controller removed: true
01-24 20:27:33.245 31332 31332 V Avrcp   : isBrowseSupported for br.com.gerenciadorfinanceiro.controller: false
01-24 20:27:33.248 13109 13109 I GeofencerStateMachine: removeGeofences: removeRequest=RemoveGeofencingRequest[REMOVE_ALL packageName=br.com.gerenciadorfinanceiro.controller]
01-24 20:27:33.269 19008 19008 I app_process: System.exit called, status: 0
01-24 20:27:33.269 19008 19008 I AndroidRuntime: VM exiting with result code 0.
01-24 20:27:33.317   712   712 D RegisteredNfcFServicesCache: Service unchanged, not updating
01-24 20:27:33.352 13109 19019 I Fitness : Clearing all cached OAuth tokens for: br.com.gerenciadorfinanceiro.controller [CONTEXT service_id=17 ]
01-24 20:27:33.355 13109 19019 I Fitness : Removing all subscriptions for: br.com.gerenciadorfinanceiro.controller [CONTEXT service_id=17 ]
01-24 20:27:33.411 13109 19019 I Fitness : Clearing all cached OAuth tokens for: br.com.gerenciadorfinanceiro.controller [CONTEXT service_id=17 ]
01-24 20:27:33.441 13109 19019 I Fitness : Removing all subscriptions for: br.com.gerenciadorfinanceiro.controller [CONTEXT service_id=17 ]
01-24 20:27:33.809 13109 13122 I zygote  : Background concurrent copying GC freed 37453(2MB) AllocSpace objects, 0(0B) LOS objects, 20% free, 7MB/9MB, paused 29.198ms total 550.867ms
01-24 20:27:35.192  7206  7251 I dailytrack: HealthSportDataCacheUtil::saveData(),currentThread4=handle_total_data
01-24 20:27:38.827 31332 31384 E bt_btif : bta_dm_pm_btm_status hci_status=35
