01-24 20:30:15.362  7206  7251 I dailytrack: HealthSportDataCacheUtil::saveData(),currentThread4=handle_total_data
01-24 20:30:20.370  7206  7251 I dailytrack: HealthSportDataCacheUtil::saveData(),currentThread4=handle_total_data
01-24 20:30:25.010 19406 19406 D AndroidRuntime: >>>>>> START com.android.internal.os.RuntimeInit uid 2000 <<<<<<
01-24 20:30:25.374  7206  7251 I dailytrack: HealthSportDataCacheUtil::saveData(),currentThread4=handle_total_data
01-24 20:30:26.288 19406 19406 D AndroidRuntime: Calling main entry com.android.commands.pm.Pm
01-24 20:30:12.000   434 13083 I chatty  : uid=1000(system) Binder:434_1F identical 1 line
01-24 20:30:12.001   434 13083 E BatteryStatsService: no controller energy info supplied
01-24 20:30:26.317   434  3482 I ActivityManager: Force stopping br.com.gerenciadorfinanceiro.controller appid=10070 user=0: clear data
01-24 20:30:26.319   434  3482 I ActivityManager: Killing 19379:br.com.gerenciadorfinanceiro.controller/u0a70 (adj 0): stop br.com.gerenciadorfinanceiro.controller
01-24 20:30:26.329   434  3482 W ActivityManager: Force removing ActivityRecord{790c72 u0 br.com.gerenciadorfinanceiro.controller/br.com.mobills.wear.views.MobillsWearActivity t525}: app died, no saved state
01-24 20:30:26.384   323   433 E SurfaceFlinger: Failed to find layer (br.com.gerenciadorfinanceiro.controller/br.com.mobills.wear.views.MobillsWearActivity#0) in layer parent (no-parent).
01-24 20:30:26.612   434   454 W Looper  : Dispatch took 294ms on android.ui, h=Handler (com.android.server.am.ActivityManagerService$UiHandler) {dee4953} cb=null msg=53
01-24 20:30:26.665   434   453 W BroadcastQueue: Background execution not allowed: receiving Intent { act=android.os.UpdateLock.UPDATE_LOCK_CHANGED flg=0x4000010 (has extras) } to com.google.android.gms/.chimera.GmsIntentOperationService$PersistentTrustedReceiver
01-24 20:30:26.681   434   453 I ActivityManager: Force stopping br.com.gerenciadorfinanceiro.controller appid=10070 user=-1: clearApplicationUserData
01-24 20:30:26.693   434   461 W ActivityManager: setHasOverlayUi called on unknown pid: 19379
01-24 20:30:26.709 15691 15691 E Watchface: CocosWatchFaceService::Handler msg: -5 0.0;--
01-24 20:30:26.737   434   536 E TaskPersister: File error accessing recents directory (directory doesn't exist?).
01-24 20:30:26.741   335   335 I keystore: clear_uid 10070
01-24 20:30:26.809 19406 19406 I app_process: System.exit called, status: 0
01-24 20:30:26.809 19406 19406 I AndroidRuntime: VM exiting with result code 0.
01-24 20:30:26.818 13109 13109 I GeofencerStateMachine: removeGeofences: removeRequest=RemoveGeofencingRequest[REMOVE_ALL packageName=br.com.gerenciadorfinanceiro.controller]
01-24 20:30:26.824 31332 31332 D Avrcp   : AvrcpServiceBroadcastReceiver-> Action: android.intent.action.PACKAGE_DATA_CLEARED
01-24 20:30:26.824 31332 31332 D Avrcp   : packageName: br.com.gerenciadorfinanceiro.controller removed: true
01-24 20:30:26.824 31332 31332 V Avrcp   : isBrowseSupported for br.com.gerenciadorfinanceiro.controller: false
01-24 20:30:26.909   712   712 D RegisteredNfcFServicesCache: Service unchanged, not updating
01-24 20:30:26.927 13109 19417 I Fitness : Clearing all cached OAuth tokens for: br.com.gerenciadorfinanceiro.controller [CONTEXT service_id=17 ]
01-24 20:30:26.944 13109 19417 I Fitness : Removing all subscriptions for: br.com.gerenciadorfinanceiro.controller [CONTEXT service_id=17 ]
01-24 20:30:26.999 13109 19417 I Fitness : Clearing all cached OAuth tokens for: br.com.gerenciadorfinanceiro.controller [CONTEXT service_id=17 ]
01-24 20:30:27.001 13109 19417 I Fitness : Removing all subscriptions for: br.com.gerenciadorfinanceiro.controller [CONTEXT service_id=17 ]
01-24 20:30:30.379  7206  7251 I dailytrack: HealthSportDataCacheUtil::saveData(),currentThread4=handle_total_data
01-24 20:30:32.361   434  5033 I ActivityManager: START u0 {act=api.android.category.MAIN cat=[api.android.intent.LAUNCHER] flg=0x10000000 cmp=br.com.gerenciadorfinanceiro.controller/br.com.mobills.wear.views.MobillsWearActivity} from uid 2000
01-24 20:30:32.446   434  3482 I ActivityManager: Start proc 19432:br.com.gerenciadorfinanceiro.controller/u0a70 for activity br.com.gerenciadorfinanceiro.controller/br.com.mobills.wear.views.MobillsWearActivity
01-24 20:30:32.647   434  3482 W ActivityManager: Slow operation: 75ms so far, now at attachApplicationLocked: after mServices.attachApplicationLocked
01-24 20:30:32.652   434   453 W BroadcastQueue: Background execution not allowed: receiving Intent { act=android.os.UpdateLock.UPDATE_LOCK_CHANGED flg=0x4000010 (has extras) } to com.google.android.gms/.chimera.GmsIntentOperationService$PersistentTrustedReceiver
01-24 20:30:32.737 19432 19432 W ResourceType: ResTable_typeSpec entry count inconsistent: given 183, previously 186
01-24 20:30:32.758 19432 19432 W ResourceType: ResTable_typeSpec entry count inconsistent: given 183, previously 186
01-24 20:30:32.810 31332 31384 E bt_btif : bta_dm_pm_btm_status hci_status=35
01-24 20:30:32.856 19432 19442 I zygote  : Background concurrent copying GC freed 594(380KB) AllocSpace objects, 0(0B) LOS objects, 32% free, 1058KB/1570KB, paused 39.916ms total 195.030ms
01-24 20:30:33.086 19432 19450 D OpenGLRenderer: HWUI GL Pipeline
01-24 20:30:33.213 19432 19450 I Adreno-EGL: <qeglDrvAPI_eglInitialize:379>: EGL 1.4 QUALCOMM build:  (I7af58d6928)
01-24 20:30:33.213 19432 19450 I Adreno-EGL: OpenGL ES Shader Compiler Version: E031.35.01.00
01-24 20:30:33.213 19432 19450 I Adreno-EGL: Build Date: 09/14/17 Thu
01-24 20:30:33.213 19432 19450 I Adreno-EGL: Local Branch: gfx-adreno.lnx.1.0
01-24 20:30:33.213 19432 19450 I Adreno-EGL: Remote Branch: 
01-24 20:30:33.213 19432 19450 I Adreno-EGL: Local Patches: 
01-24 20:30:33.213 19432 19450 I Adreno-EGL: Reconstruct Branch: 
01-24 20:30:33.220 19432 19450 I vndksupport: sphal namespace is not configured for this process. Loading /vendor/lib/hw/gralloc.msm8909.so from the current namespace instead.
01-24 20:30:33.229 19450 19450 W RenderThread: type=1400 audit(0.0:602): avc: denied { read } for name="gpuclk" dev="sysfs" ino=18862 scontext=u:r:untrusted_app:s0:c512,c768 tcontext=u:object_r:sysfs:s0 tclass=file permissive=0
01-24 20:30:33.234 19432 19450 I OpenGLRenderer: Initialized EGL, version 1.4
01-24 20:30:33.234 19432 19450 D OpenGLRenderer: Swap behavior 1
01-24 20:30:33.241 19432 19450 W Adreno-ES20: <get_gpu_clk:229>: open failed: errno 13
01-24 20:30:33.253 19432 19442 I zygote  : Background concurrent copying GC freed 1632(315KB) AllocSpace objects, 1(20KB) LOS objects, 30% free, 1194KB/1706KB, paused 647us total 118.803ms
01-24 20:30:33.255 19432 19450 W Adreno-EGL: <qeglDrvAPI_eglGetConfigAttrib:612>: EGL_BAD_ATTRIBUTE
01-24 20:30:33.257 19432 19450 I vndksupport: sphal namespace is not configured for this process. Loading /vendor/lib/hw/gralloc.msm8909.so from the current namespace instead.
01-24 20:30:33.288 19432 19450 W Adreno-EGL: <qeglDrvAPI_eglGetConfigAttrib:612>: EGL_BAD_ATTRIBUTE
01-24 20:30:33.292 19432 19450 I vndksupport: sphal namespace is not configured for this process. Loading /vendor/lib/hw/gralloc.msm8909.so from the current namespace instead.
01-24 20:30:33.335 19432 19450 I vndksupport: sphal namespace is not configured for this process. Loading /vendor/lib/hw/gralloc.msm8909.so from the current namespace instead.
01-24 20:30:33.701 19432 19432 I [mobills-wear]:  - GoogleApiClient connected
01-24 20:30:33.836 19432 19458 I [mobills-wear]: Dados:  enviados para: Pixel 2 PutDataRequest[dataSz=51, numAssets=0, uri=wear:/mobills_phone_data, syncDeadline=1800000]
01-24 20:30:35.384  7206  7251 I dailytrack: HealthSportDataCacheUtil::saveData(),currentThread4=handle_total_data
01-24 20:30:35.937   434   536 E TaskPersister: File error accessing recents directory (directory doesn't exist?).
01-24 20:30:36.557   434   434 W WindowManager: removeWindowToken: Attempted to remove non-existing token: android.os.Binder@a1ffaeb
01-24 20:30:40.389  7206  7251 I dailytrack: HealthSportDataCacheUtil::saveData(),currentThread4=handle_total_data
01-24 20:30:45.395  7206  7251 I dailytrack: HealthSportDataCacheUtil::saveData(),currentThread4=handle_total_data
01-24 20:30:49.605 19459 19459 D AndroidRuntime: >>>>>> START com.android.internal.os.RuntimeInit uid 2000 <<<<<<
01-24 20:30:50.396  7206  7251 I dailytrack: HealthSportDataCacheUtil::saveData(),currentThread4=handle_total_data
01-24 20:30:50.886 19459 19459 D AndroidRuntime: Calling main entry com.android.commands.pm.Pm
01-24 20:30:50.920   434  5033 I ActivityManager: Force stopping br.com.gerenciadorfinanceiro.controller appid=10070 user=0: clear data
01-24 20:30:50.923   434  5033 I ActivityManager: Killing 19432:br.com.gerenciadorfinanceiro.controller/u0a70 (adj 0): stop br.com.gerenciadorfinanceiro.controller
01-24 20:30:50.930   434  5033 W ActivityManager: Force removing ActivityRecord{bc97b32 u0 br.com.gerenciadorfinanceiro.controller/br.com.mobills.wear.views.MobillsWearActivity t526}: app died, no saved state
01-24 20:30:51.186   434   454 W Looper  : Dispatch took 264ms on android.ui, h=Handler (com.android.server.am.ActivityManagerService$UiHandler) {dee4953} cb=null msg=53
01-24 20:30:51.202   434   461 W ActivityManager: setHasOverlayUi called on unknown pid: 19432
01-24 20:30:51.230   434   453 W BroadcastQueue: Background execution not allowed: receiving Intent { act=android.os.UpdateLock.UPDATE_LOCK_CHANGED flg=0x4000010 (has extras) } to com.google.android.gms/.chimera.GmsIntentOperationService$PersistentTrustedReceiver
01-24 20:30:51.253   434   453 I ActivityManager: Force stopping br.com.gerenciadorfinanceiro.controller appid=10070 user=-1: clearApplicationUserData
01-24 20:30:51.268 15691 15691 E Watchface: CocosWatchFaceService::Handler msg: -5 0.0;--
01-24 20:30:51.306   434   536 E TaskPersister: File error accessing recents directory (directory doesn't exist?).
01-24 20:30:51.312   335   335 I keystore: clear_uid 10070
01-24 20:30:51.418 13109 13109 I GeofencerStateMachine: removeGeofences: removeRequest=RemoveGeofencingRequest[REMOVE_ALL packageName=br.com.gerenciadorfinanceiro.controller]
01-24 20:30:51.421 31332 31332 D Avrcp   : AvrcpServiceBroadcastReceiver-> Action: android.intent.action.PACKAGE_DATA_CLEARED
01-24 20:30:51.421 31332 31332 D Avrcp   : packageName: br.com.gerenciadorfinanceiro.controller removed: true
01-24 20:30:51.421 31332 31332 V Avrcp   : isBrowseSupported for br.com.gerenciadorfinanceiro.controller: false
01-24 20:30:51.433 19459 19459 I app_process: System.exit called, status: 0
01-24 20:30:51.433 19459 19459 I AndroidRuntime: VM exiting with result code 0.
01-24 20:30:51.511 13109 19470 I Fitness : Clearing all cached OAuth tokens for: br.com.gerenciadorfinanceiro.controller [CONTEXT service_id=17 ]
01-24 20:30:51.518 13109 19470 I Fitness : Removing all subscriptions for: br.com.gerenciadorfinanceiro.controller [CONTEXT service_id=17 ]
01-24 20:30:51.573   712   712 D RegisteredNfcFServicesCache: Service unchanged, not updating
01-24 20:30:51.604 13109 19470 I Fitness : Clearing all cached OAuth tokens for: br.com.gerenciadorfinanceiro.controller [CONTEXT service_id=17 ]
01-24 20:30:51.609 13109 19470 I Fitness : Removing all subscriptions for: br.com.gerenciadorfinanceiro.controller [CONTEXT service_id=17 ]
01-24 20:30:55.401  7206  7251 I dailytrack: HealthSportDataCacheUtil::saveData(),currentThread4=handle_total_data
01-24 20:30:56.913   434  5033 I ActivityManager: START u0 {act=api.android.category.MAIN cat=[api.android.intent.LAUNCHER] flg=0x10000000 cmp=br.com.gerenciadorfinanceiro.controller/br.com.mobills.wear.views.MobillsWearActivity} from uid 2000
01-24 20:30:57.000   434 13233 I ActivityManager: Start proc 19484:br.com.gerenciadorfinanceiro.controller/u0a70 for activity br.com.gerenciadorfinanceiro.controller/br.com.mobills.wear.views.MobillsWearActivity
01-24 20:30:57.181   434 13233 W ActivityManager: Slow operation: 90ms so far, now at attachApplicationLocked: after mServices.attachApplicationLocked
01-24 20:30:57.211   434   453 W BroadcastQueue: Background execution not allowed: receiving Intent { act=android.os.UpdateLock.UPDATE_LOCK_CHANGED flg=0x4000010 (has extras) } to com.google.android.gms/.chimera.GmsIntentOperationService$PersistentTrustedReceiver
01-24 20:30:57.230 19484 19484 W ResourceType: ResTable_typeSpec entry count inconsistent: given 183, previously 186
01-24 20:30:57.258 19484 19484 W ResourceType: ResTable_typeSpec entry count inconsistent: given 183, previously 186
01-24 20:30:57.581 19484 19502 D OpenGLRenderer: HWUI GL Pipeline
01-24 20:30:57.670 19484 19502 I Adreno-EGL: <qeglDrvAPI_eglInitialize:379>: EGL 1.4 QUALCOMM build:  (I7af58d6928)
01-24 20:30:57.670 19484 19502 I Adreno-EGL: OpenGL ES Shader Compiler Version: E031.35.01.00
01-24 20:30:57.670 19484 19502 I Adreno-EGL: Build Date: 09/14/17 Thu
01-24 20:30:57.670 19484 19502 I Adreno-EGL: Local Branch: gfx-adreno.lnx.1.0
01-24 20:30:57.670 19484 19502 I Adreno-EGL: Remote Branch: 
01-24 20:30:57.670 19484 19502 I Adreno-EGL: Local Patches: 
01-24 20:30:57.670 19484 19502 I Adreno-EGL: Reconstruct Branch: 
01-24 20:30:57.676 19484 19502 I vndksupport: sphal namespace is not configured for this process. Loading /vendor/lib/hw/gralloc.msm8909.so from the current namespace instead.
01-24 20:30:57.689 19502 19502 W RenderThread: type=1400 audit(0.0:603): avc: denied { read } for name="gpuclk" dev="sysfs" ino=18862 scontext=u:r:untrusted_app:s0:c512,c768 tcontext=u:object_r:sysfs:s0 tclass=file permissive=0
01-24 20:30:57.692 19484 19502 I OpenGLRenderer: Initialized EGL, version 1.4
01-24 20:30:57.693 19484 19502 D OpenGLRenderer: Swap behavior 1
01-24 20:30:57.703 19484 19502 W Adreno-ES20: <get_gpu_clk:229>: open failed: errno 13
01-24 20:30:57.720 19484 19502 W Adreno-EGL: <qeglDrvAPI_eglGetConfigAttrib:612>: EGL_BAD_ATTRIBUTE
01-24 20:30:57.722 19484 19502 I vndksupport: sphal namespace is not configured for this process. Loading /vendor/lib/hw/gralloc.msm8909.so from the current namespace instead.
01-24 20:30:57.740 19484 19494 I zygote  : Background concurrent copying GC freed 1348(240KB) AllocSpace objects, 0(0B) LOS objects, 28% free, 1256KB/1768KB, paused 654us total 247.604ms
01-24 20:30:57.757 19484 19502 W Adreno-EGL: <qeglDrvAPI_eglGetConfigAttrib:612>: EGL_BAD_ATTRIBUTE
01-24 20:30:57.760 19484 19502 I vndksupport: sphal namespace is not configured for this process. Loading /vendor/lib/hw/gralloc.msm8909.so from the current namespace instead.
01-24 20:30:57.803 19484 19502 I vndksupport: sphal namespace is not configured for this process. Loading /vendor/lib/hw/gralloc.msm8909.so from the current namespace instead.
01-24 20:30:58.164 19484 19484 I [mobills-wear]:  - GoogleApiClient connected
01-24 20:30:58.268 19484 19509 I [mobills-wear]: Dados:  enviados para: Pixel 2 PutDataRequest[dataSz=51, numAssets=0, uri=wear:/mobills_phone_data, syncDeadline=1800000]
01-24 20:31:00.013 15691 15691 D WallpaperUtil: InternalCache: available=1545M
01-24 20:31:00.024 15691 15691 E Watchface: WeatherManager::checkUpdateDisplayWeather() mWeatherInfo is null !
01-24 20:31:00.031 32131 32131 W OngoingChipController: Attempting to remove non-existent UI for chip [com.google.android.wearable.app, media_controls]
01-24 20:31:00.409  7206  7251 I dailytrack: HealthSportDataCacheUtil::saveData(),currentThread4=handle_total_data
01-24 20:31:00.470   434   536 E TaskPersister: File error accessing recents directory (directory doesn't exist?).
01-24 20:31:01.044   434   434 W WindowManager: removeWindowToken: Attempted to remove non-existing token: android.os.Binder@3400aab
01-24 20:31:10.420  7206  7251 I dailytrack: HealthSportDataCacheUtil::saveData(),currentThread4=handle_total_data
01-24 20:31:11.953   723   723 I battery : BatteryService: mInternalBatteryReceiver onReceive() action = android.intent.action.BATTERY_CHANGED
01-24 20:31:11.954 31787 31787 I ADVLog  : ADV.SensorService:/BatteryTemperature: 344  /isUsbOrAc: 1
01-24 20:31:11.975   319   319 D WifiHAL : In DebugCommand::handleResponse
01-24 20:31:11.976   319   319 D WifiHAL : len = 4, expected len = 4
01-24 20:31:12.012   434 13233 E BatteryStatsService: no controller energy info supplied
01-24 20:31:12.015   434 13233 I chatty  : uid=1000(system) Binder:434_20 identical 1 line
01-24 20:31:12.015   434 13233 E BatteryStatsService: no controller energy info supplied
01-24 20:31:12.351   723   737 I zygote  : Background concurrent copying GC freed 7199(620KB) AllocSpace objects, 2(192KB) LOS objects, 24% free, 1990KB/2MB, paused 37.529ms total 275.904ms
01-24 20:31:14.215 19511 19511 D AndroidRuntime: >>>>>> START com.android.internal.os.RuntimeInit uid 2000 <<<<<<
01-24 20:31:15.426  7206  7251 I dailytrack: HealthSportDataCacheUtil::saveData(),currentThread4=handle_total_data
01-24 20:31:15.477 19511 19511 D AndroidRuntime: Calling main entry com.android.commands.pm.Pm
01-24 20:31:15.503   434 13233 I ActivityManager: Force stopping br.com.gerenciadorfinanceiro.controller appid=10070 user=0: clear data
01-24 20:31:15.504   434 13233 I ActivityManager: Killing 19484:br.com.gerenciadorfinanceiro.controller/u0a70 (adj 0): stop br.com.gerenciadorfinanceiro.controller
01-24 20:31:15.511   434 13233 W ActivityManager: Force removing ActivityRecord{486a9f2 u0 br.com.gerenciadorfinanceiro.controller/br.com.mobills.wear.views.MobillsWearActivity t527}: app died, no saved state
01-24 20:31:15.779   434   454 W Looper  : Dispatch took 275ms on android.ui, h=Handler (com.android.server.am.ActivityManagerService$UiHandler) {dee4953} cb=null msg=53
01-24 20:31:15.788   335   335 I keystore: clear_uid 10070
01-24 20:31:15.797   434   453 I ActivityManager: Force stopping br.com.gerenciadorfinanceiro.controller appid=10070 user=-1: clearApplicationUserData
01-24 20:31:15.806   434   453 W BroadcastQueue: Background execution not allowed: receiving Intent { act=android.os.UpdateLock.UPDATE_LOCK_CHANGED flg=0x4000010 (has extras) } to com.google.android.gms/.chimera.GmsIntentOperationService$PersistentTrustedReceiver
01-24 20:31:15.824   434   461 W ActivityManager: setHasOverlayUi called on unknown pid: 19484
01-24 20:31:15.831 15691 15691 E Watchface: CocosWatchFaceService::Handler msg: -5 0.0;--
01-24 20:31:15.855   434   536 E TaskPersister: File error accessing recents directory (directory doesn't exist?).
01-24 20:31:15.992 13109 13109 I GeofencerStateMachine: removeGeofences: removeRequest=RemoveGeofencingRequest[REMOVE_ALL packageName=br.com.gerenciadorfinanceiro.controller]
01-24 20:31:15.995 31332 31332 D Avrcp   : AvrcpServiceBroadcastReceiver-> Action: android.intent.action.PACKAGE_DATA_CLEARED
01-24 20:31:15.995 31332 31332 D Avrcp   : packageName: br.com.gerenciadorfinanceiro.controller removed: true
01-24 20:31:15.995 31332 31332 V Avrcp   : isBrowseSupported for br.com.gerenciadorfinanceiro.controller: false
01-24 20:31:16.031 19511 19511 I app_process: System.exit called, status: 0
01-24 20:31:16.032 19511 19511 I AndroidRuntime: VM exiting with result code 0.
01-24 20:31:16.058   712   712 D RegisteredNfcFServicesCache: Service unchanged, not updating
01-24 20:31:16.059 13109 19523 I Fitness : Clearing all cached OAuth tokens for: br.com.gerenciadorfinanceiro.controller [CONTEXT service_id=17 ]
01-24 20:31:16.061 13109 19523 I Fitness : Removing all subscriptions for: br.com.gerenciadorfinanceiro.controller [CONTEXT service_id=17 ]
01-24 20:31:16.143 13109 19523 I Fitness : Clearing all cached OAuth tokens for: br.com.gerenciadorfinanceiro.controller [CONTEXT service_id=17 ]
01-24 20:31:16.169 13109 19523 I Fitness : Removing all subscriptions for: br.com.gerenciadorfinanceiro.controller [CONTEXT service_id=17 ]
01-24 20:31:16.359 31332 31342 I zygote  : Background concurrent copying GC freed 264(400KB) AllocSpace objects, 0(0B) LOS objects, 33% free, 1008KB/1520KB, paused 987us total 128.871ms
01-24 20:31:16.556 13109 13122 I zygote  : Background concurrent copying GC freed 39537(2MB) AllocSpace objects, 4(716KB) LOS objects, 20% free, 7MB/9MB, paused 8.786ms total 411.625ms
01-24 20:31:20.432  7206  7251 I dailytrack: HealthSportDataCacheUtil::saveData(),currentThread4=handle_total_data
01-24 20:31:21.499   434  5033 I ActivityManager: START u0 {act=api.android.category.MAIN cat=[api.android.intent.LAUNCHER] flg=0x10000000 cmp=br.com.gerenciadorfinanceiro.controller/br.com.mobills.wear.views.MobillsWearActivity} from uid 2000
01-24 20:31:21.604   434 13233 I ActivityManager: Start proc 19537:br.com.gerenciadorfinanceiro.controller/u0a70 for activity br.com.gerenciadorfinanceiro.controller/br.com.mobills.wear.views.MobillsWearActivity
01-24 20:31:21.739   283 19541 I zygote  : Background concurrent copying GC freed 591(416KB) AllocSpace objects, 0(0B) LOS objects, 36% free, 876KB/1388KB, paused 846us total 133.429ms
01-24 20:31:21.767   434 13233 W ActivityManager: Slow operation: 102ms so far, now at attachApplicationLocked: after mServices.attachApplicationLocked
01-24 20:31:21.798   434   453 W BroadcastQueue: Background execution not allowed: receiving Intent { act=android.os.UpdateLock.UPDATE_LOCK_CHANGED flg=0x4000010 (has extras) } to com.google.android.gms/.chimera.GmsIntentOperationService$PersistentTrustedReceiver
01-24 20:31:21.823 19537 19537 W ResourceType: ResTable_typeSpec entry count inconsistent: given 183, previously 186
01-24 20:31:21.898 19537 19537 W ResourceType: ResTable_typeSpec entry count inconsistent: given 183, previously 186
01-24 20:31:21.997 19537 19547 I zygote  : Background concurrent copying GC freed 672(482KB) AllocSpace objects, 0(0B) LOS objects, 31% free, 1100KB/1596KB, paused 11.897ms total 301.604ms
01-24 20:31:22.229 19537 19557 D OpenGLRenderer: HWUI GL Pipeline
01-24 20:31:22.349 19537 19557 I Adreno-EGL: <qeglDrvAPI_eglInitialize:379>: EGL 1.4 QUALCOMM build:  (I7af58d6928)
01-24 20:31:22.349 19537 19557 I Adreno-EGL: OpenGL ES Shader Compiler Version: E031.35.01.00
01-24 20:31:22.349 19537 19557 I Adreno-EGL: Build Date: 09/14/17 Thu
01-24 20:31:22.349 19537 19557 I Adreno-EGL: Local Branch: gfx-adreno.lnx.1.0
01-24 20:31:22.349 19537 19557 I Adreno-EGL: Remote Branch: 
01-24 20:31:22.349 19537 19557 I Adreno-EGL: Local Patches: 
01-24 20:31:22.349 19537 19557 I Adreno-EGL: Reconstruct Branch: 
01-24 20:31:22.356 19537 19557 I vndksupport: sphal namespace is not configured for this process. Loading /vendor/lib/hw/gralloc.msm8909.so from the current namespace instead.
01-24 20:31:22.369 19557 19557 W RenderThread: type=1400 audit(0.0:604): avc: denied { read } for name="gpuclk" dev="sysfs" ino=18862 scontext=u:r:untrusted_app:s0:c512,c768 tcontext=u:object_r:sysfs:s0 tclass=file permissive=0
01-24 20:31:22.370 19537 19557 I OpenGLRenderer: Initialized EGL, version 1.4
01-24 20:31:22.371 19537 19557 D OpenGLRenderer: Swap behavior 1
01-24 20:31:22.378 19537 19557 W Adreno-ES20: <get_gpu_clk:229>: open failed: errno 13
01-24 20:31:22.389 19537 19557 W Adreno-EGL: <qeglDrvAPI_eglGetConfigAttrib:612>: EGL_BAD_ATTRIBUTE
01-24 20:31:22.392 19537 19557 I vndksupport: sphal namespace is not configured for this process. Loading /vendor/lib/hw/gralloc.msm8909.so from the current namespace instead.
01-24 20:31:22.428 19537 19557 W Adreno-EGL: <qeglDrvAPI_eglGetConfigAttrib:612>: EGL_BAD_ATTRIBUTE
01-24 20:31:22.432 19537 19557 I vndksupport: sphal namespace is not configured for this process. Loading /vendor/lib/hw/gralloc.msm8909.so from the current namespace instead.
01-24 20:31:22.483 19537 19557 I vndksupport: sphal namespace is not configured for this process. Loading /vendor/lib/hw/gralloc.msm8909.so from the current namespace instead.
01-24 20:31:22.856 19537 19537 I [mobills-wear]:  - GoogleApiClient connected
01-24 20:31:22.973 19537 19564 I [mobills-wear]: Dados:  enviados para: Pixel 2 PutDataRequest[dataSz=51, numAssets=0, uri=wear:/mobills_phone_data, syncDeadline=1800000]
01-24 20:31:25.067   434   536 E TaskPersister: File error accessing recents directory (directory doesn't exist?).
01-24 20:31:25.440  7206  7251 I dailytrack: HealthSportDataCacheUtil::saveData(),currentThread4=handle_total_data
01-24 20:31:25.686   434   434 W WindowManager: removeWindowToken: Attempted to remove non-existing token: android.os.Binder@75cc9c8
01-24 20:31:30.371   434   660 I chatty  : uid=1000(system) Binder:434_5 expire 1 line
01-24 20:31:30.373   434   452 I chatty  : uid=1000(system) android.bg expire 5 lines
01-24 20:31:30.387   434   614 I chatty  : uid=1000(system) Thread-12 expire 49 lines
01-24 20:31:30.389   328   328 D shd     : ProcessSensorActive sensor:0xa, handle:37, option:0
01-24 20:31:30.445  7206  7251 I dailytrack: HealthSportDataCacheUtil::saveData(),currentThread4=handle_total_data
01-24 20:31:31.206   434   452 I chatty  : uid=1000(system) android.bg expire 3 lines
01-24 20:31:31.208   434   611 I chatty  : uid=1000 system_server expire 47 lines
01-24 20:31:31.220   434 19565 I chatty  : uid=1000 system_server expire 4 lines
01-24 20:31:32.033   434   611 I chatty  : uid=1000 system_server expire 70 lines
01-24 20:31:32.048   434   614 I chatty  : uid=1000(system) Thread-12 expire 4 lines
01-24 20:31:32.973   434   611 I chatty  : uid=1000 system_server expire 142 lines
01-24 20:31:34.051   434   614 I chatty  : uid=1000(system) Thread-12 expire 4 lines
01-24 20:31:34.741   434   611 I chatty  : uid=1000 system_server expire 110 lines
01-24 20:31:35.448  7206  7251 I dailytrack: HealthSportDataCacheUtil::saveData(),currentThread4=handle_total_data
01-24 20:31:36.047   434   614 I chatty  : uid=1000(system) Thread-12 expire 22 lines
01-24 20:31:36.179   434   611 I chatty  : uid=1000 system_server expire 13 lines
01-24 20:31:38.852 19566 19566 D AndroidRuntime: >>>>>> START com.android.internal.os.RuntimeInit uid 2000 <<<<<<
01-24 20:31:40.255   434   443 I chatty  : uid=1000(system) HeapTaskDaemon expire 1 line
01-24 20:31:40.307 19566 19566 D AndroidRuntime: Calling main entry com.android.commands.pm.Pm
01-24 20:31:40.337   434   660 I ActivityManager: Force stopping br.com.gerenciadorfinanceiro.controller appid=10070 user=0: clear data
01-24 20:31:40.339   434   660 I ActivityManager: Killing 19537:br.com.gerenciadorfinanceiro.controller/u0a70 (adj 0): stop br.com.gerenciadorfinanceiro.controller
01-24 20:31:40.345   434   660 W ActivityManager: Force removing ActivityRecord{b237003 u0 br.com.gerenciadorfinanceiro.controller/br.com.mobills.wear.views.MobillsWearActivity t528}: app died, no saved state
01-24 20:31:40.455  7206  7251 I dailytrack: HealthSportDataCacheUtil::saveData(),currentThread4=handle_total_data
01-24 20:31:40.579   434   535 I chatty  : uid=1000(system) PhotonicModulat expire 1 line
01-24 20:31:40.659   434   461 W ActivityManager: setHasOverlayUi called on unknown pid: 19537
01-24 20:31:40.665   434   454 W Looper  : Dispatch took 327ms on android.ui, h=Handler (com.android.server.am.ActivityManagerService$UiHandler) {dee4953} cb=null msg=53
01-24 20:31:40.668   434   453 I ActivityManager: Force stopping br.com.gerenciadorfinanceiro.controller appid=10070 user=-1: clearApplicationUserData
01-24 20:31:40.708 15691 15691 E Watchface: CocosWatchFaceService::Handler msg: -5 0.0;--
01-24 20:31:40.715   335   335 I keystore: clear_uid 10070
01-24 20:31:40.719   434   453 W BroadcastQueue: Background execution not allowed: receiving Intent { act=android.os.UpdateLock.UPDATE_LOCK_CHANGED flg=0x4000010 (has extras) } to com.google.android.gms/.chimera.GmsIntentOperationService$PersistentTrustedReceiver
01-24 20:31:40.730   434   536 E TaskPersister: File error accessing recents directory (directory doesn't exist?).
01-24 20:31:40.830 13109 13109 I GeofencerStateMachine: removeGeofences: removeRequest=RemoveGeofencingRequest[REMOVE_ALL packageName=br.com.gerenciadorfinanceiro.controller]
01-24 20:31:40.831 31332 31332 D Avrcp   : AvrcpServiceBroadcastReceiver-> Action: android.intent.action.PACKAGE_DATA_CLEARED
01-24 20:31:40.832 31332 31332 D Avrcp   : packageName: br.com.gerenciadorfinanceiro.controller removed: true
01-24 20:31:40.832 31332 31332 V Avrcp   : isBrowseSupported for br.com.gerenciadorfinanceiro.controller: false
01-24 20:31:40.865 19566 19566 I app_process: System.exit called, status: 0
01-24 20:31:40.865 19566 19566 I AndroidRuntime: VM exiting with result code 0.
01-24 20:31:40.934   712   712 D RegisteredNfcFServicesCache: Service unchanged, not updating
01-24 20:31:40.949 13109 19581 I Fitness : Clearing all cached OAuth tokens for: br.com.gerenciadorfinanceiro.controller [CONTEXT service_id=17 ]
01-24 20:31:40.956 13109 19581 I Fitness : Removing all subscriptions for: br.com.gerenciadorfinanceiro.controller [CONTEXT service_id=17 ]
01-24 20:31:41.037 13109 19581 I Fitness : Clearing all cached OAuth tokens for: br.com.gerenciadorfinanceiro.controller [CONTEXT service_id=17 ]
01-24 20:31:41.049 13109 19581 I Fitness : Removing all subscriptions for: br.com.gerenciadorfinanceiro.controller [CONTEXT service_id=17 ]
01-24 20:31:45.456  7206  7251 I dailytrack: HealthSportDataCacheUtil::saveData(),currentThread4=handle_total_data
01-24 20:31:46.219   434  1679 I ActivityManager: START u0 {act=api.android.category.MAIN cat=[api.android.intent.LAUNCHER] flg=0x10000000 cmp=br.com.gerenciadorfinanceiro.controller/br.com.mobills.wear.views.MobillsWearActivity} from uid 2000
01-24 20:31:46.240   434   488 I chatty  : uid=1000(system) android.anim expire 1 line
01-24 20:31:46.315   434   756 I ActivityManager: Start proc 19592:br.com.gerenciadorfinanceiro.controller/u0a70 for activity br.com.gerenciadorfinanceiro.controller/br.com.mobills.wear.views.MobillsWearActivity
01-24 20:31:46.470   434  1679 W ActivityManager: Slow operation: 81ms so far, now at attachApplicationLocked: after mServices.attachApplicationLocked
01-24 20:31:46.481   434   453 W BroadcastQueue: Background execution not allowed: receiving Intent { act=android.os.UpdateLock.UPDATE_LOCK_CHANGED flg=0x4000010 (has extras) } to com.google.android.gms/.chimera.GmsIntentOperationService$PersistentTrustedReceiver
01-24 20:31:46.559 19592 19592 W ResourceType: ResTable_typeSpec entry count inconsistent: given 183, previously 186
01-24 20:31:46.587 19592 19592 W ResourceType: ResTable_typeSpec entry count inconsistent: given 183, previously 186
01-24 20:31:46.817   323   403 W HWComposer: Ignoring duplicate VSYNC event from HWC (t=170176328402839)
01-24 20:31:46.943 19592 19610 D OpenGLRenderer: HWUI GL Pipeline
01-24 20:31:47.025 19592 19610 I Adreno-EGL: <qeglDrvAPI_eglInitialize:379>: EGL 1.4 QUALCOMM build:  (I7af58d6928)
01-24 20:31:47.025 19592 19610 I Adreno-EGL: OpenGL ES Shader Compiler Version: E031.35.01.00
01-24 20:31:47.025 19592 19610 I Adreno-EGL: Build Date: 09/14/17 Thu
01-24 20:31:47.025 19592 19610 I Adreno-EGL: Local Branch: gfx-adreno.lnx.1.0
01-24 20:31:47.025 19592 19610 I Adreno-EGL: Remote Branch: 
01-24 20:31:47.025 19592 19610 I Adreno-EGL: Local Patches: 
01-24 20:31:47.025 19592 19610 I Adreno-EGL: Reconstruct Branch: 
01-24 20:31:47.032 19592 19610 I vndksupport: sphal namespace is not configured for this process. Loading /vendor/lib/hw/gralloc.msm8909.so from the current namespace instead.
01-24 20:31:47.039 19610 19610 W RenderThread: type=1400 audit(0.0:605): avc: denied { read } for name="gpuclk" dev="sysfs" ino=18862 scontext=u:r:untrusted_app:s0:c512,c768 tcontext=u:object_r:sysfs:s0 tclass=file permissive=0
01-24 20:31:47.047 19592 19610 I OpenGLRenderer: Initialized EGL, version 1.4
01-24 20:31:47.047 19592 19610 D OpenGLRenderer: Swap behavior 1
01-24 20:31:47.055 19592 19610 W Adreno-ES20: <get_gpu_clk:229>: open failed: errno 13
01-24 20:31:47.067 19592 19610 W Adreno-EGL: <qeglDrvAPI_eglGetConfigAttrib:612>: EGL_BAD_ATTRIBUTE
01-24 20:31:47.069 19592 19610 I vndksupport: sphal namespace is not configured for this process. Loading /vendor/lib/hw/gralloc.msm8909.so from the current namespace instead.
01-24 20:31:47.083   434   614 I chatty  : uid=1000(system) Thread-12 expire 26 lines
01-24 20:31:47.103 19592 19610 W Adreno-EGL: <qeglDrvAPI_eglGetConfigAttrib:612>: EGL_BAD_ATTRIBUTE
01-24 20:31:47.109 19592 19610 I vndksupport: sphal namespace is not configured for this process. Loading /vendor/lib/hw/gralloc.msm8909.so from the current namespace instead.
01-24 20:31:47.158 19592 19610 I vndksupport: sphal namespace is not configured for this process. Loading /vendor/lib/hw/gralloc.msm8909.so from the current namespace instead.
01-24 20:31:47.468 19592 19592 I [mobills-wear]:  - GoogleApiClient connected
01-24 20:31:47.471   434   461 I chatty  : uid=1000(system) android.display expire 1 line
01-24 20:31:47.600 19592 19617 I [mobills-wear]: Dados:  enviados para: Pixel 2 PutDataRequest[dataSz=51, numAssets=0, uri=wear:/mobills_phone_data, syncDeadline=1800000]
01-24 20:31:49.780   434   536 E TaskPersister: File error accessing recents directory (directory doesn't exist?).
01-24 20:31:50.393   434   434 W WindowManager: removeWindowToken: Attempted to remove non-existing token: android.os.Binder@fca7e07
01-24 20:31:50.462  7206  7251 I dailytrack: HealthSportDataCacheUtil::saveData(),currentThread4=handle_total_data
01-24 20:31:55.467  7206  7251 I dailytrack: HealthSportDataCacheUtil::saveData(),currentThread4=handle_total_data
01-24 20:32:00.015 15691 15691 D WallpaperUtil: InternalCache: available=1545M
01-24 20:32:00.030 15691 15691 I Watchface: WeatherManager::execute() startLocationService, set isRequesting true
01-24 20:32:00.038   434   614 I chatty  : uid=1000(system) Thread-12 expire 6 lines
01-24 20:32:00.071 15691 15691 E Watchface: WeatherManager::checkUpdateDisplayWeather() mWeatherInfo is null !
01-24 20:32:00.078 32131 32131 W OngoingChipController: Attempting to remove non-existent UI for chip [com.google.android.wearable.app, media_controls]
01-24 20:32:00.214 15691 15691 I Watchface: LocationByGoogleService::requestLocationUpdates() enter
01-24 20:32:00.229 15691 15691 E Watchface: LocationByGoogleService:: lastlocation is null
01-24 20:32:00.307 32158 32158 W ContextImpl: Calling a method in the system process without a qualified user: android.app.ContextImpl.sendBroadcast:950 android.content.ContextWrapper.sendBroadcast:431 android.content.ContextWrapper.sendBroadcast:431 com.google.android.clockwork.settings.GpsActivityReceiver.onReceive:50 android.app.ActivityThread.handleReceiver:3252 
01-24 20:32:00.317   434  2426 I chatty  : uid=1000(system) Binder:434_F expire 1 line
01-24 20:32:00.350   434  2426 W BroadcastQueue: Background execution not allowed: receiving Intent { act=android.intent.action.DROPBOX_ENTRY_ADDED flg=0x10 (has extras) } to com.google.android.gms/.stats.service.DropBoxEntryAddedReceiver
01-24 20:32:00.351   434   453 W BroadcastQueue: Background execution not allowed: receiving Intent { act=android.intent.action.DROPBOX_ENTRY_ADDED flg=0x10 (has extras) } to com.google.android.gms/.chimera.GmsIntentOperationService$PersistentTrustedReceiver
01-24 20:32:00.370   434 13233 I chatty  : uid=1000(system) Binder:434_20 expire 1 line
01-24 20:32:00.372   434   452 I chatty  : uid=1000(system) android.bg expire 11 lines
01-24 20:32:00.373   434   614 I chatty  : uid=1000(system) Thread-12 expire 55 lines
01-24 20:32:00.426   434 13233 I chatty  : uid=1000(system) Binder:434_20 expire 1 line
01-24 20:32:00.473  7206  7251 I dailytrack: HealthSportDataCacheUtil::saveData(),currentThread4=handle_total_data
01-24 20:32:00.641 13109 13109 W BoundBrokerSvc: No bound-service is registered for action: com.google.android.gms.udc.service.START
01-24 20:32:00.642 13109 13109 E BoundBrokerSvc: Proxy without impl failing onBind(): Intent { act=com.google.android.gms.udc.service.START pkg=com.google.android.gms }
01-24 20:32:00.642 13109 13109 W GmsApiChimeraSvc: Failed in attempt to reload bound-service.
01-24 20:32:00.643 13109 13442 I GmsApiChimeraSvc: Using MissingApiServiceBroker for com.google.android.gms.udc.service.START due to missing BoundService implementation
01-24 20:32:01.060   434   611 I chatty  : uid=1000 system_server expire 5 lines
01-24 20:32:01.238   434 19623 I chatty  : uid=1000(system) AsyncTask #288 expire 4 lines
01-24 20:32:02.075   434   611 I chatty  : uid=1000 system_server expire 71 lines
01-24 20:32:03.041   434   614 I chatty  : uid=1000(system) Thread-12 expire 4 lines
01-24 20:32:03.581 19624 19624 D AndroidRuntime: >>>>>> START com.android.internal.os.RuntimeInit uid 2000 <<<<<<
01-24 20:32:03.861   434   611 I chatty  : uid=1000 system_server expire 142 lines
01-24 20:32:05.045   434   614 I chatty  : uid=1000(system) Thread-12 expire 4 lines
01-24 20:32:05.153 19624 19624 D AndroidRuntime: Calling main entry com.android.commands.pm.Pm
01-24 20:32:05.195   434   756 I ActivityManager: Force stopping br.com.gerenciadorfinanceiro.controller appid=10070 user=0: clear data
01-24 20:32:05.198   434   756 I ActivityManager: Killing 19592:br.com.gerenciadorfinanceiro.controller/u0a70 (adj 0): stop br.com.gerenciadorfinanceiro.controller
01-24 20:32:05.203   434   756 W ActivityManager: Force removing ActivityRecord{93e68be u0 br.com.gerenciadorfinanceiro.controller/br.com.mobills.wear.views.MobillsWearActivity t529}: app died, no saved state
01-24 20:32:05.477  7206  7251 I dailytrack: HealthSportDataCacheUtil::saveData(),currentThread4=handle_total_data
01-24 20:32:05.543   434   461 W ActivityManager: setHasOverlayUi called on unknown pid: 19592
01-24 20:32:05.551   434   454 W Looper  : Dispatch took 341ms on android.ui, h=Handler (com.android.server.am.ActivityManagerService$UiHandler) {dee4953} cb=null msg=53
01-24 20:32:05.567   434   611 I chatty  : uid=1000 system_server expire 71 lines
01-24 20:32:05.579   434   453 I ActivityManager: Force stopping br.com.gerenciadorfinanceiro.controller appid=10070 user=-1: clearApplicationUserData
01-24 20:32:05.608 15691 15691 E Watchface: CocosWatchFaceService::Handler msg: -5 0.0;--
01-24 20:32:05.617   335   335 I keystore: clear_uid 10070
01-24 20:32:05.618   434   453 W BroadcastQueue: Background execution not allowed: receiving Intent { act=android.os.UpdateLock.UPDATE_LOCK_CHANGED flg=0x4000010 (has extras) } to com.google.android.gms/.chimera.GmsIntentOperationService$PersistentTrustedReceiver
01-24 20:32:05.628   434   536 E TaskPersister: File error accessing recents directory (directory doesn't exist?).
01-24 20:32:05.708 13109 13109 I GeofencerStateMachine: removeGeofences: removeRequest=RemoveGeofencingRequest[REMOVE_ALL packageName=br.com.gerenciadorfinanceiro.controller]
01-24 20:32:05.715 31332 31332 D Avrcp   : AvrcpServiceBroadcastReceiver-> Action: android.intent.action.PACKAGE_DATA_CLEARED
01-24 20:32:05.716 31332 31332 D Avrcp   : packageName: br.com.gerenciadorfinanceiro.controller removed: true
01-24 20:32:05.716 31332 31332 V Avrcp   : isBrowseSupported for br.com.gerenciadorfinanceiro.controller: false
01-24 20:32:05.743 19624 19624 I app_process: System.exit called, status: 0
01-24 20:32:05.743 19624 19624 I AndroidRuntime: VM exiting with result code 0.
01-24 20:32:05.793 13109 19621 I Fitness : Clearing all cached OAuth tokens for: br.com.gerenciadorfinanceiro.controller [CONTEXT service_id=17 ]
01-24 20:32:05.798 13109 19621 I Fitness : Removing all subscriptions for: br.com.gerenciadorfinanceiro.controller [CONTEXT service_id=17 ]
01-24 20:32:05.834   712   712 D RegisteredNfcFServicesCache: Service unchanged, not updating
01-24 20:32:05.901 13109 19621 I Fitness : Clearing all cached OAuth tokens for: br.com.gerenciadorfinanceiro.controller [CONTEXT service_id=17 ]
01-24 20:32:05.904 13109 19621 I Fitness : Removing all subscriptions for: br.com.gerenciadorfinanceiro.controller [CONTEXT service_id=17 ]
01-24 20:32:06.348   434   611 V u-blox  : CUbxGpsState::printStd: MGA: Message sent [82/121]: GPS-ALM for SV 25 (size [44] retries [0])
01-24 20:32:06.348   434   611 V u-blox  : CUbxGpsState::printStd: MGA: Transfer of Message [82] completed successfully.
01-24 20:32:06.371   434   611 V u-blox  : CUbxGpsState::printStd: MGA: Message sent [83/121]: GPS-ALM for SV 26 (size [44] retries [0])
01-24 20:32:06.371   434   611 V u-blox  : CUbxGpsState::printStd: MGA: Transfer of Message [83] completed successfully.
01-24 20:32:06.392   434   611 V u-blox  : CUbxGpsState::printStd: MGA: Message sent [84/121]: GPS-ALM for SV 27 (size [44] retries [0])
01-24 20:32:06.393   434   611 V u-blox  : CUbxGpsState::printStd: MGA: Transfer of Message [84] completed successfully.
01-24 20:32:06.419   434   611 V u-blox  : CUbxGpsState::printStd: MGA: Message sent [85/121]: GPS-ALM for SV 28 (size [44] retries [0])
01-24 20:32:06.419   434   611 V u-blox  : CUbxGpsState::printStd: MGA: Transfer of Message [85] completed successfully.
01-24 20:32:06.442   434   611 V u-blox  : CUbxGpsState::printStd: MGA: Message sent [86/121]: GPS-ALM for SV 29 (size [44] retries [0])
01-24 20:32:06.442   434   611 V u-blox  : CUbxGpsState::printStd: MGA: Transfer of Message [86] completed successfully.
01-24 20:32:06.465   434   611 V u-blox  : CUbxGpsState::printStd: MGA: Message sent [87/121]: GPS-ALM for SV 30 (size [44] retries [0])
01-24 20:32:06.465   434   611 V u-blox  : CUbxGpsState::printStd: MGA: Transfer of Message [87] completed successfully.
01-24 20:32:06.485   434   611 V u-blox  : CUbxGpsState::printStd: MGA: Message sent [88/121]: GPS-ALM for SV 31 (size [44] retries [0])
01-24 20:32:06.485   434   611 V u-blox  : CUbxGpsState::printStd: MGA: Transfer of Message [88] completed successfully.
01-24 20:32:06.508   434   611 V u-blox  : CUbxGpsState::printStd: MGA: Message sent [89/121]: GPS-ALM for SV 32 (size [44] retries [0])
01-24 20:32:06.509   434   611 V u-blox  : CUbxGpsState::printStd: MGA: Transfer of Message [89] completed successfully.
01-24 20:32:06.529   434   611 V u-blox  : CUbxGpsState::printStd: MGA: Message sent [90/121]: GLO-ALM for SV 1 (size [44] retries [0])
01-24 20:32:06.530   434   611 V u-blox  : CUbxGpsState::printStd: MGA: Transfer of Message [90] completed successfully.
01-24 20:32:06.551   434   611 V u-blox  : CUbxGpsState::printStd: MGA: Message sent [91/121]: GLO-ALM for SV 2 (size [44] retries [0])
01-24 20:32:06.551   434   611 V u-blox  : CUbxGpsState::printStd: MGA: Transfer of Message [91] completed successfully.
01-24 20:32:06.573   434   611 V u-blox  : CUbxGpsState::printStd: MGA: Message sent [92/121]: GLO-ALM for SV 3 (size [44] retries [0])
01-24 20:32:06.573   434   611 V u-blox  : CUbxGpsState::printStd: MGA: Transfer of Message [92] completed successfully.
01-24 20:32:06.594   434   611 V u-blox  : CUbxGpsState::printStd: MGA: Message sent [93/121]: GLO-ALM for SV 4 (size [44] retries [0])
01-24 20:32:06.594   434   611 V u-blox  : CUbxGpsState::printStd: MGA: Transfer of Message [93] completed successfully.
01-24 20:32:06.614   434   611 V u-blox  : CUbxGpsState::printStd: MGA: Message sent [94/121]: GLO-ALM for SV 5 (size [44] retries [0])
01-24 20:32:06.614   434   611 V u-blox  : CUbxGpsState::printStd: MGA: Transfer of Message [94] completed successfully.
01-24 20:32:06.634   434   611 V u-blox  : CUbxGpsState::printStd: MGA: Message sent [95/121]: GLO-ALM for SV 6 (size [44] retries [0])
01-24 20:32:06.635   434   611 V u-blox  : CUbxGpsState::printStd: MGA: Transfer of Message [95] completed successfully.
01-24 20:32:06.655   434   611 V u-blox  : CUbxGpsState::printStd: MGA: Message sent [96/121]: GLO-ALM for SV 7 (size [44] retries [0])
01-24 20:32:06.655   434   611 V u-blox  : CUbxGpsState::printStd: MGA: Transfer of Message [96] completed successfully.
01-24 20:32:06.679   434   611 V u-blox  : CUbxGpsState::printStd: MGA: Message sent [97/121]: GLO-ALM for SV 8 (size [44] retries [0])
01-24 20:32:06.679   434   611 V u-blox  : CUbxGpsState::printStd: MGA: Transfer of Message [97] completed successfully.
01-24 20:32:06.701   434   611 V u-blox  : CUbxGpsState::printStd: MGA: Message sent [98/121]: GLO-ALM for SV 9 (size [44] retries [0])
01-24 20:32:06.702   434   611 V u-blox  : CUbxGpsState::printStd: MGA: Transfer of Message [98] completed successfully.
01-24 20:32:06.722   434   611 V u-blox  : CUbxGpsState::printStd: MGA: Message sent [99/121]: GLO-ALM for SV 10 (size [44] retries [0])
01-24 20:32:06.722   434   611 V u-blox  : CUbxGpsState::printStd: MGA: Transfer of Message [99] completed successfully.
01-24 20:32:06.745   434   611 V u-blox  : CUbxGpsState::printStd: MGA: Message sent [100/121]: GLO-ALM for SV 11 (size [44] retries [0])
01-24 20:32:06.745   434   611 V u-blox  : CUbxGpsState::printStd: MGA: Transfer of Message [100] completed successfully.
01-24 20:32:06.766   434   611 V u-blox  : CUbxGpsState::printStd: MGA: Message sent [101/121]: GLO-ALM for SV 12 (size [44] retries [0])
01-24 20:32:06.766   434   611 V u-blox  : CUbxGpsState::printStd: MGA: Transfer of Message [101] completed successfully.
01-24 20:32:06.786   434   611 V u-blox  : CUbxGpsState::printStd: MGA: Message sent [102/121]: GLO-ALM for SV 13 (size [44] retries [0])
01-24 20:32:06.786   434   611 V u-blox  : CUbxGpsState::printStd: MGA: Transfer of Message [102] completed successfully.
01-24 20:32:06.808   434   611 V u-blox  : CUbxGpsState::printStd: MGA: Message sent [103/121]: GLO-ALM for SV 14 (size [44] retries [0])
01-24 20:32:06.808   434   611 V u-blox  : CUbxGpsState::printStd: MGA: Transfer of Message [103] completed successfully.
01-24 20:32:06.829   434   611 V u-blox  : CUbxGpsState::printStd: MGA: Message sent [104/121]: GLO-ALM for SV 15 (size [44] retries [0])
01-24 20:32:06.829   434   611 V u-blox  : CUbxGpsState::printStd: MGA: Transfer of Message [104] completed successfully.
01-24 20:32:06.850   434   611 V u-blox  : CUbxGpsState::printStd: MGA: Message sent [105/121]: GLO-ALM for SV 16 (size [44] retries [0])
01-24 20:32:06.850   434   611 V u-blox  : CUbxGpsState::printStd: MGA: Transfer of Message [105] completed successfully.
01-24 20:32:06.874   434   611 V u-blox  : CUbxGpsState::printStd: MGA: Message sent [106/121]: GLO-ALM for SV 17 (size [44] retries [0])
01-24 20:32:06.874   434   611 V u-blox  : CUbxGpsState::printStd: MGA: Transfer of Message [106] completed successfully.
01-24 20:32:06.900   434   611 V u-blox  : CUbxGpsState::printStd: MGA: Message sent [107/121]: GLO-ALM for SV 18 (size [44] retries [0])
01-24 20:32:06.900   434   611 V u-blox  : CUbxGpsState::printStd: MGA: Transfer of Message [107] completed successfully.
01-24 20:32:06.922   434   611 V u-blox  : CUbxGpsState::printStd: MGA: Message sent [108/121]: GLO-ALM for SV 19 (size [44] retries [0])
01-24 20:32:06.922   434   611 V u-blox  : CUbxGpsState::printStd: MGA: Transfer of Message [108] completed successfully.
01-24 20:32:06.944   434   611 V u-blox  : CUbxGpsState::printStd: MGA: Message sent [109/121]: GLO-ALM for SV 20 (size [44] retries [0])
01-24 20:32:06.944   434   611 V u-blox  : CUbxGpsState::printStd: MGA: Transfer of Message [109] completed successfully.
01-24 20:32:06.965   434   611 V u-blox  : CUbxGpsState::printStd: MGA: Message sent [110/121]: GLO-ALM for SV 21 (size [44] retries [0])
01-24 20:32:06.966   434   611 V u-blox  : CUbxGpsState::printStd: MGA: Transfer of Message [110] completed successfully.
01-24 20:32:06.987   434   611 V u-blox  : CUbxGpsState::printStd: MGA: Message sent [111/121]: GLO-ALM for SV 22 (size [44] retries [0])
01-24 20:32:06.987   434   611 V u-blox  : CUbxGpsState::printStd: MGA: Transfer of Message [111] completed successfully.
01-24 20:32:07.007   434   611 V u-blox  : CUbxGpsState::printStd: MGA: Message sent [112/121]: GLO-ALM for SV 23 (size [44] retries [0])
01-24 20:32:07.008   434   611 V u-blox  : CUbxGpsState::printStd: MGA: Transfer of Message [112] completed successfully.
01-24 20:32:07.028   434   611 V u-blox  : CUbxGpsState::printStd: MGA: Message sent [113/121]: QZSS-ALM for SV 1 (size [44] retries [0])
01-24 20:32:07.028   434   611 V u-blox  : CUbxGpsState::printStd: MGA: Transfer of Message [113] completed successfully.
01-24 20:32:07.040   434   614 W u-blox  : CProtocolUBX::ProcessNavPvt: psmState=0, fixType=0, gnssFixOk=0, numSV=0, pDOP=999, hACC=4294967, vACC=3750000
01-24 20:32:07.041   434   614 V u-blox  : CAndroidDatabase::Commit: ignore location report, lat long alt invalid
01-24 20:32:07.051   434   611 V u-blox  : CUbxGpsState::printStd: MGA: Message sent [114/121]: QZSS-ALM for SV 2 (size [44] retries [0])
01-24 20:32:07.051   434   611 V u-blox  : CUbxGpsState::printStd: MGA: Transfer of Message [114] completed successfully.
01-24 20:32:07.074   434   611 V u-blox  : CUbxGpsState::printStd: MGA: Message sent [115/121]: QZSS-ALM for SV 3 (size [44] retries [0])
01-24 20:32:07.074   434   611 V u-blox  : CUbxGpsState::printStd: MGA: Transfer of Message [115] completed successfully.
01-24 20:32:07.096   434   611 V u-blox  : CUbxGpsState::printStd: MGA: Message sent [116/121]: GPS-HEALTH (size [48] retries [0])
01-24 20:32:07.096   434   611 V u-blox  : CUbxGpsState::printStd: MGA: Transfer of Message [116] completed successfully.
01-24 20:32:07.116   434   611 V u-blox  : CUbxGpsState::printStd: MGA: Message sent [117/121]: GPS-IONO (size [24] retries [0])
01-24 20:32:07.117   434   611 V u-blox  : CUbxGpsState::printStd: MGA: Transfer of Message [117] completed successfully.
01-24 20:32:07.136   434   611 V u-blox  : CUbxGpsState::printStd: MGA: Message sent [118/121]: GPS-UTC (size [28] retries [0])
01-24 20:32:07.137   434   611 V u-blox  : CUbxGpsState::printStd: MGA: Transfer of Message [118] completed successfully.
01-24 20:32:07.156   434   611 V u-blox  : CUbxGpsState::printStd: MGA: Message sent [119/121]: GLO-TIMEOFFSET (size [28] retries [0])
01-24 20:32:07.157   434   611 V u-blox  : CUbxGpsState::printStd: MGA: Transfer of Message [119] completed successfully.
01-24 20:32:07.178   434   611 V u-blox  : CUbxGpsState::printStd: MGA: Message sent [120/121]: QZSS-HEALTH (size [20] retries [0])
