01-24 19:49:38.288   434  6034 W ActivityManager: Slow operation: 90ms so far, now at attachApplicationLocked: after mServices.attachApplicationLocked
01-24 19:49:38.328   434   453 W BroadcastQueue: Background execution not allowed: receiving Intent { act=android.os.UpdateLock.UPDATE_LOCK_CHANGED flg=0x4000010 (has extras) } to com.google.android.gms/.chimera.GmsIntentOperationService$PersistentTrustedReceiver
01-24 19:49:38.361 15534 15534 I FirebaseInitProvider: FirebaseApp initialization unsuccessful
01-24 19:49:38.782 15534 15550 D OpenGLRenderer: HWUI GL Pipeline
01-24 19:49:38.840 15534 15550 I Adreno-EGL: <qeglDrvAPI_eglInitialize:379>: EGL 1.4 QUALCOMM build:  (I7af58d6928)
01-24 19:49:38.840 15534 15550 I Adreno-EGL: OpenGL ES Shader Compiler Version: E031.35.01.00
01-24 19:49:38.840 15534 15550 I Adreno-EGL: Build Date: 09/14/17 Thu
01-24 19:49:38.840 15534 15550 I Adreno-EGL: Local Branch: gfx-adreno.lnx.1.0
01-24 19:49:38.840 15534 15550 I Adreno-EGL: Remote Branch: 
01-24 19:49:38.840 15534 15550 I Adreno-EGL: Local Patches: 
01-24 19:49:38.840 15534 15550 I Adreno-EGL: Reconstruct Branch: 
01-24 19:49:38.845 15534 15550 I vndksupport: sphal namespace is not configured for this process. Loading /vendor/lib/hw/gralloc.msm8909.so from the current namespace instead.
01-24 19:49:38.859 15550 15550 W RenderThread: type=1400 audit(0.0:539): avc: denied { read } for name="gpuclk" dev="sysfs" ino=18862 scontext=u:r:untrusted_app:s0:c512,c768 tcontext=u:object_r:sysfs:s0 tclass=file permissive=0
01-24 19:49:38.861 15534 15550 I OpenGLRenderer: Initialized EGL, version 1.4
01-24 19:49:38.861 15534 15550 D OpenGLRenderer: Swap behavior 1
01-24 19:49:38.867 15534 15550 W Adreno-ES20: <get_gpu_clk:229>: open failed: errno 13
01-24 19:49:38.878 15534 15550 W Adreno-EGL: <qeglDrvAPI_eglGetConfigAttrib:612>: EGL_BAD_ATTRIBUTE
01-24 19:49:38.880 15534 15550 I vndksupport: sphal namespace is not configured for this process. Loading /vendor/lib/hw/gralloc.msm8909.so from the current namespace instead.
01-24 19:49:38.951 15534 15550 I vndksupport: sphal namespace is not configured for this process. Loading /vendor/lib/hw/gralloc.msm8909.so from the current namespace instead.
01-24 19:49:39.161   434   461 I ActivityManager: Displayed online.makkahtv.salattime/.activity.MainChooseActivity: +1s112ms
01-24 19:49:39.793 30846 30867 I Finsky  : [1245] jwq.run(3): Stats for Executor: BlockingExecutor jyi@923c909[Running, pool size = 0, active threads = 0, queued tasks = 0, completed tasks = 289]
01-24 19:49:39.795 30846 30867 I Finsky  : [1245] jwq.run(3): Stats for Executor: LightweightExecutor jyi@173870e[Running, pool size = 3, active threads = 0, queued tasks = 0, completed tasks = 64]
01-24 19:49:41.627   434   536 E TaskPersister: File error accessing recents directory (directory doesn't exist?).
01-24 19:49:41.766 30846 30867 I Finsky  : [1245] jwq.run(3): Stats for Executor: bgExecutor jyi@5e72822[Running, pool size = 4, active threads = 0, queued tasks = 0, completed tasks = 1093]
01-24 19:49:42.876  7206  7251 I dailytrack: HealthSportDataCacheUtil::saveData(),currentThread4=handle_total_data
01-24 19:49:47.884  7206  7251 I chatty  : uid=10025(u0_a25) handle_total_da identical 1 line
01-24 19:49:52.887  7206  7251 I dailytrack: HealthSportDataCacheUtil::saveData(),currentThread4=handle_total_data
01-24 19:49:55.200 15556 15556 D AndroidRuntime: >>>>>> START com.android.internal.os.RuntimeInit uid 2000 <<<<<<
01-24 19:49:56.337 15556 15556 D AndroidRuntime: Calling main entry com.android.commands.pm.Pm
01-24 19:49:56.368   434   610 I ActivityManager: Force stopping online.makkahtv.salattime appid=10067 user=0: clear data
01-24 19:49:56.370   434   610 I ActivityManager: Killing 15534:online.makkahtv.salattime/u0a67 (adj 0): stop online.makkahtv.salattime
01-24 19:49:56.384   434   610 W ActivityManager: Force removing ActivityRecord{e28b37f u0 online.makkahtv.salattime/.activity.MainChooseActivity t456}: app died, no saved state
01-24 19:49:56.599   434   454 W Looper  : Dispatch took 230ms on android.ui, h=Handler (com.android.server.am.ActivityManagerService$UiHandler) {dee4953} cb=null msg=53
01-24 19:49:56.658   335   335 I keystore: clear_uid 10067
01-24 19:49:56.788   434   453 I ActivityManager: Force stopping online.makkahtv.salattime appid=10067 user=-1: clearApplicationUserData
01-24 19:49:56.813   434   461 W ActivityManager: setHasOverlayUi called on unknown pid: 15534
01-24 19:49:56.828   434   454 W Looper  : Dispatch took 225ms on android.ui, h=Handler (com.android.server.am.ActivityManagerService$UiHandler) {dee4953} cb=null msg=30
01-24 19:49:56.844 15691 15691 E Watchface: CocosWatchFaceService::Handler msg: -5 0.0;--
01-24 19:49:56.844   434   536 E TaskPersister: File error accessing recents directory (directory doesn't exist?).
01-24 19:49:56.848   434 13083 W BroadcastQueue: Background execution not allowed: receiving Intent { act=android.os.UpdateLock.UPDATE_LOCK_CHANGED flg=0x4000010 (has extras) } to com.google.android.gms/.chimera.GmsIntentOperationService$PersistentTrustedReceiver
01-24 19:49:57.020 31332 31332 D Avrcp   : AvrcpServiceBroadcastReceiver-> Action: android.intent.action.PACKAGE_DATA_CLEARED
01-24 19:49:57.021 31332 31332 D Avrcp   : packageName: online.makkahtv.salattime removed: true
01-24 19:49:57.021 31332 31332 V Avrcp   : isBrowseSupported for online.makkahtv.salattime: false
01-24 19:49:57.029 13109 13109 I GeofencerStateMachine: removeGeofences: removeRequest=RemoveGeofencingRequest[REMOVE_ALL packageName=online.makkahtv.salattime]
01-24 19:49:57.042 15556 15556 I app_process: System.exit called, status: 0
01-24 19:49:57.043 15556 15556 I AndroidRuntime: VM exiting with result code 0.
01-24 19:49:57.095   712   712 D RegisteredNfcFServicesCache: Service unchanged, not updating
01-24 19:49:57.102 13109 15569 I Fitness : Clearing all cached OAuth tokens for: online.makkahtv.salattime [CONTEXT service_id=17 ]
01-24 19:49:57.104 13109 15569 I Fitness : Removing all subscriptions for: online.makkahtv.salattime [CONTEXT service_id=17 ]
01-24 19:49:57.218 13109 15569 I Fitness : Clearing all cached OAuth tokens for: online.makkahtv.salattime [CONTEXT service_id=17 ]
01-24 19:49:57.250 13109 15569 I Fitness : Removing all subscriptions for: online.makkahtv.salattime [CONTEXT service_id=17 ]
01-24 19:49:57.677 13109 13109 W BoundBrokerSvc: No bound-service is registered for action: com.google.android.gms.udc.service.START
01-24 19:49:57.677 13109 13109 E BoundBrokerSvc: Proxy without impl failing onBind(): Intent { act=com.google.android.gms.udc.service.START pkg=com.google.android.gms }
01-24 19:49:57.677 13109 13109 W GmsApiChimeraSvc: Failed in attempt to reload bound-service.
01-24 19:49:57.681 13109 13510 I GmsApiChimeraSvc: Using MissingApiServiceBroker for com.google.android.gms.udc.service.START due to missing BoundService implementation
01-24 19:49:57.842 13109 13122 I zygote  : Background concurrent copying GC freed 32081(2MB) AllocSpace objects, 0(0B) LOS objects, 20% free, 7MB/9MB, paused 7.704ms total 636.192ms
01-24 19:49:57.856   434   443 I zygote  : Background concurrent copying GC freed 19526(1506KB) AllocSpace objects, 18(452KB) LOS objects, 14% free, 11MB/13MB, paused 3.851ms total 1.225s
01-24 19:49:57.892  7206  7251 I dailytrack: HealthSportDataCacheUtil::saveData(),currentThread4=handle_total_data
01-24 19:49:58.039 31850 32281 I Checkin : [EventLogChimeraService] Opted in for usage reporting: false
01-24 19:49:58.039 31850 32281 I Checkin : [EventLogChimeraService] Aggregate from 1579890565513 (log), 1579890565513 (data)
01-24 19:49:58.118   434   453 W BroadcastQueue: Background execution not allowed: receiving Intent { act=android.intent.action.DROPBOX_ENTRY_ADDED flg=0x10 (has extras) } to com.google.android.gms/.stats.service.DropBoxEntryAddedReceiver
01-24 19:49:58.119   434   453 W BroadcastQueue: Background execution not allowed: receiving Intent { act=android.intent.action.DROPBOX_ENTRY_ADDED flg=0x10 (has extras) } to com.google.android.gms/.chimera.GmsIntentOperationService$PersistentTrustedReceiver
01-24 19:49:58.242 13109 13109 W BoundBrokerSvc: No bound-service is registered for action: com.google.android.gms.udc.service.START
01-24 19:49:58.242 13109 13109 E BoundBrokerSvc: Proxy without impl failing onBind(): Intent { act=com.google.android.gms.udc.service.START pkg=com.google.android.gms }
01-24 19:49:58.242 13109 13109 W GmsApiChimeraSvc: Failed in attempt to reload bound-service.
01-24 19:49:58.242 13109 13510 I GmsApiChimeraSvc: Using MissingApiServiceBroker for com.google.android.gms.udc.service.START due to missing BoundService implementation
01-24 19:50:00.004 15691 15691 D WallpaperUtil: InternalCache: available=1546M
01-24 19:50:00.011 15691 15691 E Watchface: WeatherManager::checkUpdateDisplayWeather() mWeatherInfo is null !
01-24 19:50:00.015 32131 32131 W OngoingChipController: Attempting to remove non-existent UI for chip [com.google.android.wearable.app, media_controls]
01-24 19:50:02.468   434   756 I ActivityManager: START u0 {act=api.android.category.MAIN cat=[api.android.intent.LAUNCHER] flg=0x10000000 cmp=online.makkahtv.salattime/.activity.MainChooseActivity} from uid 2000
01-24 19:50:02.614   434   610 I ActivityManager: Start proc 15585:online.makkahtv.salattime/u0a67 for activity online.makkahtv.salattime/.activity.MainChooseActivity
01-24 19:50:02.641   434   462 W ProcessCpuTracker: Skipping unknown process pid 15581
01-24 19:50:02.642   434   462 W ProcessCpuTracker: Skipping unknown process pid 15583
01-24 19:50:02.791 15585 15595 I zygote  : Background concurrent copying GC freed 605(444KB) AllocSpace objects, 0(0B) LOS objects, 35% free, 928KB/1440KB, paused 5.020ms total 84.049ms
01-24 19:50:02.846   434   756 W ActivityManager: Slow operation: 98ms so far, now at attachApplicationLocked: after mServices.attachApplicationLocked
01-24 19:50:02.866   434   453 W BroadcastQueue: Background execution not allowed: receiving Intent { act=android.os.UpdateLock.UPDATE_LOCK_CHANGED flg=0x4000010 (has extras) } to com.google.android.gms/.chimera.GmsIntentOperationService$PersistentTrustedReceiver
01-24 19:50:02.899  7206  7251 I dailytrack: HealthSportDataCacheUtil::saveData(),currentThread4=handle_total_data
01-24 19:50:02.930 15585 15585 I FirebaseInitProvider: FirebaseApp initialization unsuccessful
01-24 19:50:02.930   434   454 W Looper  : Dispatch took 137ms on android.ui, h=Handler (com.android.server.am.ActivityManagerService$UiHandler) {dee4953} cb=null msg=31
01-24 19:50:03.169   323   403 W HWComposer: Ignoring duplicate VSYNC event from HWC (t=167672669975044)
01-24 19:50:03.319 15585 15601 D OpenGLRenderer: HWUI GL Pipeline
01-24 19:50:03.402 15585 15601 I Adreno-EGL: <qeglDrvAPI_eglInitialize:379>: EGL 1.4 QUALCOMM build:  (I7af58d6928)
01-24 19:50:03.402 15585 15601 I Adreno-EGL: OpenGL ES Shader Compiler Version: E031.35.01.00
01-24 19:50:03.402 15585 15601 I Adreno-EGL: Build Date: 09/14/17 Thu
01-24 19:50:03.402 15585 15601 I Adreno-EGL: Local Branch: gfx-adreno.lnx.1.0
01-24 19:50:03.402 15585 15601 I Adreno-EGL: Remote Branch: 
01-24 19:50:03.402 15585 15601 I Adreno-EGL: Local Patches: 
01-24 19:50:03.402 15585 15601 I Adreno-EGL: Reconstruct Branch: 
01-24 19:50:03.409 15585 15601 I vndksupport: sphal namespace is not configured for this process. Loading /vendor/lib/hw/gralloc.msm8909.so from the current namespace instead.
01-24 19:50:03.419 15601 15601 W RenderThread: type=1400 audit(0.0:540): avc: denied { read } for name="gpuclk" dev="sysfs" ino=18862 scontext=u:r:untrusted_app:s0:c512,c768 tcontext=u:object_r:sysfs:s0 tclass=file permissive=0
01-24 19:50:03.424 15585 15601 I OpenGLRenderer: Initialized EGL, version 1.4
01-24 19:50:03.425 15585 15601 D OpenGLRenderer: Swap behavior 1
01-24 19:50:03.433 15585 15601 W Adreno-ES20: <get_gpu_clk:229>: open failed: errno 13
01-24 19:50:03.444 15585 15601 W Adreno-EGL: <qeglDrvAPI_eglGetConfigAttrib:612>: EGL_BAD_ATTRIBUTE
01-24 19:50:03.448 15585 15601 I vndksupport: sphal namespace is not configured for this process. Loading /vendor/lib/hw/gralloc.msm8909.so from the current namespace instead.
01-24 19:50:03.477 15691 15701 I zygote  : Background concurrent copying GC freed 4195(383KB) AllocSpace objects, 0(0B) LOS objects, 28% free, 1258KB/1770KB, paused 520us total 139.329ms
01-24 19:50:03.518 15585 15601 I vndksupport: sphal namespace is not configured for this process. Loading /vendor/lib/hw/gralloc.msm8909.so from the current namespace instead.
01-24 19:50:03.559   317   317 E hw-IPCThreadState: binder thread pool (1 threads) starved for 145 ms
01-24 19:50:03.577 15585 15595 I zygote  : NativeAllocBackground concurrent copying GC freed 740(141KB) AllocSpace objects, 0(0B) LOS objects, 28% free, 1275KB/1787KB, paused 9.308ms total 416.165ms
01-24 19:50:03.767   434   461 I ActivityManager: Displayed online.makkahtv.salattime/.activity.MainChooseActivity: +1s188ms
01-24 19:50:06.114   434   536 E TaskPersister: File error accessing recents directory (directory doesn't exist?).
01-24 19:50:07.900  7206  7251 I dailytrack: HealthSportDataCacheUtil::saveData(),currentThread4=handle_total_data
01-24 19:50:09.607 31332 31384 E bt_btif : bta_dm_pm_btm_status hci_status=35
01-24 19:50:11.961   723   723 I battery : BatteryService: mInternalBatteryReceiver onReceive() action = android.intent.action.BATTERY_CHANGED
01-24 19:50:11.969 31787 31787 I ADVLog  : ADV.SensorService:/BatteryTemperature: 350  /isUsbOrAc: 1
01-24 19:50:11.983   319   319 D WifiHAL : In DebugCommand::handleResponse
01-24 19:50:11.984   319   319 D WifiHAL : len = 4, expected len = 4
01-24 19:50:12.021   434   660 E BatteryStatsService: no controller energy info supplied
01-24 19:50:12.906  7206  7251 I dailytrack: HealthSportDataCacheUtil::saveData(),currentThread4=handle_total_data
01-24 19:50:17.911  7206  7251 I dailytrack: HealthSportDataCacheUtil::saveData(),currentThread4=handle_total_data
01-24 19:50:19.684 15607 15607 D AndroidRuntime: >>>>>> START com.android.internal.os.RuntimeInit uid 2000 <<<<<<
01-24 19:50:20.935 15607 15607 D AndroidRuntime: Calling main entry com.android.commands.pm.Pm
01-24 19:50:12.023   434   660 I chatty  : uid=1000(system) Binder:434_5 identical 1 line
01-24 19:50:12.023   434   660 E BatteryStatsService: no controller energy info supplied
01-24 19:50:20.964   434 13083 I ActivityManager: Force stopping online.makkahtv.salattime appid=10067 user=0: clear data
01-24 19:50:20.967   434 13083 I ActivityManager: Killing 15585:online.makkahtv.salattime/u0a67 (adj 0): stop online.makkahtv.salattime
01-24 19:50:20.973   434 13083 W ActivityManager: Force removing ActivityRecord{4bc6ca4 u0 online.makkahtv.salattime/.activity.MainChooseActivity t457}: app died, no saved state
01-24 19:50:21.149   434   756 W InputMethodManagerService: Got RemoteException sending setActive(false) notification to pid 15585 uid 10067
01-24 19:50:21.233   434   454 W Looper  : Dispatch took 268ms on android.ui, h=Handler (com.android.server.am.ActivityManagerService$UiHandler) {dee4953} cb=null msg=53
01-24 19:50:21.307   335   335 I keystore: clear_uid 10067
01-24 19:50:21.309   434   461 W ActivityManager: setHasOverlayUi called on unknown pid: 15585
01-24 19:50:21.324   434   453 I ActivityManager: Force stopping online.makkahtv.salattime appid=10067 user=-1: clearApplicationUserData
01-24 19:50:21.335   434   453 W BroadcastQueue: Background execution not allowed: receiving Intent { act=android.os.UpdateLock.UPDATE_LOCK_CHANGED flg=0x4000010 (has extras) } to com.google.android.gms/.chimera.GmsIntentOperationService$PersistentTrustedReceiver
01-24 19:50:21.368 15691 15691 E Watchface: CocosWatchFaceService::Handler msg: -5 0.0;--
01-24 19:50:21.376   434   536 E TaskPersister: File error accessing recents directory (directory doesn't exist?).
01-24 19:50:21.481 31332 31332 D Avrcp   : AvrcpServiceBroadcastReceiver-> Action: android.intent.action.PACKAGE_DATA_CLEARED
01-24 19:50:21.482 31332 31332 D Avrcp   : packageName: online.makkahtv.salattime removed: true
01-24 19:50:21.482 31332 31332 V Avrcp   : isBrowseSupported for online.makkahtv.salattime: false
01-24 19:50:21.486 13109 13109 I GeofencerStateMachine: removeGeofences: removeRequest=RemoveGeofencingRequest[REMOVE_ALL packageName=online.makkahtv.salattime]
01-24 19:50:21.529 15607 15607 I app_process: System.exit called, status: 0
01-24 19:50:21.529 15607 15607 I AndroidRuntime: VM exiting with result code 0.
01-24 19:50:21.553   712   712 D RegisteredNfcFServicesCache: Service unchanged, not updating
01-24 19:50:21.555 13109 15618 I Fitness : Clearing all cached OAuth tokens for: online.makkahtv.salattime [CONTEXT service_id=17 ]
01-24 19:50:21.561 13109 15618 I Fitness : Removing all subscriptions for: online.makkahtv.salattime [CONTEXT service_id=17 ]
01-24 19:50:21.624 13109 15618 I Fitness : Clearing all cached OAuth tokens for: online.makkahtv.salattime [CONTEXT service_id=17 ]
01-24 19:50:21.628 13109 15618 I Fitness : Removing all subscriptions for: online.makkahtv.salattime [CONTEXT service_id=17 ]
01-24 19:50:22.916  7206  7251 I dailytrack: HealthSportDataCacheUtil::saveData(),currentThread4=handle_total_data
01-24 19:50:26.945   434   660 I ActivityManager: START u0 {act=api.android.category.MAIN cat=[api.android.intent.LAUNCHER] flg=0x10000000 cmp=online.makkahtv.salattime/.activity.MainChooseActivity} from uid 2000
01-24 19:50:27.092   434 13233 I ActivityManager: Start proc 15633:online.makkahtv.salattime/u0a67 for activity online.makkahtv.salattime/.activity.MainChooseActivity
01-24 19:50:27.107   434   454 W Looper  : Dispatch took 102ms on android.ui, h=Handler (com.android.server.am.ActivityManagerService$UiHandler) {dee4953} cb=null msg=53
01-24 19:50:27.132   434   462 W ProcessCpuTracker: Skipping unknown process pid 15629
01-24 19:50:27.133   434   462 W ProcessCpuTracker: Skipping unknown process pid 15631
01-24 19:50:27.265   434 13233 W ActivityManager: Slow operation: 81ms so far, now at attachApplicationLocked: after mServices.attachApplicationLocked
01-24 19:50:27.274   434   453 W BroadcastQueue: Background execution not allowed: receiving Intent { act=android.os.UpdateLock.UPDATE_LOCK_CHANGED flg=0x4000010 (has extras) } to com.google.android.gms/.chimera.GmsIntentOperationService$PersistentTrustedReceiver
01-24 19:50:27.373 15633 15633 I FirebaseInitProvider: FirebaseApp initialization unsuccessful
01-24 19:50:27.721 15633 15643 I zygote  : NativeAllocBackground concurrent copying GC freed 800(209KB) AllocSpace objects, 0(0B) LOS objects, 31% free, 1135KB/1647KB, paused 12.708ms total 110.956ms
01-24 19:50:27.735   323   403 W HWComposer: Ignoring duplicate VSYNC event from HWC (t=167697234519566)
01-24 19:50:27.778 15633 15649 D OpenGLRenderer: HWUI GL Pipeline
01-24 19:50:27.838 15633 15649 I Adreno-EGL: <qeglDrvAPI_eglInitialize:379>: EGL 1.4 QUALCOMM build:  (I7af58d6928)
01-24 19:50:27.838 15633 15649 I Adreno-EGL: OpenGL ES Shader Compiler Version: E031.35.01.00
01-24 19:50:27.838 15633 15649 I Adreno-EGL: Build Date: 09/14/17 Thu
01-24 19:50:27.838 15633 15649 I Adreno-EGL: Local Branch: gfx-adreno.lnx.1.0
01-24 19:50:27.838 15633 15649 I Adreno-EGL: Remote Branch: 
01-24 19:50:27.838 15633 15649 I Adreno-EGL: Local Patches: 
01-24 19:50:27.838 15633 15649 I Adreno-EGL: Reconstruct Branch: 
01-24 19:50:27.844 15633 15649 I vndksupport: sphal namespace is not configured for this process. Loading /vendor/lib/hw/gralloc.msm8909.so from the current namespace instead.
01-24 19:50:27.859 15649 15649 W RenderThread: type=1400 audit(0.0:541): avc: denied { read } for name="gpuclk" dev="sysfs" ino=18862 scontext=u:r:untrusted_app:s0:c512,c768 tcontext=u:object_r:sysfs:s0 tclass=file permissive=0
01-24 19:50:27.862 15633 15649 I OpenGLRenderer: Initialized EGL, version 1.4
01-24 19:50:27.862 15633 15649 D OpenGLRenderer: Swap behavior 1
01-24 19:50:27.872 15633 15649 W Adreno-ES20: <get_gpu_clk:229>: open failed: errno 13
01-24 19:50:27.883 15633 15649 W Adreno-EGL: <qeglDrvAPI_eglGetConfigAttrib:612>: EGL_BAD_ATTRIBUTE
01-24 19:50:27.885 15633 15649 I vndksupport: sphal namespace is not configured for this process. Loading /vendor/lib/hw/gralloc.msm8909.so from the current namespace instead.
01-24 19:50:27.905   323   403 W HWComposer: Ignoring duplicate VSYNC event from HWC (t=167697405711545)
01-24 19:50:27.924  7206  7251 I dailytrack: HealthSportDataCacheUtil::saveData(),currentThread4=handle_total_data
01-24 19:50:27.948 15633 15649 I vndksupport: sphal namespace is not configured for this process. Loading /vendor/lib/hw/gralloc.msm8909.so from the current namespace instead.
01-24 19:50:28.203   434   461 I ActivityManager: Displayed online.makkahtv.salattime/.activity.MainChooseActivity: +1s154ms
01-24 19:50:30.513   434   536 E TaskPersister: File error accessing recents directory (directory doesn't exist?).
01-24 19:50:32.930  7206  7251 I dailytrack: HealthSportDataCacheUtil::saveData(),currentThread4=handle_total_data
01-24 19:50:37.935  7206  7251 I chatty  : uid=10025(u0_a25) handle_total_da identical 1 line
01-24 19:50:42.937  7206  7251 I dailytrack: HealthSportDataCacheUtil::saveData(),currentThread4=handle_total_data
01-24 19:50:44.173 15655 15655 D AndroidRuntime: >>>>>> START com.android.internal.os.RuntimeInit uid 2000 <<<<<<
01-24 19:50:45.445 15655 15655 D AndroidRuntime: Calling main entry com.android.commands.pm.Pm
01-24 19:50:45.469   434   874 I ActivityManager: Force stopping online.makkahtv.salattime appid=10067 user=0: clear data
01-24 19:50:45.471   434   874 I ActivityManager: Killing 15633:online.makkahtv.salattime/u0a67 (adj 0): stop online.makkahtv.salattime
01-24 19:50:45.479   434   874 W ActivityManager: Force removing ActivityRecord{3b16f15 u0 online.makkahtv.salattime/.activity.MainChooseActivity t458}: app died, no saved state
01-24 19:50:45.568   434   503 W InputDispatcher: channel '11f6539 online.makkahtv.salattime/online.makkahtv.salattime.activity.MainChooseActivity (server)' ~ Consumer closed input channel or an error occurred.  events=0x9
01-24 19:50:45.618   434   503 E InputDispatcher: channel '11f6539 online.makkahtv.salattime/online.makkahtv.salattime.activity.MainChooseActivity (server)' ~ Channel is unrecoverably broken and will be disposed!
01-24 19:50:45.619   434   874 W InputDispatcher: Attempted to unregister already unregistered input channel '11f6539 online.makkahtv.salattime/online.makkahtv.salattime.activity.MainChooseActivity (server)'
01-24 19:50:45.756   434  2426 W WindowManager: Failed looking up window callers=com.android.server.wm.WindowManagerService.windowForClientLocked:5750 com.android.server.wm.WindowState$DeathRecipient.binderDied:2284 android.os.BinderProxy.sendDeathNotice:828 
01-24 19:50:45.758   434  2426 I WindowManager: WIN DEATH: null
01-24 19:50:45.882   434   461 W ActivityManager: setHasOverlayUi called on unknown pid: 15633
01-24 19:50:45.883   434   454 W Looper  : Dispatch took 412ms on android.ui, h=Handler (com.android.server.am.ActivityManagerService$UiHandler) {dee4953} cb=null msg=53
01-24 19:50:45.931   434   453 W BroadcastQueue: Background execution not allowed: receiving Intent { act=android.os.UpdateLock.UPDATE_LOCK_CHANGED flg=0x4000010 (has extras) } to com.google.android.gms/.chimera.GmsIntentOperationService$PersistentTrustedReceiver
01-24 19:50:45.941 15691 15691 E Watchface: CocosWatchFaceService::Handler msg: -5 0.0;--
01-24 19:50:45.954   335   335 I keystore: clear_uid 10067
01-24 19:50:46.014   434   536 E TaskPersister: File error accessing recents directory (directory doesn't exist?).
01-24 19:50:46.019   434   453 I ActivityManager: Force stopping online.makkahtv.salattime appid=10067 user=-1: clearApplicationUserData
01-24 19:50:46.163 31332 31332 D Avrcp   : AvrcpServiceBroadcastReceiver-> Action: android.intent.action.PACKAGE_DATA_CLEARED
01-24 19:50:46.163 31332 31332 D Avrcp   : packageName: online.makkahtv.salattime removed: true
01-24 19:50:46.163 31332 31332 V Avrcp   : isBrowseSupported for online.makkahtv.salattime: false
01-24 19:50:46.170 13109 13109 I GeofencerStateMachine: removeGeofences: removeRequest=RemoveGeofencingRequest[REMOVE_ALL packageName=online.makkahtv.salattime]
01-24 19:50:46.217 15655 15655 I app_process: System.exit called, status: 0
01-24 19:50:46.217 15655 15655 I AndroidRuntime: VM exiting with result code 0.
01-24 19:50:46.303 13109 15666 I Fitness : Clearing all cached OAuth tokens for: online.makkahtv.salattime [CONTEXT service_id=17 ]
01-24 19:50:46.308 13109 15666 I Fitness : Removing all subscriptions for: online.makkahtv.salattime [CONTEXT service_id=17 ]
01-24 19:50:46.325   712   712 D RegisteredNfcFServicesCache: Service unchanged, not updating
01-24 19:50:46.390 13109 15666 I Fitness : Clearing all cached OAuth tokens for: online.makkahtv.salattime [CONTEXT service_id=17 ]
01-24 19:50:46.393 13109 15666 I Fitness : Removing all subscriptions for: online.makkahtv.salattime [CONTEXT service_id=17 ]
01-24 19:50:46.798   434   443 I zygote  : Background concurrent copying GC freed 24750(1812KB) AllocSpace objects, 18(452KB) LOS objects, 15% free, 11MB/13MB, paused 8.112ms total 864.988ms
01-24 19:50:47.941  7206  7251 I dailytrack: HealthSportDataCacheUtil::saveData(),currentThread4=handle_total_data
01-24 19:50:51.601   434  1099 I ActivityManager: START u0 {act=api.android.category.MAIN cat=[api.android.intent.LAUNCHER] flg=0x10000000 cmp=online.makkahtv.salattime/.activity.MainChooseActivity} from uid 2000
01-24 19:50:51.730   434   462 W ProcessCpuTracker: Skipping unknown process pid 15677
01-24 19:50:51.731   434   462 W ProcessCpuTracker: Skipping unknown process pid 15679
01-24 19:50:51.744   434  7909 I ActivityManager: Start proc 15685:online.makkahtv.salattime/u0a67 for activity online.makkahtv.salattime/.activity.MainChooseActivity
01-24 19:50:51.913   434  7909 W ActivityManager: Slow operation: 89ms so far, now at attachApplicationLocked: after mServices.attachApplicationLocked
01-24 19:50:51.933   434   453 W BroadcastQueue: Background execution not allowed: receiving Intent { act=android.os.UpdateLock.UPDATE_LOCK_CHANGED flg=0x4000010 (has extras) } to com.google.android.gms/.chimera.GmsIntentOperationService$PersistentTrustedReceiver
01-24 19:50:51.985 15685 15685 I FirebaseInitProvider: FirebaseApp initialization unsuccessful
01-24 19:50:52.395 15685 15707 I zygote  : NativeAllocBackground concurrent copying GC freed 872(257KB) AllocSpace objects, 0(0B) LOS objects, 30% free, 1183KB/1695KB, paused 4.631ms total 148.084ms
01-24 19:50:52.427 15685 15713 D OpenGLRenderer: HWUI GL Pipeline
01-24 19:50:52.487 15685 15713 I Adreno-EGL: <qeglDrvAPI_eglInitialize:379>: EGL 1.4 QUALCOMM build:  (I7af58d6928)
01-24 19:50:52.487 15685 15713 I Adreno-EGL: OpenGL ES Shader Compiler Version: E031.35.01.00
01-24 19:50:52.487 15685 15713 I Adreno-EGL: Build Date: 09/14/17 Thu
01-24 19:50:52.487 15685 15713 I Adreno-EGL: Local Branch: gfx-adreno.lnx.1.0
01-24 19:50:52.487 15685 15713 I Adreno-EGL: Remote Branch: 
01-24 19:50:52.487 15685 15713 I Adreno-EGL: Local Patches: 
01-24 19:50:52.487 15685 15713 I Adreno-EGL: Reconstruct Branch: 
01-24 19:50:52.494 15685 15713 I vndksupport: sphal namespace is not configured for this process. Loading /vendor/lib/hw/gralloc.msm8909.so from the current namespace instead.
01-24 19:50:52.509 15713 15713 W RenderThread: type=1400 audit(0.0:542): avc: denied { read } for name="gpuclk" dev="sysfs" ino=18862 scontext=u:r:untrusted_app:s0:c512,c768 tcontext=u:object_r:sysfs:s0 tclass=file permissive=0
01-24 19:50:52.509 15685 15713 I OpenGLRenderer: Initialized EGL, version 1.4
01-24 19:50:52.509 15685 15713 D OpenGLRenderer: Swap behavior 1
01-24 19:50:52.516 15685 15713 W Adreno-ES20: <get_gpu_clk:229>: open failed: errno 13
01-24 19:50:52.527 15685 15713 W Adreno-EGL: <qeglDrvAPI_eglGetConfigAttrib:612>: EGL_BAD_ATTRIBUTE
01-24 19:50:52.529 15685 15713 I vndksupport: sphal namespace is not configured for this process. Loading /vendor/lib/hw/gralloc.msm8909.so from the current namespace instead.
01-24 19:50:52.594 15685 15713 I vndksupport: sphal namespace is not configured for this process. Loading /vendor/lib/hw/gralloc.msm8909.so from the current namespace instead.
01-24 19:50:52.819   434   461 I ActivityManager: Displayed online.makkahtv.salattime/.activity.MainChooseActivity: +1s120ms
01-24 19:50:52.946  7206  7251 I dailytrack: HealthSportDataCacheUtil::saveData(),currentThread4=handle_total_data
01-24 19:50:55.155   434   536 E TaskPersister: File error accessing recents directory (directory doesn't exist?).
01-24 19:50:57.954  7206  7251 I dailytrack: HealthSportDataCacheUtil::saveData(),currentThread4=handle_total_data
01-24 19:51:00.019 15691 15691 D WallpaperUtil: InternalCache: available=1546M
01-24 19:51:00.034 15691 15691 E Watchface: WeatherManager::checkUpdateDisplayWeather() mWeatherInfo is null !
01-24 19:51:00.043 32131 32131 W OngoingChipController: Attempting to remove non-existent UI for chip [com.google.android.wearable.app, media_controls]
01-24 19:51:02.963  7206  7251 I dailytrack: HealthSportDataCacheUtil::saveData(),currentThread4=handle_total_data
01-24 19:51:07.966  7206  7251 I dailytrack: HealthSportDataCacheUtil::saveData(),currentThread4=handle_total_data
01-24 19:51:08.871 15719 15719 D AndroidRuntime: >>>>>> START com.android.internal.os.RuntimeInit uid 2000 <<<<<<
01-24 19:51:10.052 15719 15719 D AndroidRuntime: Calling main entry com.android.commands.pm.Pm
01-24 19:51:10.084   434   874 I ActivityManager: Force stopping online.makkahtv.salattime appid=10067 user=0: clear data
01-24 19:51:10.088   434   874 I ActivityManager: Killing 15685:online.makkahtv.salattime/u0a67 (adj 0): stop online.makkahtv.salattime
01-24 19:51:10.093   434   874 W ActivityManager: Force removing ActivityRecord{5a9992 u0 online.makkahtv.salattime/.activity.MainChooseActivity t459}: app died, no saved state
01-24 19:51:10.430   434   454 W Looper  : Dispatch took 344ms on android.ui, h=Handler (com.android.server.am.ActivityManagerService$UiHandler) {dee4953} cb=null msg=53
01-24 19:51:10.471   434   461 W ActivityManager: setHasOverlayUi called on unknown pid: 15685
01-24 19:51:10.471   434   453 I ActivityManager: Force stopping online.makkahtv.salattime appid=10067 user=-1: clearApplicationUserData
01-24 19:51:10.476   434   453 W BroadcastQueue: Background execution not allowed: receiving Intent { act=android.os.UpdateLock.UPDATE_LOCK_CHANGED flg=0x4000010 (has extras) } to com.google.android.gms/.chimera.GmsIntentOperationService$PersistentTrustedReceiver
01-24 19:51:10.494   335   335 I keystore: clear_uid 10067
01-24 19:51:10.501 15691 15691 E Watchface: CocosWatchFaceService::Handler msg: -5 0.0;--
01-24 19:51:10.512   434   536 E TaskPersister: File error accessing recents directory (directory doesn't exist?).
01-24 19:51:10.572 31332 31332 D Avrcp   : AvrcpServiceBroadcastReceiver-> Action: android.intent.action.PACKAGE_DATA_CLEARED
01-24 19:51:10.572 31332 31332 D Avrcp   : packageName: online.makkahtv.salattime removed: true
01-24 19:51:10.573 31332 31332 V Avrcp   : isBrowseSupported for online.makkahtv.salattime: false
01-24 19:51:10.590 13109 13109 I GeofencerStateMachine: removeGeofences: removeRequest=RemoveGeofencingRequest[REMOVE_ALL packageName=online.makkahtv.salattime]
01-24 19:51:10.613 15719 15719 I app_process: System.exit called, status: 0
01-24 19:51:10.614 15719 15719 I AndroidRuntime: VM exiting with result code 0.
01-24 19:51:10.678   712   712 D RegisteredNfcFServicesCache: Service unchanged, not updating
01-24 19:51:10.681 13109 15732 I Fitness : Clearing all cached OAuth tokens for: online.makkahtv.salattime [CONTEXT service_id=17 ]
01-24 19:51:10.683 13109 15732 I Fitness : Removing all subscriptions for: online.makkahtv.salattime [CONTEXT service_id=17 ]
01-24 19:51:10.741 13109 15732 I Fitness : Clearing all cached OAuth tokens for: online.makkahtv.salattime [CONTEXT service_id=17 ]
01-24 19:51:10.757 13109 15732 I Fitness : Removing all subscriptions for: online.makkahtv.salattime [CONTEXT service_id=17 ]
01-24 19:51:11.932 31787 31787 I ADVLog  : ADV.SensorService:/BatteryTemperature: 348  /isUsbOrAc: 1
01-24 19:51:11.938   723   723 I battery : BatteryService: mInternalBatteryReceiver onReceive() action = android.intent.action.BATTERY_CHANGED
01-24 19:51:11.949   319   319 D WifiHAL : In DebugCommand::handleResponse
01-24 19:51:11.950   319   319 D WifiHAL : len = 4, expected len = 4
01-24 19:51:11.967   434   874 E BatteryStatsService: no controller energy info supplied
01-24 19:51:11.967   434   874 I chatty  : uid=1000(system) Binder:434_7 identical 1 line
01-24 19:51:11.968   434   874 E BatteryStatsService: no controller energy info supplied
01-24 19:51:12.972  7206  7251 I dailytrack: HealthSportDataCacheUtil::saveData(),currentThread4=handle_total_data
01-24 19:51:15.989   434   874 I ActivityManager: START u0 {act=api.android.category.MAIN cat=[api.android.intent.LAUNCHER] flg=0x10000000 cmp=online.makkahtv.salattime/.activity.MainChooseActivity} from uid 2000
01-24 19:51:16.079   434  7909 I ActivityManager: Start proc 15746:online.makkahtv.salattime/u0a67 for activity online.makkahtv.salattime/.activity.MainChooseActivity
01-24 19:51:16.303   434  7909 W ActivityManager: Slow operation: 63ms so far, now at attachApplicationLocked: after mServices.attachApplicationLocked
01-24 19:51:16.338   434   453 W BroadcastQueue: Background execution not allowed: receiving Intent { act=android.os.UpdateLock.UPDATE_LOCK_CHANGED flg=0x4000010 (has extras) } to com.google.android.gms/.chimera.GmsIntentOperationService$PersistentTrustedReceiver
01-24 19:51:16.381 15746 15746 I FirebaseInitProvider: FirebaseApp initialization unsuccessful
01-24 19:51:16.795 15746 15756 I zygote  : NativeAllocBackground concurrent copying GC freed 68(42KB) AllocSpace objects, 0(0B) LOS objects, 30% free, 1189KB/1701KB, paused 8.359ms total 176.963ms
01-24 19:51:16.796 15746 15764 D OpenGLRenderer: HWUI GL Pipeline
01-24 19:51:16.857 15746 15764 I Adreno-EGL: <qeglDrvAPI_eglInitialize:379>: EGL 1.4 QUALCOMM build:  (I7af58d6928)
01-24 19:51:16.857 15746 15764 I Adreno-EGL: OpenGL ES Shader Compiler Version: E031.35.01.00
01-24 19:51:16.857 15746 15764 I Adreno-EGL: Build Date: 09/14/17 Thu
01-24 19:51:16.857 15746 15764 I Adreno-EGL: Local Branch: gfx-adreno.lnx.1.0
01-24 19:51:16.857 15746 15764 I Adreno-EGL: Remote Branch: 
01-24 19:51:16.857 15746 15764 I Adreno-EGL: Local Patches: 
01-24 19:51:16.857 15746 15764 I Adreno-EGL: Reconstruct Branch: 
01-24 19:51:16.864 15746 15764 I vndksupport: sphal namespace is not configured for this process. Loading /vendor/lib/hw/gralloc.msm8909.so from the current namespace instead.
01-24 19:51:16.879 15764 15764 W RenderThread: type=1400 audit(0.0:543): avc: denied { read } for name="gpuclk" dev="sysfs" ino=18862 scontext=u:r:untrusted_app:s0:c512,c768 tcontext=u:object_r:sysfs:s0 tclass=file permissive=0
01-24 19:51:16.880 15746 15764 I OpenGLRenderer: Initialized EGL, version 1.4
01-24 19:51:16.881 15746 15764 D OpenGLRenderer: Swap behavior 1
01-24 19:51:16.889 15746 15764 W Adreno-ES20: <get_gpu_clk:229>: open failed: errno 13
01-24 19:51:16.903 15746 15764 W Adreno-EGL: <qeglDrvAPI_eglGetConfigAttrib:612>: EGL_BAD_ATTRIBUTE
01-24 19:51:16.905 15746 15764 I vndksupport: sphal namespace is not configured for this process. Loading /vendor/lib/hw/gralloc.msm8909.so from the current namespace instead.
01-24 19:51:16.976 15746 15764 I vndksupport: sphal namespace is not configured for this process. Loading /vendor/lib/hw/gralloc.msm8909.so from the current namespace instead.
01-24 19:51:17.211   434   461 I ActivityManager: Displayed online.makkahtv.salattime/.activity.MainChooseActivity: +1s154ms
01-24 19:51:17.977  7206  7251 I dailytrack: HealthSportDataCacheUtil::saveData(),currentThread4=handle_total_data
01-24 19:51:19.572   434   536 E TaskPersister: File error accessing recents directory (directory doesn't exist?).
01-24 19:51:27.990  7206  7251 I chatty  : uid=10025(u0_a25) handle_total_da identical 2 lines
01-24 19:51:32.996  7206  7251 I dailytrack: HealthSportDataCacheUtil::saveData(),currentThread4=handle_total_data
01-24 19:51:33.207 15770 15770 D AndroidRuntime: >>>>>> START com.android.internal.os.RuntimeInit uid 2000 <<<<<<
01-24 19:51:34.415 15770 15770 D AndroidRuntime: Calling main entry com.android.commands.pm.Pm
01-24 19:51:34.448   434  2426 I ActivityManager: Force stopping online.makkahtv.salattime appid=10067 user=0: clear data
01-24 19:51:34.452   434  2426 I ActivityManager: Killing 15746:online.makkahtv.salattime/u0a67 (adj 0): stop online.makkahtv.salattime
01-24 19:51:34.459   434  2426 W ActivityManager: Force removing ActivityRecord{1f0ac08 u0 online.makkahtv.salattime/.activity.MainChooseActivity t460}: app died, no saved state
01-24 19:51:34.638   434   874 W InputMethodManagerService: Got RemoteException sending setActive(false) notification to pid 15746 uid 10067
01-24 19:51:34.743   434   454 W Looper  : Dispatch took 293ms on android.ui, h=Handler (com.android.server.am.ActivityManagerService$UiHandler) {dee4953} cb=null msg=53
01-24 19:51:34.748   434   461 W ActivityManager: setHasOverlayUi called on unknown pid: 15746
01-24 19:51:34.754   434   453 I ActivityManager: Force stopping online.makkahtv.salattime appid=10067 user=-1: clearApplicationUserData
01-24 19:51:34.790 15691 15691 E Watchface: CocosWatchFaceService::Handler msg: -5 0.0;--
01-24 19:51:34.792   434   453 W BroadcastQueue: Background execution not allowed: receiving Intent { act=android.os.UpdateLock.UPDATE_LOCK_CHANGED flg=0x4000010 (has extras) } to com.google.android.gms/.chimera.GmsIntentOperationService$PersistentTrustedReceiver
01-24 19:51:34.838   335   335 I keystore: clear_uid 10067
01-24 19:51:34.846   434   536 E TaskPersister: File error accessing recents directory (directory doesn't exist?).
01-24 19:51:34.877   434   462 W ProcessCpuTracker: Skipping unknown process pid 15746
01-24 19:51:34.988   434   610 I zygote  : IncrementDisableThreadFlip blocked for 8.090ms
01-24 19:51:35.013 13109 13109 I GeofencerStateMachine: removeGeofences: removeRequest=RemoveGeofencingRequest[REMOVE_ALL packageName=online.makkahtv.salattime]
01-24 19:51:35.023 31332 31332 D Avrcp   : AvrcpServiceBroadcastReceiver-> Action: android.intent.action.PACKAGE_DATA_CLEARED
01-24 19:51:35.023 31332 31332 D Avrcp   : packageName: online.makkahtv.salattime removed: true
01-24 19:51:35.023 31332 31332 V Avrcp   : isBrowseSupported for online.makkahtv.salattime: false
01-24 19:51:35.062 15770 15770 I app_process: System.exit called, status: 0
01-24 19:51:35.062 15770 15770 I AndroidRuntime: VM exiting with result code 0.
01-24 19:51:35.077 13109 15781 I Fitness : Clearing all cached OAuth tokens for: online.makkahtv.salattime [CONTEXT service_id=17 ]
01-24 19:51:35.079 13109 15781 I Fitness : Removing all subscriptions for: online.makkahtv.salattime [CONTEXT service_id=17 ]
01-24 19:51:35.120   712   712 D RegisteredNfcFServicesCache: Service unchanged, not updating
01-24 19:51:35.155 13109 15781 I Fitness : Clearing all cached OAuth tokens for: online.makkahtv.salattime [CONTEXT service_id=17 ]
01-24 19:51:35.160 13109 15781 I Fitness : Removing all subscriptions for: online.makkahtv.salattime [CONTEXT service_id=17 ]
01-24 19:51:35.346   712   726 I zygote  : Background concurrent copying GC freed 10547(412KB) AllocSpace objects, 0(0B) LOS objects, 29% free, 1245KB/1757KB, paused 1.849ms total 300.723ms
01-24 19:51:35.767   434   443 I zygote  : Background concurrent copying GC freed 19384(1525KB) AllocSpace objects, 20(492KB) LOS objects, 15% free, 11MB/13MB, paused 17.027ms total 803.996ms
01-24 19:51:35.773 13109 13122 I zygote  : Background concurrent copying GC freed 33630(2MB) AllocSpace objects, 0(0B) LOS objects, 21% free, 7MB/9MB, paused 6.213ms total 406.706ms
01-24 19:51:38.001  7206  7251 I dailytrack: HealthSportDataCacheUtil::saveData(),currentThread4=handle_total_data


