01-24 19:46:47.905 15196 15212 I vndksupport: sphal namespace is not configured for this process. Loading /vendor/lib/hw/gralloc.msm8909.so from the current namespace instead.
01-24 19:46:47.919 15212 15212 W RenderThread: type=1400 audit(0.0:532): avc: denied { read } for name="gpuclk" dev="sysfs" ino=18862 scontext=u:r:untrusted_app:s0:c512,c768 tcontext=u:object_r:sysfs:s0 tclass=file permissive=0
01-24 19:46:47.921 15196 15212 I OpenGLRenderer: Initialized EGL, version 1.4
01-24 19:46:47.921 15196 15212 D OpenGLRenderer: Swap behavior 1
01-24 19:46:47.929 15196 15212 W Adreno-ES20: <get_gpu_clk:229>: open failed: errno 13
01-24 19:46:47.940 15196 15212 W Adreno-EGL: <qeglDrvAPI_eglGetConfigAttrib:612>: EGL_BAD_ATTRIBUTE
01-24 19:46:47.942 15196 15212 I vndksupport: sphal namespace is not configured for this process. Loading /vendor/lib/hw/gralloc.msm8909.so from the current namespace instead.
01-24 19:46:48.009 15196 15212 I vndksupport: sphal namespace is not configured for this process. Loading /vendor/lib/hw/gralloc.msm8909.so from the current namespace instead.
01-24 19:46:48.239   434   461 I ActivityManager: Displayed online.makkahtv.salattime/.activity.MainChooseActivity: +1s188ms
01-24 19:46:50.566   434   536 E TaskPersister: File error accessing recents directory (directory doesn't exist?).
01-24 19:46:52.713  7206  7251 I dailytrack: HealthSportDataCacheUtil::saveData(),currentThread4=handle_total_data
01-24 19:46:53.657 31332 31384 E bt_btif : bta_dm_pm_btm_status hci_status=35
01-24 19:46:57.719  7206  7251 I dailytrack: HealthSportDataCacheUtil::saveData(),currentThread4=handle_total_data
01-24 19:47:00.015 15691 15691 D WallpaperUtil: InternalCache: available=1546M
01-24 19:47:00.038 15691 15691 E Watchface: WeatherManager::checkUpdateDisplayWeather() mWeatherInfo is null !
01-24 19:47:00.045 32131 32131 W OngoingChipController: Attempting to remove non-existent UI for chip [com.google.android.wearable.app, media_controls]
01-24 19:47:02.724  7206  7251 I dailytrack: HealthSportDataCacheUtil::saveData(),currentThread4=handle_total_data
01-24 19:47:04.269 15218 15218 D AndroidRuntime: >>>>>> START com.android.internal.os.RuntimeInit uid 2000 <<<<<<
01-24 19:47:05.465 15218 15218 D AndroidRuntime: Calling main entry com.android.commands.pm.Pm
01-24 19:47:05.491   434  2021 I ActivityManager: Force stopping online.makkahtv.salattime appid=10067 user=0: clear data
01-24 19:47:05.492   434  2021 I ActivityManager: Killing 15196:online.makkahtv.salattime/u0a67 (adj 0): stop online.makkahtv.salattime
01-24 19:47:05.499   434  2021 W ActivityManager: Force removing ActivityRecord{8fee2e9 u0 online.makkahtv.salattime/.activity.MainChooseActivity t449}: app died, no saved state
01-24 19:47:05.680   434 13081 W InputMethodManagerService: Got RemoteException sending setActive(false) notification to pid 15196 uid 10067
01-24 19:47:05.823   434   461 W ActivityManager: setHasOverlayUi called on unknown pid: 15196
01-24 19:47:05.824   434   454 W Looper  : Dispatch took 330ms on android.ui, h=Handler (com.android.server.am.ActivityManagerService$UiHandler) {dee4953} cb=null msg=53
01-24 19:47:05.837   434   453 W BroadcastQueue: Background execution not allowed: receiving Intent { act=android.os.UpdateLock.UPDATE_LOCK_CHANGED flg=0x4000010 (has extras) } to com.google.android.gms/.chimera.GmsIntentOperationService$PersistentTrustedReceiver
01-24 19:47:05.875   434   453 I ActivityManager: Force stopping online.makkahtv.salattime appid=10067 user=-1: clearApplicationUserData
01-24 19:47:05.907   335   335 I keystore: clear_uid 10067
01-24 19:47:05.907   434   536 E TaskPersister: File error accessing recents directory (directory doesn't exist?).
01-24 19:47:05.920 15691 15691 E Watchface: CocosWatchFaceService::Handler msg: -5 0.0;--
01-24 19:47:06.048 13109 13109 I GeofencerStateMachine: removeGeofences: removeRequest=RemoveGeofencingRequest[REMOVE_ALL packageName=online.makkahtv.salattime]
01-24 19:47:06.051 31332 31332 D Avrcp   : AvrcpServiceBroadcastReceiver-> Action: android.intent.action.PACKAGE_DATA_CLEARED
01-24 19:47:06.051 31332 31332 D Avrcp   : packageName: online.makkahtv.salattime removed: true
01-24 19:47:06.051 31332 31332 V Avrcp   : isBrowseSupported for online.makkahtv.salattime: false
01-24 19:47:06.071 15218 15218 I app_process: System.exit called, status: 0
01-24 19:47:06.071 15218 15218 I AndroidRuntime: VM exiting with result code 0.
01-24 19:47:06.152 13109 15229 I Fitness : Clearing all cached OAuth tokens for: online.makkahtv.salattime [CONTEXT service_id=17 ]
01-24 19:47:06.159 13109 15229 I Fitness : Removing all subscriptions for: online.makkahtv.salattime [CONTEXT service_id=17 ]
01-24 19:47:06.178   712   712 D RegisteredNfcFServicesCache: Service unchanged, not updating
01-24 19:47:06.281 13109 15229 I Fitness : Clearing all cached OAuth tokens for: online.makkahtv.salattime [CONTEXT service_id=17 ]
01-24 19:47:06.284 13109 15229 I Fitness : Removing all subscriptions for: online.makkahtv.salattime [CONTEXT service_id=17 ]
01-24 19:47:06.697   434   443 I zygote  : Background concurrent copying GC freed 23260(1623KB) AllocSpace objects, 20(492KB) LOS objects, 15% free, 11MB/13MB, paused 4.469ms total 810.349ms
01-24 19:47:07.724  7206  7251 I dailytrack: HealthSportDataCacheUtil::saveData(),currentThread4=handle_total_data
01-24 19:47:11.459   434  2021 I ActivityManager: START u0 {act=api.android.category.MAIN cat=[api.android.intent.LAUNCHER] flg=0x10000000 cmp=online.makkahtv.salattime/.activity.MainChooseActivity} from uid 2000
01-24 19:47:11.618   434  7909 I ActivityManager: Start proc 15244:online.makkahtv.salattime/u0a67 for activity online.makkahtv.salattime/.activity.MainChooseActivity
01-24 19:47:11.632   434   462 W ProcessCpuTracker: Skipping unknown process pid 15240
01-24 19:47:11.633   434   462 W ProcessCpuTracker: Skipping unknown process pid 15242
01-24 19:47:11.805   434  7909 W ActivityManager: Slow operation: 92ms so far, now at attachApplicationLocked: after mServices.attachApplicationLocked
01-24 19:47:11.814   434   453 W BroadcastQueue: Background execution not allowed: receiving Intent { act=android.os.UpdateLock.UPDATE_LOCK_CHANGED flg=0x4000010 (has extras) } to com.google.android.gms/.chimera.GmsIntentOperationService$PersistentTrustedReceiver
01-24 19:47:11.921 15244 15244 I FirebaseInitProvider: FirebaseApp initialization unsuccessful
01-24 19:47:12.009   723   723 I battery : BatteryService: mInternalBatteryReceiver onReceive() action = android.intent.action.BATTERY_CHANGED
01-24 19:47:12.030 31787 31787 I ADVLog  : ADV.SensorService:/BatteryTemperature: 354  /isUsbOrAc: 1
01-24 19:47:12.046   319   319 D WifiHAL : In DebugCommand::handleResponse
01-24 19:47:12.046   319   319 D WifiHAL : len = 4, expected len = 4
01-24 19:47:12.121   434  6034 E BatteryStatsService: no controller energy info supplied
01-24 19:47:12.137   434  6034 I chatty  : uid=1000(system) Binder:434_1B identical 1 line
01-24 19:47:12.137   434  6034 E BatteryStatsService: no controller energy info supplied
01-24 19:47:12.348 15244 15260 D OpenGLRenderer: HWUI GL Pipeline
01-24 19:47:12.407 15244 15260 I Adreno-EGL: <qeglDrvAPI_eglInitialize:379>: EGL 1.4 QUALCOMM build:  (I7af58d6928)
01-24 19:47:12.407 15244 15260 I Adreno-EGL: OpenGL ES Shader Compiler Version: E031.35.01.00
01-24 19:47:12.407 15244 15260 I Adreno-EGL: Build Date: 09/14/17 Thu
01-24 19:47:12.407 15244 15260 I Adreno-EGL: Local Branch: gfx-adreno.lnx.1.0
01-24 19:47:12.407 15244 15260 I Adreno-EGL: Remote Branch: 
01-24 19:47:12.407 15244 15260 I Adreno-EGL: Local Patches: 
01-24 19:47:12.407 15244 15260 I Adreno-EGL: Reconstruct Branch: 
01-24 19:47:12.413 15244 15260 I vndksupport: sphal namespace is not configured for this process. Loading /vendor/lib/hw/gralloc.msm8909.so from the current namespace instead.
01-24 19:47:12.429 15260 15260 W RenderThread: type=1400 audit(0.0:533): avc: denied { read } for name="gpuclk" dev="sysfs" ino=18862 scontext=u:r:untrusted_app:s0:c512,c768 tcontext=u:object_r:sysfs:s0 tclass=file permissive=0
01-24 19:47:12.430 15244 15260 I OpenGLRenderer: Initialized EGL, version 1.4
01-24 19:47:12.430 15244 15260 D OpenGLRenderer: Swap behavior 1
01-24 19:47:12.438 15244 15260 W Adreno-ES20: <get_gpu_clk:229>: open failed: errno 13
01-24 19:47:12.464 15244 15260 W Adreno-EGL: <qeglDrvAPI_eglGetConfigAttrib:612>: EGL_BAD_ATTRIBUTE
01-24 19:47:12.468 15244 15260 I vndksupport: sphal namespace is not configured for this process. Loading /vendor/lib/hw/gralloc.msm8909.so from the current namespace instead.
01-24 19:47:12.524 15244 15260 I vndksupport: sphal namespace is not configured for this process. Loading /vendor/lib/hw/gralloc.msm8909.so from the current namespace instead.
01-24 19:47:12.565   723   737 I zygote  : Background concurrent copying GC freed 7464(633KB) AllocSpace objects, 2(192KB) LOS objects, 25% free, 1970KB/2MB, paused 18.097ms total 299.447ms
01-24 19:47:12.726  7206  7251 I dailytrack: HealthSportDataCacheUtil::saveData(),currentThread4=handle_total_data
01-24 19:47:12.740   434   461 I ActivityManager: Displayed online.makkahtv.salattime/.activity.MainChooseActivity: +1s197ms
01-24 19:47:15.096   434   536 E TaskPersister: File error accessing recents directory (directory doesn't exist?).
01-24 19:47:17.732  7206  7251 I dailytrack: HealthSportDataCacheUtil::saveData(),currentThread4=handle_total_data
01-24 19:47:22.739  7206  7251 I chatty  : uid=10025(u0_a25) handle_total_da identical 1 line
01-24 19:47:27.745  7206  7251 I dailytrack: HealthSportDataCacheUtil::saveData(),currentThread4=handle_total_data
01-24 19:47:28.725 15266 15266 D AndroidRuntime: >>>>>> START com.android.internal.os.RuntimeInit uid 2000 <<<<<<
01-24 19:47:29.991 15266 15266 D AndroidRuntime: Calling main entry com.android.commands.pm.Pm
01-24 19:47:30.026   434  2426 I ActivityManager: Force stopping online.makkahtv.salattime appid=10067 user=0: clear data
01-24 19:47:30.028   434  2426 I ActivityManager: Killing 15244:online.makkahtv.salattime/u0a67 (adj 0): stop online.makkahtv.salattime
01-24 19:47:30.037   434  2426 W ActivityManager: Force removing ActivityRecord{4deb2d7 u0 online.makkahtv.salattime/.activity.MainChooseActivity t450}: app died, no saved state
01-24 19:47:30.330   434   454 W Looper  : Dispatch took 303ms on android.ui, h=Handler (com.android.server.am.ActivityManagerService$UiHandler) {dee4953} cb=null msg=53
01-24 19:47:30.334   434   453 I ActivityManager: Force stopping online.makkahtv.salattime appid=10067 user=-1: clearApplicationUserData
01-24 19:47:30.342   434   461 W ActivityManager: setHasOverlayUi called on unknown pid: 15244
01-24 19:47:30.361 15691 15691 E Watchface: CocosWatchFaceService::Handler msg: -5 0.0;--
01-24 19:47:30.368   434   536 E TaskPersister: File error accessing recents directory (directory doesn't exist?).
01-24 19:47:30.376   434   453 W BroadcastQueue: Background execution not allowed: receiving Intent { act=android.os.UpdateLock.UPDATE_LOCK_CHANGED flg=0x4000010 (has extras) } to com.google.android.gms/.chimera.GmsIntentOperationService$PersistentTrustedReceiver
01-24 19:47:30.384   335   335 I keystore: clear_uid 10067
01-24 19:47:30.544 13109 13109 I GeofencerStateMachine: removeGeofences: removeRequest=RemoveGeofencingRequest[REMOVE_ALL packageName=online.makkahtv.salattime]
01-24 19:47:30.552 31332 31332 D Avrcp   : AvrcpServiceBroadcastReceiver-> Action: android.intent.action.PACKAGE_DATA_CLEARED
01-24 19:47:30.552 31332 31332 D Avrcp   : packageName: online.makkahtv.salattime removed: true
01-24 19:47:30.552 31332 31332 V Avrcp   : isBrowseSupported for online.makkahtv.salattime: false
01-24 19:47:30.590 15266 15266 I app_process: System.exit called, status: 0
01-24 19:47:30.590 15266 15266 I AndroidRuntime: VM exiting with result code 0.
01-24 19:47:30.639 13109 15282 I Fitness : Clearing all cached OAuth tokens for: online.makkahtv.salattime [CONTEXT service_id=17 ]
01-24 19:47:30.649 13109 15282 I Fitness : Removing all subscriptions for: online.makkahtv.salattime [CONTEXT service_id=17 ]
01-24 19:47:30.671   712   712 D RegisteredNfcFServicesCache: Service unchanged, not updating
01-24 19:47:30.723 13109 15282 I Fitness : Clearing all cached OAuth tokens for: online.makkahtv.salattime [CONTEXT service_id=17 ]
01-24 19:47:30.728 13109 15282 I Fitness : Removing all subscriptions for: online.makkahtv.salattime [CONTEXT service_id=17 ]
01-24 19:47:32.746  7206  7251 I dailytrack: HealthSportDataCacheUtil::saveData(),currentThread4=handle_total_data
01-24 19:47:36.027   434  6034 I ActivityManager: START u0 {act=api.android.category.MAIN cat=[api.android.intent.LAUNCHER] flg=0x10000000 cmp=online.makkahtv.salattime/.activity.MainChooseActivity} from uid 2000
01-24 19:47:36.108   434  2560 I ActivityManager: Start proc 15291:online.makkahtv.salattime/u0a67 for activity online.makkahtv.salattime/.activity.MainChooseActivity
01-24 19:47:36.216   434   462 W ProcessCpuTracker: Skipping unknown process pid 15287
01-24 19:47:36.219   434   462 W ProcessCpuTracker: Skipping unknown process pid 15289
01-24 19:47:36.354   434  2560 W ActivityManager: Slow operation: 82ms so far, now at attachApplicationLocked: after mServices.attachApplicationLocked
01-24 19:47:36.388   434   453 W BroadcastQueue: Background execution not allowed: receiving Intent { act=android.os.UpdateLock.UPDATE_LOCK_CHANGED flg=0x4000010 (has extras) } to com.google.android.gms/.chimera.GmsIntentOperationService$PersistentTrustedReceiver
01-24 19:47:36.438 15291 15291 I FirebaseInitProvider: FirebaseApp initialization unsuccessful
01-24 19:47:36.577   323   403 W HWComposer: Ignoring duplicate VSYNC event from HWC (t=167526079000048)
01-24 19:47:36.790 15291 15301 I zygote  : NativeAllocBackground concurrent copying GC freed 874(255KB) AllocSpace objects, 0(0B) LOS objects, 31% free, 1137KB/1649KB, paused 876us total 113.555ms
01-24 19:47:36.843 15291 15307 D OpenGLRenderer: HWUI GL Pipeline
01-24 19:47:36.904 15291 15307 I Adreno-EGL: <qeglDrvAPI_eglInitialize:379>: EGL 1.4 QUALCOMM build:  (I7af58d6928)
01-24 19:47:36.904 15291 15307 I Adreno-EGL: OpenGL ES Shader Compiler Version: E031.35.01.00
01-24 19:47:36.904 15291 15307 I Adreno-EGL: Build Date: 09/14/17 Thu
01-24 19:47:36.904 15291 15307 I Adreno-EGL: Local Branch: gfx-adreno.lnx.1.0
01-24 19:47:36.904 15291 15307 I Adreno-EGL: Remote Branch: 
01-24 19:47:36.904 15291 15307 I Adreno-EGL: Local Patches: 
01-24 19:47:36.904 15291 15307 I Adreno-EGL: Reconstruct Branch: 
01-24 19:47:36.910 15291 15307 I vndksupport: sphal namespace is not configured for this process. Loading /vendor/lib/hw/gralloc.msm8909.so from the current namespace instead.
01-24 19:47:36.929 15307 15307 W RenderThread: type=1400 audit(0.0:534): avc: denied { read } for name="gpuclk" dev="sysfs" ino=18862 scontext=u:r:untrusted_app:s0:c512,c768 tcontext=u:object_r:sysfs:s0 tclass=file permissive=0
01-24 19:47:36.934 15291 15307 I OpenGLRenderer: Initialized EGL, version 1.4
01-24 19:47:36.935 15291 15307 D OpenGLRenderer: Swap behavior 1
01-24 19:47:36.942 15291 15307 W Adreno-ES20: <get_gpu_clk:229>: open failed: errno 13
01-24 19:47:36.952 15291 15307 W Adreno-EGL: <qeglDrvAPI_eglGetConfigAttrib:612>: EGL_BAD_ATTRIBUTE
01-24 19:47:36.955 15291 15307 I vndksupport: sphal namespace is not configured for this process. Loading /vendor/lib/hw/gralloc.msm8909.so from the current namespace instead.
01-24 19:47:37.017 15291 15307 I vndksupport: sphal namespace is not configured for this process. Loading /vendor/lib/hw/gralloc.msm8909.so from the current namespace instead.
01-24 19:47:37.239   434   461 I ActivityManager: Displayed online.makkahtv.salattime/.activity.MainChooseActivity: +1s151ms
01-24 19:47:37.748  7206  7251 I dailytrack: HealthSportDataCacheUtil::saveData(),currentThread4=handle_total_data
01-24 19:47:39.682   434   536 E TaskPersister: File error accessing recents directory (directory doesn't exist?).
01-24 19:47:47.759  7206  7251 I chatty  : uid=10025(u0_a25) handle_total_da identical 2 lines
01-24 19:47:52.765  7206  7251 I dailytrack: HealthSportDataCacheUtil::saveData(),currentThread4=handle_total_data
01-24 19:47:53.250 15314 15314 D AndroidRuntime: >>>>>> START com.android.internal.os.RuntimeInit uid 2000 <<<<<<
01-24 19:47:54.441 15314 15314 D AndroidRuntime: Calling main entry com.android.commands.pm.Pm
01-24 19:47:54.469   434   874 I ActivityManager: Force stopping online.makkahtv.salattime appid=10067 user=0: clear data
01-24 19:47:54.471   434   874 I ActivityManager: Killing 15291:online.makkahtv.salattime/u0a67 (adj 0): stop online.makkahtv.salattime
01-24 19:47:54.480   434   874 W ActivityManager: Force removing ActivityRecord{45d87ec u0 online.makkahtv.salattime/.activity.MainChooseActivity t451}: app died, no saved state
01-24 19:47:54.623   434   660 W InputMethodManagerService: Got RemoteException sending setActive(false) notification to pid 15291 uid 10067
01-24 19:47:54.738   434   454 W Looper  : Dispatch took 268ms on android.ui, h=Handler (com.android.server.am.ActivityManagerService$UiHandler) {dee4953} cb=null msg=53
01-24 19:47:54.745   434   461 W ActivityManager: setHasOverlayUi called on unknown pid: 15291
01-24 19:47:54.761 15691 15691 E Watchface: CocosWatchFaceService::Handler msg: -5 0.0;--
01-24 19:47:54.763   434   536 E TaskPersister: File error accessing recents directory (directory doesn't exist?).
01-24 19:47:54.772   434   453 I ActivityManager: Force stopping online.makkahtv.salattime appid=10067 user=-1: clearApplicationUserData
01-24 19:47:54.798   434   453 W BroadcastQueue: Background execution not allowed: receiving Intent { act=android.os.UpdateLock.UPDATE_LOCK_CHANGED flg=0x4000010 (has extras) } to com.google.android.gms/.chimera.GmsIntentOperationService$PersistentTrustedReceiver
01-24 19:47:54.822   434   462 W ProcessCpuTracker: Skipping unknown process pid 15291
01-24 19:47:54.837   335   335 I keystore: clear_uid 10067
01-24 19:47:54.948 31332 31332 D Avrcp   : AvrcpServiceBroadcastReceiver-> Action: android.intent.action.PACKAGE_DATA_CLEARED
01-24 19:47:54.948 31332 31332 D Avrcp   : packageName: online.makkahtv.salattime removed: true
01-24 19:47:54.948 31332 31332 V Avrcp   : isBrowseSupported for online.makkahtv.salattime: false
01-24 19:47:54.953 13109 13109 I GeofencerStateMachine: removeGeofences: removeRequest=RemoveGeofencingRequest[REMOVE_ALL packageName=online.makkahtv.salattime]
01-24 19:47:54.986 15314 15314 I app_process: System.exit called, status: 0
01-24 19:47:54.986 15314 15314 I AndroidRuntime: VM exiting with result code 0.
01-24 19:47:55.051 13109 15326 I Fitness : Clearing all cached OAuth tokens for: online.makkahtv.salattime [CONTEXT service_id=17 ]
01-24 19:47:55.064 13109 15326 I Fitness : Removing all subscriptions for: online.makkahtv.salattime [CONTEXT service_id=17 ]
01-24 19:47:55.091   712   712 D RegisteredNfcFServicesCache: Service unchanged, not updating
01-24 19:47:55.159 13109 15326 I Fitness : Clearing all cached OAuth tokens for: online.makkahtv.salattime [CONTEXT service_id=17 ]
01-24 19:47:55.177 13109 15326 I Fitness : Removing all subscriptions for: online.makkahtv.salattime [CONTEXT service_id=17 ]
01-24 19:47:55.278   712   726 I zygote  : Background concurrent copying GC freed 10160(402KB) AllocSpace objects, 0(0B) LOS objects, 29% free, 1242KB/1754KB, paused 1.052ms total 258.765ms
01-24 19:47:55.483 13109 13122 I zygote  : Background concurrent copying GC freed 28887(1942KB) AllocSpace objects, 0(0B) LOS objects, 20% free, 7MB/9MB, paused 925us total 323.032ms
01-24 19:47:57.767  7206  7251 I dailytrack: HealthSportDataCacheUtil::saveData(),currentThread4=handle_total_data
01-24 19:48:00.007 15691 15691 D WallpaperUtil: InternalCache: available=1546M
01-24 19:48:00.042 15691 15691 E Watchface: WeatherManager::checkUpdateDisplayWeather() mWeatherInfo is null !
01-24 19:48:00.049 32131 32131 W OngoingChipController: Attempting to remove non-existent UI for chip [com.google.android.wearable.app, media_controls]
01-24 19:48:00.365   434  2426 I ActivityManager: START u0 {act=api.android.category.MAIN cat=[api.android.intent.LAUNCHER] flg=0x10000000 cmp=online.makkahtv.salattime/.activity.MainChooseActivity} from uid 2000
01-24 19:48:00.417   434   660 I zygote  : IncrementDisableThreadFlip blocked for 16.635ms
01-24 19:48:00.517   434   660 I ActivityManager: Start proc 15341:online.makkahtv.salattime/u0a67 for activity online.makkahtv.salattime/.activity.MainChooseActivity
01-24 19:48:00.758   434   660 W ActivityManager: Slow operation: 111ms so far, now at attachApplicationLocked: after mServices.attachApplicationLocked
01-24 19:48:00.768   434   453 W BroadcastQueue: Background execution not allowed: receiving Intent { act=android.os.UpdateLock.UPDATE_LOCK_CHANGED flg=0x4000010 (has extras) } to com.google.android.gms/.chimera.GmsIntentOperationService$PersistentTrustedReceiver
01-24 19:48:00.862 15341 15341 I FirebaseInitProvider: FirebaseApp initialization unsuccessful
01-24 19:48:01.290 15341 15357 D OpenGLRenderer: HWUI GL Pipeline
01-24 19:48:01.334 15341 15351 I zygote  : Background concurrent copying GC freed 944(290KB) AllocSpace objects, 0(0B) LOS objects, 28% free, 1263KB/1775KB, paused 19.698ms total 366.895ms
01-24 19:48:01.350 15341 15357 I Adreno-EGL: <qeglDrvAPI_eglInitialize:379>: EGL 1.4 QUALCOMM build:  (I7af58d6928)
01-24 19:48:01.350 15341 15357 I Adreno-EGL: OpenGL ES Shader Compiler Version: E031.35.01.00
01-24 19:48:01.350 15341 15357 I Adreno-EGL: Build Date: 09/14/17 Thu
01-24 19:48:01.350 15341 15357 I Adreno-EGL: Local Branch: gfx-adreno.lnx.1.0
01-24 19:48:01.350 15341 15357 I Adreno-EGL: Remote Branch: 
01-24 19:48:01.350 15341 15357 I Adreno-EGL: Local Patches: 
01-24 19:48:01.350 15341 15357 I Adreno-EGL: Reconstruct Branch: 
01-24 19:48:01.356 15341 15357 I vndksupport: sphal namespace is not configured for this process. Loading /vendor/lib/hw/gralloc.msm8909.so from the current namespace instead.
01-24 19:48:01.369 15357 15357 W RenderThread: type=1400 audit(0.0:535): avc: denied { read } for name="gpuclk" dev="sysfs" ino=18862 scontext=u:r:untrusted_app:s0:c512,c768 tcontext=u:object_r:sysfs:s0 tclass=file permissive=0
01-24 19:48:01.370 15341 15357 I OpenGLRenderer: Initialized EGL, version 1.4
01-24 19:48:01.370 15341 15357 D OpenGLRenderer: Swap behavior 1
01-24 19:48:01.376 15341 15357 W Adreno-ES20: <get_gpu_clk:229>: open failed: errno 13
01-24 19:48:01.388 15341 15357 W Adreno-EGL: <qeglDrvAPI_eglGetConfigAttrib:612>: EGL_BAD_ATTRIBUTE
01-24 19:48:01.390 15341 15357 I vndksupport: sphal namespace is not configured for this process. Loading /vendor/lib/hw/gralloc.msm8909.so from the current namespace instead.
01-24 19:48:01.470 15341 15357 I vndksupport: sphal namespace is not configured for this process. Loading /vendor/lib/hw/gralloc.msm8909.so from the current namespace instead.
01-24 19:48:01.518 15341 15351 I zygote  : NativeAllocBackground concurrent copying GC freed 1017(198KB) AllocSpace objects, 0(0B) LOS objects, 30% free, 1148KB/1660KB, paused 2.738ms total 114.104ms
01-24 19:48:01.713   434   461 I ActivityManager: Displayed online.makkahtv.salattime/.activity.MainChooseActivity: +1s226ms
01-24 19:48:01.763   434   443 I zygote  : Background concurrent copying GC freed 21353(1624KB) AllocSpace objects, 23(552KB) LOS objects, 15% free, 11MB/13MB, paused 17.030ms total 1.361s
01-24 19:48:02.774  7206  7251 I dailytrack: HealthSportDataCacheUtil::saveData(),currentThread4=handle_total_data
01-24 19:48:03.984   434   536 E TaskPersister: File error accessing recents directory (directory doesn't exist?).
01-24 19:48:07.780  7206  7251 I dailytrack: HealthSportDataCacheUtil::saveData(),currentThread4=handle_total_data
01-24 19:48:11.960   723   723 I battery : BatteryService: mInternalBatteryReceiver onReceive() action = android.intent.action.BATTERY_CHANGED
01-24 19:48:11.970 31787 31787 I ADVLog  : ADV.SensorService:/BatteryTemperature: 353  /isUsbOrAc: 1
01-24 19:48:11.998   319   319 D WifiHAL : In DebugCommand::handleResponse
01-24 19:48:11.998   319   319 D WifiHAL : len = 4, expected len = 4
01-24 19:48:12.028   434 13081 E BatteryStatsService: no controller energy info supplied
01-24 19:48:12.788  7206  7251 I dailytrack: HealthSportDataCacheUtil::saveData(),currentThread4=handle_total_data
01-24 19:48:17.515 15364 15364 D AndroidRuntime: >>>>>> START com.android.internal.os.RuntimeInit uid 2000 <<<<<<
01-24 19:48:17.793  7206  7251 I dailytrack: HealthSportDataCacheUtil::saveData(),currentThread4=handle_total_data
01-24 19:48:18.804 15364 15364 D AndroidRuntime: Calling main entry com.android.commands.pm.Pm
01-24 19:48:12.032   434 13081 I chatty  : uid=1000(system) Binder:434_1E identical 1 line
01-24 19:48:12.032   434 13081 E BatteryStatsService: no controller energy info supplied
01-24 19:48:18.830   434  2093 I ActivityManager: Force stopping online.makkahtv.salattime appid=10067 user=0: clear data
01-24 19:48:18.832   434  2093 I ActivityManager: Killing 15341:online.makkahtv.salattime/u0a67 (adj 0): stop online.makkahtv.salattime
01-24 19:48:18.839   434  2093 W ActivityManager: Force removing ActivityRecord{b0cc1b2 u0 online.makkahtv.salattime/.activity.MainChooseActivity t452}: app died, no saved state
01-24 19:48:19.018   434   660 W InputMethodManagerService: Got RemoteException sending setActive(false) notification to pid 15341 uid 10067
01-24 19:48:19.101   434   454 W Looper  : Dispatch took 270ms on android.ui, h=Handler (com.android.server.am.ActivityManagerService$UiHandler) {dee4953} cb=null msg=53
01-24 19:48:19.157   434   453 I ActivityManager: Force stopping online.makkahtv.salattime appid=10067 user=-1: clearApplicationUserData
01-24 19:48:19.160   434   461 W ActivityManager: setHasOverlayUi called on unknown pid: 15341
01-24 19:48:19.189 15691 15691 E Watchface: CocosWatchFaceService::Handler msg: -5 0.0;--
01-24 19:48:19.193   434   536 E TaskPersister: File error accessing recents directory (directory doesn't exist?).
01-24 19:48:19.202   335   335 I keystore: clear_uid 10067
01-24 19:48:19.229   434   453 W BroadcastQueue: Background execution not allowed: receiving Intent { act=android.os.UpdateLock.UPDATE_LOCK_CHANGED flg=0x4000010 (has extras) } to com.google.android.gms/.chimera.GmsIntentOperationService$PersistentTrustedReceiver
01-24 19:48:19.299 13109 13109 I GeofencerStateMachine: removeGeofences: removeRequest=RemoveGeofencingRequest[REMOVE_ALL packageName=online.makkahtv.salattime]
01-24 19:48:19.302 31332 31332 D Avrcp   : AvrcpServiceBroadcastReceiver-> Action: android.intent.action.PACKAGE_DATA_CLEARED
01-24 19:48:19.302 31332 31332 D Avrcp   : packageName: online.makkahtv.salattime removed: true
01-24 19:48:19.302 31332 31332 V Avrcp   : isBrowseSupported for online.makkahtv.salattime: false
01-24 19:48:19.335 15364 15364 I app_process: System.exit called, status: 0
01-24 19:48:19.335 15364 15364 I AndroidRuntime: VM exiting with result code 0.
01-24 19:48:19.394 13109 15376 I Fitness : Clearing all cached OAuth tokens for: online.makkahtv.salattime [CONTEXT service_id=17 ]
01-24 19:48:19.401 13109 15376 I Fitness : Removing all subscriptions for: online.makkahtv.salattime [CONTEXT service_id=17 ]
01-24 19:48:19.440   712   712 D RegisteredNfcFServicesCache: Service unchanged, not updating
01-24 19:48:19.489 13109 15376 I Fitness : Clearing all cached OAuth tokens for: online.makkahtv.salattime [CONTEXT service_id=17 ]
01-24 19:48:19.519 13109 15376 I Fitness : Removing all subscriptions for: online.makkahtv.salattime [CONTEXT service_id=17 ]
01-24 19:48:22.798  7206  7251 I dailytrack: HealthSportDataCacheUtil::saveData(),currentThread4=handle_total_data
01-24 19:48:24.762   434  7909 I ActivityManager: START u0 {act=api.android.category.MAIN cat=[api.android.intent.LAUNCHER] flg=0x10000000 cmp=online.makkahtv.salattime/.activity.MainChooseActivity} from uid 2000
01-24 19:48:24.861   434   660 I ActivityManager: Start proc 15390:online.makkahtv.salattime/u0a67 for activity online.makkahtv.salattime/.activity.MainChooseActivity
01-24 19:48:25.107   434   660 W ActivityManager: Slow operation: 88ms so far, now at attachApplicationLocked: after mServices.attachApplicationLocked
01-24 19:48:25.117   434   453 W BroadcastQueue: Background execution not allowed: receiving Intent { act=android.os.UpdateLock.UPDATE_LOCK_CHANGED flg=0x4000010 (has extras) } to com.google.android.gms/.chimera.GmsIntentOperationService$PersistentTrustedReceiver
01-24 19:48:25.178 15390 15390 I FirebaseInitProvider: FirebaseApp initialization unsuccessful
01-24 19:48:25.332 15390 15400 I zygote  : Background concurrent copying GC freed 1013(353KB) AllocSpace objects, 0(0B) LOS objects, 33% free, 1013KB/1525KB, paused 12.103ms total 43.458ms
01-24 19:48:25.598 15390 15406 D OpenGLRenderer: HWUI GL Pipeline
01-24 19:48:25.653 15390 15406 I Adreno-EGL: <qeglDrvAPI_eglInitialize:379>: EGL 1.4 QUALCOMM build:  (I7af58d6928)
01-24 19:48:25.653 15390 15406 I Adreno-EGL: OpenGL ES Shader Compiler Version: E031.35.01.00
01-24 19:48:25.653 15390 15406 I Adreno-EGL: Build Date: 09/14/17 Thu
01-24 19:48:25.653 15390 15406 I Adreno-EGL: Local Branch: gfx-adreno.lnx.1.0
01-24 19:48:25.653 15390 15406 I Adreno-EGL: Remote Branch: 
01-24 19:48:25.653 15390 15406 I Adreno-EGL: Local Patches: 
01-24 19:48:25.653 15390 15406 I Adreno-EGL: Reconstruct Branch: 
01-24 19:48:25.663 15390 15406 I vndksupport: sphal namespace is not configured for this process. Loading /vendor/lib/hw/gralloc.msm8909.so from the current namespace instead.
01-24 19:48:25.679 15406 15406 W RenderThread: type=1400 audit(0.0:536): avc: denied { read } for name="gpuclk" dev="sysfs" ino=18862 scontext=u:r:untrusted_app:s0:c512,c768 tcontext=u:object_r:sysfs:s0 tclass=file permissive=0
01-24 19:48:25.682 15390 15406 I OpenGLRenderer: Initialized EGL, version 1.4
01-24 19:48:25.682 15390 15406 D OpenGLRenderer: Swap behavior 1
01-24 19:48:25.688 15390 15406 W Adreno-ES20: <get_gpu_clk:229>: open failed: errno 13
01-24 19:48:25.699 15390 15406 W Adreno-EGL: <qeglDrvAPI_eglGetConfigAttrib:612>: EGL_BAD_ATTRIBUTE
01-24 19:48:25.701 15390 15406 I vndksupport: sphal namespace is not configured for this process. Loading /vendor/lib/hw/gralloc.msm8909.so from the current namespace instead.
01-24 19:48:25.763 15390 15406 I vndksupport: sphal namespace is not configured for this process. Loading /vendor/lib/hw/gralloc.msm8909.so from the current namespace instead.
01-24 19:48:26.016   434   461 I ActivityManager: Displayed online.makkahtv.salattime/.activity.MainChooseActivity: +1s163ms
01-24 19:48:27.796  7206  7251 I dailytrack: HealthSportDataCacheUtil::saveData(),currentThread4=handle_total_data
01-24 19:48:28.330   434   536 E TaskPersister: File error accessing recents directory (directory doesn't exist?).
01-24 19:48:31.340 31332 31384 E bt_btif : bta_dm_pm_btm_status hci_status=35
01-24 19:48:32.804  7206  7251 I dailytrack: HealthSportDataCacheUtil::saveData(),currentThread4=handle_total_data
01-24 19:48:37.810  7206  7251 I dailytrack: HealthSportDataCacheUtil::saveData(),currentThread4=handle_total_data
01-24 19:48:41.947 15411 15411 D AndroidRuntime: >>>>>> START com.android.internal.os.RuntimeInit uid 2000 <<<<<<
01-24 19:48:42.814  7206  7251 I dailytrack: HealthSportDataCacheUtil::saveData(),currentThread4=handle_total_data
01-24 19:48:43.150 15411 15411 D AndroidRuntime: Calling main entry com.android.commands.pm.Pm
01-24 19:48:43.181   434  2560 I ActivityManager: Force stopping online.makkahtv.salattime appid=10067 user=0: clear data
01-24 19:48:43.182   434  2560 I ActivityManager: Killing 15390:online.makkahtv.salattime/u0a67 (adj 0): stop online.makkahtv.salattime
01-24 19:48:43.188   434  2560 W ActivityManager: Force removing ActivityRecord{54bbf4b u0 online.makkahtv.salattime/.activity.MainChooseActivity t453}: app died, no saved state
01-24 19:48:43.411   434   454 W Looper  : Dispatch took 229ms on android.ui, h=Handler (com.android.server.am.ActivityManagerService$UiHandler) {dee4953} cb=null msg=53
01-24 19:48:43.412   434   453 I ActivityManager: Force stopping online.makkahtv.salattime appid=10067 user=-1: clearApplicationUserData
01-24 19:48:43.448   434   453 W BroadcastQueue: Background execution not allowed: receiving Intent { act=android.os.UpdateLock.UPDATE_LOCK_CHANGED flg=0x4000010 (has extras) } to com.google.android.gms/.chimera.GmsIntentOperationService$PersistentTrustedReceiver
01-24 19:48:43.484 15691 15691 E Watchface: CocosWatchFaceService::Handler msg: -5 0.0;--
01-24 19:48:43.498   335   335 I keystore: clear_uid 10067
01-24 19:48:43.517   434   461 W ActivityManager: setHasOverlayUi called on unknown pid: 15390
01-24 19:48:43.528   434   536 E TaskPersister: File error accessing recents directory (directory doesn't exist?).
01-24 19:48:43.570   434   462 W ProcessCpuTracker: Skipping unknown process pid 15390
01-24 19:48:43.649 13109 13109 I GeofencerStateMachine: removeGeofences: removeRequest=RemoveGeofencingRequest[REMOVE_ALL packageName=online.makkahtv.salattime]
01-24 19:48:43.656 31332 31332 D Avrcp   : AvrcpServiceBroadcastReceiver-> Action: android.intent.action.PACKAGE_DATA_CLEARED
01-24 19:48:43.657 31332 31332 D Avrcp   : packageName: online.makkahtv.salattime removed: true
01-24 19:48:43.657 31332 31332 V Avrcp   : isBrowseSupported for online.makkahtv.salattime: false
01-24 19:48:43.658 15411 15411 I app_process: System.exit called, status: 0
01-24 19:48:43.658 15411 15411 I AndroidRuntime: VM exiting with result code 0.
01-24 19:48:43.825 13109 15423 I Fitness : Clearing all cached OAuth tokens for: online.makkahtv.salattime [CONTEXT service_id=17 ]
01-24 19:48:43.828 13109 15423 I Fitness : Removing all subscriptions for: online.makkahtv.salattime [CONTEXT service_id=17 ]
01-24 19:48:43.831   712   712 D RegisteredNfcFServicesCache: Service unchanged, not updating
01-24 19:48:43.876 13109 15423 I Fitness : Clearing all cached OAuth tokens for: online.makkahtv.salattime [CONTEXT service_id=17 ]
01-24 19:48:43.881 13109 15423 I Fitness : Removing all subscriptions for: online.makkahtv.salattime [CONTEXT service_id=17 ]
01-24 19:48:47.814  7206  7251 I dailytrack: HealthSportDataCacheUtil::saveData(),currentThread4=handle_total_data
01-24 19:48:49.044   434   660 I ActivityManager: START u0 {act=api.android.category.MAIN cat=[api.android.intent.LAUNCHER] flg=0x10000000 cmp=online.makkahtv.salattime/.activity.MainChooseActivity} from uid 2000
01-24 19:48:49.151   434  1694 I ActivityManager: Start proc 15437:online.makkahtv.salattime/u0a67 for activity online.makkahtv.salattime/.activity.MainChooseActivity
01-24 19:48:49.192   434   462 W ProcessCpuTracker: Skipping unknown process pid 15433
01-24 19:48:49.194   434   462 W ProcessCpuTracker: Skipping unknown process pid 15435
01-24 19:48:49.358   434  1694 W ActivityManager: Slow operation: 87ms so far, now at attachApplicationLocked: after mServices.attachApplicationLocked
01-24 19:48:49.378   434   453 W BroadcastQueue: Background execution not allowed: receiving Intent { act=android.os.UpdateLock.UPDATE_LOCK_CHANGED flg=0x4000010 (has extras) } to com.google.android.gms/.chimera.GmsIntentOperationService$PersistentTrustedReceiver
01-24 19:48:49.436 15437 15437 I FirebaseInitProvider: FirebaseApp initialization unsuccessful
01-24 19:48:49.602 15437 15447 I zygote  : Background concurrent copying GC freed 868(347KB) AllocSpace objects, 0(0B) LOS objects, 32% free, 1083KB/1595KB, paused 10.826ms total 147.467ms
01-24 19:48:49.850 15437 15447 I zygote  : NativeAllocBackground concurrent copying GC freed 270(109KB) AllocSpace objects, 0(0B) LOS objects, 30% free, 1175KB/1687KB, paused 758us total 136.644ms
01-24 19:48:49.865 15437 15453 D OpenGLRenderer: HWUI GL Pipeline
01-24 19:48:49.923 15437 15453 I Adreno-EGL: <qeglDrvAPI_eglInitialize:379>: EGL 1.4 QUALCOMM build:  (I7af58d6928)
01-24 19:48:49.923 15437 15453 I Adreno-EGL: OpenGL ES Shader Compiler Version: E031.35.01.00
01-24 19:48:49.923 15437 15453 I Adreno-EGL: Build Date: 09/14/17 Thu
01-24 19:48:49.923 15437 15453 I Adreno-EGL: Local Branch: gfx-adreno.lnx.1.0
01-24 19:48:49.923 15437 15453 I Adreno-EGL: Remote Branch: 
01-24 19:48:49.923 15437 15453 I Adreno-EGL: Local Patches: 
01-24 19:48:49.923 15437 15453 I Adreno-EGL: Reconstruct Branch: 
01-24 19:48:49.929 15437 15453 I vndksupport: sphal namespace is not configured for this process. Loading /vendor/lib/hw/gralloc.msm8909.so from the current namespace instead.
01-24 19:48:49.949 15453 15453 W RenderThread: type=1400 audit(0.0:537): avc: denied { read } for name="gpuclk" dev="sysfs" ino=18862 scontext=u:r:untrusted_app:s0:c512,c768 tcontext=u:object_r:sysfs:s0 tclass=file permissive=0
01-24 19:48:49.952 15437 15453 I OpenGLRenderer: Initialized EGL, version 1.4
01-24 19:48:49.952 15437 15453 D OpenGLRenderer: Swap behavior 1
01-24 19:48:49.959 15437 15453 W Adreno-ES20: <get_gpu_clk:229>: open failed: errno 13
01-24 19:48:49.970 15437 15453 W Adreno-EGL: <qeglDrvAPI_eglGetConfigAttrib:612>: EGL_BAD_ATTRIBUTE
01-24 19:48:49.973 15437 15453 I vndksupport: sphal namespace is not configured for this process. Loading /vendor/lib/hw/gralloc.msm8909.so from the current namespace instead.
01-24 19:48:50.033 15437 15453 I vndksupport: sphal namespace is not configured for this process. Loading /vendor/lib/hw/gralloc.msm8909.so from the current namespace instead.
01-24 19:48:50.283   434   461 I ActivityManager: Displayed online.makkahtv.salattime/.activity.MainChooseActivity: +1s164ms
01-24 19:48:52.710   434   536 E TaskPersister: File error accessing recents directory (directory doesn't exist?).
01-24 19:48:52.821  7206  7251 I dailytrack: HealthSportDataCacheUtil::saveData(),currentThread4=handle_total_data
01-24 19:48:53.192   434   443 I zygote  : Background concurrent copying GC freed 20330(1463KB) AllocSpace objects, 20(492KB) LOS objects, 15% free, 10MB/12MB, paused 7.825ms total 527.187ms
01-24 19:48:57.827  7206  7251 I dailytrack: HealthSportDataCacheUtil::saveData(),currentThread4=handle_total_data
01-24 19:49:00.017 15691 15691 D WallpaperUtil: InternalCache: available=1546M
01-24 19:49:00.034 15691 15691 E Watchface: WeatherManager::checkUpdateDisplayWeather() mWeatherInfo is null !
01-24 19:49:00.049 32131 32131 W OngoingChipController: Attempting to remove non-existent UI for chip [com.google.android.wearable.app, media_controls]
01-24 19:49:02.834  7206  7251 I dailytrack: HealthSportDataCacheUtil::saveData(),currentThread4=handle_total_data
01-24 19:49:06.326 15458 15458 D AndroidRuntime: >>>>>> START com.android.internal.os.RuntimeInit uid 2000 <<<<<<
01-24 19:49:07.537 15458 15458 D AndroidRuntime: Calling main entry com.android.commands.pm.Pm
01-24 19:49:07.564   434   874 I ActivityManager: Force stopping online.makkahtv.salattime appid=10067 user=0: clear data
01-24 19:49:07.567   434   874 I ActivityManager: Killing 15437:online.makkahtv.salattime/u0a67 (adj 0): stop online.makkahtv.salattime
01-24 19:49:07.577   434   874 W ActivityManager: Force removing ActivityRecord{a9c78d0 u0 online.makkahtv.salattime/.activity.MainChooseActivity t454}: app died, no saved state
01-24 19:49:07.837  7206  7251 I dailytrack: HealthSportDataCacheUtil::saveData(),currentThread4=handle_total_data
01-24 19:49:07.886   434   453 I ActivityManager: Force stopping online.makkahtv.salattime appid=10067 user=-1: clearApplicationUserData
01-24 19:49:07.899   434   461 W ActivityManager: setHasOverlayUi called on unknown pid: 15437
01-24 19:49:07.902   434   454 W Looper  : Dispatch took 333ms on android.ui, h=Handler (com.android.server.am.ActivityManagerService$UiHandler) {dee4953} cb=null msg=53
01-24 19:49:07.908   434   453 W BroadcastQueue: Background execution not allowed: receiving Intent { act=android.os.UpdateLock.UPDATE_LOCK_CHANGED flg=0x4000010 (has extras) } to com.google.android.gms/.chimera.GmsIntentOperationService$PersistentTrustedReceiver
01-24 19:49:07.939 15691 15691 E Watchface: CocosWatchFaceService::Handler msg: -5 0.0;--
01-24 19:49:07.939   434   536 E TaskPersister: File error accessing recents directory (directory doesn't exist?).
01-24 19:49:07.945   335   335 I keystore: clear_uid 10067
01-24 19:49:08.037 31332 31332 D Avrcp   : AvrcpServiceBroadcastReceiver-> Action: android.intent.action.PACKAGE_DATA_CLEARED
01-24 19:49:08.037 31332 31332 D Avrcp   : packageName: online.makkahtv.salattime removed: true
01-24 19:49:08.038 31332 31332 V Avrcp   : isBrowseSupported for online.makkahtv.salattime: false
01-24 19:49:08.042 13109 13109 I GeofencerStateMachine: removeGeofences: removeRequest=RemoveGeofencingRequest[REMOVE_ALL packageName=online.makkahtv.salattime]
01-24 19:49:08.046 15458 15458 I app_process: System.exit called, status: 0
01-24 19:49:08.046 15458 15458 I AndroidRuntime: VM exiting with result code 0.
01-24 19:49:08.142   712   712 D RegisteredNfcFServicesCache: Service unchanged, not updating
01-24 19:49:08.148 13109 15470 I Fitness : Clearing all cached OAuth tokens for: online.makkahtv.salattime [CONTEXT service_id=17 ]
01-24 19:49:08.150 13109 15470 I Fitness : Removing all subscriptions for: online.makkahtv.salattime [CONTEXT service_id=17 ]
01-24 19:49:08.229 13109 15470 I Fitness : Clearing all cached OAuth tokens for: online.makkahtv.salattime [CONTEXT service_id=17 ]
01-24 19:49:08.232 13109 15470 I Fitness : Removing all subscriptions for: online.makkahtv.salattime [CONTEXT service_id=17 ]
01-24 19:49:11.937   723   723 I battery : BatteryService: mInternalBatteryReceiver onReceive() action = android.intent.action.BATTERY_CHANGED
01-24 19:49:11.938 31787 31787 I ADVLog  : ADV.SensorService:/BatteryTemperature: 351  /isUsbOrAc: 1
01-24 19:49:11.948   319   319 D WifiHAL : In DebugCommand::handleResponse
01-24 19:49:11.948   319   319 D WifiHAL : len = 4, expected len = 4
01-24 19:49:11.971   434 13083 E BatteryStatsService: no controller energy info supplied
01-24 19:49:11.971   434 13083 I chatty  : uid=1000(system) Binder:434_1F identical 1 line
01-24 19:49:11.971   434 13083 E BatteryStatsService: no controller energy info supplied
01-24 19:49:12.843  7206  7251 I dailytrack: HealthSportDataCacheUtil::saveData(),currentThread4=handle_total_data
01-24 19:49:13.521   434  2021 I ActivityManager: START u0 {act=api.android.category.MAIN cat=[api.android.intent.LAUNCHER] flg=0x10000000 cmp=online.makkahtv.salattime/.activity.MainChooseActivity} from uid 2000
01-24 19:49:13.601   434   874 I ActivityManager: Start proc 15486:online.makkahtv.salattime/u0a67 for activity online.makkahtv.salattime/.activity.MainChooseActivity
01-24 19:49:13.819 15486 15496 I zygote  : Background concurrent copying GC freed 493(375KB) AllocSpace objects, 0(0B) LOS objects, 35% free, 917KB/1429KB, paused 2.474ms total 122.286ms
01-24 19:49:13.825   434   874 W ActivityManager: Slow operation: 100ms so far, now at attachApplicationLocked: after mServices.attachApplicationLocked
01-24 19:49:13.832   434   453 W BroadcastQueue: Background execution not allowed: receiving Intent { act=android.os.UpdateLock.UPDATE_LOCK_CHANGED flg=0x4000010 (has extras) } to com.google.android.gms/.chimera.GmsIntentOperationService$PersistentTrustedReceiver
01-24 19:49:13.932 15486 15486 I FirebaseInitProvider: FirebaseApp initialization unsuccessful
01-24 19:49:14.252 15486 15496 I zygote  : NativeAllocBackground concurrent copying GC freed 727(132KB) AllocSpace objects, 0(0B) LOS objects, 32% free, 1061KB/1573KB, paused 5.321ms total 64.655ms
01-24 19:49:14.333 15486 15502 D OpenGLRenderer: HWUI GL Pipeline
01-24 19:49:14.387 15486 15502 I Adreno-EGL: <qeglDrvAPI_eglInitialize:379>: EGL 1.4 QUALCOMM build:  (I7af58d6928)
01-24 19:49:14.387 15486 15502 I Adreno-EGL: OpenGL ES Shader Compiler Version: E031.35.01.00
01-24 19:49:14.387 15486 15502 I Adreno-EGL: Build Date: 09/14/17 Thu
01-24 19:49:14.387 15486 15502 I Adreno-EGL: Local Branch: gfx-adreno.lnx.1.0
01-24 19:49:14.387 15486 15502 I Adreno-EGL: Remote Branch: 
01-24 19:49:14.387 15486 15502 I Adreno-EGL: Local Patches: 
01-24 19:49:14.387 15486 15502 I Adreno-EGL: Reconstruct Branch: 
01-24 19:49:14.393 15486 15502 I vndksupport: sphal namespace is not configured for this process. Loading /vendor/lib/hw/gralloc.msm8909.so from the current namespace instead.
01-24 19:49:14.399 15502 15502 W RenderThread: type=1400 audit(0.0:538): avc: denied { read } for name="gpuclk" dev="sysfs" ino=18862 scontext=u:r:untrusted_app:s0:c512,c768 tcontext=u:object_r:sysfs:s0 tclass=file permissive=0
01-24 19:49:14.408 15486 15502 I OpenGLRenderer: Initialized EGL, version 1.4
01-24 19:49:14.408 15486 15502 D OpenGLRenderer: Swap behavior 1
01-24 19:49:14.415 15486 15502 W Adreno-ES20: <get_gpu_clk:229>: open failed: errno 13
01-24 19:49:14.427 15486 15502 W Adreno-EGL: <qeglDrvAPI_eglGetConfigAttrib:612>: EGL_BAD_ATTRIBUTE
01-24 19:49:14.429 15486 15502 I vndksupport: sphal namespace is not configured for this process. Loading /vendor/lib/hw/gralloc.msm8909.so from the current namespace instead.
01-24 19:49:14.498 15486 15502 I vndksupport: sphal namespace is not configured for this process. Loading /vendor/lib/hw/gralloc.msm8909.so from the current namespace instead.
01-24 19:49:14.719   434   461 I ActivityManager: Displayed online.makkahtv.salattime/.activity.MainChooseActivity: +1s137ms
01-24 19:49:17.071   434   536 E TaskPersister: File error accessing recents directory (directory doesn't exist?).
01-24 19:49:17.850  7206  7251 I dailytrack: HealthSportDataCacheUtil::saveData(),currentThread4=handle_total_data
01-24 19:49:20.063 31332 31384 E bt_btif : bta_dm_pm_btm_status hci_status=35
01-24 19:49:22.856  7206  7251 I dailytrack: HealthSportDataCacheUtil::saveData(),currentThread4=handle_total_data
01-24 19:49:27.861  7206  7251 I dailytrack: HealthSportDataCacheUtil::saveData(),currentThread4=handle_total_data
01-24 19:49:30.754 15508 15508 D AndroidRuntime: >>>>>> START com.android.internal.os.RuntimeInit uid 2000 <<<<<<
01-24 19:49:32.006 15508 15508 D AndroidRuntime: Calling main entry com.android.commands.pm.Pm
01-24 19:49:32.039   434  6034 I ActivityManager: Force stopping online.makkahtv.salattime appid=10067 user=0: clear data
01-24 19:49:32.041   434  6034 I ActivityManager: Killing 15486:online.makkahtv.salattime/u0a67 (adj 0): stop online.makkahtv.salattime
01-24 19:49:32.047   434  6034 W ActivityManager: Force removing ActivityRecord{b87beb6 u0 online.makkahtv.salattime/.activity.MainChooseActivity t455}: app died, no saved state
01-24 19:49:32.322   434   454 W Looper  : Dispatch took 282ms on android.ui, h=Handler (com.android.server.am.ActivityManagerService$UiHandler) {dee4953} cb=null msg=53
01-24 19:49:32.334   434   461 W ActivityManager: setHasOverlayUi called on unknown pid: 15486
01-24 19:49:32.351   434   453 W BroadcastQueue: Background execution not allowed: receiving Intent { act=android.os.UpdateLock.UPDATE_LOCK_CHANGED flg=0x4000010 (has extras) } to com.google.android.gms/.chimera.GmsIntentOperationService$PersistentTrustedReceiver
01-24 19:49:32.352   434   453 I ActivityManager: Force stopping online.makkahtv.salattime appid=10067 user=-1: clearApplicationUserData
01-24 19:49:32.359 15691 15691 E Watchface: CocosWatchFaceService::Handler msg: -5 0.0;--
01-24 19:49:32.361   335   335 I keystore: clear_uid 10067
01-24 19:49:32.396   434   536 E TaskPersister: File error accessing recents directory (directory doesn't exist?).
01-24 19:49:32.493   434   462 W ProcessCpuTracker: Skipping unknown process pid 15486
01-24 19:49:32.546 31332 31332 D Avrcp   : AvrcpServiceBroadcastReceiver-> Action: android.intent.action.PACKAGE_DATA_CLEARED
01-24 19:49:32.546 31332 31332 D Avrcp   : packageName: online.makkahtv.salattime removed: true
01-24 19:49:32.546 31332 31332 V Avrcp   : isBrowseSupported for online.makkahtv.salattime: false
01-24 19:49:32.553 13109 13109 I GeofencerStateMachine: removeGeofences: removeRequest=RemoveGeofencingRequest[REMOVE_ALL packageName=online.makkahtv.salattime]
01-24 19:49:32.579 15508 15508 I app_process: System.exit called, status: 0
01-24 19:49:32.579 15508 15508 I AndroidRuntime: VM exiting with result code 0.
01-24 19:49:32.665 13109 15520 I Fitness : Clearing all cached OAuth tokens for: online.makkahtv.salattime [CONTEXT service_id=17 ]
01-24 19:49:32.667 13109 15520 I Fitness : Removing all subscriptions for: online.makkahtv.salattime [CONTEXT service_id=17 ]
01-24 19:49:32.682   712   712 D RegisteredNfcFServicesCache: Service unchanged, not updating
01-24 19:49:32.742 13109 15520 I Fitness : Clearing all cached OAuth tokens for: online.makkahtv.salattime [CONTEXT service_id=17 ]
01-24 19:49:32.745 13109 15520 I Fitness : Removing all subscriptions for: online.makkahtv.salattime [CONTEXT service_id=17 ]
01-24 19:49:32.866  7206  7251 I dailytrack: HealthSportDataCacheUtil::saveData(),currentThread4=handle_total_data
01-24 19:49:37.871  7206  7251 I dailytrack: HealthSportDataCacheUtil::saveData(),currentThread4=handle_total_data
01-24 19:49:37.986   434 13083 I ActivityManager: START u0 {act=api.android.category.MAIN cat=[api.android.intent.LAUNCHER] flg=0x10000000 cmp=online.makkahtv.salattime/.activity.MainChooseActivity} from uid 2000
01-24 19:49:38.072   434  6034 I ActivityManager: Start proc 15534:online.makkahtv.salattime/u0a67 for activity online.makkahtv.salattime/.activity.MainChooseActivity
01-24 19:49:38.232 15534 15544 I zygote  : Background concurrent copying GC freed 533(422KB) AllocSpace objects, 0(0B) LOS objects, 35% free, 918KB/1430KB, paused 6.722ms total 60.460ms
01-24 19:49:38.257   434   462 W ProcessCpuTracker: Skipping unknown process pid 15530
01-24 19:49:38.258   434   462 W ProcessCpuTracker: Skipping unknown process pid 15532
