01-24 20:27:38.964   434 13083 I ActivityManager: START u0 {act=api.android.category.MAIN cat=[api.android.intent.LAUNCHER] flg=0x10000000 cmp=br.com.gerenciadorfinanceiro.controller/br.com.mobills.wear.views.MobillsWearActivity} from uid 2000
01-24 20:27:39.041   434  2093 I ActivityManager: Start proc 19035:br.com.gerenciadorfinanceiro.controller/u0a70 for activity br.com.gerenciadorfinanceiro.controller/br.com.mobills.wear.views.MobillsWearActivity
01-24 20:27:39.281   434  2093 W ActivityManager: Slow operation: 111ms so far, now at attachApplicationLocked: after mServices.attachApplicationLocked
01-24 20:27:39.310   434   453 W BroadcastQueue: Background execution not allowed: receiving Intent { act=android.os.UpdateLock.UPDATE_LOCK_CHANGED flg=0x4000010 (has extras) } to com.google.android.gms/.chimera.GmsIntentOperationService$PersistentTrustedReceiver
01-24 20:27:39.335 19035 19035 I chatty  : uid=10070(u0_a70) expire 3 lines
01-24 20:27:39.716 19035 19053 I chatty  : uid=10070(u0_a70) expire 11 lines
01-24 20:27:39.786 19035 19045 I chatty  : uid=10070(u0_a70) expire 1 line
01-24 20:27:39.839 19053 19053 I chatty  : uid=10070(u0_a70) br.com.gerenciadorfinanceiro.controller expire 1 line
01-24 20:27:39.845   323   403 W HWComposer: Ignoring duplicate VSYNC event from HWC (t=169929352138350)
01-24 20:27:40.206  7206  7251 I dailytrack: HealthSportDataCacheUtil::saveData(),currentThread4=handle_total_data
01-24 20:27:40.433 19035 19061 I chatty  : uid=10070(u0_a70) expire 1 line
01-24 20:27:42.528   434   536 E TaskPersister: File error accessing recents directory (directory doesn't exist?).
01-24 20:27:43.157   434   434 W WindowManager: removeWindowToken: Attempted to remove non-existing token: android.os.Binder@5409b18
01-24 20:27:45.209  7206  7251 I dailytrack: HealthSportDataCacheUtil::saveData(),currentThread4=handle_total_data
01-24 20:27:45.529 31332 31384 E bt_btif : bta_dm_pm_btm_status hci_status=35
01-24 20:27:50.212  7206  7251 I dailytrack: HealthSportDataCacheUtil::saveData(),currentThread4=handle_total_data
01-24 20:27:55.216  7206  7251 I dailytrack: HealthSportDataCacheUtil::saveData(),currentThread4=handle_total_data
01-24 20:27:56.220 19062 19062 D AndroidRuntime: >>>>>> START com.android.internal.os.RuntimeInit uid 2000 <<<<<<
01-24 20:27:57.513 19062 19062 D AndroidRuntime: Calling main entry com.android.commands.pm.Pm
01-24 20:27:57.540   434  2093 I ActivityManager: Force stopping br.com.gerenciadorfinanceiro.controller appid=10070 user=0: clear data
01-24 20:27:57.543   434  2093 I ActivityManager: Killing 19035:br.com.gerenciadorfinanceiro.controller/u0a70 (adj 0): stop br.com.gerenciadorfinanceiro.controller
01-24 20:27:57.548   434  2093 W ActivityManager: Force removing ActivityRecord{880ee93 u0 br.com.gerenciadorfinanceiro.controller/br.com.mobills.wear.views.MobillsWearActivity t519}: app died, no saved state
01-24 20:27:57.773   434   454 W Looper  : Dispatch took 231ms on android.ui, h=Handler (com.android.server.am.ActivityManagerService$UiHandler) {dee4953} cb=null msg=53
01-24 20:27:57.795   434   461 W ActivityManager: setHasOverlayUi called on unknown pid: 19035
01-24 20:27:57.823 15691 15691 E Watchface: CocosWatchFaceService::Handler msg: -5 0.0;--
01-24 20:27:57.855   434   453 W BroadcastQueue: Background execution not allowed: receiving Intent { act=android.os.UpdateLock.UPDATE_LOCK_CHANGED flg=0x4000010 (has extras) } to com.google.android.gms/.chimera.GmsIntentOperationService$PersistentTrustedReceiver
01-24 20:27:57.880   434   453 I ActivityManager: Force stopping br.com.gerenciadorfinanceiro.controller appid=10070 user=-1: clearApplicationUserData
01-24 20:27:57.915   335   335 I keystore: clear_uid 10070
01-24 20:27:57.935   434   536 E TaskPersister: File error accessing recents directory (directory doesn't exist?).
01-24 20:27:58.062 31332 31332 D Avrcp   : AvrcpServiceBroadcastReceiver-> Action: android.intent.action.PACKAGE_DATA_CLEARED
01-24 20:27:58.063 31332 31332 D Avrcp   : packageName: br.com.gerenciadorfinanceiro.controller removed: true
01-24 20:27:58.063 31332 31332 V Avrcp   : isBrowseSupported for br.com.gerenciadorfinanceiro.controller: false
01-24 20:27:58.064 13109 13109 I GeofencerStateMachine: removeGeofences: removeRequest=RemoveGeofencingRequest[REMOVE_ALL packageName=br.com.gerenciadorfinanceiro.controller]
01-24 20:27:58.081   712   712 D RegisteredNfcFServicesCache: Service unchanged, not updating
01-24 20:27:58.089 19062 19062 I app_process: System.exit called, status: 0
01-24 20:27:58.089 19062 19062 I AndroidRuntime: VM exiting with result code 0.
01-24 20:27:58.128 13109 19077 I Fitness : Clearing all cached OAuth tokens for: br.com.gerenciadorfinanceiro.controller [CONTEXT service_id=17 ]
01-24 20:27:58.137 13109 19077 I Fitness : Removing all subscriptions for: br.com.gerenciadorfinanceiro.controller [CONTEXT service_id=17 ]
01-24 20:27:58.227 13109 19077 I Fitness : Clearing all cached OAuth tokens for: br.com.gerenciadorfinanceiro.controller [CONTEXT service_id=17 ]
01-24 20:27:58.229 13109 19077 I Fitness : Removing all subscriptions for: br.com.gerenciadorfinanceiro.controller [CONTEXT service_id=17 ]
01-24 20:27:58.585 32131 32141 I zygote  : Background concurrent copying GC freed 49297(1955KB) AllocSpace objects, 0(0B) LOS objects, 24% free, 6MB/8MB, paused 9.712ms total 802.370ms
01-24 20:28:00.024 15691 15691 D WallpaperUtil: InternalCache: available=1546M
01-24 20:28:00.059 15691 15691 E Watchface: WeatherManager::checkUpdateDisplayWeather() mWeatherInfo is null !
01-24 20:28:00.062 32131 32131 W OngoingChipController: Attempting to remove non-existent UI for chip [com.google.android.wearable.app, media_controls]
01-24 20:28:00.222  7206  7251 I dailytrack: HealthSportDataCacheUtil::saveData(),currentThread4=handle_total_data
01-24 20:28:03.555   434  1679 I ActivityManager: START u0 {act=api.android.category.MAIN cat=[api.android.intent.LAUNCHER] flg=0x10000000 cmp=br.com.gerenciadorfinanceiro.controller/br.com.mobills.wear.views.MobillsWearActivity} from uid 2000
01-24 20:28:03.640   434  2426 I ActivityManager: Start proc 19089:br.com.gerenciadorfinanceiro.controller/u0a70 for activity br.com.gerenciadorfinanceiro.controller/br.com.mobills.wear.views.MobillsWearActivity
01-24 20:28:03.777 19089 19099 I chatty  : uid=10070(u0_a70) expire 2 lines
01-24 20:28:03.842   434  1679 W ActivityManager: Slow operation: 83ms so far, now at attachApplicationLocked: after mServices.attachApplicationLocked
01-24 20:28:03.856   434   453 W BroadcastQueue: Background execution not allowed: receiving Intent { act=android.os.UpdateLock.UPDATE_LOCK_CHANGED flg=0x4000010 (has extras) } to com.google.android.gms/.chimera.GmsIntentOperationService$PersistentTrustedReceiver
01-24 20:28:03.917 19089 19089 I chatty  : uid=10070(u0_a70) expire 3 lines
01-24 20:28:04.268 19089 19107 I chatty  : uid=10070(u0_a70) expire 11 lines
01-24 20:28:04.399 19107 19107 I chatty  : uid=10070(u0_a70) br.com.gerenciadorfinanceiro.controller expire 1 line
01-24 20:28:04.811   434   461 I chatty  : uid=1000(system) android.display expire 9 lines
01-24 20:28:05.048 19089 19114 I chatty  : uid=10070(u0_a70) expire 1 line
01-24 20:28:05.227  7206  7251 I dailytrack: HealthSportDataCacheUtil::saveData(),currentThread4=handle_total_data
01-24 20:28:07.116   434   536 E TaskPersister: File error accessing recents directory (directory doesn't exist?).
01-24 20:28:07.718   434   434 W WindowManager: removeWindowToken: Attempted to remove non-existing token: android.os.Binder@ae88f31
01-24 20:28:10.233  7206  7251 I dailytrack: HealthSportDataCacheUtil::saveData(),currentThread4=handle_total_data
01-24 20:28:11.957 31787 31787 I ADVLog  : ADV.SensorService:/BatteryTemperature: 341  /isUsbOrAc: 1
01-24 20:28:11.959   723   723 I battery : BatteryService: mInternalBatteryReceiver onReceive() action = android.intent.action.BATTERY_CHANGED
01-24 20:28:11.977   319   319 D WifiHAL : In DebugCommand::handleResponse
01-24 20:28:11.978   319   319 D WifiHAL : len = 4, expected len = 4
01-24 20:28:12.011   434  2560 E BatteryStatsService: no controller energy info supplied
01-24 20:28:15.238  7206  7251 I dailytrack: HealthSportDataCacheUtil::saveData(),currentThread4=handle_total_data
01-24 20:28:20.243  7206  7251 I dailytrack: HealthSportDataCacheUtil::saveData(),currentThread4=handle_total_data
01-24 20:28:20.808 19115 19115 D AndroidRuntime: >>>>>> START com.android.internal.os.RuntimeInit uid 2000 <<<<<<
01-24 20:28:22.007 19115 19115 D AndroidRuntime: Calling main entry com.android.commands.pm.Pm
01-24 20:28:12.015   434  2560 I chatty  : uid=1000(system) Binder:434_10 identical 1 line
01-24 20:28:12.016   434  2560 E BatteryStatsService: no controller energy info supplied
01-24 20:28:22.035   434  2560 I ActivityManager: Force stopping br.com.gerenciadorfinanceiro.controller appid=10070 user=0: clear data
01-24 20:28:22.037   434  2560 I ActivityManager: Killing 19089:br.com.gerenciadorfinanceiro.controller/u0a70 (adj 0): stop br.com.gerenciadorfinanceiro.controller
01-24 20:28:22.042   434  2560 W ActivityManager: Force removing ActivityRecord{c118b90 u0 br.com.gerenciadorfinanceiro.controller/br.com.mobills.wear.views.MobillsWearActivity t520}: app died, no saved state
01-24 20:28:22.368   434   454 W Looper  : Dispatch took 331ms on android.ui, h=Handler (com.android.server.am.ActivityManagerService$UiHandler) {dee4953} cb=null msg=53
01-24 20:28:22.383   434   453 I ActivityManager: Force stopping br.com.gerenciadorfinanceiro.controller appid=10070 user=-1: clearApplicationUserData
01-24 20:28:22.389   434   461 W ActivityManager: setHasOverlayUi called on unknown pid: 19089
01-24 20:28:22.408   335   335 I keystore: clear_uid 10070
01-24 20:28:22.423   434   536 E TaskPersister: File error accessing recents directory (directory doesn't exist?).
01-24 20:28:22.431 15691 15691 E Watchface: CocosWatchFaceService::Handler msg: -5 0.0;--
01-24 20:28:22.451   434   453 W BroadcastQueue: Background execution not allowed: receiving Intent { act=android.os.UpdateLock.UPDATE_LOCK_CHANGED flg=0x4000010 (has extras) } to com.google.android.gms/.chimera.GmsIntentOperationService$PersistentTrustedReceiver
01-24 20:28:22.568 13109 13109 I GeofencerStateMachine: removeGeofences: removeRequest=RemoveGeofencingRequest[REMOVE_ALL packageName=br.com.gerenciadorfinanceiro.controller]
01-24 20:28:22.570 31332 31332 D Avrcp   : AvrcpServiceBroadcastReceiver-> Action: android.intent.action.PACKAGE_DATA_CLEARED
01-24 20:28:22.570 31332 31332 D Avrcp   : packageName: br.com.gerenciadorfinanceiro.controller removed: true
01-24 20:28:22.570 31332 31332 V Avrcp   : isBrowseSupported for br.com.gerenciadorfinanceiro.controller: false
01-24 20:28:22.586 19115 19115 I app_process: System.exit called, status: 0
01-24 20:28:22.586 19115 19115 I AndroidRuntime: VM exiting with result code 0.
01-24 20:28:22.648 13109 19127 I Fitness : Clearing all cached OAuth tokens for: br.com.gerenciadorfinanceiro.controller [CONTEXT service_id=17 ]
01-24 20:28:22.650 13109 19127 I Fitness : Removing all subscriptions for: br.com.gerenciadorfinanceiro.controller [CONTEXT service_id=17 ]
01-24 20:28:22.689   712   712 D RegisteredNfcFServicesCache: Service unchanged, not updating
01-24 20:28:22.742 13109 19127 I Fitness : Clearing all cached OAuth tokens for: br.com.gerenciadorfinanceiro.controller [CONTEXT service_id=17 ]
01-24 20:28:22.750 13109 19127 I Fitness : Removing all subscriptions for: br.com.gerenciadorfinanceiro.controller [CONTEXT service_id=17 ]
01-24 20:28:25.248  7206  7251 I dailytrack: HealthSportDataCacheUtil::saveData(),currentThread4=handle_total_data
01-24 20:28:28.117   434  2093 I ActivityManager: START u0 {act=api.android.category.MAIN cat=[api.android.intent.LAUNCHER] flg=0x10000000 cmp=br.com.gerenciadorfinanceiro.controller/br.com.mobills.wear.views.MobillsWearActivity} from uid 2000
01-24 20:28:28.207   434  2560 I ActivityManager: Start proc 19141:br.com.gerenciadorfinanceiro.controller/u0a70 for activity br.com.gerenciadorfinanceiro.controller/br.com.mobills.wear.views.MobillsWearActivity
01-24 20:28:28.380   434  2560 W ActivityManager: Slow operation: 80ms so far, now at attachApplicationLocked: after mServices.attachApplicationLocked
01-24 20:28:28.385   434   453 W BroadcastQueue: Background execution not allowed: receiving Intent { act=android.os.UpdateLock.UPDATE_LOCK_CHANGED flg=0x4000010 (has extras) } to com.google.android.gms/.chimera.GmsIntentOperationService$PersistentTrustedReceiver
01-24 20:28:28.461 19141 19141 I chatty  : uid=10070(u0_a70) expire 3 lines
01-24 20:28:28.827 19141 19159 I chatty  : uid=10070(u0_a70) expire 11 lines
01-24 20:28:28.929 19159 19159 I chatty  : uid=10070(u0_a70) br.com.gerenciadorfinanceiro.controller expire 1 line
01-24 20:28:29.222   323   403 W HWComposer: Ignoring duplicate VSYNC event from HWC (t=169978723462029)
01-24 20:28:29.510 19141 19167 I chatty  : uid=10070(u0_a70) expire 1 line
01-24 20:28:30.254  7206  7251 I dailytrack: HealthSportDataCacheUtil::saveData(),currentThread4=handle_total_data
01-24 20:28:31.679   434   536 E TaskPersister: File error accessing recents directory (directory doesn't exist?).
01-24 20:28:32.288   434   434 W WindowManager: removeWindowToken: Attempted to remove non-existing token: android.os.Binder@cd954f1
01-24 20:28:45.273  7206  7251 I dailytrack: HealthSportDataCacheUtil::saveData(),currentThread4=handle_total_data
01-24 20:28:45.307 19168 19168 D AndroidRuntime: >>>>>> START com.android.internal.os.RuntimeInit uid 2000 <<<<<<
01-24 20:28:46.512 19168 19168 D AndroidRuntime: Calling main entry com.android.commands.pm.Pm
01-24 20:28:46.537   434  2093 I ActivityManager: Force stopping br.com.gerenciadorfinanceiro.controller appid=10070 user=0: clear data
01-24 20:28:46.543   434  2093 I ActivityManager: Killing 19141:br.com.gerenciadorfinanceiro.controller/u0a70 (adj 0): stop br.com.gerenciadorfinanceiro.controller
01-24 20:28:46.558   434  2093 W ActivityManager: Force removing ActivityRecord{7854850 u0 br.com.gerenciadorfinanceiro.controller/br.com.mobills.wear.views.MobillsWearActivity t521}: app died, no saved state
01-24 20:28:46.702   434  2426 W InputMethodManagerService: Got RemoteException sending setActive(false) notification to pid 19141 uid 10070
01-24 20:28:46.823   434   454 W Looper  : Dispatch took 284ms on android.ui, h=Handler (com.android.server.am.ActivityManagerService$UiHandler) {dee4953} cb=null msg=53
01-24 20:28:46.860 15691 15691 E Watchface: CocosWatchFaceService::Handler msg: -5 0.0;--
01-24 20:28:46.865   434   536 E TaskPersister: File error accessing recents directory (directory doesn't exist?).
01-24 20:28:46.867   434   453 I ActivityManager: Force stopping br.com.gerenciadorfinanceiro.controller appid=10070 user=-1: clearApplicationUserData
01-24 20:28:46.876   434   461 W ActivityManager: setHasOverlayUi called on unknown pid: 19141
01-24 20:28:46.889   434   453 W BroadcastQueue: Background execution not allowed: receiving Intent { act=android.os.UpdateLock.UPDATE_LOCK_CHANGED flg=0x4000010 (has extras) } to com.google.android.gms/.chimera.GmsIntentOperationService$PersistentTrustedReceiver
01-24 20:28:46.908   335   335 I keystore: clear_uid 10070
01-24 20:28:47.021 31332 31332 D Avrcp   : AvrcpServiceBroadcastReceiver-> Action: android.intent.action.PACKAGE_DATA_CLEARED
01-24 20:28:47.021 31332 31332 D Avrcp   : packageName: br.com.gerenciadorfinanceiro.controller removed: true
01-24 20:28:47.021 31332 31332 V Avrcp   : isBrowseSupported for br.com.gerenciadorfinanceiro.controller: false
01-24 20:28:47.023 13109 13109 I GeofencerStateMachine: removeGeofences: removeRequest=RemoveGeofencingRequest[REMOVE_ALL packageName=br.com.gerenciadorfinanceiro.controller]
01-24 20:28:47.043 19168 19168 I app_process: System.exit called, status: 0
01-24 20:28:47.043 19168 19168 I AndroidRuntime: VM exiting with result code 0.
01-24 20:28:47.110 13109 19179 I Fitness : Clearing all cached OAuth tokens for: br.com.gerenciadorfinanceiro.controller [CONTEXT service_id=17 ]
01-24 20:28:47.115   712   712 D RegisteredNfcFServicesCache: Service unchanged, not updating
01-24 20:28:47.116 13109 19179 I Fitness : Removing all subscriptions for: br.com.gerenciadorfinanceiro.controller [CONTEXT service_id=17 ]
01-24 20:28:47.203 13109 19179 I Fitness : Clearing all cached OAuth tokens for: br.com.gerenciadorfinanceiro.controller [CONTEXT service_id=17 ]
01-24 20:28:47.208 13109 19179 I Fitness : Removing all subscriptions for: br.com.gerenciadorfinanceiro.controller [CONTEXT service_id=17 ]
01-24 20:28:50.277  7206  7251 I dailytrack: HealthSportDataCacheUtil::saveData(),currentThread4=handle_total_data
01-24 20:28:52.600   434  2426 I ActivityManager: START u0 {act=api.android.category.MAIN cat=[api.android.intent.LAUNCHER] flg=0x10000000 cmp=br.com.gerenciadorfinanceiro.controller/br.com.mobills.wear.views.MobillsWearActivity} from uid 2000
01-24 20:28:52.680   434  2560 I ActivityManager: Start proc 19196:br.com.gerenciadorfinanceiro.controller/u0a70 for activity br.com.gerenciadorfinanceiro.controller/br.com.mobills.wear.views.MobillsWearActivity
01-24 20:28:52.862   434  2560 W ActivityManager: Slow operation: 74ms so far, now at attachApplicationLocked: after mServices.attachApplicationLocked
01-24 20:28:52.865   434   453 W BroadcastQueue: Background execution not allowed: receiving Intent { act=android.os.UpdateLock.UPDATE_LOCK_CHANGED flg=0x4000010 (has extras) } to com.google.android.gms/.chimera.GmsIntentOperationService$PersistentTrustedReceiver
01-24 20:28:52.951 19196 19196 I chatty  : uid=10070(u0_a70) expire 2 lines
01-24 20:28:53.244 19196 19206 I chatty  : uid=10070(u0_a70) expire 1 line
01-24 20:28:53.342 19196 19215 I chatty  : uid=10070(u0_a70) expire 8 lines
01-24 20:28:53.439 19215 19215 I chatty  : uid=10070(u0_a70) br.com.gerenciadorfinanceiro.controller expire 1 line
01-24 20:28:53.492 19196 19215 I chatty  : uid=10070(u0_a70) expire 3 lines
01-24 20:28:53.912 19196 19196 I chatty  : uid=10070(u0_a70) expire 1 line
01-24 20:28:54.019 19196 19222 I chatty  : uid=10070(u0_a70) expire 1 line
01-24 20:28:55.282  7206  7251 I dailytrack: HealthSportDataCacheUtil::saveData(),currentThread4=handle_total_data
01-24 20:28:56.162   434   536 E TaskPersister: File error accessing recents directory (directory doesn't exist?).
01-24 20:28:56.798   434   434 W WindowManager: removeWindowToken: Attempted to remove non-existing token: android.os.Binder@fe5dab1
01-24 20:29:00.013 15691 15691 D WallpaperUtil: InternalCache: available=1546M
01-24 20:29:00.028 15691 15691 E Watchface: WeatherManager::checkUpdateDisplayWeather() mWeatherInfo is null !
01-24 20:29:00.036 32131 32131 W OngoingChipController: Attempting to remove non-existent UI for chip [com.google.android.wearable.app, media_controls]
01-24 20:29:00.287  7206  7251 I dailytrack: HealthSportDataCacheUtil::saveData(),currentThread4=handle_total_data
01-24 20:29:05.294  7206  7251 I dailytrack: HealthSportDataCacheUtil::saveData(),currentThread4=handle_total_data
01-24 20:29:09.815 19223 19223 D AndroidRuntime: >>>>>> START com.android.internal.os.RuntimeInit uid 2000 <<<<<<
01-24 20:29:10.299  7206  7251 I dailytrack: HealthSportDataCacheUtil::saveData(),currentThread4=handle_total_data
01-24 20:29:11.083 19223 19223 D AndroidRuntime: Calling main entry com.android.commands.pm.Pm
01-24 20:29:11.107   434  2426 I ActivityManager: Force stopping br.com.gerenciadorfinanceiro.controller appid=10070 user=0: clear data
01-24 20:29:11.111   434  2426 I ActivityManager: Killing 19196:br.com.gerenciadorfinanceiro.controller/u0a70 (adj 0): stop br.com.gerenciadorfinanceiro.controller
01-24 20:29:11.118   434  2426 W ActivityManager: Force removing ActivityRecord{b63c510 u0 br.com.gerenciadorfinanceiro.controller/br.com.mobills.wear.views.MobillsWearActivity t522}: app died, no saved state
01-24 20:29:11.269   434  1679 W WindowManager: Failed looking up window callers=com.android.server.wm.WindowManagerService.windowForClientLocked:5750 com.android.server.wm.WindowState$DeathRecipient.binderDied:2284 android.os.BinderProxy.sendDeathNotice:828 
01-24 20:29:11.269   434  1679 I WindowManager: WIN DEATH: null
01-24 20:29:11.424   434   454 W Looper  : Dispatch took 313ms on android.ui, h=Handler (com.android.server.am.ActivityManagerService$UiHandler) {dee4953} cb=null msg=53
01-24 20:29:11.431   434   461 W ActivityManager: setHasOverlayUi called on unknown pid: 19196
01-24 20:29:11.459   335   335 I keystore: clear_uid 10070
01-24 20:29:11.461 15691 15691 E Watchface: CocosWatchFaceService::Handler msg: -5 0.0;--
01-24 20:29:11.466   434   453 I ActivityManager: Force stopping br.com.gerenciadorfinanceiro.controller appid=10070 user=-1: clearApplicationUserData
01-24 20:29:11.487   434   453 W BroadcastQueue: Background execution not allowed: receiving Intent { act=android.os.UpdateLock.UPDATE_LOCK_CHANGED flg=0x4000010 (has extras) } to com.google.android.gms/.chimera.GmsIntentOperationService$PersistentTrustedReceiver
01-24 20:29:11.525   434   536 E TaskPersister: File error accessing recents directory (directory doesn't exist?).
01-24 20:29:11.660 13109 13109 I GeofencerStateMachine: removeGeofences: removeRequest=RemoveGeofencingRequest[REMOVE_ALL packageName=br.com.gerenciadorfinanceiro.controller]
01-24 20:29:11.661 31332 31332 D Avrcp   : AvrcpServiceBroadcastReceiver-> Action: android.intent.action.PACKAGE_DATA_CLEARED
01-24 20:29:11.661 31332 31332 D Avrcp   : packageName: br.com.gerenciadorfinanceiro.controller removed: true
01-24 20:29:11.661 31332 31332 V Avrcp   : isBrowseSupported for br.com.gerenciadorfinanceiro.controller: false
01-24 20:29:11.672 19223 19223 I app_process: System.exit called, status: 0
01-24 20:29:11.673 19223 19223 I AndroidRuntime: VM exiting with result code 0.
01-24 20:29:11.761   712   712 D RegisteredNfcFServicesCache: Service unchanged, not updating
01-24 20:29:11.790 13109 19234 I Fitness : Clearing all cached OAuth tokens for: br.com.gerenciadorfinanceiro.controller [CONTEXT service_id=17 ]
01-24 20:29:11.810 13109 19234 I Fitness : Removing all subscriptions for: br.com.gerenciadorfinanceiro.controller [CONTEXT service_id=17 ]
01-24 20:29:11.883 13109 19234 I Fitness : Clearing all cached OAuth tokens for: br.com.gerenciadorfinanceiro.controller [CONTEXT service_id=17 ]
01-24 20:29:11.907 13109 19234 I Fitness : Removing all subscriptions for: br.com.gerenciadorfinanceiro.controller [CONTEXT service_id=17 ]
01-24 20:29:11.937   712   726 I zygote  : Background concurrent copying GC freed 10391(408KB) AllocSpace objects, 0(0B) LOS objects, 29% free, 1248KB/1760KB, paused 1.016ms total 242.679ms
01-24 20:29:11.954   723   723 I battery : BatteryService: mInternalBatteryReceiver onReceive() action = android.intent.action.BATTERY_CHANGED
01-24 20:29:11.963 31787 31787 I ADVLog  : ADV.SensorService:/BatteryTemperature: 341  /isUsbOrAc: 1
01-24 20:29:11.970   319   319 D WifiHAL : In DebugCommand::handleResponse
01-24 20:29:11.970   319   319 D WifiHAL : len = 4, expected len = 4
01-24 20:29:12.008   434 13083 E BatteryStatsService: no controller energy info supplied
01-24 20:29:12.010   434 13083 I chatty  : uid=1000(system) Binder:434_1F identical 1 line
01-24 20:29:12.010   434 13083 E BatteryStatsService: no controller energy info supplied
01-24 20:29:12.268 31332 31342 I zygote  : Background concurrent copying GC freed 249(399KB) AllocSpace objects, 0(0B) LOS objects, 33% free, 1008KB/1520KB, paused 919us total 187.868ms
01-24 20:29:12.295   723   737 I zygote  : Background concurrent copying GC freed 6874(596KB) AllocSpace objects, 2(192KB) LOS objects, 24% free, 1987KB/2MB, paused 1.182ms total 182.677ms
01-24 20:29:15.304  7206  7251 I dailytrack: HealthSportDataCacheUtil::saveData(),currentThread4=handle_total_data
01-24 20:29:17.270   434 13083 I ActivityManager: START u0 {act=api.android.category.MAIN cat=[api.android.intent.LAUNCHER] flg=0x10000000 cmp=br.com.gerenciadorfinanceiro.controller/br.com.mobills.wear.views.MobillsWearActivity} from uid 2000
01-24 20:29:17.358   434  2426 I ActivityManager: Start proc 19249:br.com.gerenciadorfinanceiro.controller/u0a70 for activity br.com.gerenciadorfinanceiro.controller/br.com.mobills.wear.views.MobillsWearActivity
01-24 20:29:17.561   434 13083 W ActivityManager: Slow operation: 70ms so far, now at attachApplicationLocked: after mServices.attachApplicationLocked
01-24 20:29:17.589   434   453 W BroadcastQueue: Background execution not allowed: receiving Intent { act=android.os.UpdateLock.UPDATE_LOCK_CHANGED flg=0x4000010 (has extras) } to com.google.android.gms/.chimera.GmsIntentOperationService$PersistentTrustedReceiver
01-24 20:29:17.609 19249 19249 I chatty  : uid=10070(u0_a70) expire 2 lines
01-24 20:29:17.903 19249 19259 I chatty  : uid=10070(u0_a70) expire 1 line
01-24 20:29:18.026 19249 19267 D OpenGLRenderer: HWUI GL Pipeline
01-24 20:29:18.111 19249 19267 I Adreno-EGL: <qeglDrvAPI_eglInitialize:379>: EGL 1.4 QUALCOMM build:  (I7af58d6928)
01-24 20:29:18.111 19249 19267 I Adreno-EGL: OpenGL ES Shader Compiler Version: E031.35.01.00
01-24 20:29:18.111 19249 19267 I Adreno-EGL: Build Date: 09/14/17 Thu
01-24 20:29:18.111 19249 19267 I Adreno-EGL: Local Branch: gfx-adreno.lnx.1.0
01-24 20:29:18.111 19249 19267 I Adreno-EGL: Remote Branch: 
01-24 20:29:18.111 19249 19267 I Adreno-EGL: Local Patches: 
01-24 20:29:18.111 19249 19267 I Adreno-EGL: Reconstruct Branch: 
01-24 20:29:18.116 19249 19267 I vndksupport: sphal namespace is not configured for this process. Loading /vendor/lib/hw/gralloc.msm8909.so from the current namespace instead.
01-24 20:29:18.129 19267 19267 W RenderThread: type=1400 audit(0.0:599): avc: denied { read } for name="gpuclk" dev="sysfs" ino=18862 scontext=u:r:untrusted_app:s0:c512,c768 tcontext=u:object_r:sysfs:s0 tclass=file permissive=0
01-24 20:29:18.134 19249 19267 I OpenGLRenderer: Initialized EGL, version 1.4
01-24 20:29:18.134 19249 19267 D OpenGLRenderer: Swap behavior 1
01-24 20:29:18.142 19249 19267 W Adreno-ES20: <get_gpu_clk:229>: open failed: errno 13
01-24 20:29:18.155 19249 19267 W Adreno-EGL: <qeglDrvAPI_eglGetConfigAttrib:612>: EGL_BAD_ATTRIBUTE
01-24 20:29:18.157 19249 19267 I vndksupport: sphal namespace is not configured for this process. Loading /vendor/lib/hw/gralloc.msm8909.so from the current namespace instead.
01-24 20:29:18.183 19249 19267 W Adreno-EGL: <qeglDrvAPI_eglGetConfigAttrib:612>: EGL_BAD_ATTRIBUTE
01-24 20:29:18.187 19249 19267 I vndksupport: sphal namespace is not configured for this process. Loading /vendor/lib/hw/gralloc.msm8909.so from the current namespace instead.
01-24 20:29:18.239 19249 19267 I vndksupport: sphal namespace is not configured for this process. Loading /vendor/lib/hw/gralloc.msm8909.so from the current namespace instead.
01-24 20:29:18.546 19249 19249 I [mobills-wear]:  - GoogleApiClient connected
01-24 20:29:18.704 19249 19274 I [mobills-wear]: Dados:  enviados para: Pixel 2 PutDataRequest[dataSz=51, numAssets=0, uri=wear:/mobills_phone_data, syncDeadline=1800000]
01-24 20:29:20.308  7206  7251 I dailytrack: HealthSportDataCacheUtil::saveData(),currentThread4=handle_total_data
01-24 20:29:20.843   434   536 E TaskPersister: File error accessing recents directory (directory doesn't exist?).
01-24 20:29:21.478   434   434 W WindowManager: removeWindowToken: Attempted to remove non-existing token: android.os.Binder@f0c6e56
01-24 20:29:25.313  7206  7251 I dailytrack: HealthSportDataCacheUtil::saveData(),currentThread4=handle_total_data
01-24 20:29:26.585 13109  7589 I zygote  : Deoptimizing java.lang.Object[] aeaf.toArray(java.lang.Object[]) due to JIT inline cache
01-24 20:29:26.704 31850 32281 I Checkin : [EventLogChimeraService] Opted in for usage reporting: false
01-24 20:29:26.705 31850 32281 I Checkin : [EventLogChimeraService] Aggregate from 1579891798043 (log), 1579891798043 (data)
01-24 20:29:26.924 13109 13122 I zygote  : Background concurrent copying GC freed 35040(2MB) AllocSpace objects, 0(0B) LOS objects, 20% free, 7MB/9MB, paused 1.398ms total 477.807ms
01-24 20:29:26.980   434   453 W BroadcastQueue: Background execution not allowed: receiving Intent { act=android.intent.action.DROPBOX_ENTRY_ADDED flg=0x10 (has extras) } to com.google.android.gms/.stats.service.DropBoxEntryAddedReceiver
01-24 20:29:26.981   434   453 W BroadcastQueue: Background execution not allowed: receiving Intent { act=android.intent.action.DROPBOX_ENTRY_ADDED flg=0x10 (has extras) } to com.google.android.gms/.chimera.GmsIntentOperationService$PersistentTrustedReceiver
01-24 20:29:27.018   434   453 W BroadcastQueue: Background execution not allowed: receiving Intent { act=android.intent.action.DROPBOX_ENTRY_ADDED flg=0x10 (has extras) } to com.google.android.gms/.stats.service.DropBoxEntryAddedReceiver
01-24 20:29:27.019   434   453 W BroadcastQueue: Background execution not allowed: receiving Intent { act=android.intent.action.DROPBOX_ENTRY_ADDED flg=0x10 (has extras) } to com.google.android.gms/.chimera.GmsIntentOperationService$PersistentTrustedReceiver
01-24 20:29:27.407 13109 13109 W BoundBrokerSvc: No bound-service is registered for action: com.google.android.gms.udc.service.START
01-24 20:29:27.407 13109 13109 E BoundBrokerSvc: Proxy without impl failing onBind(): Intent { act=com.google.android.gms.udc.service.START pkg=com.google.android.gms }
01-24 20:29:27.407 13109 13109 W GmsApiChimeraSvc: Failed in attempt to reload bound-service.
01-24 20:29:27.408 13109 13384 I GmsApiChimeraSvc: Using MissingApiServiceBroker for com.google.android.gms.udc.service.START due to missing BoundService implementation
01-24 20:29:27.461 13109 13109 W BoundBrokerSvc: No bound-service is registered for action: com.google.android.gms.udc.service.START
01-24 20:29:27.462 13109 13109 E BoundBrokerSvc: Proxy without impl failing onBind(): Intent { act=com.google.android.gms.udc.service.START pkg=com.google.android.gms }
01-24 20:29:27.462 13109 13109 W GmsApiChimeraSvc: Failed in attempt to reload bound-service.
01-24 20:29:27.462 13109 13384 I GmsApiChimeraSvc: Using MissingApiServiceBroker for com.google.android.gms.udc.service.START due to missing BoundService implementation
01-24 20:29:27.985 13109 13109 W ChimeraUtils: Non Chimera context
01-24 20:29:27.985 13109 13109 W ChimeraUtils: Non Chimera context
01-24 20:29:28.147 13109  3354 I pih     : Removed 0 invalid users [CONTEXT service_id=51 ]
01-24 20:29:28.701  2732  2732 D sysproxy: [D:d635] Look up www.googleapis.com.
01-24 20:29:29.377  2732  2732 D sysproxy: [D:d635] Resolved www.googleapis.com to 172.217.168.10.
01-24 20:29:29.407  2732  2732 D sysproxy: [T:139] Establishing a new TCP stream to: 172.217.168.10:443 (uid=10009) (package=com.google.android.gms)
01-24 20:29:29.441 13109  3354 W Conscrypt: Could not set socket write timeout: java.net.SocketException: Socket closed
01-24 20:29:29.442 13109  3354 W Conscrypt: 	at com.google.android.gms.org.conscrypt.Platform.setSocketWriteTimeout(:com.google.android.gms@20104061@20.1.04 (050300-288960190):2)
01-24 20:29:29.442 13109  3354 W Conscrypt: 	at com.google.android.gms.org.conscrypt.ConscryptFileDescriptorSocket.setSoWriteTimeout(Unknown Source:3)
01-24 20:29:29.638 13109  3354 W Conscrypt: Could not set socket write timeout: java.net.SocketException: Socket closed
01-24 20:29:29.639 13109  3354 W Conscrypt: 	at com.google.android.gms.org.conscrypt.Platform.setSocketWriteTimeout(:com.google.android.gms@20104061@20.1.04 (050300-288960190):2)
01-24 20:29:29.640 13109  3354 W Conscrypt: 	at com.google.android.gms.org.conscrypt.ConscryptFileDescriptorSocket.setSoWriteTimeout(Unknown Source:3)
01-24 20:29:30.319  7206  7251 I dailytrack: HealthSportDataCacheUtil::saveData(),currentThread4=handle_total_data
01-24 20:29:30.742 13109 13122 I zygote  : Background concurrent copying GC freed 27330(1576KB) AllocSpace objects, 0(0B) LOS objects, 17% free, 9MB/11MB, paused 1.856ms total 406.494ms
01-24 20:29:35.014 19287 19287 D AndroidRuntime: >>>>>> START com.android.internal.os.RuntimeInit uid 2000 <<<<<<
01-24 20:29:35.128 13109  3354 I phv     : Scheduling adaptive one off task with window [14400, 604800] in seconds [CONTEXT service_id=51 ]
01-24 20:29:35.323  7206  7251 I dailytrack: HealthSportDataCacheUtil::saveData(),currentThread4=handle_total_data
01-24 20:29:35.516  7585  7585 I BgTaskExecutorImpl: Starting EXCLUSIVE background task FETCH_CONFIGS_FROM_PHENOTYPE.
01-24 20:29:36.781 19287 19287 D AndroidRuntime: Calling main entry com.android.commands.pm.Pm
01-24 20:29:36.830   434  2560 I ActivityManager: Force stopping br.com.gerenciadorfinanceiro.controller appid=10070 user=0: clear data
01-24 20:29:36.832   434  2560 I ActivityManager: Killing 19249:br.com.gerenciadorfinanceiro.controller/u0a70 (adj 0): stop br.com.gerenciadorfinanceiro.controller
01-24 20:29:36.837   434  2560 W ActivityManager: Force removing ActivityRecord{bd755c9 u0 br.com.gerenciadorfinanceiro.controller/br.com.mobills.wear.views.MobillsWearActivity t523}: app died, no saved state
01-24 20:29:37.139   434   454 W Looper  : Dispatch took 306ms on android.ui, h=Handler (com.android.server.am.ActivityManagerService$UiHandler) {dee4953} cb=null msg=53
01-24 20:29:37.142   434   453 I ActivityManager: Force stopping br.com.gerenciadorfinanceiro.controller appid=10070 user=-1: clearApplicationUserData
01-24 20:29:37.210   434   453 W BroadcastQueue: Background execution not allowed: receiving Intent { act=android.os.UpdateLock.UPDATE_LOCK_CHANGED flg=0x4000010 (has extras) } to com.google.android.gms/.chimera.GmsIntentOperationService$PersistentTrustedReceiver
01-24 20:29:37.219   434   536 E TaskPersister: File error accessing recents directory (directory doesn't exist?).
01-24 20:29:37.234   335   335 I keystore: clear_uid 10070
01-24 20:29:37.243 15691 15691 E Watchface: CocosWatchFaceService::Handler msg: -5 0.0;--
01-24 20:29:37.308   434   461 W ActivityManager: setHasOverlayUi called on unknown pid: 19249
01-24 20:29:37.400 19287 19287 I app_process: System.exit called, status: 0
01-24 20:29:37.400 19287 19287 I AndroidRuntime: VM exiting with result code 0.
01-24 20:29:37.409 31332 31332 D Avrcp   : AvrcpServiceBroadcastReceiver-> Action: android.intent.action.PACKAGE_DATA_CLEARED
01-24 20:29:37.409 31332 31332 D Avrcp   : packageName: br.com.gerenciadorfinanceiro.controller removed: true
01-24 20:29:37.412 31332 31332 V Avrcp   : isBrowseSupported for br.com.gerenciadorfinanceiro.controller: false
01-24 20:29:37.478 13109 13109 I GeofencerStateMachine: removeGeofences: removeRequest=RemoveGeofencingRequest[REMOVE_ALL packageName=br.com.gerenciadorfinanceiro.controller]
01-24 20:29:37.492   712   712 D RegisteredNfcFServicesCache: Service unchanged, not updating
01-24 20:29:37.523 13109 13122 I zygote  : Background concurrent copying GC freed 56823(2MB) AllocSpace objects, 6(464KB) LOS objects, 18% free, 8MB/10MB, paused 2.979ms total 1.137s
01-24 20:29:37.553 13109 19302 I Fitness : Clearing all cached OAuth tokens for: br.com.gerenciadorfinanceiro.controller [CONTEXT service_id=17 ]
01-24 20:29:37.560 13109 19302 I Fitness : Removing all subscriptions for: br.com.gerenciadorfinanceiro.controller [CONTEXT service_id=17 ]
01-24 20:29:37.621 13109 19302 I Fitness : Clearing all cached OAuth tokens for: br.com.gerenciadorfinanceiro.controller [CONTEXT service_id=17 ]
01-24 20:29:37.623 13109 19302 I Fitness : Removing all subscriptions for: br.com.gerenciadorfinanceiro.controller [CONTEXT service_id=17 ]
01-24 20:29:38.384 13109 13122 I zygote  : Background concurrent copying GC freed 37331(2MB) AllocSpace objects, 4(152KB) LOS objects, 17% free, 9MB/11MB, paused 657us total 383.754ms
01-24 20:29:38.475  7585  7626 I zygote  : IncrementDisableThreadFlip blocked for 10.015ms
01-24 20:29:38.920  7585 19313 I ModelDownloadListener: Schdedule model download
01-24 20:29:38.964  7585  7585 I BgTaskExecutorImpl: Starting EXCLUSIVE background task UPDATE_HOTWORD_MODELS.
01-24 20:29:38.987  7585 19315 I ModelDownloadController: requestHotwordModelUpdate modelType-<com.google.android.apps.gsa.shared.speech.hotword.a.g@a954bbd number=2 name=OK_HEY_GOOGLE> modelLocale-en-US
01-24 20:29:38.990  7585 19315 I ModelDownloadController: shouldDonwloadModel: modelLocale is en-US
01-24 20:29:38.994  7585  7585 I BgTaskExecutorImpl: Starting EXCLUSIVE background task WEAR_REMINDERS_UPGRADE.
01-24 20:29:39.134  7585 19315 I ModelDownloadController: We already downloaded model from given location.
01-24 20:29:39.134  7585 19315 I ModelDownloadController: Model download not requested.
01-24 20:29:39.180  7585  7595 I zygote  : Background concurrent copying GC freed 34731(1340KB) AllocSpace objects, 0(0B) LOS objects, 16% free, 9MB/11MB, paused 7.022ms total 712.506ms
01-24 20:29:39.322 32131  3102 D DisableRemindersCntrllr: Reminders microapp already disabled
01-24 20:29:39.812 30846 30867 I Finsky  : [1245] jwq.run(3): Stats for Executor: BlockingExecutor jyi@923c909[Running, pool size = 0, active threads = 0, queued tasks = 0, completed tasks = 289]
01-24 20:29:39.814 30846 30867 I Finsky  : [1245] jwq.run(3): Stats for Executor: LightweightExecutor jyi@173870e[Running, pool size = 3, active threads = 0, queued tasks = 0, completed tasks = 64]
01-24 20:29:40.326  7206  7251 I dailytrack: HealthSportDataCacheUtil::saveData(),currentThread4=handle_total_data
01-24 20:29:41.776 30846 30867 I Finsky  : [1245] jwq.run(3): Stats for Executor: bgExecutor jyi@5e72822[Running, pool size = 4, active threads = 0, queued tasks = 0, completed tasks = 1101]
01-24 20:29:43.108   434  3482 I ActivityManager: START u0 {act=api.android.category.MAIN cat=[api.android.intent.LAUNCHER] flg=0x10000000 cmp=br.com.gerenciadorfinanceiro.controller/br.com.mobills.wear.views.MobillsWearActivity} from uid 2000
01-24 20:29:43.204   434  5002 I ActivityManager: Start proc 19325:br.com.gerenciadorfinanceiro.controller/u0a70 for activity br.com.gerenciadorfinanceiro.controller/br.com.mobills.wear.views.MobillsWearActivity
01-24 20:29:43.439   434  3482 W ActivityManager: Slow operation: 71ms so far, now at attachApplicationLocked: after mServices.attachApplicationLocked
01-24 20:29:43.443   434   453 W BroadcastQueue: Background execution not allowed: receiving Intent { act=android.os.UpdateLock.UPDATE_LOCK_CHANGED flg=0x4000010 (has extras) } to com.google.android.gms/.chimera.GmsIntentOperationService$PersistentTrustedReceiver
01-24 20:29:43.526 19325 19325 W ResourceType: ResTable_typeSpec entry count inconsistent: given 183, previously 186
01-24 20:29:43.548 19325 19325 W ResourceType: ResTable_typeSpec entry count inconsistent: given 183, previously 186
01-24 20:29:43.699 19325 19335 I zygote  : Background concurrent copying GC freed 878(345KB) AllocSpace objects, 0(0B) LOS objects, 32% free, 1044KB/1556KB, paused 4.720ms total 111.054ms
01-24 20:29:43.905 19325 19343 D OpenGLRenderer: HWUI GL Pipeline
01-24 20:29:43.991 19325 19343 I Adreno-EGL: <qeglDrvAPI_eglInitialize:379>: EGL 1.4 QUALCOMM build:  (I7af58d6928)
01-24 20:29:43.991 19325 19343 I Adreno-EGL: OpenGL ES Shader Compiler Version: E031.35.01.00
01-24 20:29:43.991 19325 19343 I Adreno-EGL: Build Date: 09/14/17 Thu
01-24 20:29:43.991 19325 19343 I Adreno-EGL: Local Branch: gfx-adreno.lnx.1.0
01-24 20:29:43.991 19325 19343 I Adreno-EGL: Remote Branch: 
01-24 20:29:43.991 19325 19343 I Adreno-EGL: Local Patches: 
01-24 20:29:43.991 19325 19343 I Adreno-EGL: Reconstruct Branch: 
01-24 20:29:43.998 19325 19343 I vndksupport: sphal namespace is not configured for this process. Loading /vendor/lib/hw/gralloc.msm8909.so from the current namespace instead.
01-24 20:29:44.009 19343 19343 W RenderThread: type=1400 audit(0.0:600): avc: denied { read } for name="gpuclk" dev="sysfs" ino=18862 scontext=u:r:untrusted_app:s0:c512,c768 tcontext=u:object_r:sysfs:s0 tclass=file permissive=0
01-24 20:29:44.014 19325 19343 I OpenGLRenderer: Initialized EGL, version 1.4
01-24 20:29:44.015 19325 19343 D OpenGLRenderer: Swap behavior 1
01-24 20:29:44.021 19325 19343 W Adreno-ES20: <get_gpu_clk:229>: open failed: errno 13
01-24 20:29:44.033 19325 19343 W Adreno-EGL: <qeglDrvAPI_eglGetConfigAttrib:612>: EGL_BAD_ATTRIBUTE
01-24 20:29:44.035 19325 19343 I vndksupport: sphal namespace is not configured for this process. Loading /vendor/lib/hw/gralloc.msm8909.so from the current namespace instead.
01-24 20:29:44.060 19325 19343 W Adreno-EGL: <qeglDrvAPI_eglGetConfigAttrib:612>: EGL_BAD_ATTRIBUTE
01-24 20:29:44.066 19325 19343 I vndksupport: sphal namespace is not configured for this process. Loading /vendor/lib/hw/gralloc.msm8909.so from the current namespace instead.
01-24 20:29:44.111 19325 19343 I vndksupport: sphal namespace is not configured for this process. Loading /vendor/lib/hw/gralloc.msm8909.so from the current namespace instead.
01-24 20:29:44.492 19325 19325 I [mobills-wear]:  - GoogleApiClient connected
01-24 20:29:44.589 19325 19352 I [mobills-wear]: Dados:  enviados para: Pixel 2 PutDataRequest[dataSz=51, numAssets=0, uri=wear:/mobills_phone_data, syncDeadline=1800000]
01-24 20:29:45.332  7206  7251 I dailytrack: HealthSportDataCacheUtil::saveData(),currentThread4=handle_total_data
01-24 20:29:46.697   434   536 E TaskPersister: File error accessing recents directory (directory doesn't exist?).
01-24 20:29:47.352   434   434 W WindowManager: removeWindowToken: Attempted to remove non-existing token: android.os.Binder@ef8a8dc
01-24 20:29:50.337  7206  7251 I dailytrack: HealthSportDataCacheUtil::saveData(),currentThread4=handle_total_data
01-24 20:29:55.342  7206  7251 I dailytrack: HealthSportDataCacheUtil::saveData(),currentThread4=handle_total_data
01-24 20:30:00.023 15691 15691 D WallpaperUtil: InternalCache: available=1545M
01-24 20:30:00.051 15691 15691 E Watchface: WeatherManager::checkUpdateDisplayWeather() mWeatherInfo is null !
01-24 20:30:00.065 32131 32131 W OngoingChipController: Attempting to remove non-existent UI for chip [com.google.android.wearable.app, media_controls]
01-24 20:30:00.346  7206  7251 I dailytrack: HealthSportDataCacheUtil::saveData(),currentThread4=handle_total_data
01-24 20:30:00.644 19353 19353 D AndroidRuntime: >>>>>> START com.android.internal.os.RuntimeInit uid 2000 <<<<<<
01-24 20:30:01.835 19353 19353 D AndroidRuntime: Calling main entry com.android.commands.pm.Pm
01-24 20:30:01.864   434  2560 I ActivityManager: Force stopping br.com.gerenciadorfinanceiro.controller appid=10070 user=0: clear data
01-24 20:30:01.865   434  2560 I ActivityManager: Killing 19325:br.com.gerenciadorfinanceiro.controller/u0a70 (adj 0): stop br.com.gerenciadorfinanceiro.controller
01-24 20:30:01.872   434  2560 W ActivityManager: Force removing ActivityRecord{d7c567 u0 br.com.gerenciadorfinanceiro.controller/br.com.mobills.wear.views.MobillsWearActivity t524}: app died, no saved state
01-24 20:30:02.137   434   454 W Looper  : Dispatch took 272ms on android.ui, h=Handler (com.android.server.am.ActivityManagerService$UiHandler) {dee4953} cb=null msg=53
01-24 20:30:02.141   434   461 W ActivityManager: setHasOverlayUi called on unknown pid: 19325
01-24 20:30:02.160   434   453 W BroadcastQueue: Background execution not allowed: receiving Intent { act=android.os.UpdateLock.UPDATE_LOCK_CHANGED flg=0x4000010 (has extras) } to com.google.android.gms/.chimera.GmsIntentOperationService$PersistentTrustedReceiver
01-24 20:30:02.187   434   453 I ActivityManager: Force stopping br.com.gerenciadorfinanceiro.controller appid=10070 user=-1: clearApplicationUserData
01-24 20:30:02.190 15691 15691 E Watchface: CocosWatchFaceService::Handler msg: -5 0.0;--
01-24 20:30:02.202   335   335 I keystore: clear_uid 10070
01-24 20:30:02.244   434   536 E TaskPersister: File error accessing recents directory (directory doesn't exist?).
01-24 20:30:02.318 31332 31332 D Avrcp   : AvrcpServiceBroadcastReceiver-> Action: android.intent.action.PACKAGE_DATA_CLEARED
01-24 20:30:02.318 31332 31332 D Avrcp   : packageName: br.com.gerenciadorfinanceiro.controller removed: true
01-24 20:30:02.318 31332 31332 V Avrcp   : isBrowseSupported for br.com.gerenciadorfinanceiro.controller: false
01-24 20:30:02.321 13109 13109 I GeofencerStateMachine: removeGeofences: removeRequest=RemoveGeofencingRequest[REMOVE_ALL packageName=br.com.gerenciadorfinanceiro.controller]
01-24 20:30:02.386 19353 19353 I app_process: System.exit called, status: 0
01-24 20:30:02.386 19353 19353 I AndroidRuntime: VM exiting with result code 0.
01-24 20:30:02.390 13109 19364 I Fitness : Clearing all cached OAuth tokens for: br.com.gerenciadorfinanceiro.controller [CONTEXT service_id=17 ]
01-24 20:30:02.393 13109 19364 I Fitness : Removing all subscriptions for: br.com.gerenciadorfinanceiro.controller [CONTEXT service_id=17 ]
01-24 20:30:02.459   712   712 D RegisteredNfcFServicesCache: Service unchanged, not updating
01-24 20:30:02.516 13109 19364 I Fitness : Clearing all cached OAuth tokens for: br.com.gerenciadorfinanceiro.controller [CONTEXT service_id=17 ]
01-24 20:30:02.523 13109 19364 I Fitness : Removing all subscriptions for: br.com.gerenciadorfinanceiro.controller [CONTEXT service_id=17 ]
01-24 20:30:05.351  7206  7251 I dailytrack: HealthSportDataCacheUtil::saveData(),currentThread4=handle_total_data
01-24 20:30:07.729   434  5002 I ActivityManager: START u0 {act=api.android.category.MAIN cat=[api.android.intent.LAUNCHER] flg=0x10000000 cmp=br.com.gerenciadorfinanceiro.controller/br.com.mobills.wear.views.MobillsWearActivity} from uid 2000
01-24 20:30:07.814   434 13083 I ActivityManager: Start proc 19379:br.com.gerenciadorfinanceiro.controller/u0a70 for activity br.com.gerenciadorfinanceiro.controller/br.com.mobills.wear.views.MobillsWearActivity
01-24 20:30:08.018   434 13083 W ActivityManager: Slow operation: 95ms so far, now at attachApplicationLocked: after mServices.attachApplicationLocked
01-24 20:30:08.043   434   453 W BroadcastQueue: Background execution not allowed: receiving Intent { act=android.os.UpdateLock.UPDATE_LOCK_CHANGED flg=0x4000010 (has extras) } to com.google.android.gms/.chimera.GmsIntentOperationService$PersistentTrustedReceiver
01-24 20:30:08.072 19379 19379 W ResourceType: ResTable_typeSpec entry count inconsistent: given 183, previously 186
01-24 20:30:08.105 19379 19379 W ResourceType: ResTable_typeSpec entry count inconsistent: given 183, previously 186
01-24 20:30:08.349 19379 19389 I zygote  : Background concurrent copying GC freed 878(367KB) AllocSpace objects, 0(0B) LOS objects, 29% free, 1201KB/1713KB, paused 935us total 236.741ms
01-24 20:30:08.452 31332 31342 I zygote  : Background concurrent copying GC freed 211(400KB) AllocSpace objects, 0(0B) LOS objects, 33% free, 1008KB/1520KB, paused 2.344ms total 445.490ms
01-24 20:30:08.475 19379 19397 D OpenGLRenderer: HWUI GL Pipeline
01-24 20:30:08.563 19379 19397 I Adreno-EGL: <qeglDrvAPI_eglInitialize:379>: EGL 1.4 QUALCOMM build:  (I7af58d6928)
01-24 20:30:08.563 19379 19397 I Adreno-EGL: OpenGL ES Shader Compiler Version: E031.35.01.00
01-24 20:30:08.563 19379 19397 I Adreno-EGL: Build Date: 09/14/17 Thu
01-24 20:30:08.563 19379 19397 I Adreno-EGL: Local Branch: gfx-adreno.lnx.1.0
01-24 20:30:08.563 19379 19397 I Adreno-EGL: Remote Branch: 
01-24 20:30:08.563 19379 19397 I Adreno-EGL: Local Patches: 
01-24 20:30:08.563 19379 19397 I Adreno-EGL: Reconstruct Branch: 
01-24 20:30:08.569 19379 19397 I vndksupport: sphal namespace is not configured for this process. Loading /vendor/lib/hw/gralloc.msm8909.so from the current namespace instead.
01-24 20:30:08.579 19397 19397 W RenderThread: type=1400 audit(0.0:601): avc: denied { read } for name="gpuclk" dev="sysfs" ino=18862 scontext=u:r:untrusted_app:s0:c512,c768 tcontext=u:object_r:sysfs:s0 tclass=file permissive=0
01-24 20:30:08.584 19379 19397 I OpenGLRenderer: Initialized EGL, version 1.4
01-24 20:30:08.584 19379 19397 D OpenGLRenderer: Swap behavior 1
01-24 20:30:08.590 19379 19397 W Adreno-ES20: <get_gpu_clk:229>: open failed: errno 13
01-24 20:30:08.603 19379 19397 W Adreno-EGL: <qeglDrvAPI_eglGetConfigAttrib:612>: EGL_BAD_ATTRIBUTE
01-24 20:30:08.606 19379 19397 I vndksupport: sphal namespace is not configured for this process. Loading /vendor/lib/hw/gralloc.msm8909.so from the current namespace instead.
01-24 20:30:08.640 19379 19397 W Adreno-EGL: <qeglDrvAPI_eglGetConfigAttrib:612>: EGL_BAD_ATTRIBUTE
01-24 20:30:08.644 19379 19397 I vndksupport: sphal namespace is not configured for this process. Loading /vendor/lib/hw/gralloc.msm8909.so from the current namespace instead.
01-24 20:30:08.689 19379 19397 I vndksupport: sphal namespace is not configured for this process. Loading /vendor/lib/hw/gralloc.msm8909.so from the current namespace instead.
01-24 20:30:09.041 19379 19379 I [mobills-wear]:  - GoogleApiClient connected
01-24 20:30:09.157 19379 19405 I [mobills-wear]: Dados:  enviados para: Pixel 2 PutDataRequest[dataSz=51, numAssets=0, uri=wear:/mobills_phone_data, syncDeadline=1800000]
01-24 20:30:10.356  7206  7251 I dailytrack: HealthSportDataCacheUtil::saveData(),currentThread4=handle_total_data
01-24 20:30:11.292   434   536 E TaskPersister: File error accessing recents directory (directory doesn't exist?).
01-24 20:30:11.923   434   434 W WindowManager: removeWindowToken: Attempted to remove non-existing token: android.os.Binder@bb5ab2b
01-24 20:30:11.957   723   723 I battery : BatteryService: mInternalBatteryReceiver onReceive() action = android.intent.action.BATTERY_CHANGED
01-24 20:30:11.960 31787 31787 I ADVLog  : ADV.SensorService:/BatteryTemperature: 344  /isUsbOrAc: 1
01-24 20:30:11.973   319   319 D WifiHAL : In DebugCommand::handleResponse
01-24 20:30:11.973   319   319 D WifiHAL : len = 4, expected len = 4
01-24 20:30:11.997   434 13083 E BatteryStatsService: no controller energy info supplied
