01-24 17:12:41.087   434   611 V u-blox  : CUbxGpsState::printStd: MGA: Message sent [116/121]: GPS-HEALTH (size [48] retries [0])
01-24 17:12:41.087   434   611 V u-blox  : CUbxGpsState::printStd: MGA: Transfer of Message [116] completed successfully.
01-24 17:12:41.110   434   611 V u-blox  : CUbxGpsState::printStd: MGA: Message sent [117/121]: GPS-IONO (size [24] retries [0])
01-24 17:12:41.110   434   611 V u-blox  : CUbxGpsState::printStd: MGA: Transfer of Message [117] completed successfully.
01-24 17:12:41.135   434   611 V u-blox  : CUbxGpsState::printStd: MGA: Message sent [118/121]: GPS-UTC (size [28] retries [0])
01-24 17:12:41.135   434   611 V u-blox  : CUbxGpsState::printStd: MGA: Transfer of Message [118] completed successfully.
01-24 17:12:41.158   434   611 V u-blox  : CUbxGpsState::printStd: MGA: Message sent [119/121]: GLO-TIMEOFFSET (size [28] retries [0])
01-24 17:12:41.159   434   611 V u-blox  : CUbxGpsState::printStd: MGA: Transfer of Message [119] completed successfully.
01-24 17:12:41.183   434   611 V u-blox  : CUbxGpsState::printStd: MGA: Message sent [120/121]: QZSS-HEALTH (size [20] retries [0])
01-24 17:12:41.184   434   611 V u-blox  : CUbxGpsState::printStd: MGA: Transfer of Message [120] completed successfully.
01-24 17:12:41.208   434   611 V u-blox  : CUbxGpsState::printStd: MGA: Message sent [121/121]: MGA-INI-EOP(0x06) (size [80] retries [0])
01-24 17:12:41.208   434   611 V u-blox  : CUbxGpsState::printStd: MGA: Transfer of Message [121] completed successfully.
01-24 17:12:41.221   434   611 V u-blox  : CUbxGpsState::printStd: MGA: Successfully finished transfer
01-24 17:12:41.224   434   611 V u-blox  : CUbxGpsState::printStd: MGA: Online Transfer finished successfully!
01-24 17:12:41.224   434   611 V u-blox  : CUbxGpsState::finished: Transfer of Online data has been successful!
01-24 17:12:41.224   434   611 W u-blox  : CUbxGpsState::getAppRuntimeStatus: runtime_flag=65, isEntryPsm=0
01-24 17:12:41.224   434   611 V u-blox  : CUbxGpsState::checkFinish: start check Online of Transfer status, runtime_state(0x40)!
01-24 17:12:41.225   434   611 V u-blox  : CUbxGpsState::printStd: MGA: Starting Time Transfer!
01-24 17:12:41.226   434   611 V u-blox  : CUbxGpsState::printStd: MGA: Configure receiver to acknowledge aiding (Try 1/5)
01-24 17:12:41.256   434   611 V u-blox  : CUbxGpsState::printStd: MGA: Acknowledgment for aiding messages enabled (Try 1/5)
01-24 17:12:41.272   434   611 V u-blox  : CUbxGpsState::printStd: MGA: Sent the follwing UTC time for aiding the receiver: 2020.01.24 16:12:41.258312647 (GPS: 2089wn:490378258ms:000312647ns) Accuracy: 00:00:20.000000000
01-24 17:12:41.324   434   611 E u-blox  : CUbxGpsState::printErr: MGA: Time Transfer finished unsuccessfully! Action failed!
01-24 17:12:41.324   434   611 E u-blox  : CUbxGpsState::finished: Transfer of Time data failed!
01-24 17:12:41.324   434   611 W u-blox  : CUbxGpsState::getAppRuntimeStatus: runtime_flag=64, isEntryPsm=0
01-24 17:12:41.324   434   611 V u-blox  : CUbxGpsState::checkFinish: start check Time of Transfer status, runtime_state(0x40)!
01-24 17:12:41.324   434   611 E u-blox  : CUbxGpsState::finished: Maximum consecutive failures while trying to transfer reached (0). Transfer will not be rescheduled
01-24 17:12:42.044   434   614 W u-blox  : CProtocolUBX::ProcessNavPvt: psmState=0, fixType=0, gnssFixOk=0, numSV=0, pDOP=999, hACC=4294967, vACC=3750000
01-24 17:12:42.046   434   614 V u-blox  : CAndroidDatabase::Commit: ignore location report, lat long alt invalid
01-24 17:12:43.044   434   614 W u-blox  : CProtocolUBX::ProcessNavPvt: psmState=0, fixType=0, gnssFixOk=0, numSV=0, pDOP=999, hACC=4294967, vACC=3750000
01-24 17:12:43.046   434   614 V u-blox  : CAndroidDatabase::Commit: ignore location report, lat long alt invalid
01-24 17:12:44.047   434   614 W u-blox  : CProtocolUBX::ProcessNavPvt: psmState=0, fixType=0, gnssFixOk=0, numSV=0, pDOP=999, hACC=4294967, vACC=3750000
01-24 17:12:44.048   434   614 V u-blox  : CAndroidDatabase::Commit: ignore location report, lat long alt invalid
01-24 17:12:44.077  7206  7251 I dailytrack: HealthSportDataCacheUtil::saveData(),currentThread4=handle_total_data
01-24 17:12:45.045   434   614 W u-blox  : CProtocolUBX::ProcessNavPvt: psmState=0, fixType=0, gnssFixOk=0, numSV=0, pDOP=999, hACC=4294967, vACC=3750000
01-24 17:12:45.053   434   614 V u-blox  : CAndroidDatabase::Commit: ignore location report, lat long alt invalid
01-24 17:12:46.044   434   614 W u-blox  : CProtocolUBX::ProcessNavPvt: psmState=0, fixType=0, gnssFixOk=0, numSV=0, pDOP=999, hACC=4294967, vACC=3750000
01-24 17:12:46.046   434   614 V u-blox  : CAndroidDatabase::Commit: ignore location report, lat long alt invalid
01-24 17:12:47.042   434   614 W u-blox  : CProtocolUBX::ProcessNavPvt: psmState=0, fixType=0, gnssFixOk=0, numSV=0, pDOP=999, hACC=4294967, vACC=3750000
01-24 17:12:47.044   434   614 V u-blox  : CAndroidDatabase::Commit: ignore location report, lat long alt invalid
01-24 17:12:48.047   434   614 W u-blox  : CProtocolUBX::ProcessNavPvt: psmState=0, fixType=0, gnssFixOk=0, numSV=0, pDOP=999, hACC=4294967, vACC=3750000
01-24 17:12:48.049   434   614 V u-blox  : CAndroidDatabase::Commit: ignore location report, lat long alt invalid
01-24 17:12:48.563  9503  9503 D AndroidRuntime: >>>>>> START com.android.internal.os.RuntimeInit uid 2000 <<<<<<
01-24 17:12:49.041   434   614 W u-blox  : CProtocolUBX::ProcessNavPvt: psmState=0, fixType=0, gnssFixOk=0, numSV=0, pDOP=999, hACC=4294967, vACC=3750000
01-24 17:12:49.043   434   614 V u-blox  : CAndroidDatabase::Commit: ignore location report, lat long alt invalid
01-24 17:12:49.083  7206  7251 I dailytrack: HealthSportDataCacheUtil::saveData(),currentThread4=handle_total_data
01-24 17:12:49.771  9503  9503 D AndroidRuntime: Calling main entry com.android.commands.pm.Pm
01-24 17:12:49.802   434  2093 I ActivityManager: Force stopping com.endomondo.android appid=10052 user=0: clear data
01-24 17:12:49.804   434  2093 I ActivityManager: Killing 9423:com.endomondo.android/u0a52 (adj 0): stop com.endomondo.android
01-24 17:12:49.811   434  2093 W ActivityManager: Scheduling restart of crashed service com.endomondo.android/.wear.workout.WorkoutService in 1000ms
01-24 17:12:49.814   434  2093 W ActivityManager: Force removing ActivityRecord{8b26534 u0 com.endomondo.android/.wear.ui.WearAppActivity t352}: app died, no saved state
01-24 17:12:49.984 32131 32131 I AppLifecycleTracker: App foreground state unchanged: inForeground ? true
01-24 17:12:49.987   434   453 I ActivityManager: Force stopping com.endomondo.android appid=10052 user=-1: clearApplicationUserData
01-24 17:12:49.999   434  2021 D GnssStatusListenerHelper: Remote Listener died: android.location.IGnssStatusListener$Stub$Proxy@a2d22d8
01-24 17:12:50.010   434   454 W Looper  : Dispatch took 207ms on android.ui, h=Handler (com.android.server.am.ActivityManagerService$UiHandler) {dee4953} cb=null msg=53
01-24 17:12:50.033 32131 32303 W Adreno-EGL: <qeglDrvAPI_eglGetConfigAttrib:612>: EGL_BAD_ATTRIBUTE
01-24 17:12:50.038 32131 32303 I vndksupport: sphal namespace is not configured for this process. Loading /vendor/lib/hw/gralloc.msm8909.so from the current namespace instead.
01-24 17:12:50.067   434   453 W BroadcastQueue: Background execution not allowed: receiving Intent { act=android.os.UpdateLock.UPDATE_LOCK_CHANGED flg=0x4000010 (has extras) } to com.google.android.gms/.chimera.GmsIntentOperationService$PersistentTrustedReceiver
01-24 17:12:50.067   434   461 W ActivityManager: setHasOverlayUi called on unknown pid: 9423
01-24 17:12:50.103   434   614 W u-blox  : CProtocolUBX::ProcessNavPvt: psmState=0, fixType=0, gnssFixOk=0, numSV=0, pDOP=999, hACC=4294967, vACC=3750000
01-24 17:12:50.103   434   614 V u-blox  : CAndroidDatabase::Commit: ignore location report, lat long alt invalid
01-24 17:12:50.107   335   335 I keystore: clear_uid 10052
01-24 17:12:50.221   434   536 E TaskPersister: File error accessing recents directory (directory doesn't exist?).
01-24 17:12:50.226 32158 32158 W ContextImpl: Calling a method in the system process without a qualified user: android.app.ContextImpl.sendBroadcast:950 android.content.ContextWrapper.sendBroadcast:431 android.content.ContextWrapper.sendBroadcast:431 com.google.android.clockwork.settings.GpsActivityReceiver.onReceive:50 android.app.ActivityThread.handleReceiver:3252 
01-24 17:12:50.251   434  7888 E ActivityManager: Sending non-protected broadcast com.google.android.clockwork.settings.action.GPS_ACTIVITY from system 32158:com.google.android.apps.wearable.settings/1000 pkg com.google.android.apps.wearable.settings
01-24 17:12:50.251   434  7888 E ActivityManager: java.lang.Throwable
01-24 17:12:50.251   434  7888 E ActivityManager: 	at com.android.server.am.ActivityManagerService.checkBroadcastFromSystem(ActivityManagerService.java:18976)
01-24 17:12:50.251   434  7888 E ActivityManager: 	at com.android.server.am.ActivityManagerService.broadcastIntentLocked(ActivityManagerService.java:19582)
01-24 17:12:50.251   434  7888 E ActivityManager: 	at com.android.server.am.ActivityManagerService.broadcastIntent(ActivityManagerService.java:19724)
01-24 17:12:50.251   434  7888 E ActivityManager: 	at android.app.IActivityManager$Stub.onTransact(IActivityManager.java:240)
01-24 17:12:50.251   434  7888 E ActivityManager: 	at com.android.server.am.ActivityManagerService.onTransact(ActivityManagerService.java:2935)
01-24 17:12:50.251   434  7888 E ActivityManager: 	at android.os.Binder.execTransact(Binder.java:674)
01-24 17:12:50.309 32158 32158 W ContextImpl: Calling a method in the system process without a qualified user: android.app.ContextImpl.sendBroadcast:950 android.content.ContextWrapper.sendBroadcast:431 android.content.ContextWrapper.sendBroadcast:431 com.google.android.clockwork.settings.GpsActivityReceiver.onReceive:64 android.app.ActivityThread.handleReceiver:3252 
01-24 17:12:50.315 15691 15691 E Watchface: CocosWatchFaceService::Handler msg: -5 0.0;--
01-24 17:12:50.319   434  5002 I GnssLocationProvider: WakeLock acquired by sendMessage(SET_REQUEST, 0, com.android.server.location.GnssLocationProvider$GpsRequest@54769fa)
01-24 17:12:50.319   434   452 V u-blox  : CGpsIf::stop: (2610518384):
01-24 17:12:50.320   434   452 W u-blox  : CUbxGpsState::getAppRuntimeStatus: runtime_flag=64, isEntryPsm=0
01-24 17:12:50.320   434   614 V u-blox  : handleCmdInput: (2504894832): Cmd received (2)
01-24 17:12:50.320   434   614 V u-blox  : handle_cmd: command 2
01-24 17:12:50.320   434   614 V u-blox  : CAndroidDatabase::decPublish: count now 0
01-24 17:12:50.320   434   614 V u-blox  : engineStop: (Begin) Client count 1
01-24 17:12:50.320   434   614 I GnssHAL_GnssInterface: updateWakelock: GNSS HAL Wakelock released
01-24 17:12:50.320   434   614 V u-blox  : engineStop: (End) Client count 0
01-24 17:12:50.320   434   614 V u-blox  : checkShutdownState: Command the receiver to turn off!
01-24 17:12:50.320   434   614 V u-blox  : CUbxGpsState::changeState: A receiver state change has been detected. Turn receiver Off!
01-24 17:12:50.320   434   614 W u-blox  : CUbxGpsState::getAppRuntimeStatus: runtime_flag=0, isEntryPsm=0
01-24 17:12:50.320   434   614 V u-blox  : CUbxGpsState::printStd: MGA: Successfully scheduled Poll of Receiver Aiding State data
01-24 17:12:50.322   434  2426 E ActivityManager: Sending non-protected broadcast com.google.android.clockwork.settings.action.GPS_ACTIVITY from system 32158:com.google.android.apps.wearable.settings/1000 pkg com.google.android.apps.wearable.settings
01-24 17:12:50.322   434  2426 E ActivityManager: java.lang.Throwable
01-24 17:12:50.322   434  2426 E ActivityManager: 	at com.android.server.am.ActivityManagerService.checkBroadcastFromSystem(ActivityManagerService.java:18976)
01-24 17:12:50.322   434  2426 E ActivityManager: 	at com.android.server.am.ActivityManagerService.broadcastIntentLocked(ActivityManagerService.java:19582)
01-24 17:12:50.322   434  2426 E ActivityManager: 	at com.android.server.am.ActivityManagerService.broadcastIntent(ActivityManagerService.java:19724)
01-24 17:12:50.322   434  2426 E ActivityManager: 	at android.app.IActivityManager$Stub.onTransact(IActivityManager.java:240)
01-24 17:12:50.322   434  2426 E ActivityManager: 	at com.android.server.am.ActivityManagerService.onTransact(ActivityManagerService.java:2935)
01-24 17:12:50.322   434  2426 E ActivityManager: 	at android.os.Binder.execTransact(Binder.java:674)
01-24 17:12:50.340  9503  9503 I app_process: System.exit called, status: 0
01-24 17:12:50.340  9503  9503 I AndroidRuntime: VM exiting with result code 0.
01-24 17:12:50.391 31332 31332 D Avrcp   : AvrcpServiceBroadcastReceiver-> Action: android.intent.action.PACKAGE_DATA_CLEARED
01-24 17:12:50.392 31332 31332 D Avrcp   : packageName: com.endomondo.android removed: true
01-24 17:12:50.392 31332 31332 V Avrcp   : isBrowseSupported for com.endomondo.android: false
01-24 17:12:50.399   434   452 I GnssLocationProvider: WakeLock released by handleMessage(SET_REQUEST, 0, com.android.server.location.GnssLocationProvider$GpsRequest@54769fa)
01-24 17:12:50.553 32158 32158 W ContextImpl: Calling a method in the system process without a qualified user: android.app.ContextImpl.sendBroadcast:950 android.content.ContextWrapper.sendBroadcast:431 android.content.ContextWrapper.sendBroadcast:431 com.google.android.clockwork.settings.GpsActivityReceiver.onReceive:64 android.app.ActivityThread.handleReceiver:3252 
01-24 17:12:50.572   434 13081 E ActivityManager: Sending non-protected broadcast com.google.android.clockwork.settings.action.GPS_ACTIVITY from system 32158:com.google.android.apps.wearable.settings/1000 pkg com.google.android.apps.wearable.settings
01-24 17:12:50.572   434 13081 E ActivityManager: java.lang.Throwable
01-24 17:12:50.572   434 13081 E ActivityManager: 	at com.android.server.am.ActivityManagerService.checkBroadcastFromSystem(ActivityManagerService.java:18976)
01-24 17:12:50.572   434 13081 E ActivityManager: 	at com.android.server.am.ActivityManagerService.broadcastIntentLocked(ActivityManagerService.java:19582)
01-24 17:12:50.572   434 13081 E ActivityManager: 	at com.android.server.am.ActivityManagerService.broadcastIntent(ActivityManagerService.java:19724)
01-24 17:12:50.572   434 13081 E ActivityManager: 	at android.app.IActivityManager$Stub.onTransact(IActivityManager.java:240)
01-24 17:12:50.572   434 13081 E ActivityManager: 	at com.android.server.am.ActivityManagerService.onTransact(ActivityManagerService.java:2935)
01-24 17:12:50.572   434 13081 E ActivityManager: 	at android.os.Binder.execTransact(Binder.java:674)
01-24 17:12:50.702   434  5328 W BroadcastQueue: Background execution not allowed: receiving Intent { act=android.intent.action.DROPBOX_ENTRY_ADDED flg=0x10 (has extras) } to com.google.android.gms/.stats.service.DropBoxEntryAddedReceiver
01-24 17:12:50.703   434   453 W BroadcastQueue: Background execution not allowed: receiving Intent { act=android.intent.action.DROPBOX_ENTRY_ADDED flg=0x10 (has extras) } to com.google.android.gms/.chimera.GmsIntentOperationService$PersistentTrustedReceiver
01-24 17:12:50.707 13109 13109 I GeofencerStateMachine: removeGeofences: removeRequest=RemoveGeofencingRequest[REMOVE_ALL packageName=com.endomondo.android]
01-24 17:12:50.827   712   712 D RegisteredNfcFServicesCache: Service unchanged, not updating
01-24 17:12:50.868   434  5002 W BroadcastQueue: Background execution not allowed: receiving Intent { act=android.intent.action.DROPBOX_ENTRY_ADDED flg=0x10 (has extras) } to com.google.android.gms/.stats.service.DropBoxEntryAddedReceiver
01-24 17:12:50.869   434   453 W BroadcastQueue: Background execution not allowed: receiving Intent { act=android.intent.action.DROPBOX_ENTRY_ADDED flg=0x10 (has extras) } to com.google.android.gms/.chimera.GmsIntentOperationService$PersistentTrustedReceiver
01-24 17:12:50.869   434   453 W BroadcastQueue: Background execution not allowed: receiving Intent { act=android.intent.action.DROPBOX_ENTRY_ADDED flg=0x10 (has extras) } to com.google.android.gms/.stats.service.DropBoxEntryAddedReceiver
01-24 17:12:50.869   434   453 W BroadcastQueue: Background execution not allowed: receiving Intent { act=android.intent.action.DROPBOX_ENTRY_ADDED flg=0x10 (has extras) } to com.google.android.gms/.chimera.GmsIntentOperationService$PersistentTrustedReceiver
01-24 17:12:51.043   434   614 W u-blox  : CProtocolUBX::ProcessNavPvt: psmState=0, fixType=0, gnssFixOk=0, numSV=0, pDOP=999, hACC=4294967, vACC=3750000
01-24 17:12:51.045   434   611 V u-blox  : CUbxGpsState::printStd: MGA: Starting Receiver Aiding State Poll!
01-24 17:12:51.110 13109  9517 I Fitness : Clearing all cached OAuth tokens for: com.endomondo.android [CONTEXT service_id=17 ]
01-24 17:12:51.113 13109  9517 I Fitness : Removing all subscriptions for: com.endomondo.android [CONTEXT service_id=17 ]
01-24 17:12:51.162 13109  9517 I Fitness : Clearing all cached OAuth tokens for: com.endomondo.android [CONTEXT service_id=17 ]
01-24 17:12:51.169 13109  9517 I Fitness : Removing all subscriptions for: com.endomondo.android [CONTEXT service_id=17 ]
01-24 17:12:51.187 13109 13109 W BoundBrokerSvc: No bound-service is registered for action: com.google.android.gms.udc.service.START
01-24 17:12:51.187 13109 13109 E BoundBrokerSvc: Proxy without impl failing onBind(): Intent { act=com.google.android.gms.udc.service.START pkg=com.google.android.gms }
01-24 17:12:51.187 13109 13109 W GmsApiChimeraSvc: Failed in attempt to reload bound-service.
01-24 17:12:51.188 13109 13442 I GmsApiChimeraSvc: Using MissingApiServiceBroker for com.google.android.gms.udc.service.START due to missing BoundService implementation
01-24 17:12:51.246 13109 13109 W BoundBrokerSvc: No bound-service is registered for action: com.google.android.gms.udc.service.START
01-24 17:12:51.247 13109 13109 E BoundBrokerSvc: Proxy without impl failing onBind(): Intent { act=com.google.android.gms.udc.service.START pkg=com.google.android.gms }
01-24 17:12:51.247 13109 13109 W GmsApiChimeraSvc: Failed in attempt to reload bound-service.
01-24 17:12:51.247 13109 13442 I GmsApiChimeraSvc: Using MissingApiServiceBroker for com.google.android.gms.udc.service.START due to missing BoundService implementation
01-24 17:12:51.284 13109 13109 W BoundBrokerSvc: No bound-service is registered for action: com.google.android.gms.udc.service.START
01-24 17:12:51.284 13109 13109 E BoundBrokerSvc: Proxy without impl failing onBind(): Intent { act=com.google.android.gms.udc.service.START pkg=com.google.android.gms }
01-24 17:12:51.284 13109 13109 W GmsApiChimeraSvc: Failed in attempt to reload bound-service.
01-24 17:12:51.285 13109 13169 I GmsApiChimeraSvc: Using MissingApiServiceBroker for com.google.android.gms.udc.service.START due to missing BoundService implementation
01-24 17:12:51.476   434   443 I zygote  : Background concurrent copying GC freed 20828(1761KB) AllocSpace objects, 7(140KB) LOS objects, 14% free, 11MB/13MB, paused 3.797ms total 1.297s
01-24 17:12:52.040   434   614 W u-blox  : CProtocolUBX::ProcessNavPvt: psmState=0, fixType=0, gnssFixOk=0, numSV=0, pDOP=999, hACC=4294967, vACC=3750000
01-24 17:12:53.041   434   614 W u-blox  : CProtocolUBX::ProcessNavPvt: psmState=0, fixType=0, gnssFixOk=0, numSV=0, pDOP=999, hACC=4294967, vACC=3750000
01-24 17:12:53.054   434   611 E u-blox  : CUbxGpsState::printErr: MGA: Receiver Aiding State Poll finished unsuccessfully! Action failed!
01-24 17:12:53.054   434   611 E u-blox  : CUbxGpsState::finished: Poll of Receiver Aiding State data failed!
01-24 17:12:54.042   434   614 W u-blox  : CProtocolUBX::ProcessNavPvt: psmState=0, fixType=0, gnssFixOk=0, numSV=0, pDOP=999, hACC=4294967, vACC=3750000
01-24 17:12:54.086  7206  7251 I dailytrack: HealthSportDataCacheUtil::saveData(),currentThread4=handle_total_data
01-24 17:12:55.044   434   614 W u-blox  : CProtocolUBX::ProcessNavPvt: psmState=0, fixType=0, gnssFixOk=0, numSV=0, pDOP=999, hACC=4294967, vACC=3750000


