01-24 17:11:19.508   434   536 E TaskPersister: File error accessing recents directory (directory doesn't exist?).
01-24 17:11:19.751   323   403 W HWComposer: Ignoring duplicate VSYNC event from HWC (t=158149245148990)
01-24 17:11:19.843   434   461 I chatty  : uid=1000(system) android.display expire 1 line
01-24 17:11:20.137 32131 32131 I AppLifecycleTracker: App foreground state unchanged: inForeground ? true
01-24 17:11:20.138   328   328 D shd     : ProcessSensorDeactive sensor:0xa, handle:37 
01-24 17:11:20.155   434   614 I chatty  : uid=1000(system) Thread-12 expire 45 lines
01-24 17:11:20.192 32158 32158 W ContextImpl: Calling a method in the system process without a qualified user: android.app.ContextImpl.sendBroadcast:950 android.content.ContextWrapper.sendBroadcast:431 android.content.ContextWrapper.sendBroadcast:431 com.google.android.clockwork.settings.GpsActivityReceiver.onReceive:50 android.app.ActivityThread.handleReceiver:3252 
01-24 17:11:20.207   434  2021 I chatty  : uid=1000(system) Binder:434_D expire 4 lines
01-24 17:11:20.267   434   874 W BroadcastQueue: Background execution not allowed: receiving Intent { act=android.intent.action.DROPBOX_ENTRY_ADDED flg=0x10 (has extras) } to com.google.android.gms/.stats.service.DropBoxEntryAddedReceiver
01-24 17:11:20.269   434   453 W BroadcastQueue: Background execution not allowed: receiving Intent { act=android.intent.action.DROPBOX_ENTRY_ADDED flg=0x10 (has extras) } to com.google.android.gms/.chimera.GmsIntentOperationService$PersistentTrustedReceiver
01-24 17:11:20.309 32158 32158 W ContextImpl: Calling a method in the system process without a qualified user: android.app.ContextImpl.sendBroadcast:950 android.content.ContextWrapper.sendBroadcast:431 android.content.ContextWrapper.sendBroadcast:431 com.google.android.clockwork.settings.GpsActivityReceiver.onReceive:50 android.app.ActivityThread.handleReceiver:3252 
01-24 17:11:20.314   434 13081 I chatty  : uid=1000(system) Binder:434_1E expire 1 line
01-24 17:11:20.358   434  2021 W BroadcastQueue: Background execution not allowed: receiving Intent { act=android.intent.action.DROPBOX_ENTRY_ADDED flg=0x10 (has extras) } to com.google.android.gms/.stats.service.DropBoxEntryAddedReceiver
01-24 17:11:20.367   434   453 W BroadcastQueue: Background execution not allowed: receiving Intent { act=android.intent.action.DROPBOX_ENTRY_ADDED flg=0x10 (has extras) } to com.google.android.gms/.chimera.GmsIntentOperationService$PersistentTrustedReceiver
01-24 17:11:20.371   434 13083 I chatty  : uid=1000(system) Binder:434_1F expire 1 line
01-24 17:11:20.465  9093  9142 I chatty  : uid=10052(u0_a52) expire 2 lines
01-24 17:11:20.485 13109 13109 W BoundBrokerSvc: No bound-service is registered for action: com.google.android.gms.udc.service.START
01-24 17:11:20.492 13109 13109 E BoundBrokerSvc: Proxy without impl failing onBind(): Intent { act=com.google.android.gms.udc.service.START pkg=com.google.android.gms }
01-24 17:11:20.492 13109 13109 W GmsApiChimeraSvc: Failed in attempt to reload bound-service.
01-24 17:11:20.495 13109 13219 I GmsApiChimeraSvc: Using MissingApiServiceBroker for com.google.android.gms.udc.service.START due to missing BoundService implementation
01-24 17:11:20.507  9093  9142 I DynamiteModule: Considering local module com.google.android.gms.googlecertificates:0 and remote module com.google.android.gms.googlecertificates:4
01-24 17:11:20.508  9093  9142 I DynamiteModule: Selected remote version of com.google.android.gms.googlecertificates, version >= 4
01-24 17:11:20.536  9093  9142 W zygote  : Skipping duplicate class check due to unrecognized classloader
01-24 17:11:20.560 31332 31342 I zygote  : Background concurrent copying GC freed 322(399KB) AllocSpace objects, 0(0B) LOS objects, 33% free, 1024KB/1536KB, paused 4.051ms total 178.007ms
01-24 17:11:20.638 32158 32158 W ContextImpl: Calling a method in the system process without a qualified user: android.app.ContextImpl.sendBroadcast:950 android.content.ContextWrapper.sendBroadcast:431 android.content.ContextWrapper.sendBroadcast:431 com.google.android.clockwork.settings.GpsActivityReceiver.onReceive:50 android.app.ActivityThread.handleReceiver:3252 
01-24 17:11:20.652 13109 13109 W BoundBrokerSvc: No bound-service is registered for action: com.google.android.gms.udc.service.START
01-24 17:11:20.652 13109 13109 E BoundBrokerSvc: Proxy without impl failing onBind(): Intent { act=com.google.android.gms.udc.service.START pkg=com.google.android.gms }
01-24 17:11:20.652 13109 13109 W GmsApiChimeraSvc: Failed in attempt to reload bound-service.
01-24 17:11:20.667 13109 13234 I GmsApiChimeraSvc: Using MissingApiServiceBroker for com.google.android.gms.udc.service.START due to missing BoundService implementation
01-24 17:11:20.676   434   453 W BroadcastQueue: Background execution not allowed: receiving Intent { act=android.intent.action.DROPBOX_ENTRY_ADDED flg=0x10 (has extras) } to com.google.android.gms/.stats.service.DropBoxEntryAddedReceiver
01-24 17:11:20.676   434   453 W BroadcastQueue: Background execution not allowed: receiving Intent { act=android.intent.action.DROPBOX_ENTRY_ADDED flg=0x10 (has extras) } to com.google.android.gms/.chimera.GmsIntentOperationService$PersistentTrustedReceiver
01-24 17:11:20.765 13109 13109 W BoundBrokerSvc: No bound-service is registered for action: com.google.android.gms.udc.service.START
01-24 17:11:20.766 13109 13109 E BoundBrokerSvc: Proxy without impl failing onBind(): Intent { act=com.google.android.gms.udc.service.START pkg=com.google.android.gms }
01-24 17:11:20.766 13109 13109 W GmsApiChimeraSvc: Failed in attempt to reload bound-service.
01-24 17:11:20.776 13109 13229 I GmsApiChimeraSvc: Using MissingApiServiceBroker for com.google.android.gms.udc.service.START due to missing BoundService implementation
01-24 17:11:20.827   434   452 I chatty  : uid=1000(system) android.bg expire 10 lines
01-24 17:11:20.849   328   328 D shd     : ProcessSensorActive sensor:0xa, handle:37, option:0
01-24 17:11:20.870  9093  9098 I zygote  : Do partial code cache collection, code=29KB, data=27KB
01-24 17:11:20.872  9093  9098 I zygote  : After code cache collection, code=28KB, data=26KB
01-24 17:11:20.872  9093  9098 I zygote  : Increasing code cache capacity to 128KB
01-24 17:11:21.054   434   443 I chatty  : uid=1000(system) HeapTaskDaemon expire 1 line
01-24 17:11:21.312  9093  9106 I zygote  : Waiting for a blocking GC ProfileSaver
01-24 17:11:21.482  9093  9103 I zygote  : Background concurrent copying GC freed 6194(574KB) AllocSpace objects, 0(0B) LOS objects, 25% free, 2MB/3MB, paused 4.490ms total 294.720ms
01-24 17:11:21.484  9093  9106 I zygote  : WaitForGcToComplete blocked for 171.626ms for cause ProfileSaver
01-24 17:11:21.569  9093  9103 I zygote  : WaitForGcToComplete blocked for 32.222ms for cause HeapTrim
01-24 17:11:21.676   434   611 I chatty  : uid=1000 system_server expire 53 lines
01-24 17:11:21.697   434   452 I chatty  : uid=1000(system) android.bg expire 4 lines
01-24 17:11:21.709   434  9166 I chatty  : uid=1000 system_server expire 4 lines
01-24 17:11:21.723  9093  9093 I zygote  : Deoptimizing int c.g.a(java.lang.Object) due to JIT inline cache
01-24 17:11:21.939   434   614 I chatty  : uid=1000(system) Thread-12 expire 7 lines
01-24 17:11:22.317  9093  9103 I zygote  : Background concurrent copying GC freed 6307(653KB) AllocSpace objects, 14(280KB) LOS objects, 24% free, 2MB/3MB, paused 1.783ms total 155.933ms
01-24 17:11:22.537   434   611 I chatty  : uid=1000 system_server expire 186 lines
01-24 17:11:22.909  9093  9098 I zygote  : Do partial code cache collection, code=55KB, data=45KB
01-24 17:11:22.911  9093  9098 I zygote  : After code cache collection, code=55KB, data=45KB
01-24 17:11:22.912  9093  9098 I zygote  : Increasing code cache capacity to 256KB
01-24 17:11:23.596 31850 31863 I zygote  : Background concurrent copying GC freed 7555(753KB) AllocSpace objects, 2(60KB) LOS objects, 25% free, 3MB/4MB, paused 6.478ms total 226.861ms
01-24 17:11:23.674  9093  9103 I zygote  : Background concurrent copying GC freed 5433(525KB) AllocSpace objects, 3(196KB) LOS objects, 24% free, 2MB/3MB, paused 1.140ms total 164.111ms
01-24 17:11:23.983  7206  7251 I dailytrack: HealthSportDataCacheUtil::saveData(),currentThread4=handle_total_data
01-24 17:11:24.038   434   614 I chatty  : uid=1000(system) Thread-12 expire 4 lines
01-24 17:11:24.113  9093  9103 I zygote  : Background concurrent copying GC freed 2728(342KB) AllocSpace objects, 12(524KB) LOS objects, 24% free, 2MB/3MB, paused 652us total 106.083ms
01-24 17:11:24.596   434   611 I chatty  : uid=1000 system_server expire 143 lines
01-24 17:11:25.024  9093  9098 I zygote  : Compiler allocated 4MB to compile void com.google.maps.api.android.lib6.gmm6.vector.cd.a(javax.microedition.khronos.opengles.GL10)
01-24 17:11:26.053   434   614 I chatty  : uid=1000(system) Thread-12 expire 23 lines
01-24 17:11:28.987  7206  7251 I dailytrack: HealthSportDataCacheUtil::saveData(),currentThread4=handle_total_data
01-24 17:11:33.139  9174  9174 D AndroidRuntime: >>>>>> START com.android.internal.os.RuntimeInit uid 2000 <<<<<<
01-24 17:11:33.994  7206  7251 I dailytrack: HealthSportDataCacheUtil::saveData(),currentThread4=handle_total_data
01-24 17:11:34.139  7206  7217 I zygote  : Background concurrent copying GC freed 6014(454KB) AllocSpace objects, 2(40KB) LOS objects, 30% free, 1177KB/1689KB, paused 20.310ms total 142.317ms
01-24 17:11:34.288  9174  9174 D AndroidRuntime: Calling main entry com.android.commands.pm.Pm
01-24 17:11:34.318   434  2021 I ActivityManager: Force stopping com.endomondo.android appid=10052 user=0: clear data
01-24 17:11:34.320   434  2021 I ActivityManager: Killing 9093:com.endomondo.android/u0a52 (adj 0): stop com.endomondo.android
01-24 17:11:34.329   434  2021 W ActivityManager: Scheduling restart of crashed service com.endomondo.android/.wear.workout.WorkoutService in 1000ms
01-24 17:11:34.333   434  2021 W ActivityManager: Force removing ActivityRecord{dfe3589 u0 com.endomondo.android/.wear.ui.WearAppActivity t349}: app died, no saved state
01-24 17:11:34.495   434  6034 I chatty  : uid=1000(system) Binder:434_1B expire 1 line
01-24 17:11:34.525 32131 32131 I AppLifecycleTracker: App foreground state unchanged: inForeground ? true
01-24 17:11:34.546   434   461 W ActivityManager: setHasOverlayUi called on unknown pid: 9093
01-24 17:11:34.547   434   454 W Looper  : Dispatch took 228ms on android.ui, h=Handler (com.android.server.am.ActivityManagerService$UiHandler) {dee4953} cb=null msg=53
01-24 17:11:34.556   434   453 I ActivityManager: Force stopping com.endomondo.android appid=10052 user=-1: clearApplicationUserData
01-24 17:11:34.565 32131 32303 W Adreno-EGL: <qeglDrvAPI_eglGetConfigAttrib:612>: EGL_BAD_ATTRIBUTE
01-24 17:11:34.571 32131 32303 I vndksupport: sphal namespace is not configured for this process. Loading /vendor/lib/hw/gralloc.msm8909.so from the current namespace instead.
01-24 17:11:34.624 32158 32158 W ContextImpl: Calling a method in the system process without a qualified user: android.app.ContextImpl.sendBroadcast:950 android.content.ContextWrapper.sendBroadcast:431 android.content.ContextWrapper.sendBroadcast:431 com.google.android.clockwork.settings.GpsActivityReceiver.onReceive:50 android.app.ActivityThread.handleReceiver:3252 
01-24 17:11:34.634   434   756 I chatty  : uid=1000(system) Binder:434_6 expire 1 line
01-24 17:11:34.716   335   335 I keystore: clear_uid 10052
01-24 17:11:34.773 15691 15691 E Watchface: CocosWatchFaceService::Handler msg: -5 0.0;--
01-24 17:11:34.805   434   536 E TaskPersister: File error accessing recents directory (directory doesn't exist?).
01-24 17:11:34.823 32158 32158 W ContextImpl: Calling a method in the system process without a qualified user: android.app.ContextImpl.sendBroadcast:950 android.content.ContextWrapper.sendBroadcast:431 android.content.ContextWrapper.sendBroadcast:431 com.google.android.clockwork.settings.GpsActivityReceiver.onReceive:64 android.app.ActivityThread.handleReceiver:3252 
01-24 17:11:34.859   434  5002 I chatty  : uid=1000(system) Binder:434_17 expire 1 line
01-24 17:11:34.885   434 13083 I chatty  : uid=1000(system) Binder:434_1F expire 2 lines
01-24 17:11:34.886   434   452 I chatty  : uid=1000(system) android.bg expire 5 lines
01-24 17:11:34.962   434   756 W BroadcastQueue: Background execution not allowed: receiving Intent { act=android.os.UpdateLock.UPDATE_LOCK_CHANGED flg=0x4000010 (has extras) } to com.google.android.gms/.chimera.GmsIntentOperationService$PersistentTrustedReceiver
01-24 17:11:34.979   434   453 W BroadcastQueue: Background execution not allowed: receiving Intent { act=android.intent.action.DROPBOX_ENTRY_ADDED flg=0x10 (has extras) } to com.google.android.gms/.stats.service.DropBoxEntryAddedReceiver
01-24 17:11:34.979   434   453 W BroadcastQueue: Background execution not allowed: receiving Intent { act=android.intent.action.DROPBOX_ENTRY_ADDED flg=0x10 (has extras) } to com.google.android.gms/.chimera.GmsIntentOperationService$PersistentTrustedReceiver
01-24 17:11:35.002 32158 32158 W ContextImpl: Calling a method in the system process without a qualified user: android.app.ContextImpl.sendBroadcast:950 android.content.ContextWrapper.sendBroadcast:431 android.content.ContextWrapper.sendBroadcast:431 com.google.android.clockwork.settings.GpsActivityReceiver.onReceive:64 android.app.ActivityThread.handleReceiver:3252 
01-24 17:11:35.009   434  2021 I chatty  : uid=1000(system) Binder:434_D expire 2 lines
01-24 17:11:35.015   434   614 I chatty  : uid=1000(system) Thread-12 expire 15 lines
01-24 17:11:35.062   434   611 I chatty  : uid=1000 system_server expire 3 lines
01-24 17:11:35.093   434   756 W BroadcastQueue: Background execution not allowed: receiving Intent { act=android.intent.action.DROPBOX_ENTRY_ADDED flg=0x10 (has extras) } to com.google.android.gms/.stats.service.DropBoxEntryAddedReceiver
01-24 17:11:35.094   434   453 W BroadcastQueue: Background execution not allowed: receiving Intent { act=android.intent.action.DROPBOX_ENTRY_ADDED flg=0x10 (has extras) } to com.google.android.gms/.chimera.GmsIntentOperationService$PersistentTrustedReceiver
01-24 17:11:35.095   434   453 W BroadcastQueue: Background execution not allowed: receiving Intent { act=android.intent.action.DROPBOX_ENTRY_ADDED flg=0x10 (has extras) } to com.google.android.gms/.stats.service.DropBoxEntryAddedReceiver
01-24 17:11:35.105   434   453 W BroadcastQueue: Background execution not allowed: receiving Intent { act=android.intent.action.DROPBOX_ENTRY_ADDED flg=0x10 (has extras) } to com.google.android.gms/.chimera.GmsIntentOperationService$PersistentTrustedReceiver
01-24 17:11:35.136   434   452 I chatty  : uid=1000(system) android.bg expire 9 lines
01-24 17:11:35.440 31332 31332 D Avrcp   : AvrcpServiceBroadcastReceiver-> Action: android.intent.action.PACKAGE_DATA_CLEARED
01-24 17:11:35.440 13109 13109 I GeofencerStateMachine: removeGeofences: removeRequest=RemoveGeofencingRequest[REMOVE_ALL packageName=com.endomondo.android]
01-24 17:11:35.441 31332 31332 D Avrcp   : packageName: com.endomondo.android removed: true
01-24 17:11:35.441 31332 31332 V Avrcp   : isBrowseSupported for com.endomondo.android: false
01-24 17:11:35.476  9174  9174 I app_process: System.exit called, status: 0
01-24 17:11:35.476  9174  9174 I AndroidRuntime: VM exiting with result code 0.
01-24 17:11:35.555   712   712 D RegisteredNfcFServicesCache: Service unchanged, not updating
01-24 17:11:35.566 13109 13109 W BoundBrokerSvc: No bound-service is registered for action: com.google.android.gms.udc.service.START
01-24 17:11:35.566 13109 13109 E BoundBrokerSvc: Proxy without impl failing onBind(): Intent { act=com.google.android.gms.udc.service.START pkg=com.google.android.gms }
01-24 17:11:35.566 13109 13109 W GmsApiChimeraSvc: Failed in attempt to reload bound-service.
01-24 17:11:35.566 13109 13229 I GmsApiChimeraSvc: Using MissingApiServiceBroker for com.google.android.gms.udc.service.START due to missing BoundService implementation
01-24 17:11:35.611 13109  9186 I Fitness : Clearing all cached OAuth tokens for: com.endomondo.android [CONTEXT service_id=17 ]
01-24 17:11:35.614 13109  9186 I Fitness : Removing all subscriptions for: com.endomondo.android [CONTEXT service_id=17 ]
01-24 17:11:35.729 13109  9186 I Fitness : Clearing all cached OAuth tokens for: com.endomondo.android [CONTEXT service_id=17 ]
01-24 17:11:35.749 13109  9186 I Fitness : Removing all subscriptions for: com.endomondo.android [CONTEXT service_id=17 ]
01-24 17:11:35.819 13109 13109 W BoundBrokerSvc: No bound-service is registered for action: com.google.android.gms.udc.service.START
01-24 17:11:35.819 13109 13109 E BoundBrokerSvc: Proxy without impl failing onBind(): Intent { act=com.google.android.gms.udc.service.START pkg=com.google.android.gms }
01-24 17:11:35.819 13109 13109 W GmsApiChimeraSvc: Failed in attempt to reload bound-service.
01-24 17:11:35.819 13109 13232 I GmsApiChimeraSvc: Using MissingApiServiceBroker for com.google.android.gms.udc.service.START due to missing BoundService implementation
01-24 17:11:35.920 13109 13109 W BoundBrokerSvc: No bound-service is registered for action: com.google.android.gms.udc.service.START
01-24 17:11:35.920 13109 13109 E BoundBrokerSvc: Proxy without impl failing onBind(): Intent { act=com.google.android.gms.udc.service.START pkg=com.google.android.gms }
01-24 17:11:35.920 13109 13109 W GmsApiChimeraSvc: Failed in attempt to reload bound-service.
01-24 17:11:35.925 13109 13232 I GmsApiChimeraSvc: Using MissingApiServiceBroker for com.google.android.gms.udc.service.START due to missing BoundService implementation
01-24 17:11:36.120 13109 13122 I zygote  : Background concurrent copying GC freed 34791(2MB) AllocSpace objects, 0(0B) LOS objects, 20% free, 7MB/9MB, paused 8.178ms total 582.684ms
01-24 17:11:38.996  7206  7251 I dailytrack: HealthSportDataCacheUtil::saveData(),currentThread4=handle_total_data
01-24 17:11:40.874   434 13081 I ActivityManager: START u0 {act=api.android.category.MAIN cat=[api.android.intent.LAUNCHER] flg=0x10000000 cmp=com.endomondo.android/.wear.ui.WearAppActivity} from uid 2000
01-24 17:11:41.003   434  2021 I ActivityManager: Start proc 9203:com.endomondo.android/u0a52 for activity com.endomondo.android/.wear.ui.WearAppActivity
01-24 17:11:41.228   434  2021 W ActivityManager: Slow operation: 118ms so far, now at attachApplicationLocked: after mServices.attachApplicationLocked
01-24 17:11:41.234   434   453 W BroadcastQueue: Background execution not allowed: receiving Intent { act=android.os.UpdateLock.UPDATE_LOCK_CHANGED flg=0x4000010 (has extras) } to com.google.android.gms/.chimera.GmsIntentOperationService$PersistentTrustedReceiver
01-24 17:11:41.360  9203  9203 I FirebaseInitProvider: FirebaseApp initialization unsuccessful
01-24 17:11:41.453  9203  9213 I zygote  : Background concurrent copying GC freed 781(368KB) AllocSpace objects, 0(0B) LOS objects, 34% free, 993KB/1505KB, paused 8.273ms total 79.962ms
01-24 17:11:41.555  9203  9203 E WearAppActivity: useAmbiactive true
01-24 17:11:41.680  9203  9222 D OpenGLRenderer: HWUI GL Pipeline
01-24 17:11:41.819  9203  9203 I q       : Making Creator dynamically
01-24 17:11:41.932  9203  9203 W DynamiteModule: Failed to load module via V2: java.lang.ClassNotFoundException: Didn't find class "com.google.android.gms.dynamite.DynamiteModule$DynamiteLoaderClassLoader" on path: DexPathList[[zip file "/system/framework/com.google.android.wearable.jar", zip file "/data/app/com.endomondo.android-zmAn65MMuKEGxC23cGvNjA==/base.apk"],nativeLibraryDirectories=[/data/app/com.endomondo.android-zmAn65MMuKEGxC23cGvNjA==/lib/arm, /system/lib, /system/vendor/lib]]
01-24 17:11:41.951  9203  9203 I DynamiteModule: Considering local module com.google.android.gms.maps_dynamite:0 and remote module com.google.android.gms.maps_dynamite:222
01-24 17:11:41.951  9203  9203 I DynamiteModule: Selected remote version of com.google.android.gms.maps_dynamite, version >= 222
01-24 17:11:42.029  9203  9203 W zygote  : Skipping duplicate class check due to unrecognized classloader
01-24 17:11:42.116  9203  9203 I Google Maps Android API: Google Play services client version: 9080000
01-24 17:11:42.126  9203  9203 I Google Maps Android API: Google Play services package version: 20104061
01-24 17:11:42.773  9203  9213 I zygote  : Background concurrent copying GC freed 2588(490KB) AllocSpace objects, 0(0B) LOS objects, 25% free, 1499KB/2011KB, paused 1.501ms total 129.304ms
01-24 17:11:43.267  9203  9213 I zygote  : Background concurrent copying GC freed 3310(510KB) AllocSpace objects, 0(0B) LOS objects, 25% free, 1526KB/2038KB, paused 4.283ms total 120.001ms
01-24 17:11:43.467  9203  9250 I zygote  : IncrementDisableThreadFlip blocked for 7.466ms
01-24 17:11:43.603   323   403 W HWComposer: Ignoring duplicate VSYNC event from HWC (t=158173114397835)
01-24 17:11:43.834  9203  9213 I zygote  : Background concurrent copying GC freed 1412(402KB) AllocSpace objects, 0(0B) LOS objects, 25% free, 2MB/3MB, paused 1.976ms total 403.277ms
01-24 17:11:44.031  7206  7251 I dailytrack: HealthSportDataCacheUtil::saveData(),currentThread4=handle_total_data
01-24 17:11:44.075  9203  9222 I Adreno-EGL: <qeglDrvAPI_eglInitialize:379>: EGL 1.4 QUALCOMM build:  (I7af58d6928)
01-24 17:11:44.075  9203  9222 I Adreno-EGL: OpenGL ES Shader Compiler Version: E031.35.01.00
01-24 17:11:44.075  9203  9222 I Adreno-EGL: Build Date: 09/14/17 Thu
01-24 17:11:44.075  9203  9222 I Adreno-EGL: Local Branch: gfx-adreno.lnx.1.0
01-24 17:11:44.075  9203  9222 I Adreno-EGL: Remote Branch: 
01-24 17:11:44.075  9203  9222 I Adreno-EGL: Local Patches: 
01-24 17:11:44.075  9203  9222 I Adreno-EGL: Reconstruct Branch: 
01-24 17:11:44.081  9203  9222 I vndksupport: sphal namespace is not configured for this process. Loading /vendor/lib/hw/gralloc.msm8909.so from the current namespace instead.
01-24 17:11:44.098  9203  9222 I OpenGLRenderer: Initialized EGL, version 1.4
01-24 17:11:44.098  9203  9222 D OpenGLRenderer: Swap behavior 1
01-24 17:11:44.099  9222  9222 W RenderThread: type=1400 audit(0.0:430): avc: denied { read } for name="gpuclk" dev="sysfs" ino=18862 scontext=u:r:untrusted_app_25:s0:c512,c768 tcontext=u:object_r:sysfs:s0 tclass=file permissive=0
01-24 17:11:44.107  9203  9222 W Adreno-ES20: <get_gpu_clk:229>: open failed: errno 13
01-24 17:11:44.122  9203  9222 W Adreno-EGL: <qeglDrvAPI_eglGetConfigAttrib:612>: EGL_BAD_ATTRIBUTE
01-24 17:11:44.126  9203  9222 I vndksupport: sphal namespace is not configured for this process. Loading /vendor/lib/hw/gralloc.msm8909.so from the current namespace instead.
01-24 17:11:44.285  9203  9203 W View    : requestLayout() improperly called by android.widget.ImageView{f2dfe7f V.ED..... ......I. 0,0-0,0 #7f0e0025 app:id/zoneIcon} during layout: running second layout pass
01-24 17:11:44.286  9203  9203 W View    : requestLayout() improperly called by android.widget.ImageView{f5a3e4c V.ED..... ......I. 0,0-0,0 #7f0e0025 app:id/zoneIcon} during layout: running second layout pass
01-24 17:11:44.286  9203  9203 W View    : requestLayout() improperly called by android.widget.ImageView{32fde95 V.ED..... ......I. 0,0-0,0 #7f0e0025 app:id/zoneIcon} during layout: running second layout pass
01-24 17:11:44.286  9203  9203 W View    : requestLayout() improperly called by android.widget.ImageView{d715baa V.ED..... ......I. 0,0-0,0 #7f0e0025 app:id/zoneIcon} during layout: running second layout pass
01-24 17:11:44.287  9203  9203 W View    : requestLayout() improperly called by android.widget.ImageView{2ae039b V.ED..... ......I. 0,0-0,0 #7f0e0025 app:id/zoneIcon} during layout: running second layout pass
01-24 17:11:44.361  9203  9203 I Choreographer: Skipped 156 frames!  The application may be doing too much work on its main thread.
01-24 17:11:44.427  9203  9222 I vndksupport: sphal namespace is not configured for this process. Loading /vendor/lib/hw/gralloc.msm8909.so from the current namespace instead.
01-24 17:11:44.449   434   536 E TaskPersister: File error accessing recents directory (directory doesn't exist?).
01-24 17:11:44.469  9252  9252 W com.endomondo.android: type=1400 audit(0.0:431): avc: denied { read } for comm=474C5468726561642031373434 name="gpuclk" dev="sysfs" ino=18862 scontext=u:r:untrusted_app_25:s0:c512,c768 tcontext=u:object_r:sysfs:s0 tclass=file permissive=0
01-24 17:11:44.486  9203  9252 W Adreno-ES20: <get_gpu_clk:229>: open failed: errno 13
01-24 17:11:44.491  9203  9252 W Adreno-EGL: <qeglDrvAPI_eglGetConfigAttrib:612>: EGL_BAD_ATTRIBUTE
01-24 17:11:44.497  9203  9252 I vndksupport: sphal namespace is not configured for this process. Loading /vendor/lib/hw/gralloc.msm8909.so from the current namespace instead.
01-24 17:11:44.914  9203  9203 I Choreographer: Skipped 32 frames!  The application may be doing too much work on its main thread.
01-24 17:11:44.993   434   461 I chatty  : uid=1000(system) android.display expire 1 line
01-24 17:11:45.018 32131 32131 I AppLifecycleTracker: App foreground state unchanged: inForeground ? true
01-24 17:11:45.038   434   614 I chatty  : uid=1000(system) Thread-12 expire 31 lines
01-24 17:11:45.104 32158 32158 W ContextImpl: Calling a method in the system process without a qualified user: android.app.ContextImpl.sendBroadcast:950 android.content.ContextWrapper.sendBroadcast:431 android.content.ContextWrapper.sendBroadcast:431 com.google.android.clockwork.settings.GpsActivityReceiver.onReceive:50 android.app.ActivityThread.handleReceiver:3252 
01-24 17:11:45.122   434 13081 I chatty  : uid=1000(system) Binder:434_1E expire 3 lines
01-24 17:11:45.140   328   328 D shd     : ProcessSensorDeactive sensor:0xa, handle:37 
01-24 17:11:45.184   434 13081 W BroadcastQueue: Background execution not allowed: receiving Intent { act=android.intent.action.DROPBOX_ENTRY_ADDED flg=0x10 (has extras) } to com.google.android.gms/.stats.service.DropBoxEntryAddedReceiver
01-24 17:11:45.210   434   453 W BroadcastQueue: Background execution not allowed: receiving Intent { act=android.intent.action.DROPBOX_ENTRY_ADDED flg=0x10 (has extras) } to com.google.android.gms/.chimera.GmsIntentOperationService$PersistentTrustedReceiver
01-24 17:11:45.294 32158 32158 W ContextImpl: Calling a method in the system process without a qualified user: android.app.ContextImpl.sendBroadcast:950 android.content.ContextWrapper.sendBroadcast:431 android.content.ContextWrapper.sendBroadcast:431 com.google.android.clockwork.settings.GpsActivityReceiver.onReceive:50 android.app.ActivityThread.handleReceiver:3252 
01-24 17:11:45.302   434  5002 I chatty  : uid=1000(system) Binder:434_17 expire 1 line
01-24 17:11:45.333   434 13083 I chatty  : uid=1000(system) Binder:434_1F expire 1 line
01-24 17:11:45.345   434 13081 W BroadcastQueue: Background execution not allowed: receiving Intent { act=android.intent.action.DROPBOX_ENTRY_ADDED flg=0x10 (has extras) } to com.google.android.gms/.stats.service.DropBoxEntryAddedReceiver
01-24 17:11:45.351   434   453 W BroadcastQueue: Background execution not allowed: receiving Intent { act=android.intent.action.DROPBOX_ENTRY_ADDED flg=0x10 (has extras) } to com.google.android.gms/.chimera.GmsIntentOperationService$PersistentTrustedReceiver
01-24 17:11:45.387 13109 13109 W BoundBrokerSvc: No bound-service is registered for action: com.google.android.gms.udc.service.START
01-24 17:11:45.387 13109 13109 E BoundBrokerSvc: Proxy without impl failing onBind(): Intent { act=com.google.android.gms.udc.service.START pkg=com.google.android.gms }
01-24 17:11:45.387 13109 13109 W GmsApiChimeraSvc: Failed in attempt to reload bound-service.
01-24 17:11:45.388 13109 13229 I GmsApiChimeraSvc: Using MissingApiServiceBroker for com.google.android.gms.udc.service.START due to missing BoundService implementation
01-24 17:11:45.489 13109 13109 W BoundBrokerSvc: No bound-service is registered for action: com.google.android.gms.udc.service.START
01-24 17:11:45.489 13109 13109 E BoundBrokerSvc: Proxy without impl failing onBind(): Intent { act=com.google.android.gms.udc.service.START pkg=com.google.android.gms }
01-24 17:11:45.489 13109 13109 W GmsApiChimeraSvc: Failed in attempt to reload bound-service.
01-24 17:11:45.490 13109 13229 I GmsApiChimeraSvc: Using MissingApiServiceBroker for com.google.android.gms.udc.service.START due to missing BoundService implementation
01-24 17:11:45.532  9203  9213 I zygote  : NativeAllocBackground concurrent copying GC freed 3425(283KB) AllocSpace objects, 0(0B) LOS objects, 24% free, 2MB/2MB, paused 508us total 100.724ms
01-24 17:11:45.588 32158 32158 W ContextImpl: Calling a method in the system process without a qualified user: android.app.ContextImpl.sendBroadcast:950 android.content.ContextWrapper.sendBroadcast:431 android.content.ContextWrapper.sendBroadcast:431 com.google.android.clockwork.settings.GpsActivityReceiver.onReceive:50 android.app.ActivityThread.handleReceiver:3252 
01-24 17:11:45.637   434 13083 W BroadcastQueue: Background execution not allowed: receiving Intent { act=android.intent.action.DROPBOX_ENTRY_ADDED flg=0x10 (has extras) } to com.google.android.gms/.stats.service.DropBoxEntryAddedReceiver
01-24 17:11:45.638   434   453 W BroadcastQueue: Background execution not allowed: receiving Intent { act=android.intent.action.DROPBOX_ENTRY_ADDED flg=0x10 (has extras) } to com.google.android.gms/.chimera.GmsIntentOperationService$PersistentTrustedReceiver
01-24 17:11:45.722 13109 13109 W BoundBrokerSvc: No bound-service is registered for action: com.google.android.gms.udc.service.START
01-24 17:11:45.723 13109 13109 E BoundBrokerSvc: Proxy without impl failing onBind(): Intent { act=com.google.android.gms.udc.service.START pkg=com.google.android.gms }
01-24 17:11:45.723 13109 13109 W GmsApiChimeraSvc: Failed in attempt to reload bound-service.
01-24 17:11:45.723 13109 13219 I GmsApiChimeraSvc: Using MissingApiServiceBroker for com.google.android.gms.udc.service.START due to missing BoundService implementation
01-24 17:11:45.768   328   328 D shd     : ProcessSensorActive sensor:0xa, handle:37, option:0
01-24 17:11:45.778  9203  9253 W DynamiteModule: Local module descriptor class for com.google.android.gms.googlecertificates not found.
01-24 17:11:45.779  9203  9253 W DynamiteModule: Failed to load module via V2: java.lang.ClassNotFoundException: Didn't find class "com.google.android.gms.dynamite.DynamiteModule$DynamiteLoaderClassLoader" on path: DexPathList[[zip file "/system/framework/com.google.android.wearable.jar", zip file "/data/app/com.endomondo.android-zmAn65MMuKEGxC23cGvNjA==/base.apk"],nativeLibraryDirectories=[/data/app/com.endomondo.android-zmAn65MMuKEGxC23cGvNjA==/lib/arm, /system/lib, /system/vendor/lib]]
01-24 17:11:45.795  9203  9253 I DynamiteModule: Considering local module com.google.android.gms.googlecertificates:0 and remote module com.google.android.gms.googlecertificates:4
01-24 17:11:45.795  9203  9253 I DynamiteModule: Selected remote version of com.google.android.gms.googlecertificates, version >= 4
01-24 17:11:45.821  9203  9253 W zygote  : Skipping duplicate class check due to unrecognized classloader
01-24 17:11:46.045  9203  9208 I zygote  : Do partial code cache collection, code=29KB, data=27KB
01-24 17:11:46.047  9203  9208 I zygote  : After code cache collection, code=28KB, data=27KB
01-24 17:11:46.047  9203  9208 I zygote  : Increasing code cache capacity to 128KB
01-24 17:11:46.192  9203  9213 I zygote  : Background concurrent copying GC freed 7004(668KB) AllocSpace objects, 2(40KB) LOS objects, 24% free, 2MB/3MB, paused 1.171ms total 124.693ms
01-24 17:11:46.343  9203  9203 I zygote  : Deoptimizing int c.g.a(java.lang.Object) due to JIT inline cache
01-24 17:11:46.499   434   614 I chatty  : uid=1000(system) Thread-12 expire 31 lines
01-24 17:11:46.625   434   611 I chatty  : uid=1000 system_server expire 25 lines
01-24 17:11:46.638   434   452 I chatty  : uid=1000(system) android.bg expire 6 lines
01-24 17:11:46.673   434  9281 I chatty  : uid=1000 system_server expire 4 lines
01-24 17:11:47.053  9203  9213 I zygote  : Background concurrent copying GC freed 4730(527KB) AllocSpace objects, 12(240KB) LOS objects, 25% free, 2MB/3MB, paused 1.904ms total 198.463ms
01-24 17:11:47.088   434   611 I chatty  : uid=1000 system_server expire 127 lines
01-24 17:11:47.191  9203  9208 I zygote  : Do partial code cache collection, code=55KB, data=45KB
01-24 17:11:47.193  9203  9208 I zygote  : After code cache collection, code=55KB, data=45KB
01-24 17:11:47.193  9203  9208 I zygote  : Increasing code cache capacity to 256KB
01-24 17:11:47.933 31850 31863 I zygote  : Background concurrent copying GC freed 8820(798KB) AllocSpace objects, 2(60KB) LOS objects, 24% free, 3MB/4MB, paused 5.602ms total 226.602ms
01-24 17:11:48.045   434   614 I chatty  : uid=1000(system) Thread-12 expire 4 lines
01-24 17:11:48.059  9203  9213 I zygote  : Background concurrent copying GC freed 4072(457KB) AllocSpace objects, 5(268KB) LOS objects, 24% free, 2MB/3MB, paused 1.814ms total 172.627ms
01-24 17:11:48.506   434   611 I chatty  : uid=1000 system_server expire 183 lines
01-24 17:11:49.037  7206  7251 I dailytrack: HealthSportDataCacheUtil::saveData(),currentThread4=handle_total_data
01-24 17:11:49.358  9203  9208 I zygote  : Compiler allocated 4MB to compile void com.google.maps.api.android.lib6.gmm6.vector.cd.a(javax.microedition.khronos.opengles.GL10)
01-24 17:11:50.043   434   614 I chatty  : uid=1000(system) Thread-12 expire 15 lines
01-24 17:11:50.657   434   611 I chatty  : uid=1000 system_server expire 47 lines
01-24 17:11:53.592   434   443 I chatty  : uid=1000(system) HeapTaskDaemon expire 1 line
01-24 17:11:54.043  7206  7251 I dailytrack: HealthSportDataCacheUtil::saveData(),currentThread4=handle_total_data
01-24 17:11:57.043   434   614 I chatty  : uid=1000(system) Thread-12 expire 25 lines
01-24 17:11:58.269  9286  9286 D AndroidRuntime: >>>>>> START com.android.internal.os.RuntimeInit uid 2000 <<<<<<
01-24 17:11:59.047  7206  7251 I dailytrack: HealthSportDataCacheUtil::saveData(),currentThread4=handle_total_data
01-24 17:11:59.574  9286  9286 D AndroidRuntime: Calling main entry com.android.commands.pm.Pm
01-24 17:11:59.610   434 13081 I ActivityManager: Force stopping com.endomondo.android appid=10052 user=0: clear data
01-24 17:11:59.612   434 13081 I ActivityManager: Killing 9203:com.endomondo.android/u0a52 (adj 0): stop com.endomondo.android
01-24 17:11:59.627   434 13081 W ActivityManager: Scheduling restart of crashed service com.endomondo.android/.wear.workout.WorkoutService in 1000ms
01-24 17:11:59.629   434 13081 W ActivityManager: Force removing ActivityRecord{9ed2ac3 u0 com.endomondo.android/.wear.ui.WearAppActivity t350}: app died, no saved state
01-24 17:11:59.787   434  5002 I chatty  : uid=1000(system) Binder:434_17 expire 1 line
01-24 17:11:59.832 32131 32131 I AppLifecycleTracker: App foreground state unchanged: inForeground ? true
01-24 17:11:59.837   434   454 W Looper  : Dispatch took 226ms on android.ui, h=Handler (com.android.server.am.ActivityManagerService$UiHandler) {dee4953} cb=null msg=53
01-24 17:11:59.863   434   461 W ActivityManager: setHasOverlayUi called on unknown pid: 9203
01-24 17:11:59.863   434   453 I ActivityManager: Force stopping com.endomondo.android appid=10052 user=-1: clearApplicationUserData
01-24 17:11:59.872 32158 32158 W ContextImpl: Calling a method in the system process without a qualified user: android.app.ContextImpl.sendBroadcast:950 android.content.ContextWrapper.sendBroadcast:431 android.content.ContextWrapper.sendBroadcast:431 com.google.android.clockwork.settings.GpsActivityReceiver.onReceive:50 android.app.ActivityThread.handleReceiver:3252 
01-24 17:11:59.882   335   335 I keystore: clear_uid 10052
01-24 17:11:59.904 32131 32303 W Adreno-EGL: <qeglDrvAPI_eglGetConfigAttrib:612>: EGL_BAD_ATTRIBUTE
01-24 17:11:59.909 32131 32303 I vndksupport: sphal namespace is not configured for this process. Loading /vendor/lib/hw/gralloc.msm8909.so from the current namespace instead.
01-24 17:11:59.918   434  2426 I chatty  : uid=1000(system) Binder:434_F expire 2 lines
01-24 17:12:00.258 32158 32158 W ContextImpl: Calling a method in the system process without a qualified user: android.app.ContextImpl.sendBroadcast:950 android.content.ContextWrapper.sendBroadcast:431 android.content.ContextWrapper.sendBroadcast:431 com.google.android.clockwork.settings.GpsActivityReceiver.onReceive:64 android.app.ActivityThread.handleReceiver:3252 
01-24 17:12:00.271   434 13081 I chatty  : uid=1000(system) Binder:434_1E expire 2 lines
01-24 17:12:00.319   434   536 E TaskPersister: File error accessing recents directory (directory doesn't exist?).
01-24 17:12:00.330   434   445 I chatty  : uid=1000(system) Binder:434_2 expire 2 lines
01-24 17:12:00.336 15691 15691 D WallpaperUtil: InternalCache: available=1546M
01-24 17:12:00.377   434  2093 W BroadcastQueue: Background execution not allowed: receiving Intent { act=android.os.UpdateLock.UPDATE_LOCK_CHANGED flg=0x4000010 (has extras) } to com.google.android.gms/.chimera.GmsIntentOperationService$PersistentTrustedReceiver
01-24 17:12:00.387 15691 15691 E Watchface: CocosWatchFaceService::Handler msg: -5 0.0;--
01-24 17:12:00.402   434   453 W BroadcastQueue: Background execution not allowed: receiving Intent { act=android.intent.action.DROPBOX_ENTRY_ADDED flg=0x10 (has extras) } to com.google.android.gms/.stats.service.DropBoxEntryAddedReceiver
01-24 17:12:00.403   434   453 W BroadcastQueue: Background execution not allowed: receiving Intent { act=android.intent.action.DROPBOX_ENTRY_ADDED flg=0x10 (has extras) } to com.google.android.gms/.chimera.GmsIntentOperationService$PersistentTrustedReceiver
01-24 17:12:00.421 32158 32158 W ContextImpl: Calling a method in the system process without a qualified user: android.app.ContextImpl.sendBroadcast:950 android.content.ContextWrapper.sendBroadcast:431 android.content.ContextWrapper.sendBroadcast:431 com.google.android.clockwork.settings.GpsActivityReceiver.onReceive:64 android.app.ActivityThread.handleReceiver:3252 
01-24 17:12:00.498   434  2093 W BroadcastQueue: Background execution not allowed: receiving Intent { act=android.intent.action.DROPBOX_ENTRY_ADDED flg=0x10 (has extras) } to com.google.android.gms/.stats.service.DropBoxEntryAddedReceiver
01-24 17:12:00.500   434   453 W BroadcastQueue: Background execution not allowed: receiving Intent { act=android.intent.action.DROPBOX_ENTRY_ADDED flg=0x10 (has extras) } to com.google.android.gms/.chimera.GmsIntentOperationService$PersistentTrustedReceiver
01-24 17:12:00.500   434   453 W BroadcastQueue: Background execution not allowed: receiving Intent { act=android.intent.action.DROPBOX_ENTRY_ADDED flg=0x10 (has extras) } to com.google.android.gms/.stats.service.DropBoxEntryAddedReceiver
01-24 17:12:00.500   434   453 W BroadcastQueue: Background execution not allowed: receiving Intent { act=android.intent.action.DROPBOX_ENTRY_ADDED flg=0x10 (has extras) } to com.google.android.gms/.chimera.GmsIntentOperationService$PersistentTrustedReceiver
01-24 17:12:00.540 15691 15691 E Watchface: WeatherManager::checkUpdateDisplayWeather() mWeatherInfo is null !
01-24 17:12:00.619 32131 32131 W OngoingChipController: Attempting to remove non-existent UI for chip [com.google.android.wearable.app, media_controls]
01-24 17:12:00.865 31332 31332 D Avrcp   : AvrcpServiceBroadcastReceiver-> Action: android.intent.action.PACKAGE_DATA_CLEARED
01-24 17:12:00.865 31332 31332 D Avrcp   : packageName: com.endomondo.android removed: true
01-24 17:12:00.865 31332 31332 V Avrcp   : isBrowseSupported for com.endomondo.android: false
01-24 17:12:00.866 13109 13109 I GeofencerStateMachine: removeGeofences: removeRequest=RemoveGeofencingRequest[REMOVE_ALL packageName=com.endomondo.android]
01-24 17:12:00.928  9286  9286 I app_process: System.exit called, status: 0
01-24 17:12:00.929  9286  9286 I AndroidRuntime: VM exiting with result code 0.
01-24 17:12:00.950   712   712 D RegisteredNfcFServicesCache: Service unchanged, not updating
01-24 17:12:01.092 13109 13109 W BoundBrokerSvc: No bound-service is registered for action: com.google.android.gms.udc.service.START
01-24 17:12:01.092 13109 13109 E BoundBrokerSvc: Proxy without impl failing onBind(): Intent { act=com.google.android.gms.udc.service.START pkg=com.google.android.gms }
01-24 17:12:01.092 13109 13109 W GmsApiChimeraSvc: Failed in attempt to reload bound-service.
01-24 17:12:01.095 13109 13229 I GmsApiChimeraSvc: Using MissingApiServiceBroker for com.google.android.gms.udc.service.START due to missing BoundService implementation
01-24 17:12:01.140 13109  9303 I Fitness : Clearing all cached OAuth tokens for: com.endomondo.android [CONTEXT service_id=17 ]
01-24 17:12:01.158 13109  9303 I Fitness : Removing all subscriptions for: com.endomondo.android [CONTEXT service_id=17 ]
01-24 17:12:01.201 13109 13109 W BoundBrokerSvc: No bound-service is registered for action: com.google.android.gms.udc.service.START
01-24 17:12:01.201 13109 13109 E BoundBrokerSvc: Proxy without impl failing onBind(): Intent { act=com.google.android.gms.udc.service.START pkg=com.google.android.gms }
01-24 17:12:01.201 13109 13109 W GmsApiChimeraSvc: Failed in attempt to reload bound-service.
01-24 17:12:01.201 13109 13229 I GmsApiChimeraSvc: Using MissingApiServiceBroker for com.google.android.gms.udc.service.START due to missing BoundService implementation
01-24 17:12:01.209 13109  9303 I Fitness : Clearing all cached OAuth tokens for: com.endomondo.android [CONTEXT service_id=17 ]
01-24 17:12:01.218 13109  9303 I Fitness : Removing all subscriptions for: com.endomondo.android [CONTEXT service_id=17 ]
01-24 17:12:01.246 13109 13109 W BoundBrokerSvc: No bound-service is registered for action: com.google.android.gms.udc.service.START
01-24 17:12:01.246 13109 13109 E BoundBrokerSvc: Proxy without impl failing onBind(): Intent { act=com.google.android.gms.udc.service.START pkg=com.google.android.gms }
01-24 17:12:01.246 13109 13109 W GmsApiChimeraSvc: Failed in attempt to reload bound-service.
01-24 17:12:01.247 13109 13219 I GmsApiChimeraSvc: Using MissingApiServiceBroker for com.google.android.gms.udc.service.START due to missing BoundService implementation
01-24 17:12:01.380   434   452 I chatty  : uid=1000(system) android.bg expire 13 lines
01-24 17:12:02.040   434   611 I chatty  : uid=1000 system_server expire 3 lines
01-24 17:12:04.052  7206  7251 I dailytrack: HealthSportDataCacheUtil::saveData(),currentThread4=handle_total_data
01-24 17:12:06.364   434   445 I ActivityManager: START u0 {act=api.android.category.MAIN cat=[api.android.intent.LAUNCHER] flg=0x10000000 cmp=com.endomondo.android/.wear.ui.WearAppActivity} from uid 2000
01-24 17:12:06.499   434  2426 I ActivityManager: Start proc 9313:com.endomondo.android/u0a52 for activity com.endomondo.android/.wear.ui.WearAppActivity
01-24 17:12:06.695   434  2426 W ActivityManager: Slow operation: 96ms so far, now at attachApplicationLocked: after mServices.attachApplicationLocked
01-24 17:12:06.699   434   453 W BroadcastQueue: Background execution not allowed: receiving Intent { act=android.os.UpdateLock.UPDATE_LOCK_CHANGED flg=0x4000010 (has extras) } to com.google.android.gms/.chimera.GmsIntentOperationService$PersistentTrustedReceiver
01-24 17:12:06.862  9313  9313 I FirebaseInitProvider: FirebaseApp initialization unsuccessful
01-24 17:12:06.891  9313  9323 I zygote  : Background concurrent copying GC freed 640(377KB) AllocSpace objects, 0(0B) LOS objects, 32% free, 1032KB/1524KB, paused 1.233ms total 146.157ms
01-24 17:12:07.063  9313  9313 E WearAppActivity: useAmbiactive true
01-24 17:12:07.172  9313  9332 D OpenGLRenderer: HWUI GL Pipeline
01-24 17:12:07.303  9313  9313 I q       : Making Creator dynamically
01-24 17:12:07.397   323   403 W HWComposer: Ignoring duplicate VSYNC event from HWC (t=158196892808347)
01-24 17:12:07.412  9313  9313 W DynamiteModule: Failed to load module via V2: java.lang.ClassNotFoundException: Didn't find class "com.google.android.gms.dynamite.DynamiteModule$DynamiteLoaderClassLoader" on path: DexPathList[[zip file "/system/framework/com.google.android.wearable.jar", zip file "/data/app/com.endomondo.android-zmAn65MMuKEGxC23cGvNjA==/base.apk"],nativeLibraryDirectories=[/data/app/com.endomondo.android-zmAn65MMuKEGxC23cGvNjA==/lib/arm, /system/lib, /system/vendor/lib]]
01-24 17:12:07.428  9313  9313 I DynamiteModule: Considering local module com.google.android.gms.maps_dynamite:0 and remote module com.google.android.gms.maps_dynamite:222
01-24 17:12:07.429  9313  9313 I DynamiteModule: Selected remote version of com.google.android.gms.maps_dynamite, version >= 222
01-24 17:12:07.504  9313  9313 W zygote  : Skipping duplicate class check due to unrecognized classloader
01-24 17:12:07.601  9313  9313 I Google Maps Android API: Google Play services client version: 9080000
01-24 17:12:07.614  9313  9313 I Google Maps Android API: Google Play services package version: 20104061
01-24 17:12:08.045   434   614 I chatty  : uid=1000(system) Thread-12 expire 10 lines
01-24 17:12:08.336  9313  9323 I zygote  : Background concurrent copying GC freed 3082(478KB) AllocSpace objects, 0(0B) LOS objects, 25% free, 1477KB/1989KB, paused 4.189ms total 153.079ms
01-24 17:12:08.821  9313  9323 I zygote  : Background concurrent copying GC freed 3034(445KB) AllocSpace objects, 0(0B) LOS objects, 25% free, 1565KB/2MB, paused 1.142ms total 126.040ms
01-24 17:12:09.059  7206  7251 I dailytrack: HealthSportDataCacheUtil::saveData(),currentThread4=handle_total_data
01-24 17:12:09.119  9313  9323 I zygote  : Background concurrent copying GC freed 1387(398KB) AllocSpace objects, 0(0B) LOS objects, 25% free, 1886KB/2MB, paused 4.089ms total 150.180ms
01-24 17:12:09.575  9313  9332 I Adreno-EGL: <qeglDrvAPI_eglInitialize:379>: EGL 1.4 QUALCOMM build:  (I7af58d6928)
01-24 17:12:09.575  9313  9332 I Adreno-EGL: OpenGL ES Shader Compiler Version: E031.35.01.00
01-24 17:12:09.575  9313  9332 I Adreno-EGL: Build Date: 09/14/17 Thu
01-24 17:12:09.575  9313  9332 I Adreno-EGL: Local Branch: gfx-adreno.lnx.1.0
01-24 17:12:09.575  9313  9332 I Adreno-EGL: Remote Branch: 
01-24 17:12:09.575  9313  9332 I Adreno-EGL: Local Patches: 
01-24 17:12:09.575  9313  9332 I Adreno-EGL: Reconstruct Branch: 
01-24 17:12:09.595  9313  9332 I vndksupport: sphal namespace is not configured for this process. Loading /vendor/lib/hw/gralloc.msm8909.so from the current namespace instead.
01-24 17:12:09.609  9332  9332 W RenderThread: type=1400 audit(0.0:432): avc: denied { read } for name="gpuclk" dev="sysfs" ino=18862 scontext=u:r:untrusted_app_25:s0:c512,c768 tcontext=u:object_r:sysfs:s0 tclass=file permissive=0
01-24 17:12:09.610  9313  9332 I OpenGLRenderer: Initialized EGL, version 1.4
01-24 17:12:09.610  9313  9332 D OpenGLRenderer: Swap behavior 1
01-24 17:12:09.619  9313  9332 W Adreno-ES20: <get_gpu_clk:229>: open failed: errno 13
01-24 17:12:09.640  9313  9332 W Adreno-EGL: <qeglDrvAPI_eglGetConfigAttrib:612>: EGL_BAD_ATTRIBUTE
01-24 17:12:09.651  9313  9332 I vndksupport: sphal namespace is not configured for this process. Loading /vendor/lib/hw/gralloc.msm8909.so from the current namespace instead.
01-24 17:12:09.877  9313  9323 I zygote  : Background concurrent copying GC freed 3952(622KB) AllocSpace objects, 0(0B) LOS objects, 24% free, 1990KB/2MB, paused 5.115ms total 412.153ms
01-24 17:12:09.926  9313  9313 W View    : requestLayout() improperly called by android.widget.ImageView{f2dfe7f V.ED..... ......I. 0,0-0,0 #7f0e0025 app:id/zoneIcon} during layout: running second layout pass
01-24 17:12:09.927  9313  9313 W View    : requestLayout() improperly called by android.widget.ImageView{f5a3e4c V.ED..... ......I. 0,0-0,0 #7f0e0025 app:id/zoneIcon} during layout: running second layout pass
01-24 17:12:09.927  9313  9313 W View    : requestLayout() improperly called by android.widget.ImageView{32fde95 V.ED..... ......I. 0,0-0,0 #7f0e0025 app:id/zoneIcon} during layout: running second layout pass
01-24 17:12:09.927  9313  9313 W View    : requestLayout() improperly called by android.widget.ImageView{d715baa V.ED..... ......I. 0,0-0,0 #7f0e0025 app:id/zoneIcon} during layout: running second layout pass
01-24 17:12:09.927  9313  9313 W View    : requestLayout() improperly called by android.widget.ImageView{2ae039b V.ED..... ......I. 0,0-0,0 #7f0e0025 app:id/zoneIcon} during layout: running second layout pass
01-24 17:12:09.952   434   536 E TaskPersister: File error accessing recents directory (directory doesn't exist?).
01-24 17:12:09.994  9313  9313 I Choreographer: Skipped 166 frames!  The application may be doing too much work on its main thread.
01-24 17:12:10.062  9313  9332 I vndksupport: sphal namespace is not configured for this process. Loading /vendor/lib/hw/gralloc.msm8909.so from the current namespace instead.
01-24 17:12:10.069  9362  9362 W com.endomondo.android: type=1400 audit(0.0:433): avc: denied { read } for comm=474C5468726561642031373438 name="gpuclk" dev="sysfs" ino=18862 scontext=u:r:untrusted_app_25:s0:c512,c768 tcontext=u:object_r:sysfs:s0 tclass=file permissive=0
01-24 17:12:10.082  9313  9362 W Adreno-ES20: <get_gpu_clk:229>: open failed: errno 13
01-24 17:12:10.089  9313  9362 W Adreno-EGL: <qeglDrvAPI_eglGetConfigAttrib:612>: EGL_BAD_ATTRIBUTE
01-24 17:12:10.091  9313  9362 I vndksupport: sphal namespace is not configured for this process. Loading /vendor/lib/hw/gralloc.msm8909.so from the current namespace instead.
01-24 17:12:10.493   434   461 I chatty  : uid=1000(system) android.display expire 1 line
01-24 17:12:10.544  9313  9313 I zygote  : IncrementDisableThreadFlip blocked for 44.678ms
01-24 17:12:10.545  9313  9371 I zygote  : IncrementDisableThreadFlip blocked for 38.319ms
