--------- beginning of system
01-24 17:08:39.161   434   453 W BroadcastQueue: Background execution not allowed: receiving Intent { act=android.intent.action.DROPBOX_ENTRY_ADDED flg=0x10 (has extras) } to com.google.android.gms/.chimera.GmsIntentOperationService$PersistentTrustedReceiver
01-24 17:08:44.954   434  3945 I ActivityManager: START u0 {act=api.android.category.MAIN cat=[api.android.intent.LAUNCHER] flg=0x10000000 cmp=com.endomondo.android/.wear.ui.WearAppActivity} from uid 2000
01-24 17:08:45.035   434  2021 I ActivityManager: Start proc 8429:com.endomondo.android/u0a52 for activity com.endomondo.android/.wear.ui.WearAppActivity
01-24 17:08:45.276   434  2021 W ActivityManager: Slow operation: 98ms so far, now at attachApplicationLocked: after mServices.attachApplicationLocked
01-24 17:08:45.282   434   453 W BroadcastQueue: Background execution not allowed: receiving Intent { act=android.os.UpdateLock.UPDATE_LOCK_CHANGED flg=0x4000010 (has extras) } to com.google.android.gms/.chimera.GmsIntentOperationService$PersistentTrustedReceiver
01-24 17:08:49.011 32158 32158 W ContextImpl: Calling a method in the system process without a qualified user: android.app.ContextImpl.sendBroadcast:950 android.content.ContextWrapper.sendBroadcast:431 android.content.ContextWrapper.sendBroadcast:431 com.google.android.clockwork.settings.GpsActivityReceiver.onReceive:50 android.app.ActivityThread.handleReceiver:3252 
01-24 17:08:49.104   434  6034 W BroadcastQueue: Background execution not allowed: receiving Intent { act=android.intent.action.DROPBOX_ENTRY_ADDED flg=0x10 (has extras) } to com.google.android.gms/.stats.service.DropBoxEntryAddedReceiver
01-24 17:08:49.105   434   453 W BroadcastQueue: Background execution not allowed: receiving Intent { act=android.intent.action.DROPBOX_ENTRY_ADDED flg=0x10 (has extras) } to com.google.android.gms/.chimera.GmsIntentOperationService$PersistentTrustedReceiver
01-24 17:08:49.124 32158 32158 W ContextImpl: Calling a method in the system process without a qualified user: android.app.ContextImpl.sendBroadcast:950 android.content.ContextWrapper.sendBroadcast:431 android.content.ContextWrapper.sendBroadcast:431 com.google.android.clockwork.settings.GpsActivityReceiver.onReceive:50 android.app.ActivityThread.handleReceiver:3252 
01-24 17:08:49.163   434   536 E TaskPersister: File error accessing recents directory (directory doesn't exist?).
01-24 17:08:49.205   434  1268 W BroadcastQueue: Background execution not allowed: receiving Intent { act=android.intent.action.DROPBOX_ENTRY_ADDED flg=0x10 (has extras) } to com.google.android.gms/.stats.service.DropBoxEntryAddedReceiver
01-24 17:08:49.205   434   453 W BroadcastQueue: Background execution not allowed: receiving Intent { act=android.intent.action.DROPBOX_ENTRY_ADDED flg=0x10 (has extras) } to com.google.android.gms/.chimera.GmsIntentOperationService$PersistentTrustedReceiver
01-24 17:08:49.446 32158 32158 W ContextImpl: Calling a method in the system process without a qualified user: android.app.ContextImpl.sendBroadcast:950 android.content.ContextWrapper.sendBroadcast:431 android.content.ContextWrapper.sendBroadcast:431 com.google.android.clockwork.settings.GpsActivityReceiver.onReceive:50 android.app.ActivityThread.handleReceiver:3252 
01-24 17:08:49.530   434   453 W BroadcastQueue: Background execution not allowed: receiving Intent { act=android.intent.action.DROPBOX_ENTRY_ADDED flg=0x10 (has extras) } to com.google.android.gms/.stats.service.DropBoxEntryAddedReceiver
01-24 17:08:49.530   434   453 W BroadcastQueue: Background execution not allowed: receiving Intent { act=android.intent.action.DROPBOX_ENTRY_ADDED flg=0x10 (has extras) } to com.google.android.gms/.chimera.GmsIntentOperationService$PersistentTrustedReceiver
01-24 17:09:03.661   434  6034 I ActivityManager: Force stopping com.endomondo.android appid=10052 user=0: clear data
01-24 17:09:03.663   434  6034 I ActivityManager: Killing 8429:com.endomondo.android/u0a52 (adj 0): stop com.endomondo.android
01-24 17:09:03.692   434  6034 W ActivityManager: Scheduling restart of crashed service com.endomondo.android/.wear.workout.WorkoutService in 1000ms
01-24 17:09:03.694   434  6034 W ActivityManager: Force removing ActivityRecord{e432f9c u0 com.endomondo.android/.wear.ui.WearAppActivity t343}: app died, no saved state
01-24 17:09:03.882   434   453 I ActivityManager: Force stopping com.endomondo.android appid=10052 user=-1: clearApplicationUserData
01-24 17:09:03.905   434   461 W ActivityManager: setHasOverlayUi called on unknown pid: 8429
01-24 17:09:03.915   434   454 W Looper  : Dispatch took 253ms on android.ui, h=Handler (com.android.server.am.ActivityManagerService$UiHandler) {dee4953} cb=null msg=53
01-24 17:09:03.920   434   453 W BroadcastQueue: Background execution not allowed: receiving Intent { act=android.os.UpdateLock.UPDATE_LOCK_CHANGED flg=0x4000010 (has extras) } to com.google.android.gms/.chimera.GmsIntentOperationService$PersistentTrustedReceiver
01-24 17:09:04.038 32158 32158 W ContextImpl: Calling a method in the system process without a qualified user: android.app.ContextImpl.sendBroadcast:950 android.content.ContextWrapper.sendBroadcast:431 android.content.ContextWrapper.sendBroadcast:431 com.google.android.clockwork.settings.GpsActivityReceiver.onReceive:50 android.app.ActivityThread.handleReceiver:3252 
01-24 17:09:04.104   434   536 E TaskPersister: File error accessing recents directory (directory doesn't exist?).
01-24 17:09:04.122 32158 32158 W ContextImpl: Calling a method in the system process without a qualified user: android.app.ContextImpl.sendBroadcast:950 android.content.ContextWrapper.sendBroadcast:431 android.content.ContextWrapper.sendBroadcast:431 com.google.android.clockwork.settings.GpsActivityReceiver.onReceive:50 android.app.ActivityThread.handleReceiver:3252 
01-24 17:09:04.178   434   453 W BroadcastQueue: Background execution not allowed: receiving Intent { act=android.intent.action.DROPBOX_ENTRY_ADDED flg=0x10 (has extras) } to com.google.android.gms/.stats.service.DropBoxEntryAddedReceiver
01-24 17:09:04.179   434   453 W BroadcastQueue: Background execution not allowed: receiving Intent { act=android.intent.action.DROPBOX_ENTRY_ADDED flg=0x10 (has extras) } to com.google.android.gms/.chimera.GmsIntentOperationService$PersistentTrustedReceiver
01-24 17:09:04.179   434   453 W BroadcastQueue: Background execution not allowed: receiving Intent { act=android.intent.action.DROPBOX_ENTRY_ADDED flg=0x10 (has extras) } to com.google.android.gms/.stats.service.DropBoxEntryAddedReceiver
01-24 17:09:04.179   434   453 W BroadcastQueue: Background execution not allowed: receiving Intent { act=android.intent.action.DROPBOX_ENTRY_ADDED flg=0x10 (has extras) } to com.google.android.gms/.chimera.GmsIntentOperationService$PersistentTrustedReceiver
01-24 17:09:04.185 32158 32158 W ContextImpl: Calling a method in the system process without a qualified user: android.app.ContextImpl.sendBroadcast:950 android.content.ContextWrapper.sendBroadcast:431 android.content.ContextWrapper.sendBroadcast:431 com.google.android.clockwork.settings.GpsActivityReceiver.onReceive:64 android.app.ActivityThread.handleReceiver:3252 
01-24 17:09:04.265   434   453 W BroadcastQueue: Background execution not allowed: receiving Intent { act=android.intent.action.DROPBOX_ENTRY_ADDED flg=0x10 (has extras) } to com.google.android.gms/.stats.service.DropBoxEntryAddedReceiver
01-24 17:09:04.270   434   453 W BroadcastQueue: Background execution not allowed: receiving Intent { act=android.intent.action.DROPBOX_ENTRY_ADDED flg=0x10 (has extras) } to com.google.android.gms/.chimera.GmsIntentOperationService$PersistentTrustedReceiver
01-24 17:09:10.059   434   756 I ActivityManager: START u0 {act=api.android.category.MAIN cat=[api.android.intent.LAUNCHER] flg=0x10000000 cmp=com.endomondo.android/.wear.ui.WearAppActivity} from uid 2000
01-24 17:09:10.193   434  6034 I ActivityManager: Start proc 8541:com.endomondo.android/u0a52 for activity com.endomondo.android/.wear.ui.WearAppActivity
01-24 17:09:10.391   434  6034 W ActivityManager: Slow operation: 83ms so far, now at attachApplicationLocked: after mServices.attachApplicationLocked
01-24 17:09:10.410   434   453 W BroadcastQueue: Background execution not allowed: receiving Intent { act=android.os.UpdateLock.UPDATE_LOCK_CHANGED flg=0x4000010 (has extras) } to com.google.android.gms/.chimera.GmsIntentOperationService$PersistentTrustedReceiver
01-24 17:09:11.980   434  1694 E BatteryStatsService: no controller energy info supplied
01-24 17:09:11.980   434  1694 I chatty  : uid=1000(system) Binder:434_C identical 1 line
01-24 17:09:11.980   434  1694 E BatteryStatsService: no controller energy info supplied
01-24 17:09:13.310 32158 32158 W ContextImpl: Calling a method in the system process without a qualified user: android.app.ContextImpl.sendBroadcast:950 android.content.ContextWrapper.sendBroadcast:431 android.content.ContextWrapper.sendBroadcast:431 com.google.android.clockwork.settings.GpsActivityReceiver.onReceive:50 android.app.ActivityThread.handleReceiver:3252 
01-24 17:09:13.371   434  1694 W BroadcastQueue: Background execution not allowed: receiving Intent { act=android.intent.action.DROPBOX_ENTRY_ADDED flg=0x10 (has extras) } to com.google.android.gms/.stats.service.DropBoxEntryAddedReceiver
01-24 17:09:13.372   434   453 W BroadcastQueue: Background execution not allowed: receiving Intent { act=android.intent.action.DROPBOX_ENTRY_ADDED flg=0x10 (has extras) } to com.google.android.gms/.chimera.GmsIntentOperationService$PersistentTrustedReceiver
01-24 17:09:13.404 32158 32158 W ContextImpl: Calling a method in the system process without a qualified user: android.app.ContextImpl.sendBroadcast:950 android.content.ContextWrapper.sendBroadcast:431 android.content.ContextWrapper.sendBroadcast:431 com.google.android.clockwork.settings.GpsActivityReceiver.onReceive:50 android.app.ActivityThread.handleReceiver:3252 
01-24 17:09:13.489   434  4786 W BroadcastQueue: Background execution not allowed: receiving Intent { act=android.intent.action.DROPBOX_ENTRY_ADDED flg=0x10 (has extras) } to com.google.android.gms/.stats.service.DropBoxEntryAddedReceiver
01-24 17:09:13.492   434   453 W BroadcastQueue: Background execution not allowed: receiving Intent { act=android.intent.action.DROPBOX_ENTRY_ADDED flg=0x10 (has extras) } to com.google.android.gms/.chimera.GmsIntentOperationService$PersistentTrustedReceiver
01-24 17:09:13.736   434   536 E TaskPersister: File error accessing recents directory (directory doesn't exist?).
01-24 17:09:13.774 32158 32158 W ContextImpl: Calling a method in the system process without a qualified user: android.app.ContextImpl.sendBroadcast:950 android.content.ContextWrapper.sendBroadcast:431 android.content.ContextWrapper.sendBroadcast:431 com.google.android.clockwork.settings.GpsActivityReceiver.onReceive:50 android.app.ActivityThread.handleReceiver:3252 
01-24 17:09:28.597   434  6034 I ActivityManager: Force stopping com.endomondo.android appid=10052 user=0: clear data
01-24 17:09:28.599   434  6034 I ActivityManager: Killing 8541:com.endomondo.android/u0a52 (adj 0): stop com.endomondo.android
01-24 17:09:28.611   434  6034 W ActivityManager: Scheduling restart of crashed service com.endomondo.android/.wear.workout.WorkoutService in 1000ms
01-24 17:09:28.614   434  6034 W ActivityManager: Force removing ActivityRecord{7b9ed95 u0 com.endomondo.android/.wear.ui.WearAppActivity t344}: app died, no saved state
01-24 17:09:28.784   434   454 W Looper  : Dispatch took 186ms on android.ui, h=Handler (com.android.server.am.ActivityManagerService$UiHandler) {dee4953} cb=null msg=53
01-24 17:09:28.818   434   453 W BroadcastQueue: Background execution not allowed: receiving Intent { act=android.os.UpdateLock.UPDATE_LOCK_CHANGED flg=0x4000010 (has extras) } to com.google.android.gms/.chimera.GmsIntentOperationService$PersistentTrustedReceiver
01-24 17:09:28.818   434   453 I ActivityManager: Force stopping com.endomondo.android appid=10052 user=-1: clearApplicationUserData
01-24 17:09:28.858   434   756 W InputMethodManagerService: Got RemoteException sending setActive(false) notification to pid 8541 uid 10052
01-24 17:09:28.940   434   461 W ActivityManager: setHasOverlayUi called on unknown pid: 8541
01-24 17:09:28.954   434   536 E TaskPersister: File error accessing recents directory (directory doesn't exist?).
01-24 17:09:28.975 32158 32158 W ContextImpl: Calling a method in the system process without a qualified user: android.app.ContextImpl.sendBroadcast:950 android.content.ContextWrapper.sendBroadcast:431 android.content.ContextWrapper.sendBroadcast:431 com.google.android.clockwork.settings.GpsActivityReceiver.onReceive:50 android.app.ActivityThread.handleReceiver:3252 
01-24 17:09:29.031 32158 32158 W ContextImpl: Calling a method in the system process without a qualified user: android.app.ContextImpl.sendBroadcast:950 android.content.ContextWrapper.sendBroadcast:431 android.content.ContextWrapper.sendBroadcast:431 com.google.android.clockwork.settings.GpsActivityReceiver.onReceive:64 android.app.ActivityThread.handleReceiver:3252 
01-24 17:09:29.115   434  1694 W BroadcastQueue: Background execution not allowed: receiving Intent { act=android.intent.action.DROPBOX_ENTRY_ADDED flg=0x10 (has extras) } to com.google.android.gms/.stats.service.DropBoxEntryAddedReceiver
01-24 17:09:29.116   434   453 W BroadcastQueue: Background execution not allowed: receiving Intent { act=android.intent.action.DROPBOX_ENTRY_ADDED flg=0x10 (has extras) } to com.google.android.gms/.chimera.GmsIntentOperationService$PersistentTrustedReceiver
01-24 17:09:29.132 32158 32158 W ContextImpl: Calling a method in the system process without a qualified user: android.app.ContextImpl.sendBroadcast:950 android.content.ContextWrapper.sendBroadcast:431 android.content.ContextWrapper.sendBroadcast:431 com.google.android.clockwork.settings.GpsActivityReceiver.onReceive:64 android.app.ActivityThread.handleReceiver:3252 
01-24 17:09:29.378   434  1694 W BroadcastQueue: Background execution not allowed: receiving Intent { act=android.intent.action.DROPBOX_ENTRY_ADDED flg=0x10 (has extras) } to com.google.android.gms/.stats.service.DropBoxEntryAddedReceiver
01-24 17:09:29.382   434   453 W BroadcastQueue: Background execution not allowed: receiving Intent { act=android.intent.action.DROPBOX_ENTRY_ADDED flg=0x10 (has extras) } to com.google.android.gms/.chimera.GmsIntentOperationService$PersistentTrustedReceiver
01-24 17:09:29.382   434   453 W BroadcastQueue: Background execution not allowed: receiving Intent { act=android.intent.action.DROPBOX_ENTRY_ADDED flg=0x10 (has extras) } to com.google.android.gms/.stats.service.DropBoxEntryAddedReceiver
01-24 17:09:29.383   434   453 W BroadcastQueue: Background execution not allowed: receiving Intent { act=android.intent.action.DROPBOX_ENTRY_ADDED flg=0x10 (has extras) } to com.google.android.gms/.chimera.GmsIntentOperationService$PersistentTrustedReceiver
01-24 17:09:35.119   434  6034 I ActivityManager: START u0 {act=api.android.category.MAIN cat=[api.android.intent.LAUNCHER] flg=0x10000000 cmp=com.endomondo.android/.wear.ui.WearAppActivity} from uid 2000
01-24 17:09:35.246   434   756 I ActivityManager: Start proc 8651:com.endomondo.android/u0a52 for activity com.endomondo.android/.wear.ui.WearAppActivity
01-24 17:09:35.273   434   454 W Looper  : Dispatch took 102ms on android.ui, h=Handler (com.android.server.am.ActivityManagerService$UiHandler) {dee4953} cb=null msg=53
01-24 17:09:35.471   434   756 W ActivityManager: Slow operation: 88ms so far, now at attachApplicationLocked: after mServices.attachApplicationLocked
01-24 17:09:35.479   434   453 W BroadcastQueue: Background execution not allowed: receiving Intent { act=android.os.UpdateLock.UPDATE_LOCK_CHANGED flg=0x4000010 (has extras) } to com.google.android.gms/.chimera.GmsIntentOperationService$PersistentTrustedReceiver
01-24 17:09:38.869   434   536 E TaskPersister: File error accessing recents directory (directory doesn't exist?).
01-24 17:09:39.136 32158 32158 W ContextImpl: Calling a method in the system process without a qualified user: android.app.ContextImpl.sendBroadcast:950 android.content.ContextWrapper.sendBroadcast:431 android.content.ContextWrapper.sendBroadcast:431 com.google.android.clockwork.settings.GpsActivityReceiver.onReceive:50 android.app.ActivityThread.handleReceiver:3252 
01-24 17:09:39.173   434  4786 W BroadcastQueue: Background execution not allowed: receiving Intent { act=android.intent.action.DROPBOX_ENTRY_ADDED flg=0x10 (has extras) } to com.google.android.gms/.stats.service.DropBoxEntryAddedReceiver
01-24 17:09:39.176   434   453 W BroadcastQueue: Background execution not allowed: receiving Intent { act=android.intent.action.DROPBOX_ENTRY_ADDED flg=0x10 (has extras) } to com.google.android.gms/.chimera.GmsIntentOperationService$PersistentTrustedReceiver
01-24 17:09:39.236 32158 32158 W ContextImpl: Calling a method in the system process without a qualified user: android.app.ContextImpl.sendBroadcast:950 android.content.ContextWrapper.sendBroadcast:431 android.content.ContextWrapper.sendBroadcast:431 com.google.android.clockwork.settings.GpsActivityReceiver.onReceive:50 android.app.ActivityThread.handleReceiver:3252 
01-24 17:09:39.257   434   453 W BroadcastQueue: Background execution not allowed: receiving Intent { act=android.intent.action.DROPBOX_ENTRY_ADDED flg=0x10 (has extras) } to com.google.android.gms/.stats.service.DropBoxEntryAddedReceiver
01-24 17:09:39.257   434   453 W BroadcastQueue: Background execution not allowed: receiving Intent { act=android.intent.action.DROPBOX_ENTRY_ADDED flg=0x10 (has extras) } to com.google.android.gms/.chimera.GmsIntentOperationService$PersistentTrustedReceiver
01-24 17:09:39.527 32158 32158 W ContextImpl: Calling a method in the system process without a qualified user: android.app.ContextImpl.sendBroadcast:950 android.content.ContextWrapper.sendBroadcast:431 android.content.ContextWrapper.sendBroadcast:431 com.google.android.clockwork.settings.GpsActivityReceiver.onReceive:50 android.app.ActivityThread.handleReceiver:3252 
01-24 17:09:39.545   434   453 W BroadcastQueue: Background execution not allowed: receiving Intent { act=android.intent.action.DROPBOX_ENTRY_ADDED flg=0x10 (has extras) } to com.google.android.gms/.stats.service.DropBoxEntryAddedReceiver
01-24 17:09:39.546   434   453 W BroadcastQueue: Background execution not allowed: receiving Intent { act=android.intent.action.DROPBOX_ENTRY_ADDED flg=0x10 (has extras) } to com.google.android.gms/.chimera.GmsIntentOperationService$PersistentTrustedReceiver
01-24 17:09:53.928   434  7909 I ActivityManager: Force stopping com.endomondo.android appid=10052 user=0: clear data
01-24 17:09:53.929   434  7909 I ActivityManager: Killing 8651:com.endomondo.android/u0a52 (adj 0): stop com.endomondo.android
01-24 17:09:53.943   434  7909 W ActivityManager: Scheduling restart of crashed service com.endomondo.android/.wear.workout.WorkoutService in 1000ms
01-24 17:09:53.947   434  7909 W ActivityManager: Force removing ActivityRecord{e5f23ef u0 com.endomondo.android/.wear.ui.WearAppActivity t345}: app died, no saved state
01-24 17:09:54.128   434   454 W Looper  : Dispatch took 199ms on android.ui, h=Handler (com.android.server.am.ActivityManagerService$UiHandler) {dee4953} cb=null msg=53
01-24 17:09:54.154   434   453 I ActivityManager: Force stopping com.endomondo.android appid=10052 user=-1: clearApplicationUserData
01-24 17:09:54.161   434   461 W ActivityManager: setHasOverlayUi called on unknown pid: 8651
01-24 17:09:54.168   434   536 E TaskPersister: File error accessing recents directory (directory doesn't exist?).
01-24 17:09:54.247   434   453 W BroadcastQueue: Background execution not allowed: receiving Intent { act=android.os.UpdateLock.UPDATE_LOCK_CHANGED flg=0x4000010 (has extras) } to com.google.android.gms/.chimera.GmsIntentOperationService$PersistentTrustedReceiver
01-24 17:09:54.406 32158 32158 W ContextImpl: Calling a method in the system process without a qualified user: android.app.ContextImpl.sendBroadcast:950 android.content.ContextWrapper.sendBroadcast:431 android.content.ContextWrapper.sendBroadcast:431 com.google.android.clockwork.settings.GpsActivityReceiver.onReceive:50 android.app.ActivityThread.handleReceiver:3252 
01-24 17:09:54.492 32158 32158 W ContextImpl: Calling a method in the system process without a qualified user: android.app.ContextImpl.sendBroadcast:950 android.content.ContextWrapper.sendBroadcast:431 android.content.ContextWrapper.sendBroadcast:431 com.google.android.clockwork.settings.GpsActivityReceiver.onReceive:64 android.app.ActivityThread.handleReceiver:3252 
01-24 17:09:54.562   434   756 W BroadcastQueue: Background execution not allowed: receiving Intent { act=android.intent.action.DROPBOX_ENTRY_ADDED flg=0x10 (has extras) } to com.google.android.gms/.stats.service.DropBoxEntryAddedReceiver
01-24 17:09:54.562   434   453 W BroadcastQueue: Background execution not allowed: receiving Intent { act=android.intent.action.DROPBOX_ENTRY_ADDED flg=0x10 (has extras) } to com.google.android.gms/.chimera.GmsIntentOperationService$PersistentTrustedReceiver
01-24 17:09:54.603 32158 32158 W ContextImpl: Calling a method in the system process without a qualified user: android.app.ContextImpl.sendBroadcast:950 android.content.ContextWrapper.sendBroadcast:431 android.content.ContextWrapper.sendBroadcast:431 com.google.android.clockwork.settings.GpsActivityReceiver.onReceive:64 android.app.ActivityThread.handleReceiver:3252 
01-24 17:09:54.740   434  4786 W BroadcastQueue: Background execution not allowed: receiving Intent { act=android.intent.action.DROPBOX_ENTRY_ADDED flg=0x10 (has extras) } to com.google.android.gms/.stats.service.DropBoxEntryAddedReceiver
01-24 17:09:54.741   434   453 W BroadcastQueue: Background execution not allowed: receiving Intent { act=android.intent.action.DROPBOX_ENTRY_ADDED flg=0x10 (has extras) } to com.google.android.gms/.chimera.GmsIntentOperationService$PersistentTrustedReceiver
01-24 17:09:54.741   434   453 W BroadcastQueue: Background execution not allowed: receiving Intent { act=android.intent.action.DROPBOX_ENTRY_ADDED flg=0x10 (has extras) } to com.google.android.gms/.stats.service.DropBoxEntryAddedReceiver
01-24 17:09:54.742   434   453 W BroadcastQueue: Background execution not allowed: receiving Intent { act=android.intent.action.DROPBOX_ENTRY_ADDED flg=0x10 (has extras) } to com.google.android.gms/.chimera.GmsIntentOperationService$PersistentTrustedReceiver
01-24 17:10:00.609   434   874 I ActivityManager: START u0 {act=api.android.category.MAIN cat=[api.android.intent.LAUNCHER] flg=0x10000000 cmp=com.endomondo.android/.wear.ui.WearAppActivity} from uid 2000
01-24 17:10:00.719   434   756 I ActivityManager: Start proc 8763:com.endomondo.android/u0a52 for activity com.endomondo.android/.wear.ui.WearAppActivity
01-24 17:10:00.895   434   756 W ActivityManager: Slow operation: 75ms so far, now at attachApplicationLocked: after mServices.attachApplicationLocked
01-24 17:10:00.909   434   453 W BroadcastQueue: Background execution not allowed: receiving Intent { act=android.os.UpdateLock.UPDATE_LOCK_CHANGED flg=0x4000010 (has extras) } to com.google.android.gms/.chimera.GmsIntentOperationService$PersistentTrustedReceiver
01-24 17:10:04.619   434   536 E TaskPersister: File error accessing recents directory (directory doesn't exist?).
01-24 17:10:04.848 32158 32158 W ContextImpl: Calling a method in the system process without a qualified user: android.app.ContextImpl.sendBroadcast:950 android.content.ContextWrapper.sendBroadcast:431 android.content.ContextWrapper.sendBroadcast:431 com.google.android.clockwork.settings.GpsActivityReceiver.onReceive:50 android.app.ActivityThread.handleReceiver:3252 
01-24 17:10:04.878   434   453 W BroadcastQueue: Background execution not allowed: receiving Intent { act=android.intent.action.DROPBOX_ENTRY_ADDED flg=0x10 (has extras) } to com.google.android.gms/.stats.service.DropBoxEntryAddedReceiver
01-24 17:10:04.879   434   453 W BroadcastQueue: Background execution not allowed: receiving Intent { act=android.intent.action.DROPBOX_ENTRY_ADDED flg=0x10 (has extras) } to com.google.android.gms/.chimera.GmsIntentOperationService$PersistentTrustedReceiver
01-24 17:10:04.981 32158 32158 W ContextImpl: Calling a method in the system process without a qualified user: android.app.ContextImpl.sendBroadcast:950 android.content.ContextWrapper.sendBroadcast:431 android.content.ContextWrapper.sendBroadcast:431 com.google.android.clockwork.settings.GpsActivityReceiver.onReceive:50 android.app.ActivityThread.handleReceiver:3252 
01-24 17:10:05.019   434  7909 W BroadcastQueue: Background execution not allowed: receiving Intent { act=android.intent.action.DROPBOX_ENTRY_ADDED flg=0x10 (has extras) } to com.google.android.gms/.stats.service.DropBoxEntryAddedReceiver
01-24 17:10:05.019   434   453 W BroadcastQueue: Background execution not allowed: receiving Intent { act=android.intent.action.DROPBOX_ENTRY_ADDED flg=0x10 (has extras) } to com.google.android.gms/.chimera.GmsIntentOperationService$PersistentTrustedReceiver
01-24 17:10:05.281 32158 32158 W ContextImpl: Calling a method in the system process without a qualified user: android.app.ContextImpl.sendBroadcast:950 android.content.ContextWrapper.sendBroadcast:431 android.content.ContextWrapper.sendBroadcast:431 com.google.android.clockwork.settings.GpsActivityReceiver.onReceive:50 android.app.ActivityThread.handleReceiver:3252 
01-24 17:10:05.320   434   874 W BroadcastQueue: Background execution not allowed: receiving Intent { act=android.intent.action.DROPBOX_ENTRY_ADDED flg=0x10 (has extras) } to com.google.android.gms/.stats.service.DropBoxEntryAddedReceiver
01-24 17:10:05.323   434   453 W BroadcastQueue: Background execution not allowed: receiving Intent { act=android.intent.action.DROPBOX_ENTRY_ADDED flg=0x10 (has extras) } to com.google.android.gms/.chimera.GmsIntentOperationService$PersistentTrustedReceiver
01-24 17:10:12.007   434   874 E BatteryStatsService: no controller energy info supplied
01-24 17:10:12.010   434   874 I chatty  : uid=1000(system) Binder:434_7 identical 1 line
01-24 17:10:12.010   434   874 E BatteryStatsService: no controller energy info supplied
01-24 17:10:19.207   434  7909 I ActivityManager: Force stopping com.endomondo.android appid=10052 user=0: clear data
01-24 17:10:19.209   434  7909 I ActivityManager: Killing 8763:com.endomondo.android/u0a52 (adj 0): stop com.endomondo.android
01-24 17:10:19.222   434  7909 W ActivityManager: Scheduling restart of crashed service com.endomondo.android/.wear.workout.WorkoutService in 1000ms
01-24 17:10:19.225   434  7909 W ActivityManager: Force removing ActivityRecord{64a5944 u0 com.endomondo.android/.wear.ui.WearAppActivity t346}: app died, no saved state
01-24 17:10:19.405   434   453 I ActivityManager: Force stopping com.endomondo.android appid=10052 user=-1: clearApplicationUserData
01-24 17:10:19.431   434   453 W BroadcastQueue: Background execution not allowed: receiving Intent { act=android.os.UpdateLock.UPDATE_LOCK_CHANGED flg=0x4000010 (has extras) } to com.google.android.gms/.chimera.GmsIntentOperationService$PersistentTrustedReceiver
01-24 17:10:19.440   434   454 W Looper  : Dispatch took 210ms on android.ui, h=Handler (com.android.server.am.ActivityManagerService$UiHandler) {dee4953} cb=null msg=53
01-24 17:10:19.462   434 13083 W InputMethodManagerService: Got RemoteException sending setActive(false) notification to pid 8763 uid 10052
01-24 17:10:19.578   434   536 E TaskPersister: File error accessing recents directory (directory doesn't exist?).
01-24 17:10:19.582   434   461 W ActivityManager: setHasOverlayUi called on unknown pid: 8763
01-24 17:10:19.608 32158 32158 W ContextImpl: Calling a method in the system process without a qualified user: android.app.ContextImpl.sendBroadcast:950 android.content.ContextWrapper.sendBroadcast:431 android.content.ContextWrapper.sendBroadcast:431 com.google.android.clockwork.settings.GpsActivityReceiver.onReceive:50 android.app.ActivityThread.handleReceiver:3252 
01-24 17:10:19.671 32158 32158 W ContextImpl: Calling a method in the system process without a qualified user: android.app.ContextImpl.sendBroadcast:950 android.content.ContextWrapper.sendBroadcast:431 android.content.ContextWrapper.sendBroadcast:431 com.google.android.clockwork.settings.GpsActivityReceiver.onReceive:64 android.app.ActivityThread.handleReceiver:3252 
01-24 17:10:19.704   434  1694 W BroadcastQueue: Background execution not allowed: receiving Intent { act=android.intent.action.DROPBOX_ENTRY_ADDED flg=0x10 (has extras) } to com.google.android.gms/.stats.service.DropBoxEntryAddedReceiver
01-24 17:10:19.725   434   453 W BroadcastQueue: Background execution not allowed: receiving Intent { act=android.intent.action.DROPBOX_ENTRY_ADDED flg=0x10 (has extras) } to com.google.android.gms/.chimera.GmsIntentOperationService$PersistentTrustedReceiver
01-24 17:10:19.753 32158 32158 W ContextImpl: Calling a method in the system process without a qualified user: android.app.ContextImpl.sendBroadcast:950 android.content.ContextWrapper.sendBroadcast:431 android.content.ContextWrapper.sendBroadcast:431 com.google.android.clockwork.settings.GpsActivityReceiver.onReceive:64 android.app.ActivityThread.handleReceiver:3252 
01-24 17:10:20.024   434  5705 W BroadcastQueue: Background execution not allowed: receiving Intent { act=android.intent.action.DROPBOX_ENTRY_ADDED flg=0x10 (has extras) } to com.google.android.gms/.stats.service.DropBoxEntryAddedReceiver
01-24 17:10:20.026   434   453 W BroadcastQueue: Background execution not allowed: receiving Intent { act=android.intent.action.DROPBOX_ENTRY_ADDED flg=0x10 (has extras) } to com.google.android.gms/.chimera.GmsIntentOperationService$PersistentTrustedReceiver
01-24 17:10:20.027   434   453 W BroadcastQueue: Background execution not allowed: receiving Intent { act=android.intent.action.DROPBOX_ENTRY_ADDED flg=0x10 (has extras) } to com.google.android.gms/.stats.service.DropBoxEntryAddedReceiver
01-24 17:10:20.027   434   453 W BroadcastQueue: Background execution not allowed: receiving Intent { act=android.intent.action.DROPBOX_ENTRY_ADDED flg=0x10 (has extras) } to com.google.android.gms/.chimera.GmsIntentOperationService$PersistentTrustedReceiver
01-24 17:10:25.805   434  1694 I ActivityManager: START u0 {act=api.android.category.MAIN cat=[api.android.intent.LAUNCHER] flg=0x10000000 cmp=com.endomondo.android/.wear.ui.WearAppActivity} from uid 2000
01-24 17:10:25.925   434  2560 I ActivityManager: Start proc 8871:com.endomondo.android/u0a52 for activity com.endomondo.android/.wear.ui.WearAppActivity
01-24 17:10:26.088   434  2560 W ActivityManager: Slow operation: 88ms so far, now at attachApplicationLocked: after mServices.attachApplicationLocked
01-24 17:10:26.104   434   453 W BroadcastQueue: Background execution not allowed: receiving Intent { act=android.os.UpdateLock.UPDATE_LOCK_CHANGED flg=0x4000010 (has extras) } to com.google.android.gms/.chimera.GmsIntentOperationService$PersistentTrustedReceiver
01-24 17:10:29.510   434   536 E TaskPersister: File error accessing recents directory (directory doesn't exist?).
01-24 17:10:29.924 32158 32158 W ContextImpl: Calling a method in the system process without a qualified user: android.app.ContextImpl.sendBroadcast:950 android.content.ContextWrapper.sendBroadcast:431 android.content.ContextWrapper.sendBroadcast:431 com.google.android.clockwork.settings.GpsActivityReceiver.onReceive:50 android.app.ActivityThread.handleReceiver:3252 
01-24 17:10:29.964   434  2560 W BroadcastQueue: Background execution not allowed: receiving Intent { act=android.intent.action.DROPBOX_ENTRY_ADDED flg=0x10 (has extras) } to com.google.android.gms/.stats.service.DropBoxEntryAddedReceiver
01-24 17:10:29.964   434   453 W BroadcastQueue: Background execution not allowed: receiving Intent { act=android.intent.action.DROPBOX_ENTRY_ADDED flg=0x10 (has extras) } to com.google.android.gms/.chimera.GmsIntentOperationService$PersistentTrustedReceiver
01-24 17:10:30.061 32158 32158 W ContextImpl: Calling a method in the system process without a qualified user: android.app.ContextImpl.sendBroadcast:950 android.content.ContextWrapper.sendBroadcast:431 android.content.ContextWrapper.sendBroadcast:431 com.google.android.clockwork.settings.GpsActivityReceiver.onReceive:50 android.app.ActivityThread.handleReceiver:3252 
01-24 17:10:30.090   434  5705 W BroadcastQueue: Background execution not allowed: receiving Intent { act=android.intent.action.DROPBOX_ENTRY_ADDED flg=0x10 (has extras) } to com.google.android.gms/.stats.service.DropBoxEntryAddedReceiver
01-24 17:10:30.093   434   453 W BroadcastQueue: Background execution not allowed: receiving Intent { act=android.intent.action.DROPBOX_ENTRY_ADDED flg=0x10 (has extras) } to com.google.android.gms/.chimera.GmsIntentOperationService$PersistentTrustedReceiver
01-24 17:10:30.286 32158 32158 W ContextImpl: Calling a method in the system process without a qualified user: android.app.ContextImpl.sendBroadcast:950 android.content.ContextWrapper.sendBroadcast:431 android.content.ContextWrapper.sendBroadcast:431 com.google.android.clockwork.settings.GpsActivityReceiver.onReceive:50 android.app.ActivityThread.handleReceiver:3252 
01-24 17:10:30.310   434  2560 W BroadcastQueue: Background execution not allowed: receiving Intent { act=android.intent.action.DROPBOX_ENTRY_ADDED flg=0x10 (has extras) } to com.google.android.gms/.stats.service.DropBoxEntryAddedReceiver
01-24 17:10:30.311   434   453 W BroadcastQueue: Background execution not allowed: receiving Intent { act=android.intent.action.DROPBOX_ENTRY_ADDED flg=0x10 (has extras) } to com.google.android.gms/.chimera.GmsIntentOperationService$PersistentTrustedReceiver
01-24 17:10:44.363   434 13083 I ActivityManager: Force stopping com.endomondo.android appid=10052 user=0: clear data
01-24 17:10:44.366   434 13083 I ActivityManager: Killing 8871:com.endomondo.android/u0a52 (adj 0): stop com.endomondo.android
01-24 17:10:44.377   434 13083 W ActivityManager: Scheduling restart of crashed service com.endomondo.android/.wear.workout.WorkoutService in 1000ms
01-24 17:10:44.380   434 13083 W ActivityManager: Force removing ActivityRecord{9c92eeb u0 com.endomondo.android/.wear.ui.WearAppActivity t347}: app died, no saved state
01-24 17:10:44.554   434   454 W Looper  : Dispatch took 189ms on android.ui, h=Handler (com.android.server.am.ActivityManagerService$UiHandler) {dee4953} cb=null msg=53
01-24 17:10:44.556   434   453 W BroadcastQueue: Background execution not allowed: receiving Intent { act=android.os.UpdateLock.UPDATE_LOCK_CHANGED flg=0x4000010 (has extras) } to com.google.android.gms/.chimera.GmsIntentOperationService$PersistentTrustedReceiver
01-24 17:10:44.610   434   453 I ActivityManager: Force stopping com.endomondo.android appid=10052 user=-1: clearApplicationUserData
01-24 17:10:44.664   434   461 W ActivityManager: setHasOverlayUi called on unknown pid: 8871
01-24 17:10:44.752   434   536 E TaskPersister: File error accessing recents directory (directory doesn't exist?).
01-24 17:10:44.754 32158 32158 W ContextImpl: Calling a method in the system process without a qualified user: android.app.ContextImpl.sendBroadcast:950 android.content.ContextWrapper.sendBroadcast:431 android.content.ContextWrapper.sendBroadcast:431 com.google.android.clockwork.settings.GpsActivityReceiver.onReceive:50 android.app.ActivityThread.handleReceiver:3252 
01-24 17:10:44.821 32158 32158 W ContextImpl: Calling a method in the system process without a qualified user: android.app.ContextImpl.sendBroadcast:950 android.content.ContextWrapper.sendBroadcast:431 android.content.ContextWrapper.sendBroadcast:431 com.google.android.clockwork.settings.GpsActivityReceiver.onReceive:64 android.app.ActivityThread.handleReceiver:3252 
01-24 17:10:44.883   434  2614 W BroadcastQueue: Background execution not allowed: receiving Intent { act=android.intent.action.DROPBOX_ENTRY_ADDED flg=0x10 (has extras) } to com.google.android.gms/.stats.service.DropBoxEntryAddedReceiver
01-24 17:10:44.885   434   453 W BroadcastQueue: Background execution not allowed: receiving Intent { act=android.intent.action.DROPBOX_ENTRY_ADDED flg=0x10 (has extras) } to com.google.android.gms/.chimera.GmsIntentOperationService$PersistentTrustedReceiver
01-24 17:10:44.907 32158 32158 W ContextImpl: Calling a method in the system process without a qualified user: android.app.ContextImpl.sendBroadcast:950 android.content.ContextWrapper.sendBroadcast:431 android.content.ContextWrapper.sendBroadcast:431 com.google.android.clockwork.settings.GpsActivityReceiver.onReceive:64 android.app.ActivityThread.handleReceiver:3252 
01-24 17:10:45.178   434  5033 W BroadcastQueue: Background execution not allowed: receiving Intent { act=android.intent.action.DROPBOX_ENTRY_ADDED flg=0x10 (has extras) } to com.google.android.gms/.stats.service.DropBoxEntryAddedReceiver
01-24 17:10:45.190   434   453 W BroadcastQueue: Background execution not allowed: receiving Intent { act=android.intent.action.DROPBOX_ENTRY_ADDED flg=0x10 (has extras) } to com.google.android.gms/.chimera.GmsIntentOperationService$PersistentTrustedReceiver
01-24 17:10:45.194   434   453 W BroadcastQueue: Background execution not allowed: receiving Intent { act=android.intent.action.DROPBOX_ENTRY_ADDED flg=0x10 (has extras) } to com.google.android.gms/.stats.service.DropBoxEntryAddedReceiver
01-24 17:10:45.194   434   453 W BroadcastQueue: Background execution not allowed: receiving Intent { act=android.intent.action.DROPBOX_ENTRY_ADDED flg=0x10 (has extras) } to com.google.android.gms/.chimera.GmsIntentOperationService$PersistentTrustedReceiver
01-24 17:10:50.797   434  2093 I ActivityManager: START u0 {act=api.android.category.MAIN cat=[api.android.intent.LAUNCHER] flg=0x10000000 cmp=com.endomondo.android/.wear.ui.WearAppActivity} from uid 2000
01-24 17:10:50.905   434  3482 I ActivityManager: Start proc 8982:com.endomondo.android/u0a52 for activity com.endomondo.android/.wear.ui.WearAppActivity
01-24 17:10:51.141   434 13083 W ActivityManager: Slow operation: 78ms so far, now at attachApplicationLocked: after mServices.attachApplicationLocked
01-24 17:10:51.149   434   453 W BroadcastQueue: Background execution not allowed: receiving Intent { act=android.os.UpdateLock.UPDATE_LOCK_CHANGED flg=0x4000010 (has extras) } to com.google.android.gms/.chimera.GmsIntentOperationService$PersistentTrustedReceiver
01-24 17:10:54.627   434   536 E TaskPersister: File error accessing recents directory (directory doesn't exist?).
01-24 17:10:55.566 32158 32158 W ContextImpl: Calling a method in the system process without a qualified user: android.app.ContextImpl.sendBroadcast:950 android.content.ContextWrapper.sendBroadcast:431 android.content.ContextWrapper.sendBroadcast:431 com.google.android.clockwork.settings.GpsActivityReceiver.onReceive:50 android.app.ActivityThread.handleReceiver:3252 
01-24 17:10:55.603   434  2093 W BroadcastQueue: Background execution not allowed: receiving Intent { act=android.intent.action.DROPBOX_ENTRY_ADDED flg=0x10 (has extras) } to com.google.android.gms/.stats.service.DropBoxEntryAddedReceiver
01-24 17:10:55.617   434   453 W BroadcastQueue: Background execution not allowed: receiving Intent { act=android.intent.action.DROPBOX_ENTRY_ADDED flg=0x10 (has extras) } to com.google.android.gms/.chimera.GmsIntentOperationService$PersistentTrustedReceiver
01-24 17:10:55.664 32158 32158 W ContextImpl: Calling a method in the system process without a qualified user: android.app.ContextImpl.sendBroadcast:950 android.content.ContextWrapper.sendBroadcast:431 android.content.ContextWrapper.sendBroadcast:431 com.google.android.clockwork.settings.GpsActivityReceiver.onReceive:50 android.app.ActivityThread.handleReceiver:3252 
01-24 17:10:55.701   434  1679 W BroadcastQueue: Background execution not allowed: receiving Intent { act=android.intent.action.DROPBOX_ENTRY_ADDED flg=0x10 (has extras) } to com.google.android.gms/.stats.service.DropBoxEntryAddedReceiver
01-24 17:10:55.704   434   453 W BroadcastQueue: Background execution not allowed: receiving Intent { act=android.intent.action.DROPBOX_ENTRY_ADDED flg=0x10 (has extras) } to com.google.android.gms/.chimera.GmsIntentOperationService$PersistentTrustedReceiver
01-24 17:10:55.895 32158 32158 W ContextImpl: Calling a method in the system process without a qualified user: android.app.ContextImpl.sendBroadcast:950 android.content.ContextWrapper.sendBroadcast:431 android.content.ContextWrapper.sendBroadcast:431 com.google.android.clockwork.settings.GpsActivityReceiver.onReceive:50 android.app.ActivityThread.handleReceiver:3252 
01-24 17:10:55.925   434  1679 W BroadcastQueue: Background execution not allowed: receiving Intent { act=android.intent.action.DROPBOX_ENTRY_ADDED flg=0x10 (has extras) } to com.google.android.gms/.stats.service.DropBoxEntryAddedReceiver
01-24 17:10:55.927   434   453 W BroadcastQueue: Background execution not allowed: receiving Intent { act=android.intent.action.DROPBOX_ENTRY_ADDED flg=0x10 (has extras) } to com.google.android.gms/.chimera.GmsIntentOperationService$PersistentTrustedReceiver
01-24 17:11:09.380   434  2614 I ActivityManager: Force stopping com.endomondo.android appid=10052 user=0: clear data
01-24 17:11:09.382   434  2614 I ActivityManager: Killing 8982:com.endomondo.android/u0a52 (adj 0): stop com.endomondo.android
01-24 17:11:09.391   434  2614 W ActivityManager: Scheduling restart of crashed service com.endomondo.android/.wear.workout.WorkoutService in 1000ms
01-24 17:11:09.397   434  2614 W ActivityManager: Force removing ActivityRecord{608275e u0 com.endomondo.android/.wear.ui.WearAppActivity t348}: app died, no saved state
01-24 17:11:09.643   434   454 W Looper  : Dispatch took 262ms on android.ui, h=Handler (com.android.server.am.ActivityManagerService$UiHandler) {dee4953} cb=null msg=53
01-24 17:11:09.643   434   461 W ActivityManager: setHasOverlayUi called on unknown pid: 8982
01-24 17:11:09.675 32158 32158 W ContextImpl: Calling a method in the system process without a qualified user: android.app.ContextImpl.sendBroadcast:950 android.content.ContextWrapper.sendBroadcast:431 android.content.ContextWrapper.sendBroadcast:431 com.google.android.clockwork.settings.GpsActivityReceiver.onReceive:50 android.app.ActivityThread.handleReceiver:3252 
01-24 17:11:09.724   434   453 I ActivityManager: Force stopping com.endomondo.android appid=10052 user=-1: clearApplicationUserData
01-24 17:11:09.871   434  2021 W BroadcastQueue: Background execution not allowed: receiving Intent { act=android.os.UpdateLock.UPDATE_LOCK_CHANGED flg=0x4000010 (has extras) } to com.google.android.gms/.chimera.GmsIntentOperationService$PersistentTrustedReceiver
01-24 17:11:09.885 32158 32158 W ContextImpl: Calling a method in the system process without a qualified user: android.app.ContextImpl.sendBroadcast:950 android.content.ContextWrapper.sendBroadcast:431 android.content.ContextWrapper.sendBroadcast:431 com.google.android.clockwork.settings.GpsActivityReceiver.onReceive:64 android.app.ActivityThread.handleReceiver:3252 
01-24 17:11:09.889   434   536 E TaskPersister: File error accessing recents directory (directory doesn't exist?).
01-24 17:11:10.012 32158 32158 W ContextImpl: Calling a method in the system process without a qualified user: android.app.ContextImpl.sendBroadcast:950 android.content.ContextWrapper.sendBroadcast:431 android.content.ContextWrapper.sendBroadcast:431 com.google.android.clockwork.settings.GpsActivityReceiver.onReceive:64 android.app.ActivityThread.handleReceiver:3252 
01-24 17:11:10.138   434  2021 W BroadcastQueue: Background execution not allowed: receiving Intent { act=android.intent.action.DROPBOX_ENTRY_ADDED flg=0x10 (has extras) } to com.google.android.gms/.stats.service.DropBoxEntryAddedReceiver
01-24 17:11:10.139   434   453 W BroadcastQueue: Background execution not allowed: receiving Intent { act=android.intent.action.DROPBOX_ENTRY_ADDED flg=0x10 (has extras) } to com.google.android.gms/.chimera.GmsIntentOperationService$PersistentTrustedReceiver
01-24 17:11:10.139   434   453 W BroadcastQueue: Background execution not allowed: receiving Intent { act=android.intent.action.DROPBOX_ENTRY_ADDED flg=0x10 (has extras) } to com.google.android.gms/.stats.service.DropBoxEntryAddedReceiver
01-24 17:11:10.139   434   453 W BroadcastQueue: Background execution not allowed: receiving Intent { act=android.intent.action.DROPBOX_ENTRY_ADDED flg=0x10 (has extras) } to com.google.android.gms/.chimera.GmsIntentOperationService$PersistentTrustedReceiver
01-24 17:11:10.140   434   453 W BroadcastQueue: Background execution not allowed: receiving Intent { act=android.intent.action.DROPBOX_ENTRY_ADDED flg=0x10 (has extras) } to com.google.android.gms/.stats.service.DropBoxEntryAddedReceiver
01-24 17:11:10.140   434   453 W BroadcastQueue: Background execution not allowed: receiving Intent { act=android.intent.action.DROPBOX_ENTRY_ADDED flg=0x10 (has extras) } to com.google.android.gms/.chimera.GmsIntentOperationService$PersistentTrustedReceiver
--------- beginning of main
01-24 17:11:10.647 13109  9081 I Fitness : Removing all subscriptions for: com.endomondo.android [CONTEXT service_id=17 ]
01-24 17:11:10.654 13109 13109 W BoundBrokerSvc: No bound-service is registered for action: com.google.android.gms.udc.service.START
01-24 17:11:10.654 13109 13109 E BoundBrokerSvc: Proxy without impl failing onBind(): Intent { act=com.google.android.gms.udc.service.START pkg=com.google.android.gms }
01-24 17:11:10.654 13109 13109 W GmsApiChimeraSvc: Failed in attempt to reload bound-service.
01-24 17:11:10.654 13109 13219 I GmsApiChimeraSvc: Using MissingApiServiceBroker for com.google.android.gms.udc.service.START due to missing BoundService implementation
01-24 17:11:10.704 13109  9081 I Fitness : Clearing all cached OAuth tokens for: com.endomondo.android [CONTEXT service_id=17 ]
01-24 17:11:10.718 13109  9081 I Fitness : Removing all subscriptions for: com.endomondo.android [CONTEXT service_id=17 ]
01-24 17:11:10.783 13109 13109 W BoundBrokerSvc: No bound-service is registered for action: com.google.android.gms.udc.service.START
01-24 17:11:10.783 13109 13109 E BoundBrokerSvc: Proxy without impl failing onBind(): Intent { act=com.google.android.gms.udc.service.START pkg=com.google.android.gms }
01-24 17:11:10.783 13109 13109 W GmsApiChimeraSvc: Failed in attempt to reload bound-service.
01-24 17:11:10.783 13109 13234 I GmsApiChimeraSvc: Using MissingApiServiceBroker for com.google.android.gms.udc.service.START due to missing BoundService implementation
01-24 17:11:10.814 13109 13109 W BoundBrokerSvc: No bound-service is registered for action: com.google.android.gms.udc.service.START
01-24 17:11:10.814 13109 13109 E BoundBrokerSvc: Proxy without impl failing onBind(): Intent { act=com.google.android.gms.udc.service.START pkg=com.google.android.gms }
01-24 17:11:10.814 13109 13109 W GmsApiChimeraSvc: Failed in attempt to reload bound-service.
01-24 17:11:10.814 13109 13234 I GmsApiChimeraSvc: Using MissingApiServiceBroker for com.google.android.gms.udc.service.START due to missing BoundService implementation
01-24 17:11:11.935   723   723 I battery : BatteryService: mInternalBatteryReceiver onReceive() action = android.intent.action.BATTERY_CHANGED
01-24 17:11:11.939 31787 31787 I ADVLog  : ADV.SensorService:/BatteryTemperature: 378  /isUsbOrAc: 1
01-24 17:11:11.943   319   319 D WifiHAL : In DebugCommand::handleResponse
01-24 17:11:11.943   319   319 D WifiHAL : len = 4, expected len = 4
01-24 17:11:11.965   434   445 E BatteryStatsService: no controller energy info supplied
01-24 17:11:11.965   434   445 I chatty  : uid=1000(system) Binder:434_2 identical 1 line
01-24 17:11:11.966   434   445 E BatteryStatsService: no controller energy info supplied
01-24 17:11:12.037   434   614 I chatty  : uid=1000(system) Thread-12 expire 18 lines
01-24 17:11:13.976  7206  7251 I dailytrack: HealthSportDataCacheUtil::saveData(),currentThread4=handle_total_data
01-24 17:11:15.892   434   445 I ActivityManager: START u0 {act=api.android.category.MAIN cat=[api.android.intent.LAUNCHER] flg=0x10000000 cmp=com.endomondo.android/.wear.ui.WearAppActivity} from uid 2000
01-24 17:11:16.013   434 13083 I ActivityManager: Start proc 9093:com.endomondo.android/u0a52 for activity com.endomondo.android/.wear.ui.WearAppActivity
01-24 17:11:16.159   434 13083 W ActivityManager: Slow operation: 82ms so far, now at attachApplicationLocked: after mServices.attachApplicationLocked
01-24 17:11:16.198   434   453 W BroadcastQueue: Background execution not allowed: receiving Intent { act=android.os.UpdateLock.UPDATE_LOCK_CHANGED flg=0x4000010 (has extras) } to com.google.android.gms/.chimera.GmsIntentOperationService$PersistentTrustedReceiver
01-24 17:11:16.227  9093  9093 I chatty  : uid=10052(u0_a52) expire 9 lines
01-24 17:11:16.552  9093  9112 I chatty  : uid=10052(u0_a52) expire 4 lines
01-24 17:11:18.281  9093  9103 I chatty  : uid=10052(u0_a52) expire 3 lines
01-24 17:11:18.774  9093  9112 I chatty  : uid=10052(u0_a52) expire 5 lines
01-24 17:11:18.779  9112  9112 I chatty  : uid=10052(u0_a52) com.endomondo.android expire 1 line
01-24 17:11:18.980  7206  7251 I dailytrack: HealthSportDataCacheUtil::saveData(),currentThread4=handle_total_data
01-24 17:11:18.986   323   403 W HWComposer: Ignoring duplicate VSYNC event from HWC (t=158148491547427)
01-24 17:11:19.105  9093  9093 I chatty  : uid=10052(u0_a52) expire 7 lines
01-24 17:11:19.229  9141  9141 I chatty  : uid=10052(u0_a52) com.endomondo.android expire 1 line
01-24 17:11:19.238  9093  9141 I chatty  : uid=10052(u0_a52) expire 3 lines
