01-24 17:12:10.585  9313  9313 I Choreographer: Skipped 35 frames!  The application may be doing too much work on its main thread.
01-24 17:12:10.675 32131 32131 I AppLifecycleTracker: App foreground state unchanged: inForeground ? true
01-24 17:12:10.844 32158 32158 W ContextImpl: Calling a method in the system process without a qualified user: android.app.ContextImpl.sendBroadcast:950 android.content.ContextWrapper.sendBroadcast:431 android.content.ContextWrapper.sendBroadcast:431 com.google.android.clockwork.settings.GpsActivityReceiver.onReceive:50 android.app.ActivityThread.handleReceiver:3252 
01-24 17:12:10.876   434   453 W BroadcastQueue: Background execution not allowed: receiving Intent { act=android.intent.action.DROPBOX_ENTRY_ADDED flg=0x10 (has extras) } to com.google.android.gms/.stats.service.DropBoxEntryAddedReceiver
01-24 17:12:10.876   434   453 W BroadcastQueue: Background execution not allowed: receiving Intent { act=android.intent.action.DROPBOX_ENTRY_ADDED flg=0x10 (has extras) } to com.google.android.gms/.chimera.GmsIntentOperationService$PersistentTrustedReceiver
01-24 17:12:10.947 32158 32158 W ContextImpl: Calling a method in the system process without a qualified user: android.app.ContextImpl.sendBroadcast:950 android.content.ContextWrapper.sendBroadcast:431 android.content.ContextWrapper.sendBroadcast:431 com.google.android.clockwork.settings.GpsActivityReceiver.onReceive:50 android.app.ActivityThread.handleReceiver:3252 
01-24 17:12:10.949   434  2021 I chatty  : uid=1000(system) Binder:434_D expire 1 line
01-24 17:12:10.965   434  2093 I chatty  : uid=1000(system) Binder:434_E expire 2 lines
01-24 17:12:10.974   434  2021 W BroadcastQueue: Background execution not allowed: receiving Intent { act=android.intent.action.DROPBOX_ENTRY_ADDED flg=0x10 (has extras) } to com.google.android.gms/.stats.service.DropBoxEntryAddedReceiver
01-24 17:12:10.980   434   453 W BroadcastQueue: Background execution not allowed: receiving Intent { act=android.intent.action.DROPBOX_ENTRY_ADDED flg=0x10 (has extras) } to com.google.android.gms/.chimera.GmsIntentOperationService$PersistentTrustedReceiver
01-24 17:12:11.089 13109 13109 W BoundBrokerSvc: No bound-service is registered for action: com.google.android.gms.udc.service.START
01-24 17:12:11.089 13109 13109 E BoundBrokerSvc: Proxy without impl failing onBind(): Intent { act=com.google.android.gms.udc.service.START pkg=com.google.android.gms }
01-24 17:12:11.089 13109 13109 W GmsApiChimeraSvc: Failed in attempt to reload bound-service.
01-24 17:12:11.090 13109 13130 I GmsApiChimeraSvc: Using MissingApiServiceBroker for com.google.android.gms.udc.service.START due to missing BoundService implementation
01-24 17:12:11.194  9313  9323 I zygote  : NativeAllocBackground concurrent copying GC freed 5256(463KB) AllocSpace objects, 0(0B) LOS objects, 24% free, 2MB/2MB, paused 6.449ms total 714.002ms
01-24 17:12:11.194 13109 13109 W BoundBrokerSvc: No bound-service is registered for action: com.google.android.gms.udc.service.START
01-24 17:12:11.194 13109 13109 E BoundBrokerSvc: Proxy without impl failing onBind(): Intent { act=com.google.android.gms.udc.service.START pkg=com.google.android.gms }
01-24 17:12:11.194 13109 13109 W GmsApiChimeraSvc: Failed in attempt to reload bound-service.
01-24 17:12:11.194 13109 13512 I GmsApiChimeraSvc: Using MissingApiServiceBroker for com.google.android.gms.udc.service.START due to missing BoundService implementation
01-24 17:12:11.271   434   614 I chatty  : uid=1000(system) Thread-12 expire 45 lines
01-24 17:12:11.276   434   452 I chatty  : uid=1000(system) android.bg expire 7 lines
01-24 17:12:11.301  9313  9364 W DynamiteModule: Local module descriptor class for com.google.android.gms.googlecertificates not found.
01-24 17:12:11.302  9313  9364 W DynamiteModule: Failed to load module via V2: java.lang.ClassNotFoundException: Didn't find class "com.google.android.gms.dynamite.DynamiteModule$DynamiteLoaderClassLoader" on path: DexPathList[[zip file "/system/framework/com.google.android.wearable.jar", zip file "/data/app/com.endomondo.android-zmAn65MMuKEGxC23cGvNjA==/base.apk"],nativeLibraryDirectories=[/data/app/com.endomondo.android-zmAn65MMuKEGxC23cGvNjA==/lib/arm, /system/lib, /system/vendor/lib]]
01-24 17:12:11.324  9313  9364 I DynamiteModule: Considering local module com.google.android.gms.googlecertificates:0 and remote module com.google.android.gms.googlecertificates:4
01-24 17:12:11.324  9313  9364 I DynamiteModule: Selected remote version of com.google.android.gms.googlecertificates, version >= 4
01-24 17:12:11.344  9313  9364 W zygote  : Skipping duplicate class check due to unrecognized classloader
01-24 17:12:11.345 32158 32158 W ContextImpl: Calling a method in the system process without a qualified user: android.app.ContextImpl.sendBroadcast:950 android.content.ContextWrapper.sendBroadcast:431 android.content.ContextWrapper.sendBroadcast:431 com.google.android.clockwork.settings.GpsActivityReceiver.onReceive:50 android.app.ActivityThread.handleReceiver:3252 
01-24 17:12:11.347   434  2021 I chatty  : uid=1000(system) Binder:434_D expire 1 line
01-24 17:12:11.382   434  2021 W BroadcastQueue: Background execution not allowed: receiving Intent { act=android.intent.action.DROPBOX_ENTRY_ADDED flg=0x10 (has extras) } to com.google.android.gms/.stats.service.DropBoxEntryAddedReceiver
01-24 17:12:11.383   434   453 W BroadcastQueue: Background execution not allowed: receiving Intent { act=android.intent.action.DROPBOX_ENTRY_ADDED flg=0x10 (has extras) } to com.google.android.gms/.chimera.GmsIntentOperationService$PersistentTrustedReceiver
01-24 17:12:11.397   434 13081 I chatty  : uid=1000(system) Binder:434_1E expire 1 line
01-24 17:12:11.453 13109 13109 W BoundBrokerSvc: No bound-service is registered for action: com.google.android.gms.udc.service.START
01-24 17:12:11.454 13109 13109 E BoundBrokerSvc: Proxy without impl failing onBind(): Intent { act=com.google.android.gms.udc.service.START pkg=com.google.android.gms }
01-24 17:12:11.454 13109 13109 W GmsApiChimeraSvc: Failed in attempt to reload bound-service.
01-24 17:12:11.454 13109 13512 I GmsApiChimeraSvc: Using MissingApiServiceBroker for com.google.android.gms.udc.service.START due to missing BoundService implementation
01-24 17:12:11.595   323   403 W HWComposer: Ignoring duplicate VSYNC event from HWC (t=158201106463501)
01-24 17:12:11.871  9313  9326 I zygote  : Waiting for a blocking GC ProfileSaver
01-24 17:12:11.927  9313  9323 I zygote  : Background concurrent copying GC freed 4927(602KB) AllocSpace objects, 2(40KB) LOS objects, 25% free, 2MB/3MB, paused 5.779ms total 315.719ms
01-24 17:12:11.929  9313  9326 I zygote  : WaitForGcToComplete blocked for 57.482ms for cause ProfileSaver
01-24 17:12:11.992 31787 31787 I ADVLog  : ADV.SensorService:/BatteryTemperature: 379  /isUsbOrAc: 1
01-24 17:12:11.994   723   723 I battery : BatteryService: mInternalBatteryReceiver onReceive() action = android.intent.action.BATTERY_CHANGED
01-24 17:12:12.003   319   319 D WifiHAL : In DebugCommand::handleResponse
01-24 17:12:12.003   319   319 D WifiHAL : len = 4, expected len = 4
01-24 17:12:12.026   434 13081 E BatteryStatsService: no controller energy info supplied
01-24 17:12:12.039   434   611 I chatty  : uid=1000 system_server expire 7 lines
01-24 17:12:12.093   434  9390 I chatty  : uid=1000 system_server expire 4 lines
01-24 17:12:12.134  9313  9318 I zygote  : Do partial code cache collection, code=29KB, data=29KB
01-24 17:12:12.142  9313  9318 I zygote  : After code cache collection, code=28KB, data=28KB
01-24 17:12:12.142  9313  9318 I zygote  : Increasing code cache capacity to 128KB
01-24 17:12:12.264   723   737 I zygote  : Background concurrent copying GC freed 6367(570KB) AllocSpace objects, 2(192KB) LOS objects, 24% free, 1993KB/2MB, paused 9.203ms total 128.078ms
01-24 17:12:13.132  9313  9318 I zygote  : Do partial code cache collection, code=55KB, data=45KB
01-24 17:12:13.134  9313  9318 I zygote  : After code cache collection, code=55KB, data=45KB
01-24 17:12:13.134  9313  9318 I zygote  : Increasing code cache capacity to 256KB
01-24 17:12:13.757  9313  9323 I zygote  : Background concurrent copying GC freed 7260(657KB) AllocSpace objects, 12(240KB) LOS objects, 25% free, 3MB/4MB, paused 1.338ms total 124.711ms
01-24 17:12:14.041   434   611 I chatty  : uid=1000 system_server expire 128 lines
01-24 17:12:14.060  7206  7251 I dailytrack: HealthSportDataCacheUtil::saveData(),currentThread4=handle_total_data
01-24 17:12:14.195  9313  9323 I zygote  : Background concurrent copying GC freed 6332(615KB) AllocSpace objects, 15(720KB) LOS objects, 24% free, 2MB/3MB, paused 1.634ms total 140.425ms
01-24 17:12:15.047   434   614 I chatty  : uid=1000(system) Thread-12 expire 4 lines
01-24 17:12:15.193  9313  9318 I zygote  : Compiler allocated 4MB to compile void com.google.maps.api.android.lib6.gmm6.vector.cd.a(javax.microedition.khronos.opengles.GL10)
01-24 17:12:15.375   434   611 I chatty  : uid=1000 system_server expire 62 lines
01-24 17:12:15.537   434   443 I chatty  : uid=1000(system) HeapTaskDaemon expire 1 line
01-24 17:12:16.125   434   611 I chatty  : uid=1000 system_server expire 101 lines
01-24 17:12:17.045   434   614 I chatty  : uid=1000(system) Thread-12 expire 4 lines
01-24 17:12:17.420   434   611 I chatty  : uid=1000 system_server expire 84 lines
01-24 17:12:19.047   434   614 I chatty  : uid=1000(system) Thread-12 expire 24 lines
01-24 17:12:19.059  7206  7251 I dailytrack: HealthSportDataCacheUtil::saveData(),currentThread4=handle_total_data
01-24 17:12:23.584  9395  9395 D AndroidRuntime: >>>>>> START com.android.internal.os.RuntimeInit uid 2000 <<<<<<
01-24 17:12:24.065  7206  7251 I dailytrack: HealthSportDataCacheUtil::saveData(),currentThread4=handle_total_data
01-24 17:12:24.830  9395  9395 D AndroidRuntime: Calling main entry com.android.commands.pm.Pm
01-24 17:12:12.028   434 13081 I chatty  : uid=1000(system) Binder:434_1E identical 1 line
01-24 17:12:12.028   434 13081 E BatteryStatsService: no controller energy info supplied
01-24 17:12:24.857   434  2426 I ActivityManager: Force stopping com.endomondo.android appid=10052 user=0: clear data
01-24 17:12:24.859   434  2426 I ActivityManager: Killing 9313:com.endomondo.android/u0a52 (adj 0): stop com.endomondo.android
01-24 17:12:24.863   434  2426 W ActivityManager: Scheduling restart of crashed service com.endomondo.android/.wear.workout.WorkoutService in 1000ms
01-24 17:12:24.877   434  2426 W ActivityManager: Force removing ActivityRecord{1ce3a33 u0 com.endomondo.android/.wear.ui.WearAppActivity t351}: app died, no saved state
01-24 17:12:24.907   323   635 E SurfaceFlinger: Failed to find layer (com.endomondo.android/com.endomondo.android.wear.ui.WearAppActivity#0) in layer parent (no-parent).
01-24 17:12:25.030 32131 32131 I AppLifecycleTracker: App foreground state unchanged: inForeground ? true
01-24 17:12:25.062   434   453 W BroadcastQueue: Background execution not allowed: receiving Intent { act=android.os.UpdateLock.UPDATE_LOCK_CHANGED flg=0x4000010 (has extras) } to com.google.android.gms/.chimera.GmsIntentOperationService$PersistentTrustedReceiver
01-24 17:12:25.064   434   454 W Looper  : Dispatch took 206ms on android.ui, h=Handler (com.android.server.am.ActivityManagerService$UiHandler) {dee4953} cb=null msg=53
01-24 17:12:25.067   434   453 I ActivityManager: Force stopping com.endomondo.android appid=10052 user=-1: clearApplicationUserData
01-24 17:12:25.070 32131 32303 W Adreno-EGL: <qeglDrvAPI_eglGetConfigAttrib:612>: EGL_BAD_ATTRIBUTE
01-24 17:12:25.080 32131 32303 I vndksupport: sphal namespace is not configured for this process. Loading /vendor/lib/hw/gralloc.msm8909.so from the current namespace instead.
01-24 17:12:25.118   434   452 I chatty  : uid=1000(system) android.bg expire 5 lines
01-24 17:12:25.140   434  5002 W InputMethodManagerService: Got RemoteException sending setActive(false) notification to pid 9313 uid 10052
01-24 17:12:25.170   434   756 I chatty  : uid=1000(system) Binder:434_6 expire 2 lines
01-24 17:12:25.195   434   461 W ActivityManager: setHasOverlayUi called on unknown pid: 9313
01-24 17:12:25.198 15691 15691 E Watchface: CocosWatchFaceService::Handler msg: -5 0.0;--
01-24 17:12:25.215   434   536 E TaskPersister: File error accessing recents directory (directory doesn't exist?).
01-24 17:12:25.223 32158 32158 W ContextImpl: Calling a method in the system process without a qualified user: android.app.ContextImpl.sendBroadcast:950 android.content.ContextWrapper.sendBroadcast:431 android.content.ContextWrapper.sendBroadcast:431 com.google.android.clockwork.settings.GpsActivityReceiver.onReceive:50 android.app.ActivityThread.handleReceiver:3252 
01-24 17:12:25.225   434 13081 I chatty  : uid=1000(system) Binder:434_1E expire 1 line
01-24 17:12:25.295 32158 32158 W ContextImpl: Calling a method in the system process without a qualified user: android.app.ContextImpl.sendBroadcast:950 android.content.ContextWrapper.sendBroadcast:431 android.content.ContextWrapper.sendBroadcast:431 com.google.android.clockwork.settings.GpsActivityReceiver.onReceive:64 android.app.ActivityThread.handleReceiver:3252 
01-24 17:12:25.302   434  2426 I chatty  : uid=1000(system) Binder:434_F expire 2 lines
01-24 17:12:25.335   335   335 I keystore: clear_uid 10052
01-24 17:12:25.356   434  2426 W BroadcastQueue: Background execution not allowed: receiving Intent { act=android.intent.action.DROPBOX_ENTRY_ADDED flg=0x10 (has extras) } to com.google.android.gms/.stats.service.DropBoxEntryAddedReceiver
01-24 17:12:25.357   434   453 W BroadcastQueue: Background execution not allowed: receiving Intent { act=android.intent.action.DROPBOX_ENTRY_ADDED flg=0x10 (has extras) } to com.google.android.gms/.chimera.GmsIntentOperationService$PersistentTrustedReceiver
01-24 17:12:25.361 32158 32158 W ContextImpl: Calling a method in the system process without a qualified user: android.app.ContextImpl.sendBroadcast:950 android.content.ContextWrapper.sendBroadcast:431 android.content.ContextWrapper.sendBroadcast:431 com.google.android.clockwork.settings.GpsActivityReceiver.onReceive:64 android.app.ActivityThread.handleReceiver:3252 
01-24 17:12:25.367   434 13081 I chatty  : uid=1000(system) Binder:434_1E expire 1 line
01-24 17:12:25.462   434  5705 W BroadcastQueue: Background execution not allowed: receiving Intent { act=android.intent.action.DROPBOX_ENTRY_ADDED flg=0x10 (has extras) } to com.google.android.gms/.stats.service.DropBoxEntryAddedReceiver
01-24 17:12:25.464   434   453 W BroadcastQueue: Background execution not allowed: receiving Intent { act=android.intent.action.DROPBOX_ENTRY_ADDED flg=0x10 (has extras) } to com.google.android.gms/.chimera.GmsIntentOperationService$PersistentTrustedReceiver
01-24 17:12:25.465   434   453 W BroadcastQueue: Background execution not allowed: receiving Intent { act=android.intent.action.DROPBOX_ENTRY_ADDED flg=0x10 (has extras) } to com.google.android.gms/.stats.service.DropBoxEntryAddedReceiver
01-24 17:12:25.482   434   453 W BroadcastQueue: Background execution not allowed: receiving Intent { act=android.intent.action.DROPBOX_ENTRY_ADDED flg=0x10 (has extras) } to com.google.android.gms/.chimera.GmsIntentOperationService$PersistentTrustedReceiver
01-24 17:12:25.910 13109 13109 I GeofencerStateMachine: removeGeofences: removeRequest=RemoveGeofencingRequest[REMOVE_ALL packageName=com.endomondo.android]
01-24 17:12:25.911 31332 31332 D Avrcp   : AvrcpServiceBroadcastReceiver-> Action: android.intent.action.PACKAGE_DATA_CLEARED
01-24 17:12:25.911 31332 31332 D Avrcp   : packageName: com.endomondo.android removed: true
01-24 17:12:25.911 31332 31332 V Avrcp   : isBrowseSupported for com.endomondo.android: false
01-24 17:12:25.935  9395  9395 I app_process: System.exit called, status: 0
01-24 17:12:25.936  9395  9395 I AndroidRuntime: VM exiting with result code 0.
01-24 17:12:26.035   712   712 D RegisteredNfcFServicesCache: Service unchanged, not updating
01-24 17:12:26.040   434   614 I chatty  : uid=1000(system) Thread-12 expire 44 lines
01-24 17:12:26.042   434   611 I chatty  : uid=1000 system_server expire 3 lines
01-24 17:12:26.201 13109 13109 W BoundBrokerSvc: No bound-service is registered for action: com.google.android.gms.udc.service.START
01-24 17:12:26.201 13109 13109 E BoundBrokerSvc: Proxy without impl failing onBind(): Intent { act=com.google.android.gms.udc.service.START pkg=com.google.android.gms }
01-24 17:12:26.201 13109 13109 W GmsApiChimeraSvc: Failed in attempt to reload bound-service.
01-24 17:12:26.203 13109 13512 I GmsApiChimeraSvc: Using MissingApiServiceBroker for com.google.android.gms.udc.service.START due to missing BoundService implementation
01-24 17:12:26.212 13109  9407 I Fitness : Clearing all cached OAuth tokens for: com.endomondo.android [CONTEXT service_id=17 ]
01-24 17:12:26.232 13109  9407 I Fitness : Removing all subscriptions for: com.endomondo.android [CONTEXT service_id=17 ]
01-24 17:12:26.283 13109  9407 I Fitness : Clearing all cached OAuth tokens for: com.endomondo.android [CONTEXT service_id=17 ]
01-24 17:12:26.302 13109  9407 I Fitness : Removing all subscriptions for: com.endomondo.android [CONTEXT service_id=17 ]
01-24 17:12:26.314 13109 13109 W BoundBrokerSvc: No bound-service is registered for action: com.google.android.gms.udc.service.START
01-24 17:12:26.315 13109 13109 E BoundBrokerSvc: Proxy without impl failing onBind(): Intent { act=com.google.android.gms.udc.service.START pkg=com.google.android.gms }
01-24 17:12:26.315 13109 13109 W GmsApiChimeraSvc: Failed in attempt to reload bound-service.
01-24 17:12:26.315 13109 13219 I GmsApiChimeraSvc: Using MissingApiServiceBroker for com.google.android.gms.udc.service.START due to missing BoundService implementation
01-24 17:12:26.389 13109 13109 W BoundBrokerSvc: No bound-service is registered for action: com.google.android.gms.udc.service.START
01-24 17:12:26.389 13109 13109 E BoundBrokerSvc: Proxy without impl failing onBind(): Intent { act=com.google.android.gms.udc.service.START pkg=com.google.android.gms }
01-24 17:12:26.389 13109 13109 W GmsApiChimeraSvc: Failed in attempt to reload bound-service.
01-24 17:12:26.389 13109 13219 I GmsApiChimeraSvc: Using MissingApiServiceBroker for com.google.android.gms.udc.service.START due to missing BoundService implementation
01-24 17:12:26.483 13109 13122 I zygote  : Background concurrent copying GC freed 35599(2MB) AllocSpace objects, 0(0B) LOS objects, 20% free, 7MB/9MB, paused 5.279ms total 561.989ms
01-24 17:12:29.066  7206  7251 I dailytrack: HealthSportDataCacheUtil::saveData(),currentThread4=handle_total_data
01-24 17:12:31.359   434   756 I ActivityManager: START u0 {act=api.android.category.MAIN cat=[api.android.intent.LAUNCHER] flg=0x10000000 cmp=com.endomondo.android/.wear.ui.WearAppActivity} from uid 2000
01-24 17:12:31.480   434  5002 I ActivityManager: Start proc 9423:com.endomondo.android/u0a52 for activity com.endomondo.android/.wear.ui.WearAppActivity
01-24 17:12:31.655  9423  9433 I zygote  : Background concurrent copying GC freed 514(390KB) AllocSpace objects, 0(0B) LOS objects, 35% free, 949KB/1461KB, paused 10.845ms total 102.201ms
01-24 17:12:31.659   434  5705 W ActivityManager: Slow operation: 80ms so far, now at attachApplicationLocked: after mServices.attachApplicationLocked
01-24 17:12:31.661   434   453 W BroadcastQueue: Background execution not allowed: receiving Intent { act=android.os.UpdateLock.UPDATE_LOCK_CHANGED flg=0x4000010 (has extras) } to com.google.android.gms/.chimera.GmsIntentOperationService$PersistentTrustedReceiver
01-24 17:12:31.751  9423  9423 I FirebaseInitProvider: FirebaseApp initialization unsuccessful
01-24 17:12:31.988  9423  9423 E WearAppActivity: useAmbiactive true
01-24 17:12:32.079  9423  9442 D OpenGLRenderer: HWUI GL Pipeline
01-24 17:12:32.236  9423  9423 I q       : Making Creator dynamically
01-24 17:12:32.345  9423  9423 W DynamiteModule: Failed to load module via V2: java.lang.ClassNotFoundException: Didn't find class "com.google.android.gms.dynamite.DynamiteModule$DynamiteLoaderClassLoader" on path: DexPathList[[zip file "/system/framework/com.google.android.wearable.jar", zip file "/data/app/com.endomondo.android-zmAn65MMuKEGxC23cGvNjA==/base.apk"],nativeLibraryDirectories=[/data/app/com.endomondo.android-zmAn65MMuKEGxC23cGvNjA==/lib/arm, /system/lib, /system/vendor/lib]]
01-24 17:12:32.364  9423  9423 I DynamiteModule: Considering local module com.google.android.gms.maps_dynamite:0 and remote module com.google.android.gms.maps_dynamite:222
01-24 17:12:32.365  9423  9423 I DynamiteModule: Selected remote version of com.google.android.gms.maps_dynamite, version >= 222
01-24 17:12:32.438  9423  9423 W zygote  : Skipping duplicate class check due to unrecognized classloader
01-24 17:12:32.534  9423  9423 I Google Maps Android API: Google Play services client version: 9080000
01-24 17:12:32.545  9423  9423 I Google Maps Android API: Google Play services package version: 20104061
01-24 17:12:33.361  9423  9433 I zygote  : Background concurrent copying GC freed 1700(358KB) AllocSpace objects, 0(0B) LOS objects, 25% free, 2026KB/2MB, paused 1.175ms total 123.335ms
01-24 17:12:33.562  9423  9442 I Adreno-EGL: <qeglDrvAPI_eglInitialize:379>: EGL 1.4 QUALCOMM build:  (I7af58d6928)
01-24 17:12:33.562  9423  9442 I Adreno-EGL: OpenGL ES Shader Compiler Version: E031.35.01.00
01-24 17:12:33.562  9423  9442 I Adreno-EGL: Build Date: 09/14/17 Thu
01-24 17:12:33.562  9423  9442 I Adreno-EGL: Local Branch: gfx-adreno.lnx.1.0
01-24 17:12:33.562  9423  9442 I Adreno-EGL: Remote Branch: 
01-24 17:12:33.562  9423  9442 I Adreno-EGL: Local Patches: 
01-24 17:12:33.562  9423  9442 I Adreno-EGL: Reconstruct Branch: 
01-24 17:12:33.569  9423  9442 I vndksupport: sphal namespace is not configured for this process. Loading /vendor/lib/hw/gralloc.msm8909.so from the current namespace instead.
01-24 17:12:33.585  9423  9442 I OpenGLRenderer: Initialized EGL, version 1.4
01-24 17:12:33.586  9423  9442 D OpenGLRenderer: Swap behavior 1
01-24 17:12:33.589  9442  9442 W RenderThread: type=1400 audit(0.0:434): avc: denied { read } for name="gpuclk" dev="sysfs" ino=18862 scontext=u:r:untrusted_app_25:s0:c512,c768 tcontext=u:object_r:sysfs:s0 tclass=file permissive=0
01-24 17:12:33.599  9423  9442 W Adreno-ES20: <get_gpu_clk:229>: open failed: errno 13
01-24 17:12:33.611  9423  9442 W Adreno-EGL: <qeglDrvAPI_eglGetConfigAttrib:612>: EGL_BAD_ATTRIBUTE
01-24 17:12:33.613  9423  9442 I vndksupport: sphal namespace is not configured for this process. Loading /vendor/lib/hw/gralloc.msm8909.so from the current namespace instead.
01-24 17:12:33.674  9423  9433 I zygote  : Background concurrent copying GC freed 4701(818KB) AllocSpace objects, 0(0B) LOS objects, 24% free, 1949KB/2MB, paused 941us total 158.964ms
01-24 17:12:33.699  9423  9423 W View    : requestLayout() improperly called by android.widget.ImageView{f2dfe7f V.ED..... ......I. 0,0-0,0 #7f0e0025 app:id/zoneIcon} during layout: running second layout pass
01-24 17:12:33.699  9423  9423 W View    : requestLayout() improperly called by android.widget.ImageView{f5a3e4c V.ED..... ......I. 0,0-0,0 #7f0e0025 app:id/zoneIcon} during layout: running second layout pass
01-24 17:12:33.699  9423  9423 W View    : requestLayout() improperly called by android.widget.ImageView{32fde95 V.ED..... ......I. 0,0-0,0 #7f0e0025 app:id/zoneIcon} during layout: running second layout pass
01-24 17:12:33.699  9423  9423 W View    : requestLayout() improperly called by android.widget.ImageView{d715baa V.ED..... ......I. 0,0-0,0 #7f0e0025 app:id/zoneIcon} during layout: running second layout pass
01-24 17:12:33.699  9423  9423 W View    : requestLayout() improperly called by android.widget.ImageView{2ae039b V.ED..... ......I. 0,0-0,0 #7f0e0025 app:id/zoneIcon} during layout: running second layout pass
01-24 17:12:33.737  9423  9423 I Choreographer: Skipped 94 frames!  The application may be doing too much work on its main thread.
01-24 17:12:33.769  9471  9471 W com.endomondo.android: type=1400 audit(0.0:435): avc: denied { read } for comm=474C5468726561642031373531 name="gpuclk" dev="sysfs" ino=18862 scontext=u:r:untrusted_app_25:s0:c512,c768 tcontext=u:object_r:sysfs:s0 tclass=file permissive=0
01-24 17:12:33.779  9423  9471 W Adreno-ES20: <get_gpu_clk:229>: open failed: errno 13
01-24 17:12:33.784  9423  9442 I vndksupport: sphal namespace is not configured for this process. Loading /vendor/lib/hw/gralloc.msm8909.so from the current namespace instead.
01-24 17:12:33.788  9423  9471 W Adreno-EGL: <qeglDrvAPI_eglGetConfigAttrib:612>: EGL_BAD_ATTRIBUTE
01-24 17:12:33.789  9423  9471 I vndksupport: sphal namespace is not configured for this process. Loading /vendor/lib/hw/gralloc.msm8909.so from the current namespace instead.
01-24 17:12:34.073  7206  7251 I dailytrack: HealthSportDataCacheUtil::saveData(),currentThread4=handle_total_data
01-24 17:12:34.157   434   461 I chatty  : uid=1000(system) android.display expire 1 line
01-24 17:12:34.292  9423  9423 I Choreographer: Skipped 33 frames!  The application may be doing too much work on its main thread.
01-24 17:12:34.446 32131 32131 I AppLifecycleTracker: App foreground state unchanged: inForeground ? true
01-24 17:12:34.516 32158 32158 W ContextImpl: Calling a method in the system process without a qualified user: android.app.ContextImpl.sendBroadcast:950 android.content.ContextWrapper.sendBroadcast:431 android.content.ContextWrapper.sendBroadcast:431 com.google.android.clockwork.settings.GpsActivityReceiver.onReceive:50 android.app.ActivityThread.handleReceiver:3252 
01-24 17:12:34.531   434  2093 I chatty  : uid=1000(system) Binder:434_E expire 2 lines
01-24 17:12:34.552   434  2093 W BroadcastQueue: Background execution not allowed: receiving Intent { act=android.intent.action.DROPBOX_ENTRY_ADDED flg=0x10 (has extras) } to com.google.android.gms/.stats.service.DropBoxEntryAddedReceiver
01-24 17:12:34.563   434   453 W BroadcastQueue: Background execution not allowed: receiving Intent { act=android.intent.action.DROPBOX_ENTRY_ADDED flg=0x10 (has extras) } to com.google.android.gms/.chimera.GmsIntentOperationService$PersistentTrustedReceiver
01-24 17:12:34.591 32158 32158 W ContextImpl: Calling a method in the system process without a qualified user: android.app.ContextImpl.sendBroadcast:950 android.content.ContextWrapper.sendBroadcast:431 android.content.ContextWrapper.sendBroadcast:431 com.google.android.clockwork.settings.GpsActivityReceiver.onReceive:50 android.app.ActivityThread.handleReceiver:3252 
01-24 17:12:34.597   434  4786 I chatty  : uid=1000(system) Binder:434_14 expire 2 lines
01-24 17:12:34.640  9423  9433 I zygote  : NativeAllocBackground concurrent copying GC freed 2784(258KB) AllocSpace objects, 0(0B) LOS objects, 24% free, 2MB/3MB, paused 12.983ms total 589.144ms
01-24 17:12:34.644   434  4786 W BroadcastQueue: Background execution not allowed: receiving Intent { act=android.intent.action.DROPBOX_ENTRY_ADDED flg=0x10 (has extras) } to com.google.android.gms/.stats.service.DropBoxEntryAddedReceiver
01-24 17:12:34.648   434   453 W BroadcastQueue: Background execution not allowed: receiving Intent { act=android.intent.action.DROPBOX_ENTRY_ADDED flg=0x10 (has extras) } to com.google.android.gms/.chimera.GmsIntentOperationService$PersistentTrustedReceiver
01-24 17:12:34.655   434   452 I chatty  : uid=1000(system) android.bg expire 8 lines
01-24 17:12:34.749 13109 13109 W BoundBrokerSvc: No bound-service is registered for action: com.google.android.gms.udc.service.START
01-24 17:12:34.749 13109 13109 E BoundBrokerSvc: Proxy without impl failing onBind(): Intent { act=com.google.android.gms.udc.service.START pkg=com.google.android.gms }
01-24 17:12:34.749 13109 13109 W GmsApiChimeraSvc: Failed in attempt to reload bound-service.
01-24 17:12:34.749 13109 13234 I GmsApiChimeraSvc: Using MissingApiServiceBroker for com.google.android.gms.udc.service.START due to missing BoundService implementation
01-24 17:12:34.823 13109 13109 W BoundBrokerSvc: No bound-service is registered for action: com.google.android.gms.udc.service.START
01-24 17:12:34.823 13109 13109 E BoundBrokerSvc: Proxy without impl failing onBind(): Intent { act=com.google.android.gms.udc.service.START pkg=com.google.android.gms }
01-24 17:12:34.823 13109 13109 W GmsApiChimeraSvc: Failed in attempt to reload bound-service.
01-24 17:12:34.824 13109 13510 I GmsApiChimeraSvc: Using MissingApiServiceBroker for com.google.android.gms.udc.service.START due to missing BoundService implementation
01-24 17:12:34.875 32158 32158 W ContextImpl: Calling a method in the system process without a qualified user: android.app.ContextImpl.sendBroadcast:950 android.content.ContextWrapper.sendBroadcast:431 android.content.ContextWrapper.sendBroadcast:431 com.google.android.clockwork.settings.GpsActivityReceiver.onReceive:50 android.app.ActivityThread.handleReceiver:3252 
01-24 17:12:34.892   434   756 I chatty  : uid=1000(system) Binder:434_6 expire 1 line
01-24 17:12:35.184   434   536 E TaskPersister: File error accessing recents directory (directory doesn't exist?).
01-24 17:12:35.355   434   614 I chatty  : uid=1000(system) Thread-12 expire 16 lines
01-24 17:12:35.355   434   611 I chatty  : uid=1000 system_server expire 39 lines
01-24 17:12:35.373   434   452 I chatty  : uid=1000(system) android.bg expire 6 lines
01-24 17:12:35.393   434  9493 I chatty  : uid=1000(system) AsyncTask #264 expire 4 lines
01-24 17:12:35.530  9423  9472 W DynamiteModule: Local module descriptor class for com.google.android.gms.googlecertificates not found.
01-24 17:12:35.531  9423  9472 W DynamiteModule: Failed to load module via V2: java.lang.ClassNotFoundException: Didn't find class "com.google.android.gms.dynamite.DynamiteModule$DynamiteLoaderClassLoader" on path: DexPathList[[zip file "/system/framework/com.google.android.wearable.jar", zip file "/data/app/com.endomondo.android-zmAn65MMuKEGxC23cGvNjA==/base.apk"],nativeLibraryDirectories=[/data/app/com.endomondo.android-zmAn65MMuKEGxC23cGvNjA==/lib/arm, /system/lib, /system/vendor/lib]]
01-24 17:12:35.586  9423  9472 I DynamiteModule: Considering local module com.google.android.gms.googlecertificates:0 and remote module com.google.android.gms.googlecertificates:4
01-24 17:12:35.587  9423  9472 I DynamiteModule: Selected remote version of com.google.android.gms.googlecertificates, version >= 4
01-24 17:12:35.681  9423  9472 W zygote  : Skipping duplicate class check due to unrecognized classloader
01-24 17:12:35.729  9423  9423 I zygote  : Deoptimizing int c.g.a(java.lang.Object) due to JIT inline cache
01-24 17:12:35.997 15691 15701 I zygote  : Background concurrent copying GC freed 4241(400KB) AllocSpace objects, 0(0B) LOS objects, 29% free, 1241KB/1753KB, paused 3.117ms total 147.891ms
01-24 17:12:36.322  9423  9428 I zygote  : Do partial code cache collection, code=29KB, data=29KB
01-24 17:12:36.363  9423  9428 I zygote  : After code cache collection, code=28KB, data=28KB
01-24 17:12:36.364  9423  9428 I zygote  : Increasing code cache capacity to 128KB
01-24 17:12:36.408  9423  9423 I Choreographer: Skipped 30 frames!  The application may be doing too much work on its main thread.
01-24 17:12:36.536  9423  9433 I zygote  : Background concurrent copying GC freed 6439(652KB) AllocSpace objects, 2(40KB) LOS objects, 24% free, 2MB/3MB, paused 2.475ms total 668.179ms
01-24 17:12:37.404   434   611 I chatty  : uid=1000 system_server expire 62 lines
01-24 17:12:37.550  9423  9428 I zygote  : Do partial code cache collection, code=55KB, data=45KB
01-24 17:12:37.552  9423  9428 I zygote  : After code cache collection, code=55KB, data=45KB
01-24 17:12:37.552  9423  9428 I zygote  : Increasing code cache capacity to 256KB
01-24 17:12:38.044   434   614 I chatty  : uid=1000(system) Thread-12 expire 2 lines
01-24 17:12:38.166   434   611 I chatty  : uid=1000 system_server expire 126 lines
01-24 17:12:38.700 31850 31863 I zygote  : Background concurrent copying GC freed 8138(796KB) AllocSpace objects, 3(140KB) LOS objects, 25% free, 3MB/4MB, paused 2.566ms total 166.974ms
01-24 17:12:38.881  9423  9433 I zygote  : Background concurrent copying GC freed 7869(732KB) AllocSpace objects, 12(240KB) LOS objects, 24% free, 3MB/4MB, paused 6.803ms total 196.001ms
01-24 17:12:39.047   434   614 I chatty  : uid=1000(system) Thread-12 expire 2 lines
01-24 17:12:39.076  7206  7251 I dailytrack: HealthSportDataCacheUtil::saveData(),currentThread4=handle_total_data
01-24 17:12:39.547   434   611 V u-blox  : CUbxGpsState::printStd: MGA: Transfer of Message [51] completed successfully.
01-24 17:12:39.570   434   611 V u-blox  : CUbxGpsState::printStd: MGA: Message sent [52/121]: GLO-EPH for SV 20 (size [56] retries [0])
01-24 17:12:39.570   434   611 V u-blox  : CUbxGpsState::printStd: MGA: Transfer of Message [52] completed successfully.
01-24 17:12:39.595   434   611 V u-blox  : CUbxGpsState::printStd: MGA: Message sent [53/121]: GLO-EPH for SV 21 (size [56] retries [0])
01-24 17:12:39.595   434   611 V u-blox  : CUbxGpsState::printStd: MGA: Transfer of Message [53] completed successfully.
01-24 17:12:39.615   434   611 V u-blox  : CUbxGpsState::printStd: MGA: Message sent [54/121]: GLO-EPH for SV 22 (size [56] retries [0])
01-24 17:12:39.615   434   611 V u-blox  : CUbxGpsState::printStd: MGA: Transfer of Message [54] completed successfully.
01-24 17:12:39.635   434   611 V u-blox  : CUbxGpsState::printStd: MGA: Message sent [55/121]: GLO-EPH for SV 23 (size [56] retries [0])
01-24 17:12:39.635   434   611 V u-blox  : CUbxGpsState::printStd: MGA: Transfer of Message [55] completed successfully.
01-24 17:12:39.659   434   611 V u-blox  : CUbxGpsState::printStd: MGA: Message sent [56/121]: QZSS-EPH for SV 1 (size [76] retries [0])
01-24 17:12:39.659   434   611 V u-blox  : CUbxGpsState::printStd: MGA: Transfer of Message [56] completed successfully.
01-24 17:12:39.680   434   611 V u-blox  : CUbxGpsState::printStd: MGA: Message sent [57/121]: QZSS-EPH for SV 2 (size [76] retries [0])
01-24 17:12:39.680   434   611 V u-blox  : CUbxGpsState::printStd: MGA: Transfer of Message [57] completed successfully.
01-24 17:12:39.702   434   611 V u-blox  : CUbxGpsState::printStd: MGA: Message sent [58/121]: QZSS-EPH for SV 3 (size [76] retries [0])
01-24 17:12:39.702   434   611 V u-blox  : CUbxGpsState::printStd: MGA: Transfer of Message [58] completed successfully.
01-24 17:12:39.725   434   611 V u-blox  : CUbxGpsState::printStd: MGA: Message sent [59/121]: GPS-ALM for SV 1 (size [44] retries [0])
01-24 17:12:39.726   434   611 V u-blox  : CUbxGpsState::printStd: MGA: Transfer of Message [59] completed successfully.
01-24 17:12:39.749   434   611 V u-blox  : CUbxGpsState::printStd: MGA: Message sent [60/121]: GPS-ALM for SV 2 (size [44] retries [0])
01-24 17:12:39.749   434   611 V u-blox  : CUbxGpsState::printStd: MGA: Transfer of Message [60] completed successfully.
01-24 17:12:39.773   434   611 V u-blox  : CUbxGpsState::printStd: MGA: Message sent [61/121]: GPS-ALM for SV 3 (size [44] retries [0])
01-24 17:12:39.773   434   611 V u-blox  : CUbxGpsState::printStd: MGA: Transfer of Message [61] completed successfully.
01-24 17:12:39.795   434   611 V u-blox  : CUbxGpsState::printStd: MGA: Message sent [62/121]: GPS-ALM for SV 4 (size [44] retries [0])
01-24 17:12:39.796   434   611 V u-blox  : CUbxGpsState::printStd: MGA: Transfer of Message [62] completed successfully.
01-24 17:12:39.816   434   611 V u-blox  : CUbxGpsState::printStd: MGA: Message sent [63/121]: GPS-ALM for SV 5 (size [44] retries [0])
01-24 17:12:39.816   434   611 V u-blox  : CUbxGpsState::printStd: MGA: Transfer of Message [63] completed successfully.
01-24 17:12:39.837   434   611 V u-blox  : CUbxGpsState::printStd: MGA: Message sent [64/121]: GPS-ALM for SV 6 (size [44] retries [0])
01-24 17:12:39.837   434   611 V u-blox  : CUbxGpsState::printStd: MGA: Transfer of Message [64] completed successfully.
01-24 17:12:39.861   434   611 V u-blox  : CUbxGpsState::printStd: MGA: Message sent [65/121]: GPS-ALM for SV 7 (size [44] retries [0])
01-24 17:12:39.862   434   611 V u-blox  : CUbxGpsState::printStd: MGA: Transfer of Message [65] completed successfully.
01-24 17:12:39.888   434   611 V u-blox  : CUbxGpsState::printStd: MGA: Message sent [66/121]: GPS-ALM for SV 8 (size [44] retries [0])
01-24 17:12:39.888   434   611 V u-blox  : CUbxGpsState::printStd: MGA: Transfer of Message [66] completed successfully.
01-24 17:12:39.909   434   611 V u-blox  : CUbxGpsState::printStd: MGA: Message sent [67/121]: GPS-ALM for SV 9 (size [44] retries [0])
01-24 17:12:39.909   434   611 V u-blox  : CUbxGpsState::printStd: MGA: Transfer of Message [67] completed successfully.
01-24 17:12:39.933   434   611 V u-blox  : CUbxGpsState::printStd: MGA: Message sent [68/121]: GPS-ALM for SV 10 (size [44] retries [0])
01-24 17:12:39.933   434   611 V u-blox  : CUbxGpsState::printStd: MGA: Transfer of Message [68] completed successfully.
01-24 17:12:39.955   434   611 V u-blox  : CUbxGpsState::printStd: MGA: Message sent [69/121]: GPS-ALM for SV 11 (size [44] retries [0])
01-24 17:12:39.956   434   611 V u-blox  : CUbxGpsState::printStd: MGA: Transfer of Message [69] completed successfully.
01-24 17:12:39.979   434   611 V u-blox  : CUbxGpsState::printStd: MGA: Message sent [70/121]: GPS-ALM for SV 12 (size [44] retries [0])
01-24 17:12:39.979   434   611 V u-blox  : CUbxGpsState::printStd: MGA: Transfer of Message [70] completed successfully.
01-24 17:12:40.002   434   611 V u-blox  : CUbxGpsState::printStd: MGA: Message sent [71/121]: GPS-ALM for SV 13 (size [44] retries [0])
01-24 17:12:40.002   434   611 V u-blox  : CUbxGpsState::printStd: MGA: Transfer of Message [71] completed successfully.
01-24 17:12:40.023   434   611 V u-blox  : CUbxGpsState::printStd: MGA: Message sent [72/121]: GPS-ALM for SV 14 (size [44] retries [0])
01-24 17:12:40.023   434   611 V u-blox  : CUbxGpsState::printStd: MGA: Transfer of Message [72] completed successfully.
01-24 17:12:40.043   434   614 W u-blox  : CProtocolUBX::ProcessNavPvt: psmState=0, fixType=0, gnssFixOk=0, numSV=0, pDOP=999, hACC=4294967, vACC=3750000
01-24 17:12:40.048   434   614 V u-blox  : CAndroidDatabase::Commit: ignore location report, lat long alt invalid
01-24 17:12:40.053   434   611 V u-blox  : CUbxGpsState::printStd: MGA: Message sent [73/121]: GPS-ALM for SV 15 (size [44] retries [0])
01-24 17:12:40.053   434   611 V u-blox  : CUbxGpsState::printStd: MGA: Transfer of Message [73] completed successfully.
01-24 17:12:40.073   434   611 V u-blox  : CUbxGpsState::printStd: MGA: Message sent [74/121]: GPS-ALM for SV 16 (size [44] retries [0])
01-24 17:12:40.073   434   611 V u-blox  : CUbxGpsState::printStd: MGA: Transfer of Message [74] completed successfully.
01-24 17:12:40.092   434   611 V u-blox  : CUbxGpsState::printStd: MGA: Message sent [75/121]: GPS-ALM for SV 17 (size [44] retries [0])
01-24 17:12:40.093   434   611 V u-blox  : CUbxGpsState::printStd: MGA: Transfer of Message [75] completed successfully.
01-24 17:12:40.112   434   611 V u-blox  : CUbxGpsState::printStd: MGA: Message sent [76/121]: GPS-ALM for SV 19 (size [44] retries [0])
01-24 17:12:40.112   434   611 V u-blox  : CUbxGpsState::printStd: MGA: Transfer of Message [76] completed successfully.
01-24 17:12:40.132   434   611 V u-blox  : CUbxGpsState::printStd: MGA: Message sent [77/121]: GPS-ALM for SV 20 (size [44] retries [0])
01-24 17:12:40.132   434   611 V u-blox  : CUbxGpsState::printStd: MGA: Transfer of Message [77] completed successfully.
01-24 17:12:40.153   434   611 V u-blox  : CUbxGpsState::printStd: MGA: Message sent [78/121]: GPS-ALM for SV 21 (size [44] retries [0])
01-24 17:12:40.153   434   611 V u-blox  : CUbxGpsState::printStd: MGA: Transfer of Message [78] completed successfully.
01-24 17:12:40.159  9423  9428 I zygote  : Compiler allocated 4MB to compile void com.google.maps.api.android.lib6.gmm6.vector.cd.a(javax.microedition.khronos.opengles.GL10)
01-24 17:12:40.173   434   611 V u-blox  : CUbxGpsState::printStd: MGA: Message sent [79/121]: GPS-ALM for SV 22 (size [44] retries [0])
01-24 17:12:40.173   434   611 V u-blox  : CUbxGpsState::printStd: MGA: Transfer of Message [79] completed successfully.
01-24 17:12:40.193   434   611 V u-blox  : CUbxGpsState::printStd: MGA: Message sent [80/121]: GPS-ALM for SV 23 (size [44] retries [0])
01-24 17:12:40.193   434   611 V u-blox  : CUbxGpsState::printStd: MGA: Transfer of Message [80] completed successfully.
01-24 17:12:40.214   434   611 V u-blox  : CUbxGpsState::printStd: MGA: Message sent [81/121]: GPS-ALM for SV 24 (size [44] retries [0])
01-24 17:12:40.214   434   611 V u-blox  : CUbxGpsState::printStd: MGA: Transfer of Message [81] completed successfully.
01-24 17:12:40.238   434   611 V u-blox  : CUbxGpsState::printStd: MGA: Message sent [82/121]: GPS-ALM for SV 25 (size [44] retries [0])
01-24 17:12:40.238   434   611 V u-blox  : CUbxGpsState::printStd: MGA: Transfer of Message [82] completed successfully.
01-24 17:12:40.260   434   611 V u-blox  : CUbxGpsState::printStd: MGA: Message sent [83/121]: GPS-ALM for SV 26 (size [44] retries [0])
01-24 17:12:40.261   434   611 V u-blox  : CUbxGpsState::printStd: MGA: Transfer of Message [83] completed successfully.
01-24 17:12:40.288   434   611 V u-blox  : CUbxGpsState::printStd: MGA: Message sent [84/121]: GPS-ALM for SV 27 (size [44] retries [0])
01-24 17:12:40.288   434   611 V u-blox  : CUbxGpsState::printStd: MGA: Transfer of Message [84] completed successfully.
01-24 17:12:40.310   434   611 V u-blox  : CUbxGpsState::printStd: MGA: Message sent [85/121]: GPS-ALM for SV 28 (size [44] retries [0])
01-24 17:12:40.311   434   611 V u-blox  : CUbxGpsState::printStd: MGA: Transfer of Message [85] completed successfully.
01-24 17:12:40.335   434   611 V u-blox  : CUbxGpsState::printStd: MGA: Message sent [86/121]: GPS-ALM for SV 29 (size [44] retries [0])
01-24 17:12:40.335   434   611 V u-blox  : CUbxGpsState::printStd: MGA: Transfer of Message [86] completed successfully.
01-24 17:12:40.364   434   611 V u-blox  : CUbxGpsState::printStd: MGA: Message sent [87/121]: GPS-ALM for SV 30 (size [44] retries [0])
01-24 17:12:40.364   434   611 V u-blox  : CUbxGpsState::printStd: MGA: Transfer of Message [87] completed successfully.
01-24 17:12:40.388   434   611 V u-blox  : CUbxGpsState::printStd: MGA: Message sent [88/121]: GPS-ALM for SV 31 (size [44] retries [0])
01-24 17:12:40.388   434   611 V u-blox  : CUbxGpsState::printStd: MGA: Transfer of Message [88] completed successfully.
01-24 17:12:40.414   434   611 V u-blox  : CUbxGpsState::printStd: MGA: Message sent [89/121]: GPS-ALM for SV 32 (size [44] retries [0])
01-24 17:12:40.414   434   611 V u-blox  : CUbxGpsState::printStd: MGA: Transfer of Message [89] completed successfully.
01-24 17:12:40.439   434   611 V u-blox  : CUbxGpsState::printStd: MGA: Message sent [90/121]: GLO-ALM for SV 1 (size [44] retries [0])
01-24 17:12:40.439   434   611 V u-blox  : CUbxGpsState::printStd: MGA: Transfer of Message [90] completed successfully.
01-24 17:12:40.463   434   611 V u-blox  : CUbxGpsState::printStd: MGA: Message sent [91/121]: GLO-ALM for SV 2 (size [44] retries [0])
01-24 17:12:40.463   434   611 V u-blox  : CUbxGpsState::printStd: MGA: Transfer of Message [91] completed successfully.
01-24 17:12:40.485   434   611 V u-blox  : CUbxGpsState::printStd: MGA: Message sent [92/121]: GLO-ALM for SV 3 (size [44] retries [0])
01-24 17:12:40.485   434   611 V u-blox  : CUbxGpsState::printStd: MGA: Transfer of Message [92] completed successfully.
01-24 17:12:40.510   434   611 V u-blox  : CUbxGpsState::printStd: MGA: Message sent [93/121]: GLO-ALM for SV 4 (size [44] retries [0])
01-24 17:12:40.510   434   611 V u-blox  : CUbxGpsState::printStd: MGA: Transfer of Message [93] completed successfully.
01-24 17:12:40.536   434   611 V u-blox  : CUbxGpsState::printStd: MGA: Message sent [94/121]: GLO-ALM for SV 5 (size [44] retries [0])
01-24 17:12:40.536   434   611 V u-blox  : CUbxGpsState::printStd: MGA: Transfer of Message [94] completed successfully.
01-24 17:12:40.562   434   611 V u-blox  : CUbxGpsState::printStd: MGA: Message sent [95/121]: GLO-ALM for SV 6 (size [44] retries [0])
01-24 17:12:40.562   434   611 V u-blox  : CUbxGpsState::printStd: MGA: Transfer of Message [95] completed successfully.
01-24 17:12:40.588   434   611 V u-blox  : CUbxGpsState::printStd: MGA: Message sent [96/121]: GLO-ALM for SV 7 (size [44] retries [0])
01-24 17:12:40.588   434   611 V u-blox  : CUbxGpsState::printStd: MGA: Transfer of Message [96] completed successfully.
01-24 17:12:40.614   434   611 V u-blox  : CUbxGpsState::printStd: MGA: Message sent [97/121]: GLO-ALM for SV 8 (size [44] retries [0])
01-24 17:12:40.614   434   611 V u-blox  : CUbxGpsState::printStd: MGA: Transfer of Message [97] completed successfully.
01-24 17:12:40.639   434   611 V u-blox  : CUbxGpsState::printStd: MGA: Message sent [98/121]: GLO-ALM for SV 9 (size [44] retries [0])
01-24 17:12:40.639   434   611 V u-blox  : CUbxGpsState::printStd: MGA: Transfer of Message [98] completed successfully.
01-24 17:12:40.665   434   611 V u-blox  : CUbxGpsState::printStd: MGA: Message sent [99/121]: GLO-ALM for SV 10 (size [44] retries [0])
01-24 17:12:40.665   434   611 V u-blox  : CUbxGpsState::printStd: MGA: Transfer of Message [99] completed successfully.
01-24 17:12:40.689   434   611 V u-blox  : CUbxGpsState::printStd: MGA: Message sent [100/121]: GLO-ALM for SV 11 (size [44] retries [0])
01-24 17:12:40.690   434   611 V u-blox  : CUbxGpsState::printStd: MGA: Transfer of Message [100] completed successfully.
01-24 17:12:40.715   434   611 V u-blox  : CUbxGpsState::printStd: MGA: Message sent [101/121]: GLO-ALM for SV 12 (size [44] retries [0])
01-24 17:12:40.715   434   611 V u-blox  : CUbxGpsState::printStd: MGA: Transfer of Message [101] completed successfully.
01-24 17:12:40.739   434   611 V u-blox  : CUbxGpsState::printStd: MGA: Message sent [102/121]: GLO-ALM for SV 13 (size [44] retries [0])
01-24 17:12:40.740   434   611 V u-blox  : CUbxGpsState::printStd: MGA: Transfer of Message [102] completed successfully.
01-24 17:12:40.763   434   611 V u-blox  : CUbxGpsState::printStd: MGA: Message sent [103/121]: GLO-ALM for SV 14 (size [44] retries [0])
01-24 17:12:40.764   434   611 V u-blox  : CUbxGpsState::printStd: MGA: Transfer of Message [103] completed successfully.
01-24 17:12:40.790   434   611 V u-blox  : CUbxGpsState::printStd: MGA: Message sent [104/121]: GLO-ALM for SV 15 (size [44] retries [0])
01-24 17:12:40.790   434   611 V u-blox  : CUbxGpsState::printStd: MGA: Transfer of Message [104] completed successfully.
01-24 17:12:40.813   434   611 V u-blox  : CUbxGpsState::printStd: MGA: Message sent [105/121]: GLO-ALM for SV 16 (size [44] retries [0])
01-24 17:12:40.813   434   611 V u-blox  : CUbxGpsState::printStd: MGA: Transfer of Message [105] completed successfully.
01-24 17:12:40.836   434   611 V u-blox  : CUbxGpsState::printStd: MGA: Message sent [106/121]: GLO-ALM for SV 17 (size [44] retries [0])
01-24 17:12:40.836   434   611 V u-blox  : CUbxGpsState::printStd: MGA: Transfer of Message [106] completed successfully.
01-24 17:12:40.861   434   611 V u-blox  : CUbxGpsState::printStd: MGA: Message sent [107/121]: GLO-ALM for SV 18 (size [44] retries [0])
01-24 17:12:40.861   434   611 V u-blox  : CUbxGpsState::printStd: MGA: Transfer of Message [107] completed successfully.
01-24 17:12:40.885   434   611 V u-blox  : CUbxGpsState::printStd: MGA: Message sent [108/121]: GLO-ALM for SV 19 (size [44] retries [0])
01-24 17:12:40.885   434   611 V u-blox  : CUbxGpsState::printStd: MGA: Transfer of Message [108] completed successfully.
01-24 17:12:40.907   434   611 V u-blox  : CUbxGpsState::printStd: MGA: Message sent [109/121]: GLO-ALM for SV 20 (size [44] retries [0])
01-24 17:12:40.907   434   611 V u-blox  : CUbxGpsState::printStd: MGA: Transfer of Message [109] completed successfully.
01-24 17:12:40.932   434   611 V u-blox  : CUbxGpsState::printStd: MGA: Message sent [110/121]: GLO-ALM for SV 21 (size [44] retries [0])
01-24 17:12:40.932   434   611 V u-blox  : CUbxGpsState::printStd: MGA: Transfer of Message [110] completed successfully.
01-24 17:12:40.955   434   611 V u-blox  : CUbxGpsState::printStd: MGA: Message sent [111/121]: GLO-ALM for SV 22 (size [44] retries [0])
01-24 17:12:40.955   434   611 V u-blox  : CUbxGpsState::printStd: MGA: Transfer of Message [111] completed successfully.
01-24 17:12:40.984   434   611 V u-blox  : CUbxGpsState::printStd: MGA: Message sent [112/121]: GLO-ALM for SV 23 (size [44] retries [0])
01-24 17:12:40.984   434   611 V u-blox  : CUbxGpsState::printStd: MGA: Transfer of Message [112] completed successfully.
01-24 17:12:41.008   434   611 V u-blox  : CUbxGpsState::printStd: MGA: Message sent [113/121]: QZSS-ALM for SV 1 (size [44] retries [0])
01-24 17:12:41.008   434   611 V u-blox  : CUbxGpsState::printStd: MGA: Transfer of Message [113] completed successfully.
01-24 17:12:41.036   434   611 V u-blox  : CUbxGpsState::printStd: MGA: Message sent [114/121]: QZSS-ALM for SV 2 (size [44] retries [0])
01-24 17:12:41.036   434   611 V u-blox  : CUbxGpsState::printStd: MGA: Transfer of Message [114] completed successfully.
01-24 17:12:41.050   434   614 W u-blox  : CProtocolUBX::ProcessNavPvt: psmState=0, fixType=0, gnssFixOk=0, numSV=0, pDOP=999, hACC=4294967, vACC=3750000
01-24 17:12:41.053   434   614 V u-blox  : CAndroidDatabase::Commit: ignore location report, lat long alt invalid
01-24 17:12:41.064   434   611 V u-blox  : CUbxGpsState::printStd: MGA: Message sent [115/121]: QZSS-ALM for SV 3 (size [44] retries [0])
01-24 17:12:41.064   434   611 V u-blox  : CUbxGpsState::printStd: MGA: Transfer of Message [115] completed successfully.
