--------- beginning of system
01-24 20:20:12.023   434   660 I chatty  : uid=1000(system) Binder:434_5 expire 1 line
01-24 20:20:12.023   434   660 E BatteryStatsService: no controller energy info supplied
01-24 20:20:48.041   434   660 I ActivityManager: START u0 {act=api.android.category.MAIN cat=[api.android.intent.LAUNCHER] flg=0x10000000 cmp=com.google.android.apps.fitness/com.google.android.wearable.fitness.passive.ui.PassiveActivity} from uid 2000
--------- beginning of main
01-24 20:20:39.795  7206  7251 I chatty  : uid=10025(u0_a25) handle_total_da expire 5 lines
01-24 20:20:44.801  7206  7251 I dailytrack: HealthSportDataCacheUtil::saveData(),currentThread4=handle_total_data
01-24 20:20:48.174   323   403 W HWComposer: Ignoring duplicate VSYNC event from HWC (t=169517678029236)
01-24 20:20:48.188 18290 18290 I FitOnboardingController: Starting onboarding with entry point: ENTRY_MAIN_APP
01-24 20:20:48.191 18290 18290 I FitOnboardingController: Starting onboarding stage: WELCOME.
01-24 20:20:48.198   434  1679 I ActivityManager: START u0 {flg=0x14000000 cmp=com.google.android.apps.fitness/com.google.android.wearable.fitness.application.welcome.WelcomeActivity (has extras)} from uid 10033
01-24 20:20:48.292   434  1268 W ActivityManager: Duplicate finish request for ActivityRecord{54caea7 u0 com.google.android.apps.fitness/com.google.android.wearable.fitness.passive.ui.PassiveActivity t507 f}
01-24 20:20:48.302   434   462 W ProcessCpuTracker: Skipping unknown process pid 18348
01-24 20:20:48.304   434   462 W ProcessCpuTracker: Skipping unknown process pid 18350
01-24 20:20:48.345 15691 15691 E Watchface: CocosWatchFaceService::Handler msg: -5 0.0;--
01-24 20:20:48.355 18290 18290 W WearActivity[abb]: update: unknown state! 1
01-24 20:20:48.637 18290 18328 W Adreno-EGL: <qeglDrvAPI_eglGetConfigAttrib:612>: EGL_BAD_ATTRIBUTE
01-24 20:20:48.651 18290 18328 I vndksupport: sphal namespace is not configured for this process. Loading /vendor/lib/hw/gralloc.msm8909.so from the current namespace instead.
01-24 20:20:48.712   434   461 I ActivityManager: Displayed com.google.android.apps.fitness/com.google.android.wearable.fitness.application.welcome.WelcomeActivity: +324ms (total +601ms)
01-24 20:20:48.723 15691 15701 I zygote  : Background concurrent copying GC freed 4110(402KB) AllocSpace objects, 0(0B) LOS objects, 28% free, 1289KB/1801KB, paused 544us total 279.079ms
01-24 20:20:48.989 18290 18300 I zygote  : Background concurrent copying GC freed 3849(408KB) AllocSpace objects, 0(0B) LOS objects, 24% free, 2MB/3MB, paused 508us total 428.586ms
01-24 20:20:49.806  7206  7251 I dailytrack: HealthSportDataCacheUtil::saveData(),currentThread4=handle_total_data
01-24 20:20:51.681   434   536 E TaskPersister: File error accessing recents directory (directory doesn't exist?).
01-24 20:20:54.813  7206  7251 I dailytrack: HealthSportDataCacheUtil::saveData(),currentThread4=handle_total_data
01-24 20:20:59.214 18290 18353 E FitWearable: GMSCore OAuth failed, retry again in the future
01-24 20:20:59.214 18290 18353 E FitWearable: java.util.concurrent.ExecutionException: auh: 5: 5: 
01-24 20:20:59.214 18290 18353 E FitWearable: 	at ios.b(PG:132)
01-24 20:20:59.214 18290 18353 E FitWearable: 	at ios.get(PG:89)
01-24 20:20:59.214 18290 18353 E FitWearable: 	at lbh.e(PG:6)
01-24 20:20:59.214 18290 18353 E FitWearable: 	at kux.a(PG:147)
01-24 20:20:59.214 18290 18353 E FitWearable: 	at kte.e(PG:5)
01-24 20:20:59.214 18290 18353 E FitWearable: 	at kup.a(PG:95)
01-24 20:20:59.214 18290 18353 E FitWearable: 	at ktp.e(PG:3)
01-24 20:20:59.214 18290 18353 E FitWearable: 	at kup.a(PG:95)
01-24 20:20:59.214 18290 18353 E FitWearable: 	at kue.ay(PG:2)
01-24 20:20:59.214 18290 18353 E FitWearable: 	at lij.ay(PG:3)
01-24 20:20:59.214 18290 18353 E FitWearable: 	at ljd.run(PG:9)
01-24 20:20:59.214 18290 18353 E FitWearable: 	at java.util.concurrent.Executors$RunnableAdapter.call(Executors.java:457)
01-24 20:20:59.214 18290 18353 E FitWearable: 	at java.util.concurrent.FutureTask.run(FutureTask.java:266)
01-24 20:20:59.214 18290 18353 E FitWearable: 	at java.util.concurrent.ScheduledThreadPoolExecutor$ScheduledFutureTask.run(ScheduledThreadPoolExecutor.java:301)
01-24 20:20:59.214 18290 18353 E FitWearable: 	at java.util.concurrent.ThreadPoolExecutor.runWorker(ThreadPoolExecutor.java:1162)
01-24 20:20:59.214 18290 18353 E FitWearable: 	at java.util.concurrent.ThreadPoolExecutor$Worker.run(ThreadPoolExecutor.java:636)
01-24 20:20:59.214 18290 18353 E FitWearable: 	at java.lang.Thread.run(Thread.java:764)
01-24 20:20:59.214 18290 18353 E FitWearable: Caused by: auh: 5: 5: 
01-24 20:20:59.214 18290 18353 E FitWearable: 	at ayu.a(PG:1)
01-24 20:20:59.214 18290 18353 E FitWearable: 	at bau.a(PG:5)
01-24 20:20:59.214 18290 18353 E FitWearable: 	at com.google.android.gms.common.api.internal.BasePendingResult.a(PG:56)
01-24 20:20:59.214 18290 18353 E FitWearable: 	at ard.a(PG:4)
01-24 20:20:59.214 18290 18353 E FitWearable: 	at arr.a(PG:9)
01-24 20:20:59.214 18290 18353 E FitWearable: 	at alx.onTransact(PG:5)
01-24 20:20:59.214 18290 18353 E FitWearable: 	at android.os.Binder.execTransact(Binder.java:674)
01-24 20:20:59.819  7206  7251 I dailytrack: HealthSportDataCacheUtil::saveData(),currentThread4=handle_total_data
01-24 20:21:00.015 15691 15691 D WallpaperUtil: InternalCache: available=1546M
01-24 20:21:00.034 15691 15691 E Watchface: WeatherManager::checkUpdateDisplayWeather() mWeatherInfo is null !
01-24 20:21:00.043 32131 32131 W OngoingChipController: Attempting to remove non-existent UI for chip [com.google.android.wearable.app, media_controls]
01-24 20:21:04.825  7206  7251 I dailytrack: HealthSportDataCacheUtil::saveData(),currentThread4=handle_total_data
01-24 20:21:05.434 18354 18354 D AndroidRuntime: >>>>>> START com.android.internal.os.RuntimeInit uid 2000 <<<<<<
01-24 20:21:06.669 18354 18354 D AndroidRuntime: Calling main entry com.android.commands.pm.Pm
01-24 20:21:06.702   434  2093 I ActivityManager: Force stopping com.google.android.apps.fitness appid=10033 user=0: clear data
01-24 20:21:06.704   434  2093 I ActivityManager: Killing 18290:com.google.android.apps.fitness/u0a33 (adj 0): stop com.google.android.apps.fitness
01-24 20:21:06.723   434  2093 W ActivityManager: Force removing ActivityRecord{593bdf9 u0 com.google.android.apps.fitness/com.google.android.wearable.fitness.application.welcome.WelcomeActivity t507}: app died, no saved state
01-24 20:21:06.862   434  2426 W InputMethodManagerService: Got RemoteException sending setActive(false) notification to pid 18290 uid 10033
01-24 20:21:06.965   434   454 W Looper  : Dispatch took 262ms on android.ui, h=Handler (com.android.server.am.ActivityManagerService$UiHandler) {dee4953} cb=null msg=53
01-24 20:21:07.000   434   461 W ActivityManager: setHasOverlayUi called on unknown pid: 18290
01-24 20:21:07.050   434   453 W BroadcastQueue: Background execution not allowed: receiving Intent { act=android.os.UpdateLock.UPDATE_LOCK_CHANGED flg=0x4000010 (has extras) } to com.google.android.gms/.chimera.GmsIntentOperationService$PersistentTrustedReceiver
01-24 20:21:07.064   434   453 I ActivityManager: Force stopping com.google.android.apps.fitness appid=10033 user=-1: clearApplicationUserData
01-24 20:21:07.067 15691 15691 E Watchface: CocosWatchFaceService::Handler msg: -5 0.0;--
01-24 20:21:07.076   335   335 I keystore: clear_uid 10033
01-24 20:21:07.118   434   536 E TaskPersister: File error accessing recents directory (directory doesn't exist?).
01-24 20:21:07.193 31332 31332 D Avrcp   : AvrcpServiceBroadcastReceiver-> Action: android.intent.action.PACKAGE_DATA_CLEARED
01-24 20:21:07.193 31332 31332 D Avrcp   : packageName: com.google.android.apps.fitness removed: true
01-24 20:21:07.194 31332 31332 V Avrcp   : isBrowseSupported for com.google.android.apps.fitness: false
01-24 20:21:07.209 13109 13109 I GeofencerStateMachine: removeGeofences: removeRequest=RemoveGeofencingRequest[REMOVE_ALL packageName=com.google.android.apps.fitness]
01-24 20:21:07.249 18354 18354 I app_process: System.exit called, status: 0
01-24 20:21:07.249 18354 18354 I AndroidRuntime: VM exiting with result code 0.
01-24 20:21:07.294   712   712 D RegisteredNfcFServicesCache: Service unchanged, not updating
01-24 20:21:07.360 13109 18374 I Fitness : Clearing all cached OAuth tokens for: com.google.android.apps.fitness [CONTEXT service_id=17 ]
01-24 20:21:07.365 13109 18374 I Fitness : Removing all subscriptions for: com.google.android.apps.fitness [CONTEXT service_id=17 ]
01-24 20:21:07.445 13109 18374 I Fitness : Clearing all cached OAuth tokens for: com.google.android.apps.fitness [CONTEXT service_id=17 ]
01-24 20:21:07.452 13109 18374 I Fitness : Removing all subscriptions for: com.google.android.apps.fitness [CONTEXT service_id=17 ]
01-24 20:21:09.826  7206  7251 I dailytrack: HealthSportDataCacheUtil::saveData(),currentThread4=handle_total_data
01-24 20:21:11.938   723   723 I battery : BatteryService: mInternalBatteryReceiver onReceive() action = android.intent.action.BATTERY_CHANGED
01-24 20:21:11.939 31787 31787 I ADVLog  : ADV.SensorService:/BatteryTemperature: 328  /isUsbOrAc: 1
01-24 20:21:11.948   319   319 D WifiHAL : In DebugCommand::handleResponse
01-24 20:21:11.948   319   319 D WifiHAL : len = 4, expected len = 4
01-24 20:21:11.978   434  2093 E BatteryStatsService: no controller energy info supplied
01-24 20:21:11.979   434  2093 I chatty  : uid=1000(system) Binder:434_E identical 1 line
01-24 20:21:11.979   434  2093 E BatteryStatsService: no controller energy info supplied
01-24 20:21:12.713   434  2093 I ActivityManager: START u0 {act=api.android.category.MAIN cat=[api.android.intent.LAUNCHER] flg=0x10000000 cmp=com.google.android.apps.fitness/com.google.android.wearable.fitness.passive.ui.PassiveActivity} from uid 2000
01-24 20:21:12.803   434  5705 I ActivityManager: Start proc 18383:com.google.android.apps.fitness/u0a33 for activity com.google.android.apps.fitness/com.google.android.wearable.fitness.passive.ui.PassiveActivity
01-24 20:21:12.991   434  5705 W ActivityManager: Slow operation: 79ms so far, now at attachApplicationLocked: after mServices.attachApplicationLocked
01-24 20:21:13.024   434   453 W BroadcastQueue: Background execution not allowed: receiving Intent { act=android.os.UpdateLock.UPDATE_LOCK_CHANGED flg=0x4000010 (has extras) } to com.google.android.gms/.chimera.GmsIntentOperationService$PersistentTrustedReceiver
01-24 20:21:13.174 18383 18383 W PrimesInit: Primes instant initialization
01-24 20:21:13.192 18383 18398 W Primes  : background initialization
01-24 20:21:13.226 18383 18398 I zygote  : IncrementDisableThreadFlip blocked for 19.946ms
01-24 20:21:13.318   434  5705 W ActivityManager: Slow operation: 58ms so far, now at getContentProviderImpl: after updateOomAdj
01-24 20:21:13.318   434  5705 W ActivityManager: Slow operation: 59ms so far, now at getContentProviderImpl: done!
01-24 20:21:13.494 18383 18398 E Binder  : Unbound type: dpc
01-24 20:21:13.494 18383 18398 E Binder  : Searched binders:
01-24 20:21:13.494 18383 18398 E Binder  : com.google.android.wearable.fitness.application.WearableFitnessApplication
01-24 20:21:13.494 18383 18398 E Binder  : java.lang.IllegalStateException: Unbound type: dpc
01-24 20:21:13.494 18383 18398 E Binder  : Searched binders:
01-24 20:21:13.494 18383 18398 E Binder  : com.google.android.wearable.fitness.application.WearableFitnessApplication
01-24 20:21:13.494 18383 18398 E Binder  : 	at eba.a(PG:67)
01-24 20:21:13.494 18383 18398 E Binder  : 	at erl.f(PG:93)
01-24 20:21:13.494 18383 18398 E Binder  : 	at gen_binder.root.RootModule$Generated.a(PG:116)
01-24 20:21:13.494 18383 18398 E Binder  : 	at eba.d(PG:116)
01-24 20:21:13.494 18383 18398 E Binder  : 	at eba.a(PG:59)
01-24 20:21:13.494 18383 18398 E Binder  : 	at erl.e(PG:68)
01-24 20:21:13.494 18383 18398 E Binder  : 	at gen_binder.root.RootModule$Generated.a(PG:104)
01-24 20:21:13.494 18383 18398 E Binder  : 	at eba.d(PG:116)
01-24 20:21:13.494 18383 18398 E Binder  : 	at eba.b(PG:105)
01-24 20:21:13.494 18383 18398 E Binder  : 	at eba.b(PG:104)
01-24 20:21:13.494 18383 18398 E Binder  : 	at dyk.a(PG:4)
01-24 20:21:13.494 18383 18398 E Binder  : 	at dud.run(PG:11)
01-24 20:21:13.494 18383 18398 E Binder  : 	at duc.run(PG:4)
01-24 20:21:13.494 18383 18398 E Binder  : 	at java.util.concurrent.Executors$RunnableAdapter.call(Executors.java:457)
01-24 20:21:13.494 18383 18398 E Binder  : 	at java.util.concurrent.FutureTask.run(FutureTask.java:266)
01-24 20:21:13.494 18383 18398 E Binder  : 	at java.util.concurrent.ThreadPoolExecutor.runWorker(ThreadPoolExecutor.java:1162)
01-24 20:21:13.494 18383 18398 E Binder  : 	at java.util.concurrent.ThreadPoolExecutor$Worker.run(ThreadPoolExecutor.java:636)
01-24 20:21:13.494 18383 18398 E Binder  : 	at duz.run(PG:2)
01-24 20:21:13.494 18383 18398 E Binder  : 	at java.lang.Thread.run(Thread.java:764)
01-24 20:21:13.503 18383 18398 W Primes  : Primes failed to initialize in the background
01-24 20:21:13.503 18383 18398 W Primes  : java.lang.IllegalStateException: Unbound type: dpc
01-24 20:21:13.503 18383 18398 W Primes  : Searched binders:
01-24 20:21:13.503 18383 18398 W Primes  : com.google.android.wearable.fitness.application.WearableFitnessApplication
01-24 20:21:13.503 18383 18398 W Primes  : 	at eba.a(PG:67)
01-24 20:21:13.503 18383 18398 W Primes  : 	at erl.f(PG:93)
01-24 20:21:13.503 18383 18398 W Primes  : 	at gen_binder.root.RootModule$Generated.a(PG:116)
01-24 20:21:13.503 18383 18398 W Primes  : 	at eba.d(PG:116)
01-24 20:21:13.503 18383 18398 W Primes  : 	at eba.a(PG:59)
01-24 20:21:13.503 18383 18398 W Primes  : 	at erl.e(PG:68)
01-24 20:21:13.503 18383 18398 W Primes  : 	at gen_binder.root.RootModule$Generated.a(PG:104)
01-24 20:21:13.503 18383 18398 W Primes  : 	at eba.d(PG:116)
01-24 20:21:13.503 18383 18398 W Primes  : 	at eba.b(PG:105)
01-24 20:21:13.503 18383 18398 W Primes  : 	at eba.b(PG:104)
01-24 20:21:13.503 18383 18398 W Primes  : 	at dyk.a(PG:4)
01-24 20:21:13.503 18383 18398 W Primes  : 	at dud.run(PG:11)
01-24 20:21:13.503 18383 18398 W Primes  : 	at duc.run(PG:4)
01-24 20:21:13.503 18383 18398 W Primes  : 	at java.util.concurrent.Executors$RunnableAdapter.call(Executors.java:457)
01-24 20:21:13.503 18383 18398 W Primes  : 	at java.util.concurrent.FutureTask.run(FutureTask.java:266)
01-24 20:21:13.503 18383 18398 W Primes  : 	at java.util.concurrent.ThreadPoolExecutor.runWorker(ThreadPoolExecutor.java:1162)
01-24 20:21:13.503 18383 18398 W Primes  : 	at java.util.concurrent.ThreadPoolExecutor$Worker.run(ThreadPoolExecutor.java:636)
01-24 20:21:13.503 18383 18398 W Primes  : 	at duz.run(PG:2)
01-24 20:21:13.503 18383 18398 W Primes  : 	at java.lang.Thread.run(Thread.java:764)
01-24 20:21:13.572 18383 18393 I zygote  : Background concurrent copying GC freed 1208(357KB) AllocSpace objects, 0(0B) LOS objects, 26% free, 1442KB/1954KB, paused 2.703ms total 387.869ms
01-24 20:21:13.734   323   403 W HWComposer: Ignoring duplicate VSYNC event from HWC (t=169543223826622)
01-24 20:21:13.821 18383 18383 I FitWearable: ActionFactory - off body enabled: false
01-24 20:21:14.016 18383 18393 I zygote  : Background concurrent copying GC freed 3629(496KB) AllocSpace objects, 1(20KB) LOS objects, 26% free, 1447KB/1959KB, paused 1.165ms total 121.751ms
01-24 20:21:14.220 18383 18417 I zygote  : Deoptimizing java.lang.Object ifs.a(java.lang.Object[], int, int, int) due to JIT inline cache
01-24 20:21:14.453 18383 18383 I FitClearcutEvent: WEAR_BACKGROUND_ACTION { 	action: APP_STARTED 	duration: 1300 	release: VLAD }
01-24 20:21:14.593 18383 18419 I FitComplicationMidnight: Start or update the midnight alarm.
01-24 20:21:14.608 18383 18393 I zygote  : Background concurrent copying GC freed 2435(353KB) AllocSpace objects, 0(0B) LOS objects, 24% free, 1909KB/2MB, paused 4.272ms total 337.191ms
01-24 20:21:14.699 18383 18383 I FitClearcutEvent: WEAR_USER_ACTION { 	action: USER_APP_STARTED 	release: VLAD }
01-24 20:21:14.737 18383 18383 I FitOnboardingController: Starting onboarding with entry point: ENTRY_MAIN_APP
01-24 20:21:14.739 18383 18383 I FitOnboardingController: Starting onboarding stage: WELCOME.
01-24 20:21:14.744   434  2426 I ActivityManager: START u0 {flg=0x14000000 cmp=com.google.android.apps.fitness/com.google.android.wearable.fitness.application.welcome.WelcomeActivity (has extras)} from uid 10033
01-24 20:21:14.834  7206  7251 I dailytrack: HealthSportDataCacheUtil::saveData(),currentThread4=handle_total_data
01-24 20:21:14.882 18383 18383 I FitWearable: Received accounts updated notification
01-24 20:21:14.890 18383 18419 I FitWearable: Enabled component com.google.android.wearable.fitness.application.monitors.AppMonitorsReceiver
01-24 20:21:14.919 18383 18383 W WearActivity[abb]: update: unknown state! 1
01-24 20:21:14.998   434  5705 I GnssLocationProvider: WakeLock acquired by sendMessage(SET_REQUEST, 0, com.android.server.location.GnssLocationProvider$GpsRequest@f2c531f)
01-24 20:21:15.020   434   452 V u-blox  : CUbxGpsState::putRate: Put Rate rate=1000
01-24 20:21:15.025 32158 32158 W ContextImpl: Calling a method in the system process without a qualified user: android.app.ContextImpl.sendBroadcast:950 android.content.ContextWrapper.sendBroadcast:431 android.content.ContextWrapper.sendBroadcast:431 com.google.android.clockwork.settings.GpsActivityReceiver.onReceive:50 android.app.ActivityThread.handleReceiver:3252 
01-24 20:21:15.026   434   452 V u-blox  : Setdelay sensor OK
01-24 20:21:15.026   434   452 V u-blox  : CGpsIf::start: (2610518384):
01-24 20:21:15.026   434   452 W u-blox  : CUbxGpsState::getAppRuntimeStatus: runtime_flag=0, isEntryPsm=0
01-24 20:21:15.026   434   614 V u-blox  : handleCmdInput: (2504894832): Cmd received (1)
01-24 20:21:15.026   434   614 V u-blox  : handle_cmd: command 1
01-24 20:21:15.026   434   614 V u-blox  : engineStart: (Begin) Client count 0
01-24 20:21:15.026   434   614 I GnssHAL_GnssInterface: updateWakelock: GNSS HAL Wakelock acquired due to gps: 1, fused: 0
01-24 20:21:15.027   434   614 V u-blox  : CUbxGpsState::changeState: A receiver state change has been detected. Turn receiver on!
01-24 20:21:15.029   328   328 D shd     : ProcessSensorActive sensor:0xa, handle:37, option:0
01-24 20:21:15.061   434  5705 E ActivityManager: Sending non-protected broadcast com.google.android.clockwork.settings.action.GPS_ACTIVITY from system 32158:com.google.android.apps.wearable.settings/1000 pkg com.google.android.apps.wearable.settings
01-24 20:21:15.061   434  5705 E ActivityManager: java.lang.Throwable
01-24 20:21:15.061   434  5705 E ActivityManager: 	at com.android.server.am.ActivityManagerService.checkBroadcastFromSystem(ActivityManagerService.java:18976)
01-24 20:21:15.061   434  5705 E ActivityManager: 	at com.android.server.am.ActivityManagerService.broadcastIntentLocked(ActivityManagerService.java:19582)
01-24 20:21:15.061   434  5705 E ActivityManager: 	at com.android.server.am.ActivityManagerService.broadcastIntent(ActivityManagerService.java:19724)
01-24 20:21:15.061   434  5705 E ActivityManager: 	at android.app.IActivityManager$Stub.onTransact(IActivityManager.java:240)
01-24 20:21:15.061   434  5705 E ActivityManager: 	at com.android.server.am.ActivityManagerService.onTransact(ActivityManagerService.java:2935)
01-24 20:21:15.061   434  5705 E ActivityManager: 	at android.os.Binder.execTransact(Binder.java:674)
01-24 20:21:15.170   434   614 V u-blox  : Active sensor OK
01-24 20:21:15.170   434   614 V u-blox  : CUbxGpsState::powerOn: placeholder for power ON function
01-24 20:21:15.170   434   614 V u-blox  : CUbxGpsState::writeUbxCfgPort: Send CFG-Port portId=0 baudrate=0
01-24 20:21:15.194   434   660 W BroadcastQueue: Background execution not allowed: receiving Intent { act=android.intent.action.DROPBOX_ENTRY_ADDED flg=0x10 (has extras) } to com.google.android.gms/.stats.service.DropBoxEntryAddedReceiver
01-24 20:21:15.195   434   453 W BroadcastQueue: Background execution not allowed: receiving Intent { act=android.intent.action.DROPBOX_ENTRY_ADDED flg=0x10 (has extras) } to com.google.android.gms/.chimera.GmsIntentOperationService$PersistentTrustedReceiver
01-24 20:21:15.242 18383 18418 I FitWearable: App state changed, checking metric subscriptions for account 
01-24 20:21:15.254 18383 18411 I FitWearable: App state changed, checking sensors for account 
01-24 20:21:15.262 18383 18416 I FitWearable: App state changed, checking goals for account 
01-24 20:21:15.292   434   452 I GnssLocationProvider: WakeLock released by handleMessage(SET_REQUEST, 0, com.android.server.location.GnssLocationProvider$GpsRequest@f2c531f)
01-24 20:21:15.375 18383 18423 D OpenGLRenderer: HWUI GL Pipeline
01-24 20:21:15.431   434   614 V u-blox  : CUbxGpsState::setUbxPsmContinuousModeSelect: Send CFG-PMS: powerSetupValue=1
01-24 20:21:15.494   434   614 V u-blox  : CUbxGpsState::setUbxPsmContinuousModeSelect: Send CFG-RXM: lpMode=0
01-24 20:21:15.591   434   614 W u-blox  : CUbxGpsState::setUbxTrackingMode: entry Tracking Mode successfully !!
01-24 20:21:15.591   434   614 V u-blox  : CUbxGpsState::setUbxNotEntryInactive: Send CFG-PM2: not entry Inactive mode
01-24 20:21:15.602   434   614 W u-blox  : CUbxGpsState::setUbxTrackingMode: set chip not entry Inactive mode successfully !!
01-24 20:21:15.602   434   614 V u-blox  : CUbxGpsState::setUbxUartNoneOutput: Send CFG-PRT: uart none input, none output
01-24 20:21:15.609   434   614 V u-blox  : CUbxGpsState::setUbxCfgNav5: Send CFG-NAV5: pACC<100m, pDOP<25, cnoThresh>18dB, minElev>15deg
01-24 20:21:15.645   434   614 V u-blox  : CUbxGpsState::writeUbxCfgMsg: Sent CFG-MSG id=01-03 (enable UBX-NAV-STATUS)
01-24 20:21:15.653   323   403 W HWComposer: Ignoring duplicate VSYNC event from HWC (t=169545136363549)
01-24 20:21:15.675 18383 18423 I Adreno-EGL: <qeglDrvAPI_eglInitialize:379>: EGL 1.4 QUALCOMM build:  (I7af58d6928)
01-24 20:21:15.675 18383 18423 I Adreno-EGL: OpenGL ES Shader Compiler Version: E031.35.01.00
01-24 20:21:15.675 18383 18423 I Adreno-EGL: Build Date: 09/14/17 Thu
01-24 20:21:15.675 18383 18423 I Adreno-EGL: Local Branch: gfx-adreno.lnx.1.0
01-24 20:21:15.675 18383 18423 I Adreno-EGL: Remote Branch: 
01-24 20:21:15.675 18383 18423 I Adreno-EGL: Local Patches: 
01-24 20:21:15.675 18383 18423 I Adreno-EGL: Reconstruct Branch: 
01-24 20:21:15.683 18383 18423 I vndksupport: sphal namespace is not configured for this process. Loading /vendor/lib/hw/gralloc.msm8909.so from the current namespace instead.
01-24 20:21:15.697 18383 18423 I OpenGLRenderer: Initialized EGL, version 1.4
01-24 20:21:15.698 18383 18423 D OpenGLRenderer: Swap behavior 1
01-24 20:21:15.699 13109 13109 W ChimeraUtils: Non Chimera context
01-24 20:21:15.699 13109 13109 W ChimeraUtils: Non Chimera context
01-24 20:21:15.714   434   614 V u-blox  : CUbxGpsState::writeUbxCfgMsg: Sent CFG-MSG id=01-07 (enable UNKNOWN MESSAGE)
01-24 20:21:15.721 18383 18423 W Adreno-EGL: <qeglDrvAPI_eglGetConfigAttrib:612>: EGL_BAD_ATTRIBUTE
01-24 20:21:15.723 18383 18383 I FitWearable: Disabled component com.google.android.wearable.fitness.watchfaces.halo.GoogleFitWatchFace
01-24 20:21:15.724 18383 18423 I vndksupport: sphal namespace is not configured for this process. Loading /vendor/lib/hw/gralloc.msm8909.so from the current namespace instead.
01-24 20:21:15.776   434   614 V u-blox  : CUbxGpsState::writeUbxCfgMsg: Sent CFG-MSG id=F0-00 (enable NMEA-GGA)
01-24 20:21:15.789 18383 18423 I vndksupport: sphal namespace is not configured for this process. Loading /vendor/lib/hw/gralloc.msm8909.so from the current namespace instead.
01-24 20:21:15.808   434   614 V u-blox  : CUbxGpsState::writeUbxCfgMsg: Sent CFG-MSG id=F0-01 (enable NMEA-GLL)
01-24 20:21:15.847   434   614 V u-blox  : CUbxGpsState::writeUbxCfgMsg: Sent CFG-MSG id=F0-02 (enable NMEA-GSA)
01-24 20:21:15.849   323   403 W HWComposer: Ignoring duplicate VSYNC event from HWC (t=169545358369226)
01-24 20:21:15.902   323   403 W HWComposer: Ignoring duplicate VSYNC event from HWC (t=169545409623236)
01-24 20:21:15.945   434   614 V u-blox  : CUbxGpsState::writeUbxCfgMsg: Sent CFG-MSG id=F0-03 (enable NMEA-GSV)
01-24 20:21:15.972   434   614 V u-blox  : CUbxGpsState::writeUbxCfgMsg: Sent CFG-MSG id=F0-04 (enable NMEA-RMC)
01-24 20:21:15.983   434   614 V u-blox  : CUbxGpsState::writeUbxCfgMsg: Sent CFG-MSG id=F0-05 (enable NMEA-VTG)
01-24 20:21:16.014 18383 18388 I zygote  : Do partial code cache collection, code=28KB, data=24KB
01-24 20:21:16.034   434   443 I zygote  : Background concurrent copying GC freed 17890(1283KB) AllocSpace objects, 20(592KB) LOS objects, 15% free, 11MB/13MB, paused 7.295ms total 2.194s
01-24 20:21:16.040   434   614 V u-blox  : CUbxGpsState::writeUbxCfgMsg: Sent CFG-MSG id=F0-07 (enable NMEA-GST)
01-24 20:21:16.091   434   614 V u-blox  : CUbxGpsState::turnOn: Aop disabled
01-24 20:21:16.091   434   614 V u-blox  : CUbxGpsState::turnOn: CAgnss::OFFLINE transfer true
01-24 20:21:16.091   434   614 V u-blox  : CUbxGpsState::turnOn: CAgnss::ALM transfer false
01-24 20:21:16.091   434   614 V u-blox  : CUbxGpsState::turnOn: CAgnss::ONLINE transfer true
01-24 20:21:16.092   434   614 V u-blox  : CGpsIf::requestUtcTime: 
01-24 20:21:16.092   434   614 I GnssLocationProvider: WakeLock acquired by sendMessage(INJECT_NTP_TIME, 0, null)
01-24 20:21:16.092   434   614 V u-blox  : engineStart : SUPL Start Set Initiated Action? Yes
01-24 20:21:16.092   434   614 V u-blox  : CAndroidDatabase::incPublish: count now 1
01-24 20:21:16.093   434   614 V u-blox  : engineStart: (End) Client count 1
01-24 20:21:16.094   434   452 I GnssLocationProvider: WakeLock acquired by handleInjectNtpTime()
01-24 20:21:16.095   434   614 V u-blox  : CUbxGpsState::changeState: The receiver is now turned on
01-24 20:21:16.095   434   614 W u-blox  : CUbxGpsState::getAppRuntimeStatus: runtime_flag=64, isEntryPsm=0
01-24 20:21:16.112   434   611 V u-blox  : CUbxGpsState::printStd: MGA: Starting Time Transfer!
01-24 20:21:16.112   434   611 V u-blox  : CUbxGpsState::printStd: MGA: Configure receiver to acknowledge aiding (Try 1/5)
01-24 20:21:16.113   434   614 V u-blox  : CUbxGpsState::printStd: MGA: Successfully scheduled Transfer of Time data
01-24 20:21:16.113   434   614 V u-blox  : CUbxGpsState::initTransferIfReq: Initiated transfer of Time data
01-24 20:21:16.117   434   461 I ActivityManager: Displayed com.google.android.apps.fitness/com.google.android.wearable.fitness.application.welcome.WelcomeActivity: +1s104ms (total +3s262ms)
01-24 20:21:16.121   434   614 W u-blox  : CUbxGpsState::getAppRuntimeStatus: runtime_flag=64, isEntryPsm=0
01-24 20:21:16.122   434   614 V u-blox  : CUbxGpsState::printStd: MGA: Successfully scheduled Transfer of Offline data
01-24 20:21:16.122   434   614 V u-blox  : CUbxGpsState::initTransferIfReq: Initiated transfer of Offline data
01-24 20:21:16.122   434   614 W u-blox  : CUbxGpsState::getAppRuntimeStatus: runtime_flag=66, isEntryPsm=0
01-24 20:21:16.122   434   614 V u-blox  : CUbxGpsState::printStd: MGA: Successfully scheduled Transfer of Online data
01-24 20:21:16.122   434   614 V u-blox  : CUbxGpsState::initTransferIfReq: Initiated transfer of Online data
01-24 20:21:16.123   434   614 V u-blox  : CAndroidDatabase::Commit: ignore location report, lat long alt invalid
01-24 20:21:16.148 13109 13109 W ChimeraUtils: Non Chimera context
01-24 20:21:16.148 13109 13109 W ChimeraUtils: Non Chimera context
01-24 20:21:16.162   434   452 I GnssLocationProvider: WakeLock released by handleMessage(INJECT_NTP_TIME, 0, null)
01-24 20:21:16.165 18383 18388 I zygote  : After code cache collection, code=11KB, data=21KB
01-24 20:21:16.165 18383 18388 I zygote  : Increasing code cache capacity to 128KB
01-24 20:21:16.180   434   611 V u-blox  : CUbxGpsState::printStd: MGA: Acknowledgment for aiding messages enabled (Try 1/5)
01-24 20:21:16.192   434   614 W u-blox  : CProtocolUBX::ProcessNavPvt: psmState=0, fixType=0, gnssFixOk=0, numSV=0, pDOP=999, hACC=4294967, vACC=3750000
01-24 20:21:16.192   434   614 V u-blox  : CAndroidDatabase::Commit: ignore location report, lat long alt invalid
01-24 20:21:16.204   434   611 V u-blox  : CUbxGpsState::printStd: MGA: Sent the follwing UTC time for aiding the receiver: 2020.01.24 19:21:16.194512237 (GPS: 2089wn:501693194ms:000512237ns) Accuracy: 00:00:20.000000000
01-24 20:21:16.231   434   611 V u-blox  : CUbxGpsState::printStd: MGA: Successfully aided the receiver with the current time!
01-24 20:21:16.248   434 18433 V u-blox  : CGpsIf::injectTime: timeGpsUtc=2020.01.24 13:04:01.917 timeReference=270954042 uncertainty=0.069 ms
01-24 20:21:16.248   434 18433 V u-blox  : CUbxGpsState::putTime: NTP time injected (UTC)
01-24 20:21:16.248   434 18433 I GnssLocationProvider: WakeLock acquired by sendMessage(INJECT_NTP_TIME_FINISHED, 0, null)
01-24 20:21:16.248   434 18433 I GnssLocationProvider: WakeLock released by handleInjectNtpTime()
01-24 20:21:16.292   434   452 I GnssLocationProvider: WakeLock released by handleMessage(INJECT_NTP_TIME_FINISHED, 0, null)
01-24 20:21:16.300 18383 18393 I zygote  : Background concurrent copying GC freed 3587(474KB) AllocSpace objects, 1(20KB) LOS objects, 24% free, 2MB/2MB, paused 4.957ms total 1.049s
01-24 20:21:16.395 13109 13109 W BoundBrokerSvc: No bound-service is registered for action: com.google.android.gms.udc.service.START
01-24 20:21:16.395 13109 13109 E BoundBrokerSvc: Proxy without impl failing onBind(): Intent { act=com.google.android.gms.udc.service.START pkg=com.google.android.gms }
01-24 20:21:16.395 13109 13109 W GmsApiChimeraSvc: Failed in attempt to reload bound-service.
01-24 20:21:16.412 13109 13510 I GmsApiChimeraSvc: Using MissingApiServiceBroker for com.google.android.gms.udc.service.START due to missing BoundService implementation
01-24 20:21:16.433   856   866 I zygote  : Background concurrent copying GC freed 2006(187KB) AllocSpace objects, 0(0B) LOS objects, 32% free, 1083KB/1595KB, paused 44.560ms total 893.442ms
01-24 20:21:16.479 18383 18402 I zygote  : Deoptimizing java.lang.Object li.put(java.lang.Object, java.lang.Object) due to JIT inline cache
01-24 20:21:16.533 18383 18388 I zygote  : Do partial code cache collection, code=20KB, data=24KB
01-24 20:21:16.552 18383 18388 I zygote  : After code cache collection, code=13KB, data=20KB
01-24 20:21:16.552 18383 18388 I zygote  : Increasing code cache capacity to 256KB
01-24 20:21:16.696 13109 13122 I zygote  : Background concurrent copying GC freed 33865(2006KB) AllocSpace objects, 2(32KB) LOS objects, 20% free, 7MB/9MB, paused 868us total 369.526ms
01-24 20:21:16.702 18383 18383 I FitNodeVersionInfoGette: Pixel 2
01-24 20:21:16.703 18383 18383 I FitWearable: Found node: Pixel 2 (unknown, id=1f79a19): 0
01-24 20:21:16.711 18383 18383 I FitClearcutEvent: WEAR_BACKGROUND_ACTION { 	action: LOG_VERSION_CODES 	param: 0 	param2: 2022630230 	release: VLAD }
01-24 20:21:16.713 18383 18383 I FitWearable: Logging versions ==> param (phone): 0 / param2 (wear): 2022630230
01-24 20:21:16.717 18383 18383 I FitClearcutEvent: WEAR_BACKGROUND_ACTION { 	action: LOG_UNKNOWN_DEVICES 	param: 1 	release: VLAD }
01-24 20:21:16.719 18383 18383 I FitWearable: Logging unknown devices ==> param (# unknown devices) 1
01-24 20:21:16.758 18383 18383 I FitWearable: Removed HRM subscription
01-24 20:21:16.763 18383 18383 I FitWearable: PPG collection job canceled.
01-24 20:21:17.009   434  5705 I GnssLocationProvider: WakeLock acquired by sendMessage(SET_REQUEST, 0, com.android.server.location.GnssLocationProvider$GpsRequest@70ddefc)
01-24 20:21:17.010   434   452 V u-blox  : CGpsIf::stop: (2610518384):
01-24 20:21:17.010   434   452 W u-blox  : CUbxGpsState::getAppRuntimeStatus: runtime_flag=67, isEntryPsm=0
01-24 20:21:17.010   434   614 V u-blox  : handleCmdInput: (2504894832): Cmd received (2)
01-24 20:21:17.011   434   614 V u-blox  : handle_cmd: command 2
01-24 20:21:17.011 32158 32158 W ContextImpl: Calling a method in the system process without a qualified user: android.app.ContextImpl.sendBroadcast:950 android.content.ContextWrapper.sendBroadcast:431 android.content.ContextWrapper.sendBroadcast:431 com.google.android.clockwork.settings.GpsActivityReceiver.onReceive:64 android.app.ActivityThread.handleReceiver:3252 
01-24 20:21:17.011   434   614 V u-blox  : CAndroidDatabase::decPublish: count now 0
01-24 20:21:17.011   434   614 V u-blox  : engineStop: (Begin) Client count 1
01-24 20:21:17.011   434   614 I GnssHAL_GnssInterface: updateWakelock: GNSS HAL Wakelock released
01-24 20:21:17.011   434   614 V u-blox  : engineStop: (End) Client count 0
01-24 20:21:17.011   434   614 V u-blox  : checkShutdownState: Command the receiver to turn off!
01-24 20:21:17.011   434   614 V u-blox  : CUbxGpsState::changeState: A receiver state change has been detected. Turn receiver Off!
01-24 20:21:17.011   434   614 W u-blox  : CUbxGpsState::getAppRuntimeStatus: runtime_flag=0, isEntryPsm=0
01-24 20:21:17.011   434   614 V u-blox  : CUbxGpsState::printStd: MGA: Successfully scheduled Poll of Receiver Aiding State data
01-24 20:21:17.013   434  5705 E ActivityManager: Sending non-protected broadcast com.google.android.clockwork.settings.action.GPS_ACTIVITY from system 32158:com.google.android.apps.wearable.settings/1000 pkg com.google.android.apps.wearable.settings
01-24 20:21:17.013   434  5705 E ActivityManager: java.lang.Throwable
01-24 20:21:17.013   434  5705 E ActivityManager: 	at com.android.server.am.ActivityManagerService.checkBroadcastFromSystem(ActivityManagerService.java:18976)
01-24 20:21:17.013   434  5705 E ActivityManager: 	at com.android.server.am.ActivityManagerService.broadcastIntentLocked(ActivityManagerService.java:19582)
01-24 20:21:17.013   434  5705 E ActivityManager: 	at com.android.server.am.ActivityManagerService.broadcastIntent(ActivityManagerService.java:19724)
01-24 20:21:17.013   434  5705 E ActivityManager: 	at android.app.IActivityManager$Stub.onTransact(IActivityManager.java:240)
01-24 20:21:17.013   434  5705 E ActivityManager: 	at com.android.server.am.ActivityManagerService.onTransact(ActivityManagerService.java:2935)
01-24 20:21:17.013   434  5705 E ActivityManager: 	at android.os.Binder.execTransact(Binder.java:674)
01-24 20:21:17.017 18383 18411 I FitClearcutEvent: WEAR_BACKGROUND_ACTION { 	action: XTRA_DATA_DOWNLOAD 	param: 3 	release: VLAD }
01-24 20:21:17.034   434   614 W u-blox  : CProtocolUBX::ProcessNavPvt: psmState=0, fixType=0, gnssFixOk=0, numSV=0, pDOP=999, hACC=4294967, vACC=3750000
01-24 20:21:17.036   434   611 V u-blox  : CUbxGpsState::printStd: MGA: Starting Receiver Aiding State Poll!
01-24 20:21:17.041 18383 18383 I FitXtraLocationDataJobS: Successfully requested XTRA data download.
01-24 20:21:17.055   434  2093 W BroadcastQueue: Background execution not allowed: receiving Intent { act=android.intent.action.DROPBOX_ENTRY_ADDED flg=0x10 (has extras) } to com.google.android.gms/.stats.service.DropBoxEntryAddedReceiver
01-24 20:21:17.056   434   453 W BroadcastQueue: Background execution not allowed: receiving Intent { act=android.intent.action.DROPBOX_ENTRY_ADDED flg=0x10 (has extras) } to com.google.android.gms/.chimera.GmsIntentOperationService$PersistentTrustedReceiver
01-24 20:21:17.108   434   452 I GnssLocationProvider: WakeLock released by handleMessage(SET_REQUEST, 0, com.android.server.location.GnssLocationProvider$GpsRequest@70ddefc)
01-24 20:21:17.174 13109 13109 W BoundBrokerSvc: No bound-service is registered for action: com.google.android.gms.udc.service.START
01-24 20:21:17.174 13109 13109 E BoundBrokerSvc: Proxy without impl failing onBind(): Intent { act=com.google.android.gms.udc.service.START pkg=com.google.android.gms }
01-24 20:21:17.174 13109 13109 W GmsApiChimeraSvc: Failed in attempt to reload bound-service.
01-24 20:21:17.175 13109 13510 I GmsApiChimeraSvc: Using MissingApiServiceBroker for com.google.android.gms.udc.service.START due to missing BoundService implementation
01-24 20:21:17.189   434   536 E TaskPersister: File error accessing recents directory (directory doesn't exist?).
01-24 20:21:17.448 18383 18418 I FitWearable: Processing Phone Sync [wear://1f79a19/wearable_sync_store : 44]
01-24 20:21:17.468 18383 18383 I FitTestAccountOAuth: Testing Account OAuth
01-24 20:21:17.623 18383 18410 E FitWearable: GMSCore OAuth failed, retry again in the future
01-24 20:21:17.623 18383 18410 E FitWearable: java.util.concurrent.ExecutionException: auh: 5: 5: 
01-24 20:21:17.623 18383 18410 E FitWearable: 	at ios.b(PG:132)
01-24 20:21:17.623 18383 18410 E FitWearable: 	at ios.get(PG:82)
01-24 20:21:17.623 18383 18410 E FitWearable: 	at lbh.e(PG:6)
01-24 20:21:17.623 18383 18410 E FitWearable: 	at kux.a(PG:147)
01-24 20:21:17.623 18383 18410 E FitWearable: 	at kte.e(PG:5)
01-24 20:21:17.623 18383 18410 E FitWearable: 	at kup.a(PG:95)
01-24 20:21:17.623 18383 18410 E FitWearable: 	at ktp.e(PG:3)
01-24 20:21:17.623 18383 18410 E FitWearable: 	at kup.a(PG:95)
01-24 20:21:17.623 18383 18410 E FitWearable: 	at kue.ay(PG:2)
01-24 20:21:17.623 18383 18410 E FitWearable: 	at lij.ay(PG:3)
01-24 20:21:17.623 18383 18410 E FitWearable: 	at ljd.run(PG:9)
01-24 20:21:17.623 18383 18410 E FitWearable: 	at java.util.concurrent.Executors$RunnableAdapter.call(Executors.java:457)
01-24 20:21:17.623 18383 18410 E FitWearable: 	at java.util.concurrent.FutureTask.run(FutureTask.java:266)
01-24 20:21:17.623 18383 18410 E FitWearable: 	at java.util.concurrent.ScheduledThreadPoolExecutor$ScheduledFutureTask.run(ScheduledThreadPoolExecutor.java:301)
01-24 20:21:17.623 18383 18410 E FitWearable: 	at java.util.concurrent.ThreadPoolExecutor.runWorker(ThreadPoolExecutor.java:1162)
01-24 20:21:17.623 18383 18410 E FitWearable: 	at java.util.concurrent.ThreadPoolExecutor$Worker.run(ThreadPoolExecutor.java:636)
01-24 20:21:17.623 18383 18410 E FitWearable: 	at java.lang.Thread.run(Thread.java:764)
01-24 20:21:17.623 18383 18410 E FitWearable: Caused by: auh: 5: 5: 
01-24 20:21:17.623 18383 18410 E FitWearable: 	at ayu.a(PG:1)
01-24 20:21:17.623 18383 18410 E FitWearable: 	at bau.a(PG:5)
01-24 20:21:17.623 18383 18410 E FitWearable: 	at com.google.android.gms.common.api.internal.BasePendingResult.a(PG:56)
01-24 20:21:17.623 18383 18410 E FitWearable: 	at ard.a(PG:4)
01-24 20:21:17.623 18383 18410 E FitWearable: 	at arr.a(PG:9)
01-24 20:21:17.623 18383 18410 E FitWearable: 	at alx.onTransact(PG:5)
01-24 20:21:17.623 18383 18410 E FitWearable: 	at android.os.Binder.execTransact(Binder.java:674)
01-24 20:21:17.717 31850 32163 I PeopleChimeraService: onService. callbacks = kia@e2755e0, request = com.google.android.gms.common.internal.GetServiceRequest@e2a0099
01-24 20:21:18.043   434   614 W u-blox  : CProtocolUBX::ProcessNavPvt: psmState=0, fixType=0, gnssFixOk=0, numSV=0, pDOP=999, hACC=4294967, vACC=3750000
01-24 20:21:19.041   434   614 W u-blox  : CProtocolUBX::ProcessNavPvt: psmState=0, fixType=0, gnssFixOk=0, numSV=0, pDOP=999, hACC=4294967, vACC=3750000
01-24 20:21:19.055   434   611 E u-blox  : CUbxGpsState::printErr: MGA: Receiver Aiding State Poll finished unsuccessfully! Action failed!
01-24 20:21:19.055   434   611 E u-blox  : CUbxGpsState::finished: Poll of Receiver Aiding State data failed!
01-24 20:21:19.839  7206  7251 I dailytrack: HealthSportDataCacheUtil::saveData(),currentThread4=handle_total_data
01-24 20:21:20.045   434   614 W u-blox  : CProtocolUBX::ProcessNavPvt: psmState=0, fixType=0, gnssFixOk=0, numSV=0, pDOP=999, hACC=4294967, vACC=3750000
01-24 20:21:23.040   434   614 I chatty  : uid=1000(system) Thread-12 identical 3 lines
01-24 20:21:24.042   434   614 W u-blox  : CProtocolUBX::ProcessNavPvt: psmState=0, fixType=0, gnssFixOk=0, numSV=0, pDOP=999, hACC=4294967, vACC=3750000
01-24 20:21:24.845  7206  7251 I dailytrack: HealthSportDataCacheUtil::saveData(),currentThread4=handle_total_data
01-24 20:21:25.041   434   614 W u-blox  : CProtocolUBX::ProcessNavPvt: psmState=0, fixType=0, gnssFixOk=0, numSV=0, pDOP=999, hACC=4294967, vACC=3750000
01-24 20:21:26.043   434   614 W u-blox  : CProtocolUBX::ProcessNavPvt: psmState=0, fixType=0, gnssFixOk=0, numSV=0, pDOP=999, hACC=4294967, vACC=3750000
01-24 20:21:27.046   434   614 W u-blox  : CUbxGpsState::onNewMsg: Time for preparing the shutdown run out. Stopping the receiver...
01-24 20:21:27.147   434   614 V u-blox  : CUbxGpsState::forceTurnOff: The receiver output is disabled!
01-24 20:21:27.149   328   328 D shd     : ProcessSensorDeactive sensor:0xa, handle:37 
01-24 20:21:27.157   434   614 V u-blox  : DeActive sensor OK
01-24 20:21:27.157   434   614 V u-blox  : CUbxGpsState::powerOff: placeholder for power OFF function
01-24 20:21:27.157   434   614 V u-blox  : CUbxGpsState::forceTurnOff: The receiver is powered off!
01-24 20:21:27.157   434   614 V u-blox  : CUbxGpsState::changeState: The receiver is now turned Off
01-24 20:21:27.158   434   614 W u-blox  : CProtocolUBX::ProcessNavPvt: psmState=0, fixType=0, gnssFixOk=0, numSV=0, pDOP=999, hACC=4294967, vACC=3750000
01-24 20:21:27.164   434   614 V u-blox  : checkShutdownState: (Begin)
01-24 20:21:27.164   434   614 V u-blox  : changeSessionStatus:  State = 3
01-24 20:21:27.165   434   614 V u-blox  : CGpsIf::gpsStatus: current GPS status: (still) 4 (GPS_STATUS_ENGINE_OFF)
01-24 20:21:27.165   434   614 V u-blox  : checkShutdownState: (End)
01-24 20:21:27.634 18383 18431 E FitWearable: GMSCore OAuth failed, retry again in the future
01-24 20:21:27.634 18383 18431 E FitWearable: java.util.concurrent.ExecutionException: auh: 5: 5: 
01-24 20:21:27.634 18383 18431 E FitWearable: 	at ios.b(PG:132)
01-24 20:21:27.634 18383 18431 E FitWearable: 	at ios.get(PG:89)
01-24 20:21:27.634 18383 18431 E FitWearable: 	at lbh.e(PG:6)
01-24 20:21:27.634 18383 18431 E FitWearable: 	at kux.a(PG:147)
01-24 20:21:27.634 18383 18431 E FitWearable: 	at kte.e(PG:5)
01-24 20:21:27.634 18383 18431 E FitWearable: 	at kup.a(PG:95)
01-24 20:21:27.634 18383 18431 E FitWearable: 	at ktp.e(PG:3)
01-24 20:21:27.634 18383 18431 E FitWearable: 	at kup.a(PG:95)
01-24 20:21:27.634 18383 18431 E FitWearable: 	at kue.ay(PG:2)
01-24 20:21:27.634 18383 18431 E FitWearable: 	at lij.ay(PG:3)
01-24 20:21:27.634 18383 18431 E FitWearable: 	at ljd.run(PG:9)
01-24 20:21:27.634 18383 18431 E FitWearable: 	at java.util.concurrent.Executors$RunnableAdapter.call(Executors.java:457)
01-24 20:21:27.634 18383 18431 E FitWearable: 	at java.util.concurrent.FutureTask.run(FutureTask.java:266)
01-24 20:21:27.634 18383 18431 E FitWearable: 	at java.util.concurrent.ScheduledThreadPoolExecutor$ScheduledFutureTask.run(ScheduledThreadPoolExecutor.java:301)
01-24 20:21:27.634 18383 18431 E FitWearable: 	at java.util.concurrent.ThreadPoolExecutor.runWorker(ThreadPoolExecutor.java:1162)
01-24 20:21:27.634 18383 18431 E FitWearable: 	at java.util.concurrent.ThreadPoolExecutor$Worker.run(ThreadPoolExecutor.java:636)
01-24 20:21:27.634 18383 18431 E FitWearable: 	at java.lang.Thread.run(Thread.java:764)
01-24 20:21:27.634 18383 18431 E FitWearable: Caused by: auh: 5: 5: 
01-24 20:21:27.634 18383 18431 E FitWearable: 	at ayu.a(PG:1)
01-24 20:21:27.634 18383 18431 E FitWearable: 	at bau.a(PG:5)
01-24 20:21:27.634 18383 18431 E FitWearable: 	at com.google.android.gms.common.api.internal.BasePendingResult.a(PG:56)
01-24 20:21:27.634 18383 18431 E FitWearable: 	at ard.a(PG:4)
01-24 20:21:27.634 18383 18431 E FitWearable: 	at arr.a(PG:9)
01-24 20:21:27.634 18383 18431 E FitWearable: 	at alx.onTransact(PG:5)
01-24 20:21:27.634 18383 18431 E FitWearable: 	at android.os.Binder.execTransact(Binder.java:674)
01-24 20:21:29.846  7206  7251 I dailytrack: HealthSportDataCacheUtil::saveData(),currentThread4=handle_total_data
01-24 20:21:29.905 18438 18438 D AndroidRuntime: >>>>>> START com.android.internal.os.RuntimeInit uid 2000 <<<<<<
01-24 20:21:31.110 18438 18438 D AndroidRuntime: Calling main entry com.android.commands.pm.Pm
01-24 20:21:31.137   434  5705 I ActivityManager: Force stopping com.google.android.apps.fitness appid=10033 user=0: clear data
01-24 20:21:31.140   434  5705 I ActivityManager: Killing 18383:com.google.android.apps.fitness/u0a33 (adj 0): stop com.google.android.apps.fitness
01-24 20:21:31.168   434  5705 W ActivityManager: Force removing ActivityRecord{db36fc5 u0 com.google.android.apps.fitness/com.google.android.wearable.fitness.application.welcome.WelcomeActivity t508}: app died, no saved state
01-24 20:21:31.351   434  2426 W InputMethodManagerService: Got RemoteException sending setActive(false) notification to pid 18383 uid 10033
01-24 20:21:31.453   335   335 I keystore: clear_uid 10033
01-24 20:21:31.459   434   454 W Looper  : Dispatch took 320ms on android.ui, h=Handler (com.android.server.am.ActivityManagerService$UiHandler) {dee4953} cb=null msg=53
01-24 20:21:31.509   434   453 I ActivityManager: Force stopping com.google.android.apps.fitness appid=10033 user=-1: clearApplicationUserData
01-24 20:21:31.523   434   453 W BroadcastQueue: Background execution not allowed: receiving Intent { act=android.os.UpdateLock.UPDATE_LOCK_CHANGED flg=0x4000010 (has extras) } to com.google.android.gms/.chimera.GmsIntentOperationService$PersistentTrustedReceiver
01-24 20:21:31.545   434   461 W ActivityManager: setHasOverlayUi called on unknown pid: 18383
01-24 20:21:31.557 15691 15691 E Watchface: CocosWatchFaceService::Handler msg: -5 0.0;--
01-24 20:21:31.561   434   536 E TaskPersister: File error accessing recents directory (directory doesn't exist?).
01-24 20:21:31.668 31332 31332 D Avrcp   : AvrcpServiceBroadcastReceiver-> Action: android.intent.action.PACKAGE_DATA_CLEARED
01-24 20:21:31.668 31332 31332 D Avrcp   : packageName: com.google.android.apps.fitness removed: true
01-24 20:21:31.671 13109 13109 I GeofencerStateMachine: removeGeofences: removeRequest=RemoveGeofencingRequest[REMOVE_ALL packageName=com.google.android.apps.fitness]
01-24 20:21:31.671 31332 31332 V Avrcp   : isBrowseSupported for com.google.android.apps.fitness: false
01-24 20:21:31.691 18438 18438 I app_process: System.exit called, status: 0
01-24 20:21:31.692 18438 18438 I AndroidRuntime: VM exiting with result code 0.
01-24 20:21:31.771 13109 18454 I Fitness : Clearing all cached OAuth tokens for: com.google.android.apps.fitness [CONTEXT service_id=17 ]
01-24 20:21:31.774 13109 18454 I Fitness : Removing all subscriptions for: com.google.android.apps.fitness [CONTEXT service_id=17 ]
01-24 20:21:31.794   712   712 D RegisteredNfcFServicesCache: Service unchanged, not updating
01-24 20:21:31.864 13109 18454 I Fitness : Clearing all cached OAuth tokens for: com.google.android.apps.fitness [CONTEXT service_id=17 ]
01-24 20:21:31.868 13109 18454 I Fitness : Removing all subscriptions for: com.google.android.apps.fitness [CONTEXT service_id=17 ]
01-24 20:21:34.851  7206  7251 I dailytrack: HealthSportDataCacheUtil::saveData(),currentThread4=handle_total_data
01-24 20:21:37.077   434  2614 I ActivityManager: START u0 {act=api.android.category.MAIN cat=[api.android.intent.LAUNCHER] flg=0x10000000 cmp=com.google.android.apps.fitness/com.google.android.wearable.fitness.passive.ui.PassiveActivity} from uid 2000
01-24 20:21:37.169   434   610 I ActivityManager: Start proc 18465:com.google.android.apps.fitness/u0a33 for activity com.google.android.apps.fitness/com.google.android.wearable.fitness.passive.ui.PassiveActivity
01-24 20:21:37.238   434   462 W ProcessCpuTracker: Skipping unknown process pid 18461
01-24 20:21:37.240   434   462 W ProcessCpuTracker: Skipping unknown process pid 18463
01-24 20:21:37.413   434   610 W ActivityManager: Slow operation: 87ms so far, now at attachApplicationLocked: after mServices.attachApplicationLocked
01-24 20:21:37.489   434   453 W BroadcastQueue: Background execution not allowed: receiving Intent { act=android.os.UpdateLock.UPDATE_LOCK_CHANGED flg=0x4000010 (has extras) } to com.google.android.gms/.chimera.GmsIntentOperationService$PersistentTrustedReceiver
01-24 20:21:37.583 18465 18465 W PrimesInit: Primes instant initialization
01-24 20:21:37.648 18465 18480 W Primes  : background initialization
01-24 20:21:37.808 18465 18475 I zygote  : Background concurrent copying GC freed 889(340KB) AllocSpace objects, 0(0B) LOS objects, 29% free, 1250KB/1762KB, paused 2.091ms total 285.046ms
01-24 20:21:37.887 18465 18480 E Binder  : Unbound type: dpc
01-24 20:21:37.887 18465 18480 E Binder  : Searched binders:
01-24 20:21:37.887 18465 18480 E Binder  : com.google.android.wearable.fitness.application.WearableFitnessApplication
01-24 20:21:37.887 18465 18480 E Binder  : java.lang.IllegalStateException: Unbound type: dpc
01-24 20:21:37.887 18465 18480 E Binder  : Searched binders:
01-24 20:21:37.887 18465 18480 E Binder  : com.google.android.wearable.fitness.application.WearableFitnessApplication
01-24 20:21:37.887 18465 18480 E Binder  : 	at eba.a(PG:67)
01-24 20:21:37.887 18465 18480 E Binder  : 	at erl.f(PG:93)
01-24 20:21:37.887 18465 18480 E Binder  : 	at gen_binder.root.RootModule$Generated.a(PG:116)
01-24 20:21:37.887 18465 18480 E Binder  : 	at eba.d(PG:116)
01-24 20:21:37.887 18465 18480 E Binder  : 	at eba.a(PG:59)
01-24 20:21:37.887 18465 18480 E Binder  : 	at erl.e(PG:68)
01-24 20:21:37.887 18465 18480 E Binder  : 	at gen_binder.root.RootModule$Generated.a(PG:104)
01-24 20:21:37.887 18465 18480 E Binder  : 	at eba.d(PG:116)
01-24 20:21:37.887 18465 18480 E Binder  : 	at eba.b(PG:105)
01-24 20:21:37.887 18465 18480 E Binder  : 	at eba.b(PG:104)
01-24 20:21:37.887 18465 18480 E Binder  : 	at dyk.a(PG:4)
01-24 20:21:37.887 18465 18480 E Binder  : 	at dud.run(PG:11)
01-24 20:21:37.887 18465 18480 E Binder  : 	at duc.run(PG:4)
01-24 20:21:37.887 18465 18480 E Binder  : 	at java.util.concurrent.Executors$RunnableAdapter.call(Executors.java:457)
01-24 20:21:37.887 18465 18480 E Binder  : 	at java.util.concurrent.FutureTask.run(FutureTask.java:266)
