01-24 20:21:37.887 18465 18480 E Binder  : 	at java.util.concurrent.ThreadPoolExecutor.runWorker(ThreadPoolExecutor.java:1162)
01-24 20:21:37.887 18465 18480 E Binder  : 	at java.util.concurrent.ThreadPoolExecutor$Worker.run(ThreadPoolExecutor.java:636)
01-24 20:21:37.887 18465 18480 E Binder  : 	at duz.run(PG:2)
01-24 20:21:37.887 18465 18480 E Binder  : 	at java.lang.Thread.run(Thread.java:764)
01-24 20:21:37.887 18465 18480 W Primes  : Primes failed to initialize in the background
01-24 20:21:37.887 18465 18480 W Primes  : java.lang.IllegalStateException: Unbound type: dpc
01-24 20:21:37.887 18465 18480 W Primes  : Searched binders:
01-24 20:21:37.887 18465 18480 W Primes  : com.google.android.wearable.fitness.application.WearableFitnessApplication
01-24 20:21:37.887 18465 18480 W Primes  : 	at eba.a(PG:67)
01-24 20:21:37.887 18465 18480 W Primes  : 	at erl.f(PG:93)
01-24 20:21:37.887 18465 18480 W Primes  : 	at gen_binder.root.RootModule$Generated.a(PG:116)
01-24 20:21:37.887 18465 18480 W Primes  : 	at eba.d(PG:116)
01-24 20:21:37.887 18465 18480 W Primes  : 	at eba.a(PG:59)
01-24 20:21:37.887 18465 18480 W Primes  : 	at erl.e(PG:68)
01-24 20:21:37.887 18465 18480 W Primes  : 	at gen_binder.root.RootModule$Generated.a(PG:104)
01-24 20:21:37.887 18465 18480 W Primes  : 	at eba.d(PG:116)
01-24 20:21:37.887 18465 18480 W Primes  : 	at eba.b(PG:105)
01-24 20:21:37.887 18465 18480 W Primes  : 	at eba.b(PG:104)
01-24 20:21:37.887 18465 18480 W Primes  : 	at dyk.a(PG:4)
01-24 20:21:37.887 18465 18480 W Primes  : 	at dud.run(PG:11)
01-24 20:21:37.887 18465 18480 W Primes  : 	at duc.run(PG:4)
01-24 20:21:37.887 18465 18480 W Primes  : 	at java.util.concurrent.Executors$RunnableAdapter.call(Executors.java:457)
01-24 20:21:37.887 18465 18480 W Primes  : 	at java.util.concurrent.FutureTask.run(FutureTask.java:266)
01-24 20:21:37.887 18465 18480 W Primes  : 	at java.util.concurrent.ThreadPoolExecutor.runWorker(ThreadPoolExecutor.java:1162)
01-24 20:21:37.887 18465 18480 W Primes  : 	at java.util.concurrent.ThreadPoolExecutor$Worker.run(ThreadPoolExecutor.java:636)
01-24 20:21:37.887 18465 18480 W Primes  : 	at duz.run(PG:2)
01-24 20:21:37.887 18465 18480 W Primes  : 	at java.lang.Thread.run(Thread.java:764)
01-24 20:21:38.227 18465 18465 I FitWearable: ActionFactory - off body enabled: false
01-24 20:21:38.250 18465 18475 I zygote  : Background concurrent copying GC freed 2970(464KB) AllocSpace objects, 1(20KB) LOS objects, 29% free, 1253KB/1765KB, paused 834us total 162.464ms
01-24 20:21:38.604 18465 18475 I zygote  : Background concurrent copying GC freed 1847(296KB) AllocSpace objects, 0(0B) LOS objects, 25% free, 1509KB/2021KB, paused 5.148ms total 164.687ms
01-24 20:21:38.658 18465 18497 I zygote  : Deoptimizing java.lang.Object ifs.a(java.lang.Object[], int, int, int) due to JIT inline cache
01-24 20:21:38.725 18465 18470 I zygote  : Do partial code cache collection, code=29KB, data=21KB
01-24 20:21:38.736 18465 18470 I zygote  : After code cache collection, code=12KB, data=18KB
01-24 20:21:38.737 18465 18470 I zygote  : Increasing code cache capacity to 128KB
01-24 20:21:38.815 18465 18465 I zygote  : Deoptimizing iby iby.a(int, java.lang.Object[]) due to JIT inline cache
01-24 20:21:38.827 18465 18499 I FitComplicationMidnight: Start or update the midnight alarm.
01-24 20:21:38.848 18465 18465 I FitClearcutEvent: WEAR_BACKGROUND_ACTION { 	action: APP_STARTED 	duration: 1274 	release: VLAD }
01-24 20:21:39.107 18465 18465 I FitClearcutEvent: WEAR_USER_ACTION { 	action: USER_APP_STARTED 	release: VLAD }
01-24 20:21:39.126 18465 18499 I FitWearable: Enabled component com.google.android.wearable.fitness.application.monitors.AppMonitorsReceiver
01-24 20:21:39.143 18465 18465 I FitOnboardingController: Starting onboarding with entry point: ENTRY_MAIN_APP
01-24 20:21:39.145 18465 18465 I FitOnboardingController: Starting onboarding stage: WELCOME.
01-24 20:21:39.153   434  2614 I ActivityManager: START u0 {flg=0x14000000 cmp=com.google.android.apps.fitness/com.google.android.wearable.fitness.application.welcome.WelcomeActivity (has extras)} from uid 10033
01-24 20:21:39.226 18465 18465 I FitWearable: Received accounts updated notification
01-24 20:21:39.281 18465 18470 I zygote  : Do partial code cache collection, code=21KB, data=23KB
01-24 20:21:39.289 18465 18465 W WearActivity[abb]: update: unknown state! 1
01-24 20:21:39.292 18465 18470 I zygote  : After code cache collection, code=16KB, data=20KB
01-24 20:21:39.292 18465 18470 I zygote  : Increasing code cache capacity to 256KB
01-24 20:21:39.339   434  5705 I GnssLocationProvider: WakeLock acquired by sendMessage(SET_REQUEST, 0, com.android.server.location.GnssLocationProvider$GpsRequest@b7c0fc6)
01-24 20:21:39.352 32158 32158 W ContextImpl: Calling a method in the system process without a qualified user: android.app.ContextImpl.sendBroadcast:950 android.content.ContextWrapper.sendBroadcast:431 android.content.ContextWrapper.sendBroadcast:431 com.google.android.clockwork.settings.GpsActivityReceiver.onReceive:50 android.app.ActivityThread.handleReceiver:3252 
01-24 20:21:39.354   434   452 V u-blox  : CUbxGpsState::putRate: Put Rate rate=1000
01-24 20:21:39.355   434  2614 E ActivityManager: Sending non-protected broadcast com.google.android.clockwork.settings.action.GPS_ACTIVITY from system 32158:com.google.android.apps.wearable.settings/1000 pkg com.google.android.apps.wearable.settings
01-24 20:21:39.355   434  2614 E ActivityManager: java.lang.Throwable
01-24 20:21:39.355   434  2614 E ActivityManager: 	at com.android.server.am.ActivityManagerService.checkBroadcastFromSystem(ActivityManagerService.java:18976)
01-24 20:21:39.355   434  2614 E ActivityManager: 	at com.android.server.am.ActivityManagerService.broadcastIntentLocked(ActivityManagerService.java:19582)
01-24 20:21:39.355   434  2614 E ActivityManager: 	at com.android.server.am.ActivityManagerService.broadcastIntent(ActivityManagerService.java:19724)
01-24 20:21:39.355   434  2614 E ActivityManager: 	at android.app.IActivityManager$Stub.onTransact(IActivityManager.java:240)
01-24 20:21:39.355   434  2614 E ActivityManager: 	at com.android.server.am.ActivityManagerService.onTransact(ActivityManagerService.java:2935)
01-24 20:21:39.355   434  2614 E ActivityManager: 	at android.os.Binder.execTransact(Binder.java:674)
01-24 20:21:39.386   434   452 V u-blox  : Setdelay sensor OK
01-24 20:21:39.403   434   452 V u-blox  : CGpsIf::start: (2610518384):
01-24 20:21:39.403   434   452 W u-blox  : CUbxGpsState::getAppRuntimeStatus: runtime_flag=0, isEntryPsm=0
01-24 20:21:39.403   434   614 V u-blox  : handleCmdInput: (2504894832): Cmd received (1)
01-24 20:21:39.403   434   614 V u-blox  : handle_cmd: command 1
01-24 20:21:39.407   434   614 V u-blox  : engineStart: (Begin) Client count 0
01-24 20:21:39.407   434   614 I GnssHAL_GnssInterface: updateWakelock: GNSS HAL Wakelock acquired due to gps: 1, fused: 0
01-24 20:21:39.437   434   614 V u-blox  : CUbxGpsState::changeState: A receiver state change has been detected. Turn receiver on!
01-24 20:21:39.438   328   328 D shd     : ProcessSensorActive sensor:0xa, handle:37, option:0
01-24 20:21:39.455   434  2614 W BroadcastQueue: Background execution not allowed: receiving Intent { act=android.intent.action.DROPBOX_ENTRY_ADDED flg=0x10 (has extras) } to com.google.android.gms/.stats.service.DropBoxEntryAddedReceiver
01-24 20:21:39.512   434   453 W BroadcastQueue: Background execution not allowed: receiving Intent { act=android.intent.action.DROPBOX_ENTRY_ADDED flg=0x10 (has extras) } to com.google.android.gms/.chimera.GmsIntentOperationService$PersistentTrustedReceiver
01-24 20:21:39.547   434   614 V u-blox  : Active sensor OK
01-24 20:21:39.547   434   614 V u-blox  : CUbxGpsState::powerOn: placeholder for power ON function
01-24 20:21:39.547   434   614 V u-blox  : CUbxGpsState::writeUbxCfgPort: Send CFG-Port portId=0 baudrate=0
01-24 20:21:39.585 18465 18503 D OpenGLRenderer: HWUI GL Pipeline
01-24 20:21:39.765 18465 18498 I FitWearable: App state changed, checking metric subscriptions for account 
01-24 20:21:39.771 18465 18496 I FitWearable: App state changed, checking goals for account 
01-24 20:21:39.775 18465 18491 I FitWearable: App state changed, checking sensors for account 
01-24 20:21:39.802   434   452 I GnssLocationProvider: WakeLock released by handleMessage(SET_REQUEST, 0, com.android.server.location.GnssLocationProvider$GpsRequest@b7c0fc6)
01-24 20:21:39.828   434   614 V u-blox  : CUbxGpsState::setUbxPsmContinuousModeSelect: Send CFG-PMS: powerSetupValue=1
01-24 20:21:39.845 18465 18503 I Adreno-EGL: <qeglDrvAPI_eglInitialize:379>: EGL 1.4 QUALCOMM build:  (I7af58d6928)
01-24 20:21:39.845 18465 18503 I Adreno-EGL: OpenGL ES Shader Compiler Version: E031.35.01.00
01-24 20:21:39.845 18465 18503 I Adreno-EGL: Build Date: 09/14/17 Thu
01-24 20:21:39.845 18465 18503 I Adreno-EGL: Local Branch: gfx-adreno.lnx.1.0
01-24 20:21:39.845 18465 18503 I Adreno-EGL: Remote Branch: 
01-24 20:21:39.845 18465 18503 I Adreno-EGL: Local Patches: 
01-24 20:21:39.845 18465 18503 I Adreno-EGL: Reconstruct Branch: 
01-24 20:21:39.853 18465 18503 I vndksupport: sphal namespace is not configured for this process. Loading /vendor/lib/hw/gralloc.msm8909.so from the current namespace instead.
01-24 20:21:39.866  7206  7251 I dailytrack: HealthSportDataCacheUtil::saveData(),currentThread4=handle_total_data
01-24 20:21:39.868 18465 18503 I OpenGLRenderer: Initialized EGL, version 1.4
01-24 20:21:39.868 18465 18503 D OpenGLRenderer: Swap behavior 1
01-24 20:21:39.889   434   614 V u-blox  : CUbxGpsState::setUbxPsmContinuousModeSelect: Send CFG-RXM: lpMode=0
01-24 20:21:39.891 18465 18503 W Adreno-EGL: <qeglDrvAPI_eglGetConfigAttrib:612>: EGL_BAD_ATTRIBUTE
01-24 20:21:39.894 18465 18503 I vndksupport: sphal namespace is not configured for this process. Loading /vendor/lib/hw/gralloc.msm8909.so from the current namespace instead.
01-24 20:21:39.929 18465 18503 I vndksupport: sphal namespace is not configured for this process. Loading /vendor/lib/hw/gralloc.msm8909.so from the current namespace instead.
01-24 20:21:39.972 13109 13109 W ChimeraUtils: Non Chimera context
01-24 20:21:39.972 13109 13109 W ChimeraUtils: Non Chimera context
01-24 20:21:39.975   434   614 W u-blox  : CUbxGpsState::setUbxTrackingMode: entry Tracking Mode successfully !!
01-24 20:21:39.975   434   614 V u-blox  : CUbxGpsState::setUbxNotEntryInactive: Send CFG-PM2: not entry Inactive mode
01-24 20:21:40.001   434   614 W u-blox  : CUbxGpsState::setUbxTrackingMode: set chip not entry Inactive mode successfully !!
01-24 20:21:40.001   434   614 V u-blox  : CUbxGpsState::setUbxUartNoneOutput: Send CFG-PRT: uart none input, none output
01-24 20:21:40.049   434   614 V u-blox  : CUbxGpsState::setUbxCfgNav5: Send CFG-NAV5: pACC<100m, pDOP<25, cnoThresh>18dB, minElev>15deg
01-24 20:21:40.120   434   614 V u-blox  : CUbxGpsState::writeUbxCfgMsg: Sent CFG-MSG id=01-03 (enable UBX-NAV-STATUS)
01-24 20:21:40.140   434   614 V u-blox  : CUbxGpsState::writeUbxCfgMsg: Sent CFG-MSG id=01-07 (enable UNKNOWN MESSAGE)
01-24 20:21:40.154 18465 18465 I FitWearable: Disabled component com.google.android.wearable.fitness.watchfaces.halo.GoogleFitWatchFace
01-24 20:21:40.166   434   614 V u-blox  : CUbxGpsState::writeUbxCfgMsg: Sent CFG-MSG id=F0-00 (enable NMEA-GGA)
01-24 20:21:40.178   434   614 V u-blox  : CUbxGpsState::writeUbxCfgMsg: Sent CFG-MSG id=F0-01 (enable NMEA-GLL)
01-24 20:21:40.196   434   461 I ActivityManager: Displayed com.google.android.apps.fitness/com.google.android.wearable.fitness.application.welcome.WelcomeActivity: +883ms (total +3s53ms)
01-24 20:21:40.206   434   614 V u-blox  : CUbxGpsState::writeUbxCfgMsg: Sent CFG-MSG id=F0-02 (enable NMEA-GSA)
01-24 20:21:40.281   434   614 V u-blox  : CUbxGpsState::writeUbxCfgMsg: Sent CFG-MSG id=F0-03 (enable NMEA-GSV)
01-24 20:21:40.303   434   614 V u-blox  : CUbxGpsState::writeUbxCfgMsg: Sent CFG-MSG id=F0-04 (enable NMEA-RMC)
01-24 20:21:40.318   434   614 V u-blox  : CUbxGpsState::writeUbxCfgMsg: Sent CFG-MSG id=F0-05 (enable NMEA-VTG)
01-24 20:21:40.328 13109 13109 W BoundBrokerSvc: No bound-service is registered for action: com.google.android.gms.udc.service.START
01-24 20:21:40.329 13109 13109 E BoundBrokerSvc: Proxy without impl failing onBind(): Intent { act=com.google.android.gms.udc.service.START pkg=com.google.android.gms }
01-24 20:21:40.329 13109 13109 W GmsApiChimeraSvc: Failed in attempt to reload bound-service.
01-24 20:21:40.336 18465 18475 I zygote  : Background concurrent copying GC freed 2036(307KB) AllocSpace objects, 0(0B) LOS objects, 24% free, 2MB/3MB, paused 1.666ms total 1.496s
01-24 20:21:40.347 13109 13512 I GmsApiChimeraSvc: Using MissingApiServiceBroker for com.google.android.gms.udc.service.START due to missing BoundService implementation
01-24 20:21:40.363 13109 13109 W ChimeraUtils: Non Chimera context
01-24 20:21:40.363 13109 13109 W ChimeraUtils: Non Chimera context
01-24 20:21:40.382   434   614 V u-blox  : CUbxGpsState::writeUbxCfgMsg: Sent CFG-MSG id=F0-07 (enable NMEA-GST)
01-24 20:21:40.433   434   614 V u-blox  : CUbxGpsState::turnOn: Aop disabled
01-24 20:21:40.433   434   614 V u-blox  : CUbxGpsState::turnOn: CAgnss::OFFLINE transfer true
01-24 20:21:40.433   434   614 V u-blox  : CUbxGpsState::turnOn: CAgnss::ALM transfer false
01-24 20:21:40.433   434   614 V u-blox  : CUbxGpsState::turnOn: CAgnss::ONLINE transfer true
01-24 20:21:40.433   434   614 V u-blox  : CGpsIf::requestUtcTime: 
01-24 20:21:40.434   434   614 I GnssLocationProvider: WakeLock acquired by sendMessage(INJECT_NTP_TIME, 0, null)
01-24 20:21:40.434   434   614 V u-blox  : engineStart : SUPL Start Set Initiated Action? Yes
01-24 20:21:40.434   434   614 V u-blox  : CAndroidDatabase::incPublish: count now 1
01-24 20:21:40.434   434   614 V u-blox  : engineStart: (End) Client count 1
01-24 20:21:40.434   434   614 V u-blox  : CUbxGpsState::changeState: The receiver is now turned on
01-24 20:21:40.435   434   614 W u-blox  : CUbxGpsState::getAppRuntimeStatus: runtime_flag=64, isEntryPsm=0
01-24 20:21:40.435   434   614 V u-blox  : CUbxGpsState::printStd: MGA: Successfully scheduled Transfer of Time data
01-24 20:21:40.435   434   614 V u-blox  : CUbxGpsState::initTransferIfReq: Initiated transfer of Time data
01-24 20:21:40.435   434   614 W u-blox  : CUbxGpsState::getAppRuntimeStatus: runtime_flag=64, isEntryPsm=0
01-24 20:21:40.435   434   614 V u-blox  : CUbxGpsState::printStd: MGA: Successfully scheduled Transfer of Offline data
01-24 20:21:40.435   434   614 V u-blox  : CUbxGpsState::initTransferIfReq: Initiated transfer of Offline data
01-24 20:21:40.435   434   614 W u-blox  : CUbxGpsState::getAppRuntimeStatus: runtime_flag=66, isEntryPsm=0
01-24 20:21:40.435   434   614 V u-blox  : CUbxGpsState::printStd: MGA: Successfully scheduled Transfer of Online data
01-24 20:21:40.435   434   614 V u-blox  : CUbxGpsState::initTransferIfReq: Initiated transfer of Online data
01-24 20:21:40.436   434   452 I GnssLocationProvider: WakeLock acquired by handleInjectNtpTime()
01-24 20:21:40.437   434   452 I GnssLocationProvider: WakeLock released by handleMessage(INJECT_NTP_TIME, 0, null)
01-24 20:21:40.438   434 18511 V u-blox  : CGpsIf::injectTime: timeGpsUtc=2020.01.24 13:04:01.917 timeReference=270954042 uncertainty=0.069 ms
01-24 20:21:40.438   434 18511 V u-blox  : CUbxGpsState::putTime: NTP time injected (UTC)
01-24 20:21:40.438   434   611 V u-blox  : CUbxGpsState::printStd: MGA: Starting Time Transfer!
01-24 20:21:40.438   434 18511 I GnssLocationProvider: WakeLock acquired by sendMessage(INJECT_NTP_TIME_FINISHED, 0, null)
01-24 20:21:40.438   434   611 V u-blox  : CUbxGpsState::printStd: MGA: Configure receiver to acknowledge aiding (Try 1/5)
01-24 20:21:40.438   434 18511 I GnssLocationProvider: WakeLock released by handleInjectNtpTime()
01-24 20:21:40.440   434   452 I GnssLocationProvider: WakeLock released by handleMessage(INJECT_NTP_TIME_FINISHED, 0, null)
01-24 20:21:40.451   434   614 W u-blox  : CUbxGpsState::getAppRuntimeStatus: runtime_flag=67, isEntryPsm=0
01-24 20:21:40.451   434   614 V u-blox  : CUbxGpsState::printStd: MGA: Successfully scheduled Transfer of Time data
01-24 20:21:40.451   434   614 V u-blox  : CUbxGpsState::initTransferIfReq: Initiated transfer of Time data
01-24 20:21:40.451   434   614 V u-blox  : CAndroidDatabase::Commit: ignore location report, lat long alt invalid
01-24 20:21:40.487   434   611 V u-blox  : CUbxGpsState::printStd: MGA: Acknowledgment for aiding messages enabled (Try 1/5)
01-24 20:21:40.536   434   611 V u-blox  : CUbxGpsState::printStd: MGA: Sent the follwing UTC time for aiding the receiver: 2020.01.24 19:21:40.530191238 (GPS: 2089wn:501717530ms:000191238ns) Accuracy: 00:00:20.000000000
01-24 20:21:40.538   434   611 V u-blox  : CUbxGpsState::printStd: MGA: Successfully aided the receiver with the current time!
01-24 20:21:40.588   434   614 W u-blox  : CProtocolUBX::ProcessNavPvt: psmState=0, fixType=0, gnssFixOk=0, numSV=0, pDOP=999, hACC=4294967, vACC=3750000
01-24 20:21:40.588   434   611 V u-blox  : CUbxGpsState::printStd: MGA: Time Transfer finished successfully!
01-24 20:21:40.588   434   611 V u-blox  : CUbxGpsState::finished: Transfer of Time data has been successful!
01-24 20:21:40.588   434   611 W u-blox  : CUbxGpsState::getAppRuntimeStatus: runtime_flag=67, isEntryPsm=0
01-24 20:21:40.588   434   611 V u-blox  : CUbxGpsState::checkFinish: start check Time of Transfer status, runtime_state(0x43)!
01-24 20:21:40.589   434   614 V u-blox  : CAndroidDatabase::Commit: ignore location report, lat long alt invalid
01-24 20:21:40.590   434   611 V u-blox  : CUbxGpsState::printStd: MGA: Starting Offline Transfer!
01-24 20:21:40.591   434   611 V u-blox  : CUbxGpsState::printStd: MGA: init offline mga transfer
01-24 20:21:40.591   434   611 V u-blox  : CUbxGpsState::printStd: MGA: Using the follwing UTC time for aiding the receiver: 2020.01.24 19:21:40.590352020 Accuracy: 00:00:20.000000000
01-24 20:21:40.591   434   611 V u-blox  : CUbxGpsState::printStd: MGA: Starting transfer. Expecting 52 messages
01-24 20:21:40.620   434   611 V u-blox  : CUbxGpsState::printStd: MGA: Message sent [1/52]: ANO GPS for SV 1 (size [84] retries [0])
01-24 20:21:40.620   434   611 V u-blox  : CUbxGpsState::printStd: MGA: Transfer of Message [1] completed successfully.
01-24 20:21:40.625 18465 18484 I zygote  : Deoptimizing java.lang.Object li.put(java.lang.Object, java.lang.Object) due to JIT inline cache
01-24 20:21:40.645   434   611 V u-blox  : CUbxGpsState::printStd: MGA: Message sent [2/52]: ANO GPS for SV 2 (size [84] retries [0])
01-24 20:21:40.645   434   611 V u-blox  : CUbxGpsState::printStd: MGA: Transfer of Message [2] completed successfully.
01-24 20:21:40.665   434   611 V u-blox  : CUbxGpsState::printStd: MGA: Message sent [3/52]: ANO GPS for SV 3 (size [84] retries [0])
01-24 20:21:40.665   434   611 V u-blox  : CUbxGpsState::printStd: MGA: Transfer of Message [3] completed successfully.
01-24 20:21:40.688   434   611 V u-blox  : CUbxGpsState::printStd: MGA: Message sent [4/52]: ANO GPS for SV 4 (size [84] retries [0])
01-24 20:21:40.688   434   611 V u-blox  : CUbxGpsState::printStd: MGA: Transfer of Message [4] completed successfully.
01-24 20:21:40.708   434   611 V u-blox  : CUbxGpsState::printStd: MGA: Message sent [5/52]: ANO GPS for SV 5 (size [84] retries [0])
01-24 20:21:40.708   434   611 V u-blox  : CUbxGpsState::printStd: MGA: Transfer of Message [5] completed successfully.
01-24 20:21:40.729   434   611 V u-blox  : CUbxGpsState::printStd: MGA: Message sent [6/52]: ANO GPS for SV 6 (size [84] retries [0])
01-24 20:21:40.729   434   611 V u-blox  : CUbxGpsState::printStd: MGA: Transfer of Message [6] completed successfully.
01-24 20:21:40.750   434   611 V u-blox  : CUbxGpsState::printStd: MGA: Message sent [7/52]: ANO GPS for SV 7 (size [84] retries [0])
01-24 20:21:40.750   434   611 V u-blox  : CUbxGpsState::printStd: MGA: Transfer of Message [7] completed successfully.
01-24 20:21:40.770   434   611 V u-blox  : CUbxGpsState::printStd: MGA: Message sent [8/52]: ANO GPS for SV 8 (size [84] retries [0])
01-24 20:21:40.771   434   611 V u-blox  : CUbxGpsState::printStd: MGA: Transfer of Message [8] completed successfully.
01-24 20:21:40.796   434   611 V u-blox  : CUbxGpsState::printStd: MGA: Message sent [9/52]: ANO GPS for SV 9 (size [84] retries [0])
01-24 20:21:40.796   434   611 V u-blox  : CUbxGpsState::printStd: MGA: Transfer of Message [9] completed successfully.
01-24 20:21:40.817   434   611 V u-blox  : CUbxGpsState::printStd: MGA: Message sent [10/52]: ANO GPS for SV 10 (size [84] retries [0])
01-24 20:21:40.817   434   611 V u-blox  : CUbxGpsState::printStd: MGA: Transfer of Message [10] completed successfully.
01-24 20:21:40.837   434   611 V u-blox  : CUbxGpsState::printStd: MGA: Message sent [11/52]: ANO GPS for SV 11 (size [84] retries [0])
01-24 20:21:40.838   434   611 V u-blox  : CUbxGpsState::printStd: MGA: Transfer of Message [11] completed successfully.
01-24 20:21:40.858   434   611 V u-blox  : CUbxGpsState::printStd: MGA: Message sent [12/52]: ANO GPS for SV 12 (size [84] retries [0])
01-24 20:21:40.858   434   611 V u-blox  : CUbxGpsState::printStd: MGA: Transfer of Message [12] completed successfully.
01-24 20:21:40.878   434   611 V u-blox  : CUbxGpsState::printStd: MGA: Message sent [13/52]: ANO GPS for SV 13 (size [84] retries [0])
01-24 20:21:40.879   434   611 V u-blox  : CUbxGpsState::printStd: MGA: Transfer of Message [13] completed successfully.
01-24 20:21:40.899   434   611 V u-blox  : CUbxGpsState::printStd: MGA: Message sent [14/52]: ANO GPS for SV 14 (size [84] retries [0])
01-24 20:21:40.899   434   611 V u-blox  : CUbxGpsState::printStd: MGA: Transfer of Message [14] completed successfully.
01-24 20:21:40.923   434   611 V u-blox  : CUbxGpsState::printStd: MGA: Message sent [15/52]: ANO GPS for SV 15 (size [84] retries [0])
01-24 20:21:40.923   434   611 V u-blox  : CUbxGpsState::printStd: MGA: Transfer of Message [15] completed successfully.
01-24 20:21:40.947   434   611 V u-blox  : CUbxGpsState::printStd: MGA: Message sent [16/52]: ANO GPS for SV 16 (size [84] retries [0])
01-24 20:21:40.948   434   611 V u-blox  : CUbxGpsState::printStd: MGA: Transfer of Message [16] completed successfully.
01-24 20:21:40.968   434   611 V u-blox  : CUbxGpsState::printStd: MGA: Message sent [17/52]: ANO GPS for SV 17 (size [84] retries [0])
01-24 20:21:40.968   434   611 V u-blox  : CUbxGpsState::printStd: MGA: Transfer of Message [17] completed successfully.
01-24 20:21:40.992   434   611 V u-blox  : CUbxGpsState::printStd: MGA: Message sent [18/52]: ANO GPS for SV 19 (size [84] retries [0])
01-24 20:21:40.993   434   611 V u-blox  : CUbxGpsState::printStd: MGA: Transfer of Message [18] completed successfully.
01-24 20:21:40.999 18465 18465 I FitWearable: Removed HRM subscription
01-24 20:21:41.004 18465 18465 I FitWearable: PPG collection job canceled.
01-24 20:21:41.013   434   611 V u-blox  : CUbxGpsState::printStd: MGA: Message sent [19/52]: ANO GPS for SV 20 (size [84] retries [0])
01-24 20:21:41.013   434   611 V u-blox  : CUbxGpsState::printStd: MGA: Transfer of Message [19] completed successfully.
01-24 20:21:41.016 18465 18465 I FitNodeVersionInfoGette: Pixel 2
01-24 20:21:41.018 18465 18465 I FitWearable: Found node: Pixel 2 (unknown, id=1f79a19): 0
01-24 20:21:41.025 18465 18465 I FitClearcutEvent: WEAR_BACKGROUND_ACTION { 	action: LOG_VERSION_CODES 	param: 0 	param2: 2022630230 	release: VLAD }
01-24 20:21:41.027 18465 18465 I FitWearable: Logging versions ==> param (phone): 0 / param2 (wear): 2022630230
01-24 20:21:41.031 18465 18465 I FitClearcutEvent: WEAR_BACKGROUND_ACTION { 	action: LOG_UNKNOWN_DEVICES 	param: 1 	release: VLAD }
01-24 20:21:41.032 18465 18465 I FitWearable: Logging unknown devices ==> param (# unknown devices) 1
01-24 20:21:41.045   434   611 V u-blox  : CUbxGpsState::printStd: MGA: Message sent [20/52]: ANO GPS for SV 21 (size [84] retries [0])
01-24 20:21:41.045   434   611 V u-blox  : CUbxGpsState::printStd: MGA: Transfer of Message [20] completed successfully.
01-24 20:21:41.046   434   614 W u-blox  : CProtocolUBX::ProcessNavPvt: psmState=0, fixType=0, gnssFixOk=0, numSV=0, pDOP=999, hACC=4294967, vACC=3750000
01-24 20:21:41.047   434   614 V u-blox  : CAndroidDatabase::Commit: ignore location report, lat long alt invalid
01-24 20:21:41.069   434   611 V u-blox  : CUbxGpsState::printStd: MGA: Message sent [21/52]: ANO GPS for SV 22 (size [84] retries [0])
01-24 20:21:41.069   434   611 V u-blox  : CUbxGpsState::printStd: MGA: Transfer of Message [21] completed successfully.
01-24 20:21:41.090   434   611 V u-blox  : CUbxGpsState::printStd: MGA: Message sent [22/52]: ANO GPS for SV 23 (size [84] retries [0])
01-24 20:21:41.090   434   611 V u-blox  : CUbxGpsState::printStd: MGA: Transfer of Message [22] completed successfully.
01-24 20:21:41.110   434   611 V u-blox  : CUbxGpsState::printStd: MGA: Message sent [23/52]: ANO GPS for SV 24 (size [84] retries [0])
01-24 20:21:41.111   434   611 V u-blox  : CUbxGpsState::printStd: MGA: Transfer of Message [23] completed successfully.
01-24 20:21:41.131   434   611 V u-blox  : CUbxGpsState::printStd: MGA: Message sent [24/52]: ANO GPS for SV 25 (size [84] retries [0])
01-24 20:21:41.131   434   611 V u-blox  : CUbxGpsState::printStd: MGA: Transfer of Message [24] completed successfully.
01-24 20:21:41.156   434   611 V u-blox  : CUbxGpsState::printStd: MGA: Message sent [25/52]: ANO GPS for SV 26 (size [84] retries [0])
01-24 20:21:41.156   434   611 V u-blox  : CUbxGpsState::printStd: MGA: Transfer of Message [25] completed successfully.
01-24 20:21:41.180   434   611 V u-blox  : CUbxGpsState::printStd: MGA: Message sent [26/52]: ANO GPS for SV 27 (size [84] retries [0])
01-24 20:21:41.180   434   611 V u-blox  : CUbxGpsState::printStd: MGA: Transfer of Message [26] completed successfully.
01-24 20:21:41.205   434   611 V u-blox  : CUbxGpsState::printStd: MGA: Message sent [27/52]: ANO GPS for SV 28 (size [84] retries [0])
01-24 20:21:41.205   434   611 V u-blox  : CUbxGpsState::printStd: MGA: Transfer of Message [27] completed successfully.
01-24 20:21:41.225   434   611 V u-blox  : CUbxGpsState::printStd: MGA: Message sent [28/52]: ANO GPS for SV 29 (size [84] retries [0])
01-24 20:21:41.225   434   611 V u-blox  : CUbxGpsState::printStd: MGA: Transfer of Message [28] completed successfully.
01-24 20:21:41.236   434   536 E TaskPersister: File error accessing recents directory (directory doesn't exist?).
01-24 20:21:41.246   434   611 V u-blox  : CUbxGpsState::printStd: MGA: Message sent [29/52]: ANO GPS for SV 30 (size [84] retries [0])
01-24 20:21:41.246   434   611 V u-blox  : CUbxGpsState::printStd: MGA: Transfer of Message [29] completed successfully.
01-24 20:21:41.259   434   443 I zygote  : Background concurrent copying GC freed 20127(1575KB) AllocSpace objects, 13(260KB) LOS objects, 15% free, 11MB/13MB, paused 3.664ms total 581.421ms
01-24 20:21:41.267   434   611 V u-blox  : CUbxGpsState::printStd: MGA: Message sent [30/52]: ANO GPS for SV 31 (size [84] retries [0])
01-24 20:21:41.268   434   611 V u-blox  : CUbxGpsState::printStd: MGA: Transfer of Message [30] completed successfully.
01-24 20:21:41.288   434   611 V u-blox  : CUbxGpsState::printStd: MGA: Message sent [31/52]: ANO GPS for SV 32 (size [84] retries [0])
01-24 20:21:41.288   434   611 V u-blox  : CUbxGpsState::printStd: MGA: Transfer of Message [31] completed successfully.
01-24 20:21:41.309   434   611 V u-blox  : CUbxGpsState::printStd: MGA: Message sent [32/52]: ANO GLO for SV 1 (size [84] retries [0])
01-24 20:21:41.309   434   611 V u-blox  : CUbxGpsState::printStd: MGA: Transfer of Message [32] completed successfully.
01-24 20:21:41.329   434   611 V u-blox  : CUbxGpsState::printStd: MGA: Message sent [33/52]: ANO GLO for SV 2 (size [84] retries [0])
01-24 20:21:41.329   434   611 V u-blox  : CUbxGpsState::printStd: MGA: Transfer of Message [33] completed successfully.
01-24 20:21:41.353   434  2614 I GnssLocationProvider: WakeLock acquired by sendMessage(SET_REQUEST, 0, com.android.server.location.GnssLocationProvider$GpsRequest@9bf1a57)
01-24 20:21:41.354   434   452 V u-blox  : CGpsIf::stop: (2610518384):
01-24 20:21:41.354   434   452 W u-blox  : CUbxGpsState::getAppRuntimeStatus: runtime_flag=67, isEntryPsm=0
01-24 20:21:41.354   434   614 V u-blox  : handleCmdInput: (2504894832): Cmd received (2)
01-24 20:21:41.355   434   614 V u-blox  : handle_cmd: command 2
01-24 20:21:41.355   434   614 V u-blox  : CAndroidDatabase::decPublish: count now 0
01-24 20:21:41.355   434   614 V u-blox  : engineStop: (Begin) Client count 1
01-24 20:21:41.355   434   614 I GnssHAL_GnssInterface: updateWakelock: GNSS HAL Wakelock released
01-24 20:21:41.355   434   614 V u-blox  : engineStop: (End) Client count 0
01-24 20:21:41.355   434   614 V u-blox  : checkShutdownState: Command the receiver to turn off!
01-24 20:21:41.355   434   614 V u-blox  : CUbxGpsState::changeState: A receiver state change has been detected. Turn receiver Off!
01-24 20:21:41.356 32158 32158 W ContextImpl: Calling a method in the system process without a qualified user: android.app.ContextImpl.sendBroadcast:950 android.content.ContextWrapper.sendBroadcast:431 android.content.ContextWrapper.sendBroadcast:431 com.google.android.clockwork.settings.GpsActivityReceiver.onReceive:64 android.app.ActivityThread.handleReceiver:3252 
01-24 20:21:41.357   434   611 V u-blox  : CUbxGpsState::printStd: MGA: Message sent [34/52]: ANO GLO for SV 3 (size [84] retries [0])
01-24 20:21:41.357   434   611 V u-blox  : CUbxGpsState::printStd: MGA: Transfer of Message [34] completed successfully.
01-24 20:21:41.358   434  2426 E ActivityManager: Sending non-protected broadcast com.google.android.clockwork.settings.action.GPS_ACTIVITY from system 32158:com.google.android.apps.wearable.settings/1000 pkg com.google.android.apps.wearable.settings
01-24 20:21:41.358   434  2426 E ActivityManager: java.lang.Throwable
01-24 20:21:41.358   434  2426 E ActivityManager: 	at com.android.server.am.ActivityManagerService.checkBroadcastFromSystem(ActivityManagerService.java:18976)
01-24 20:21:41.358   434  2426 E ActivityManager: 	at com.android.server.am.ActivityManagerService.broadcastIntentLocked(ActivityManagerService.java:19582)
01-24 20:21:41.358   434  2426 E ActivityManager: 	at com.android.server.am.ActivityManagerService.broadcastIntent(ActivityManagerService.java:19724)
01-24 20:21:41.358   434  2426 E ActivityManager: 	at android.app.IActivityManager$Stub.onTransact(IActivityManager.java:240)
01-24 20:21:41.358   434  2426 E ActivityManager: 	at com.android.server.am.ActivityManagerService.onTransact(ActivityManagerService.java:2935)
01-24 20:21:41.358   434  2426 E ActivityManager: 	at android.os.Binder.execTransact(Binder.java:674)
01-24 20:21:41.359 18465 18491 I FitClearcutEvent: WEAR_BACKGROUND_ACTION { 	action: XTRA_DATA_DOWNLOAD 	param: 3 	release: VLAD }
01-24 20:21:41.362 18465 18465 I FitXtraLocationDataJobS: Successfully requested XTRA data download.
01-24 20:21:41.368   434   452 I GnssLocationProvider: WakeLock released by handleMessage(SET_REQUEST, 0, com.android.server.location.GnssLocationProvider$GpsRequest@9bf1a57)
01-24 20:21:41.377   434   611 V u-blox  : CUbxGpsState::printStd: MGA: Message sent [35/52]: ANO GLO for SV 4 (size [84] retries [0])
01-24 20:21:41.377   434   611 V u-blox  : CUbxGpsState::printStd: MGA: Transfer of Message [35] completed successfully.
01-24 20:21:41.397   434  2426 W BroadcastQueue: Background execution not allowed: receiving Intent { act=android.intent.action.DROPBOX_ENTRY_ADDED flg=0x10 (has extras) } to com.google.android.gms/.stats.service.DropBoxEntryAddedReceiver
01-24 20:21:41.402   434   611 V u-blox  : CUbxGpsState::printStd: MGA: Message sent [36/52]: ANO GLO for SV 5 (size [84] retries [0])
01-24 20:21:41.402   434   611 V u-blox  : CUbxGpsState::printStd: MGA: Transfer of Message [36] completed successfully.
01-24 20:21:41.408   434   453 W BroadcastQueue: Background execution not allowed: receiving Intent { act=android.intent.action.DROPBOX_ENTRY_ADDED flg=0x10 (has extras) } to com.google.android.gms/.chimera.GmsIntentOperationService$PersistentTrustedReceiver
01-24 20:21:41.426   434   611 V u-blox  : CUbxGpsState::printStd: MGA: Message sent [37/52]: ANO GLO for SV 7 (size [84] retries [0])
01-24 20:21:41.426   434   611 V u-blox  : CUbxGpsState::printStd: MGA: Transfer of Message [37] completed successfully.
01-24 20:21:41.449   434   611 V u-blox  : CUbxGpsState::printStd: MGA: Message sent [38/52]: ANO GLO for SV 8 (size [84] retries [0])
01-24 20:21:41.450   434   611 V u-blox  : CUbxGpsState::printStd: MGA: Transfer of Message [38] completed successfully.
01-24 20:21:41.475   434   611 V u-blox  : CUbxGpsState::printStd: MGA: Message sent [39/52]: ANO GLO for SV 9 (size [84] retries [0])
01-24 20:21:41.476   434   611 V u-blox  : CUbxGpsState::printStd: MGA: Transfer of Message [39] completed successfully.
01-24 20:21:41.498   434   611 V u-blox  : CUbxGpsState::printStd: MGA: Message sent [40/52]: ANO GLO for SV 11 (size [84] retries [0])
01-24 20:21:41.498   434   611 V u-blox  : CUbxGpsState::printStd: MGA: Transfer of Message [40] completed successfully.
01-24 20:21:41.520   434   611 V u-blox  : CUbxGpsState::printStd: MGA: Message sent [41/52]: ANO GLO for SV 12 (size [84] retries [0])
01-24 20:21:41.520   434   611 V u-blox  : CUbxGpsState::printStd: MGA: Transfer of Message [41] completed successfully.
01-24 20:21:41.541   434   611 V u-blox  : CUbxGpsState::printStd: MGA: Message sent [42/52]: ANO GLO for SV 13 (size [84] retries [0])
01-24 20:21:41.541   434   611 V u-blox  : CUbxGpsState::printStd: MGA: Transfer of Message [42] completed successfully.
01-24 20:21:41.548 13109 13109 W BoundBrokerSvc: No bound-service is registered for action: com.google.android.gms.udc.service.START
01-24 20:21:41.548 13109 13109 E BoundBrokerSvc: Proxy without impl failing onBind(): Intent { act=com.google.android.gms.udc.service.START pkg=com.google.android.gms }
01-24 20:21:41.548 13109 13109 W GmsApiChimeraSvc: Failed in attempt to reload bound-service.
01-24 20:21:41.549 13109 13596 I GmsApiChimeraSvc: Using MissingApiServiceBroker for com.google.android.gms.udc.service.START due to missing BoundService implementation
01-24 20:21:41.563   434   611 V u-blox  : CUbxGpsState::printStd: MGA: Message sent [43/52]: ANO GLO for SV 14 (size [84] retries [0])
01-24 20:21:41.563   434   611 V u-blox  : CUbxGpsState::printStd: MGA: Transfer of Message [43] completed successfully.
01-24 20:21:41.584   434   611 V u-blox  : CUbxGpsState::printStd: MGA: Message sent [44/52]: ANO GLO for SV 15 (size [84] retries [0])
01-24 20:21:41.584   434   611 V u-blox  : CUbxGpsState::printStd: MGA: Transfer of Message [44] completed successfully.
01-24 20:21:41.612   434   611 V u-blox  : CUbxGpsState::printStd: MGA: Message sent [45/52]: ANO GLO for SV 16 (size [84] retries [0])
01-24 20:21:41.613   434   611 V u-blox  : CUbxGpsState::printStd: MGA: Transfer of Message [45] completed successfully.
01-24 20:21:41.634   434   611 V u-blox  : CUbxGpsState::printStd: MGA: Message sent [46/52]: ANO GLO for SV 17 (size [84] retries [0])
01-24 20:21:41.634   434   611 V u-blox  : CUbxGpsState::printStd: MGA: Transfer of Message [46] completed successfully.
01-24 20:21:41.662   434   611 V u-blox  : CUbxGpsState::printStd: MGA: Message sent [47/52]: ANO GLO for SV 18 (size [84] retries [0])
01-24 20:21:41.662   434   611 V u-blox  : CUbxGpsState::printStd: MGA: Transfer of Message [47] completed successfully.
01-24 20:21:41.674 18465 18498 I FitWearable: Processing Phone Sync [wear://1f79a19/wearable_sync_store : 44]
01-24 20:21:41.684   434   611 V u-blox  : CUbxGpsState::printStd: MGA: Message sent [48/52]: ANO GLO for SV 19 (size [84] retries [0])
01-24 20:21:41.684   434   611 V u-blox  : CUbxGpsState::printStd: MGA: Transfer of Message [48] completed successfully.
01-24 20:21:41.705   434   611 V u-blox  : CUbxGpsState::printStd: MGA: Message sent [49/52]: ANO GLO for SV 20 (size [84] retries [0])
01-24 20:21:41.706   434   611 V u-blox  : CUbxGpsState::printStd: MGA: Transfer of Message [49] completed successfully.
01-24 20:21:41.715 18465 18465 I FitTestAccountOAuth: Testing Account OAuth
01-24 20:21:41.733   434   611 V u-blox  : CUbxGpsState::printStd: MGA: Message sent [50/52]: ANO GLO for SV 21 (size [84] retries [0])
01-24 20:21:41.733   434   611 V u-blox  : CUbxGpsState::printStd: MGA: Transfer of Message [50] completed successfully.
01-24 20:21:41.760   434   611 V u-blox  : CUbxGpsState::printStd: MGA: Message sent [51/52]: ANO GLO for SV 22 (size [84] retries [0])
01-24 20:21:41.760   434   611 V u-blox  : CUbxGpsState::printStd: MGA: Transfer of Message [51] completed successfully.
01-24 20:21:41.791   434   611 V u-blox  : CUbxGpsState::printStd: MGA: Message sent [52/52]: ANO GLO for SV 23 (size [84] retries [0])
01-24 20:21:41.791   434   611 V u-blox  : CUbxGpsState::printStd: MGA: Transfer of Message [52] completed successfully.
01-24 20:21:41.805   434   611 V u-blox  : CUbxGpsState::printStd: MGA: Successfully finished transfer
01-24 20:21:41.805   434   614 W u-blox  : CUbxGpsState::getAppRuntimeStatus: runtime_flag=0, isEntryPsm=0
01-24 20:21:41.805   434   614 V u-blox  : CUbxGpsState::printStd: MGA: Successfully scheduled Poll of Receiver Aiding State data
01-24 20:21:41.809   434   611 V u-blox  : CUbxGpsState::printStd: MGA: Starting Receiver Aiding State Poll!
01-24 20:21:41.968 18465 18490 E FitWearable: GMSCore OAuth failed, retry again in the future
01-24 20:21:41.968 18465 18490 E FitWearable: java.util.concurrent.ExecutionException: auh: 5: 5: 
01-24 20:21:41.968 18465 18490 E FitWearable: 	at ios.b(PG:132)
01-24 20:21:41.968 18465 18490 E FitWearable: 	at ios.get(PG:82)
01-24 20:21:41.968 18465 18490 E FitWearable: 	at lbh.e(PG:6)
01-24 20:21:41.968 18465 18490 E FitWearable: 	at kux.a(PG:147)
01-24 20:21:41.968 18465 18490 E FitWearable: 	at kte.e(PG:5)
01-24 20:21:41.968 18465 18490 E FitWearable: 	at kup.a(PG:95)
01-24 20:21:41.968 18465 18490 E FitWearable: 	at ktp.e(PG:3)
01-24 20:21:41.968 18465 18490 E FitWearable: 	at kup.a(PG:95)
01-24 20:21:41.968 18465 18490 E FitWearable: 	at kue.ay(PG:2)
01-24 20:21:41.968 18465 18490 E FitWearable: 	at lij.ay(PG:3)
01-24 20:21:41.968 18465 18490 E FitWearable: 	at ljd.run(PG:9)
01-24 20:21:41.968 18465 18490 E FitWearable: 	at java.util.concurrent.Executors$RunnableAdapter.call(Executors.java:457)
01-24 20:21:41.968 18465 18490 E FitWearable: 	at java.util.concurrent.FutureTask.run(FutureTask.java:266)
01-24 20:21:41.968 18465 18490 E FitWearable: 	at java.util.concurrent.ScheduledThreadPoolExecutor$ScheduledFutureTask.run(ScheduledThreadPoolExecutor.java:301)
01-24 20:21:41.968 18465 18490 E FitWearable: 	at java.util.concurrent.ThreadPoolExecutor.runWorker(ThreadPoolExecutor.java:1162)
01-24 20:21:41.968 18465 18490 E FitWearable: 	at java.util.concurrent.ThreadPoolExecutor$Worker.run(ThreadPoolExecutor.java:636)
01-24 20:21:41.968 18465 18490 E FitWearable: 	at java.lang.Thread.run(Thread.java:764)
01-24 20:21:41.968 18465 18490 E FitWearable: Caused by: auh: 5: 5: 
01-24 20:21:41.968 18465 18490 E FitWearable: 	at ayu.a(PG:1)
01-24 20:21:41.968 18465 18490 E FitWearable: 	at bau.a(PG:5)
01-24 20:21:41.968 18465 18490 E FitWearable: 	at com.google.android.gms.common.api.internal.BasePendingResult.a(PG:56)
01-24 20:21:41.968 18465 18490 E FitWearable: 	at ard.a(PG:4)
01-24 20:21:41.968 18465 18490 E FitWearable: 	at arr.a(PG:9)
01-24 20:21:41.968 18465 18490 E FitWearable: 	at alx.onTransact(PG:5)
01-24 20:21:41.968 18465 18490 E FitWearable: 	at android.os.Binder.execTransact(Binder.java:674)
01-24 20:21:41.990 18465 18475 I zygote  : Background concurrent copying GC freed 7025(666KB) AllocSpace objects, 4(80KB) LOS objects, 24% free, 2MB/2MB, paused 13.207ms total 227.459ms
01-24 20:21:42.005 31850 32163 I PeopleChimeraService: onService. callbacks = kia@6f0baa5, request = com.google.android.gms.common.internal.GetServiceRequest@dfbee7a
01-24 20:21:42.039   434   614 W u-blox  : CProtocolUBX::ProcessNavPvt: psmState=0, fixType=0, gnssFixOk=0, numSV=0, pDOP=999, hACC=4294967, vACC=3750000
01-24 20:21:42.053   434   611 E u-blox  : CUbxGpsState::printErr: MGA: Receiver Aiding State Poll finished unsuccessfully! Action failed!
01-24 20:21:42.053   434   611 E u-blox  : CUbxGpsState::finished: Poll of Receiver Aiding State data failed!
01-24 20:21:42.088 13109 13122 I zygote  : Background concurrent copying GC freed 40672(2MB) AllocSpace objects, 3(48KB) LOS objects, 19% free, 8MB/10MB, paused 956us total 781.145ms
01-24 20:21:42.131 31850 31857 I zygote  : Do partial code cache collection, code=495KB, data=342KB
01-24 20:21:42.137 31850 31857 I zygote  : After code cache collection, code=495KB, data=342KB
01-24 20:21:42.137 31850 31857 I zygote  : Increasing code cache capacity to 2MB
01-24 20:21:43.042   434   614 W u-blox  : CProtocolUBX::ProcessNavPvt: psmState=0, fixType=0, gnssFixOk=0, numSV=0, pDOP=999, hACC=4294967, vACC=3750000
01-24 20:21:44.042   434   614 W u-blox  : CProtocolUBX::ProcessNavPvt: psmState=0, fixType=0, gnssFixOk=0, numSV=0, pDOP=999, hACC=4294967, vACC=3750000
01-24 20:21:44.871  7206  7251 I dailytrack: HealthSportDataCacheUtil::saveData(),currentThread4=handle_total_data
01-24 20:21:45.044   434   614 W u-blox  : CProtocolUBX::ProcessNavPvt: psmState=0, fixType=0, gnssFixOk=0, numSV=0, pDOP=999, hACC=4294967, vACC=3750000
01-24 20:21:46.687   434   452 I UsageStatsService: User[0] Flushing usage stats to disk
01-24 20:21:48.041   434   614 I chatty  : uid=1000(system) Thread-12 identical 3 lines
01-24 20:21:49.046   434   614 W u-blox  : CProtocolUBX::ProcessNavPvt: psmState=0, fixType=0, gnssFixOk=0, numSV=0, pDOP=999, hACC=4294967, vACC=3750000
01-24 20:21:49.873  7206  7251 I dailytrack: HealthSportDataCacheUtil::saveData(),currentThread4=handle_total_data
01-24 20:21:50.042   434   614 W u-blox  : CProtocolUBX::ProcessNavPvt: psmState=0, fixType=0, gnssFixOk=0, numSV=0, pDOP=999, hACC=4294967, vACC=3750000
01-24 20:21:51.041   434   614 W u-blox  : CProtocolUBX::ProcessNavPvt: psmState=0, fixType=0, gnssFixOk=0, numSV=0, pDOP=999, hACC=4294967, vACC=3750000
01-24 20:21:51.978 18465 18510 E FitWearable: GMSCore OAuth failed, retry again in the future
01-24 20:21:51.978 18465 18510 E FitWearable: java.util.concurrent.ExecutionException: auh: 5: 5: 
01-24 20:21:51.978 18465 18510 E FitWearable: 	at ios.b(PG:132)
01-24 20:21:51.978 18465 18510 E FitWearable: 	at ios.get(PG:89)
01-24 20:21:51.978 18465 18510 E FitWearable: 	at lbh.e(PG:6)
01-24 20:21:51.978 18465 18510 E FitWearable: 	at kux.a(PG:147)
01-24 20:21:51.978 18465 18510 E FitWearable: 	at kte.e(PG:5)
01-24 20:21:51.978 18465 18510 E FitWearable: 	at kup.a(PG:95)
01-24 20:21:51.978 18465 18510 E FitWearable: 	at ktp.e(PG:3)
01-24 20:21:51.978 18465 18510 E FitWearable: 	at kup.a(PG:95)
01-24 20:21:51.978 18465 18510 E FitWearable: 	at kue.ay(PG:2)
01-24 20:21:51.978 18465 18510 E FitWearable: 	at lij.ay(PG:3)
01-24 20:21:51.978 18465 18510 E FitWearable: 	at ljd.run(PG:9)
01-24 20:21:51.978 18465 18510 E FitWearable: 	at java.util.concurrent.Executors$RunnableAdapter.call(Executors.java:457)
01-24 20:21:51.978 18465 18510 E FitWearable: 	at java.util.concurrent.FutureTask.run(FutureTask.java:266)
01-24 20:21:51.978 18465 18510 E FitWearable: 	at java.util.concurrent.ScheduledThreadPoolExecutor$ScheduledFutureTask.run(ScheduledThreadPoolExecutor.java:301)
01-24 20:21:51.978 18465 18510 E FitWearable: 	at java.util.concurrent.ThreadPoolExecutor.runWorker(ThreadPoolExecutor.java:1162)
01-24 20:21:51.978 18465 18510 E FitWearable: 	at java.util.concurrent.ThreadPoolExecutor$Worker.run(ThreadPoolExecutor.java:636)
01-24 20:21:51.978 18465 18510 E FitWearable: 	at java.lang.Thread.run(Thread.java:764)
01-24 20:21:51.978 18465 18510 E FitWearable: Caused by: auh: 5: 5: 
01-24 20:21:51.978 18465 18510 E FitWearable: 	at ayu.a(PG:1)
01-24 20:21:51.978 18465 18510 E FitWearable: 	at bau.a(PG:5)
01-24 20:21:51.978 18465 18510 E FitWearable: 	at com.google.android.gms.common.api.internal.BasePendingResult.a(PG:56)
01-24 20:21:51.978 18465 18510 E FitWearable: 	at ard.a(PG:4)
01-24 20:21:51.978 18465 18510 E FitWearable: 	at arr.a(PG:9)
01-24 20:21:51.978 18465 18510 E FitWearable: 	at alx.onTransact(PG:5)
01-24 20:21:51.978 18465 18510 E FitWearable: 	at android.os.Binder.execTransact(Binder.java:674)
01-24 20:21:52.046   434   614 W u-blox  : CUbxGpsState::onNewMsg: Time for preparing the shutdown run out. Stopping the receiver...
01-24 20:21:52.148   434   614 V u-blox  : CUbxGpsState::forceTurnOff: The receiver output is disabled!
01-24 20:21:52.150   328   328 D shd     : ProcessSensorDeactive sensor:0xa, handle:37 
01-24 20:21:52.159   434   614 V u-blox  : DeActive sensor OK
01-24 20:21:52.159   434   614 V u-blox  : CUbxGpsState::powerOff: placeholder for power OFF function
01-24 20:21:52.159   434   614 V u-blox  : CUbxGpsState::forceTurnOff: The receiver is powered off!
01-24 20:21:52.159   434   614 V u-blox  : CUbxGpsState::changeState: The receiver is now turned Off
01-24 20:21:52.159   434   614 V u-blox  : checkShutdownState: (Begin)
01-24 20:21:52.159   434   614 V u-blox  : changeSessionStatus:  State = 3
01-24 20:21:52.159   434   614 V u-blox  : CGpsIf::gpsStatus: current GPS status: (still) 4 (GPS_STATUS_ENGINE_OFF)
01-24 20:21:52.159   434   614 V u-blox  : checkShutdownState: (End)
01-24 20:21:52.160   434   614 W u-blox  : CProtocolUBX::ProcessNavPvt: psmState=0, fixType=0, gnssFixOk=0, numSV=0, pDOP=999, hACC=4294967, vACC=3750000
01-24 20:21:54.214 18515 18515 D AndroidRuntime: >>>>>> START com.android.internal.os.RuntimeInit uid 2000 <<<<<<
01-24 20:21:54.876  7206  7251 I dailytrack: HealthSportDataCacheUtil::saveData(),currentThread4=handle_total_data
01-24 20:21:55.387 18515 18515 D AndroidRuntime: Calling main entry com.android.commands.pm.Pm
01-24 20:21:55.413   434 13083 I ActivityManager: Force stopping com.google.android.apps.fitness appid=10033 user=0: clear data
01-24 20:21:55.414   434 13083 I ActivityManager: Killing 18465:com.google.android.apps.fitness/u0a33 (adj 0): stop com.google.android.apps.fitness
01-24 20:21:55.464   434 13083 W ActivityManager: Force removing ActivityRecord{f3e7e4a u0 com.google.android.apps.fitness/com.google.android.wearable.fitness.application.welcome.WelcomeActivity t509}: app died, no saved state
01-24 20:21:55.597   434  5705 W InputMethodManagerService: Got RemoteException sending setActive(false) notification to pid 18465 uid 10033
01-24 20:21:55.615   551  1048 W InputMethodWrapper: Session is already finished: android.inputmethodservice.IInputMethodSessionWrapper@ebebb87
01-24 20:21:55.791   434   454 W Looper  : Dispatch took 376ms on android.ui, h=Handler (com.android.server.am.ActivityManagerService$UiHandler) {dee4953} cb=null msg=53
01-24 20:21:55.800   434   453 W BroadcastQueue: Background execution not allowed: receiving Intent { act=android.os.UpdateLock.UPDATE_LOCK_CHANGED flg=0x4000010 (has extras) } to com.google.android.gms/.chimera.GmsIntentOperationService$PersistentTrustedReceiver
01-24 20:21:55.802   434   453 I ActivityManager: Force stopping com.google.android.apps.fitness appid=10033 user=-1: clearApplicationUserData
01-24 20:21:55.807   434   461 W ActivityManager: setHasOverlayUi called on unknown pid: 18465
01-24 20:21:55.857 15691 15691 E Watchface: CocosWatchFaceService::Handler msg: -5 0.0;--
01-24 20:21:55.909   335   335 I keystore: clear_uid 10033
01-24 20:21:55.910   434   462 W ProcessCpuTracker: Skipping unknown process pid 18465
01-24 20:21:55.926   434   536 E TaskPersister: File error accessing recents directory (directory doesn't exist?).
01-24 20:21:56.027 31332 31332 D Avrcp   : AvrcpServiceBroadcastReceiver-> Action: android.intent.action.PACKAGE_DATA_CLEARED
01-24 20:21:56.027 31332 31332 D Avrcp   : packageName: com.google.android.apps.fitness removed: true
01-24 20:21:56.027 31332 31332 V Avrcp   : isBrowseSupported for com.google.android.apps.fitness: false
01-24 20:21:56.028 13109 13109 I GeofencerStateMachine: removeGeofences: removeRequest=RemoveGeofencingRequest[REMOVE_ALL packageName=com.google.android.apps.fitness]
01-24 20:21:56.050 18515 18515 I app_process: System.exit called, status: 0
01-24 20:21:56.050 18515 18515 I AndroidRuntime: VM exiting with result code 0.
01-24 20:21:56.096   712   712 D RegisteredNfcFServicesCache: Service unchanged, not updating
01-24 20:21:56.099 13109 18530 I Fitness : Clearing all cached OAuth tokens for: com.google.android.apps.fitness [CONTEXT service_id=17 ]
01-24 20:21:56.104 13109 18530 I Fitness : Removing all subscriptions for: com.google.android.apps.fitness [CONTEXT service_id=17 ]
01-24 20:21:56.185 13109 18530 I Fitness : Clearing all cached OAuth tokens for: com.google.android.apps.fitness [CONTEXT service_id=17 ]
01-24 20:21:56.189 13109 18530 I Fitness : Removing all subscriptions for: com.google.android.apps.fitness [CONTEXT service_id=17 ]
01-24 20:21:59.881  7206  7251 I dailytrack: HealthSportDataCacheUtil::saveData(),currentThread4=handle_total_data
01-24 20:22:00.035 15691 15691 D WallpaperUtil: InternalCache: available=1546M
01-24 20:22:00.069 15691 15691 E Watchface: WeatherManager::checkUpdateDisplayWeather() mWeatherInfo is null !
01-24 20:22:00.072 32131 32131 W OngoingChipController: Attempting to remove non-existent UI for chip [com.google.android.wearable.app, media_controls]


