01-24 17:46:12.130   434   536 E TaskPersister: File error accessing recents directory (directory doesn't exist?).
01-24 17:46:12.354   723   737 I zygote  : Background concurrent copying GC freed 6747(591KB) AllocSpace objects, 2(192KB) LOS objects, 24% free, 2009KB/2MB, paused 2.873ms total 175.610ms
01-24 17:46:15.937  7206  7251 I dailytrack: HealthSportDataCacheUtil::saveData(),currentThread4=handle_total_data
01-24 17:46:20.940  7206  7251 I dailytrack: HealthSportDataCacheUtil::saveData(),currentThread4=handle_total_data
01-24 17:46:25.769 10624 10624 D AndroidRuntime: >>>>>> START com.android.internal.os.RuntimeInit uid 2000 <<<<<<
01-24 17:46:25.946  7206  7251 I dailytrack: HealthSportDataCacheUtil::saveData(),currentThread4=handle_total_data
01-24 17:46:27.039 10624 10624 D AndroidRuntime: Calling main entry com.android.commands.pm.Pm
01-24 17:46:27.070   434   874 I ActivityManager: Force stopping com.mapmyrun.android2 appid=10053 user=0: clear data
01-24 17:46:27.071   434   874 I ActivityManager: Killing 10592:com.mapmyrun.android2/u0a53 (adj 100): stop com.mapmyrun.android2
01-24 17:46:27.084   434   874 W ActivityManager: Force removing ActivityRecord{9ff0e23 u0 com.mapmyrun.android2/com.mapmyfitness.android.view.MainActivity t369}: app died, no saved state
01-24 17:46:27.222   335   335 I keystore: clear_uid 10053
01-24 17:46:27.238   434   453 I ActivityManager: Force stopping com.mapmyrun.android2 appid=10053 user=-1: clearApplicationUserData
01-24 17:46:27.261   434   454 W Looper  : Dispatch took 190ms on android.ui, h=Handler (com.android.server.am.ActivityManagerService$UiHandler) {dee4953} cb=null msg=53
01-24 17:46:27.280   568   568 W WearableKeyguard: Keyguard took 53ms to handle event #3
01-24 17:46:27.299   434   461 W ActivityManager: setHasOverlayUi called on unknown pid: 10592
01-24 17:46:27.357 15691 15691 E Watchface: CocosWatchFaceService::Handler msg: -5 0.0;--
01-24 17:46:27.615   434   462 W ProcessCpuTracker: Skipping unknown process pid 10592
01-24 17:46:27.622   434   536 E TaskPersister: File error accessing recents directory (directory doesn't exist?).
01-24 17:46:27.680 31332 31332 D Avrcp   : AvrcpServiceBroadcastReceiver-> Action: android.intent.action.PACKAGE_DATA_CLEARED
01-24 17:46:27.680 31332 31332 D Avrcp   : packageName: com.mapmyrun.android2 removed: true
01-24 17:46:27.680 31332 31332 V Avrcp   : isBrowseSupported for com.mapmyrun.android2: false
01-24 17:46:27.681 13109 13109 I GeofencerStateMachine: removeGeofences: removeRequest=RemoveGeofencingRequest[REMOVE_ALL packageName=com.mapmyrun.android2]
01-24 17:46:27.762 30846 30846 I chatty  : uid=10029(u0_a29) com.android.vending expire 2 lines
01-24 17:46:27.768 30846 30846 I Finsky  : [2] sjh.a(44): Scheduling job Id: 9003, L: 27921436, D: 28821436, C: false, I: false, N: 0
01-24 17:46:27.791 10624 10624 I app_process: System.exit called, status: 0
01-24 17:46:27.791 10624 10624 I AndroidRuntime: VM exiting with result code 0.
01-24 17:46:27.994   434   454 W Looper  : Dispatch took 101ms on android.ui, h=Handler (com.android.server.am.ActivityManagerService$UiHandler) {dee4953} cb=null msg=30
01-24 17:46:28.008   434  3945 W WindowManager: Failed looking up window callers=com.android.server.wm.WindowManagerService.windowForClientLocked:5750 com.android.server.wm.WindowManagerService.removeWindow:1705 com.android.server.wm.Session.remove:216 
01-24 17:46:28.078   434   453 W BroadcastQueue: Background execution not allowed: receiving Intent { act=android.os.UpdateLock.UPDATE_LOCK_CHANGED flg=0x4000010 (has extras) } to com.google.android.gms/.chimera.GmsIntentOperationService$PersistentTrustedReceiver
01-24 17:46:28.081 15691 15691 E Watchface: CocosWatchFaceService::Handler msg: -5 0.0;--
01-24 17:46:28.129   712   712 D RegisteredNfcFServicesCache: Service unchanged, not updating
01-24 17:46:28.147 30846 30846 I Finsky  : [2] oro.onTrimMemory(1): Memory trim requested to level 20
01-24 17:46:28.154 30846 30846 I Finsky  : [2] oro.onTrimMemory(2): Flushing in-memory image cache
01-24 17:46:28.322 13109 10647 I Fitness : Clearing all cached OAuth tokens for: com.mapmyrun.android2 [CONTEXT service_id=17 ]
01-24 17:46:28.324 13109 10647 I Fitness : Removing all subscriptions for: com.mapmyrun.android2 [CONTEXT service_id=17 ]
01-24 17:46:28.391 13109 10647 I Fitness : Clearing all cached OAuth tokens for: com.mapmyrun.android2 [CONTEXT service_id=17 ]
01-24 17:46:28.398 13109 10647 I Fitness : Removing all subscriptions for: com.mapmyrun.android2 [CONTEXT service_id=17 ]
01-24 17:46:30.946  7206  7251 I dailytrack: HealthSportDataCacheUtil::saveData(),currentThread4=handle_total_data
01-24 17:46:31.832   434   443 I zygote  : Background concurrent copying GC freed 22658(1546KB) AllocSpace objects, 16(412KB) LOS objects, 15% free, 10MB/12MB, paused 2.714ms total 413.414ms
01-24 17:46:33.176   434  5002 I ActivityManager: START u0 {act=api.android.category.MAIN cat=[api.android.intent.LAUNCHER] flg=0x10000000 cmp=com.mapmyrun.android2/com.mapmyfitness.android.view.MainActivity} from uid 2000
01-24 17:46:33.349   434  2426 I ActivityManager: Start proc 10652:com.mapmyrun.android2/u0a53 for activity com.mapmyrun.android2/com.mapmyfitness.android.view.MainActivity
01-24 17:46:33.420   434   462 W ProcessCpuTracker: Skipping unknown process pid 10648
01-24 17:46:33.423   434   462 W ProcessCpuTracker: Skipping unknown process pid 10650
01-24 17:46:33.565   434  2426 W ActivityManager: Slow operation: 90ms so far, now at attachApplicationLocked: after mServices.attachApplicationLocked
01-24 17:46:33.637   434   453 W BroadcastQueue: Background execution not allowed: receiving Intent { act=android.os.UpdateLock.UPDATE_LOCK_CHANGED flg=0x4000010 (has extras) } to com.google.android.gms/.chimera.GmsIntentOperationService$PersistentTrustedReceiver
01-24 17:46:33.833   323   403 W HWComposer: Ignoring duplicate VSYNC event from HWC (t=160263333666673)
01-24 17:46:34.068 10652 10669 D OpenGLRenderer: HWUI GL Pipeline
01-24 17:46:34.084 10652 10652 D a       : Get preferred units
01-24 17:46:34.084 10652 10652 D a       : Get current selected activity type
01-24 17:46:34.104 10652 10662 I zygote  : Background concurrent copying GC freed 1509(277KB) AllocSpace objects, 0(0B) LOS objects, 27% free, 1318KB/1830KB, paused 2.670ms total 291.507ms
01-24 17:46:34.130 10652 10669 I Adreno-EGL: <qeglDrvAPI_eglInitialize:379>: EGL 1.4 QUALCOMM build:  (I7af58d6928)
01-24 17:46:34.130 10652 10669 I Adreno-EGL: OpenGL ES Shader Compiler Version: E031.35.01.00
01-24 17:46:34.130 10652 10669 I Adreno-EGL: Build Date: 09/14/17 Thu
01-24 17:46:34.130 10652 10669 I Adreno-EGL: Local Branch: gfx-adreno.lnx.1.0
01-24 17:46:34.130 10652 10669 I Adreno-EGL: Remote Branch: 
01-24 17:46:34.130 10652 10669 I Adreno-EGL: Local Patches: 
01-24 17:46:34.130 10652 10669 I Adreno-EGL: Reconstruct Branch: 
01-24 17:46:34.136 10652 10669 I vndksupport: sphal namespace is not configured for this process. Loading /vendor/lib/hw/gralloc.msm8909.so from the current namespace instead.
01-24 17:46:34.149 10669 10669 W RenderThread: type=1400 audit(0.0:453): avc: denied { read } for name="gpuclk" dev="sysfs" ino=18862 scontext=u:r:untrusted_app:s0:c512,c768 tcontext=u:object_r:sysfs:s0 tclass=file permissive=0
01-24 17:46:34.151 10652 10669 I OpenGLRenderer: Initialized EGL, version 1.4
01-24 17:46:34.151 10652 10669 D OpenGLRenderer: Swap behavior 1
01-24 17:46:34.159 10652 10669 W Adreno-ES20: <get_gpu_clk:229>: open failed: errno 13
01-24 17:46:34.171 10652 10669 W Adreno-EGL: <qeglDrvAPI_eglGetConfigAttrib:612>: EGL_BAD_ATTRIBUTE
01-24 17:46:34.175 10652 10669 I vndksupport: sphal namespace is not configured for this process. Loading /vendor/lib/hw/gralloc.msm8909.so from the current namespace instead.
01-24 17:46:34.338 10652 10669 I vndksupport: sphal namespace is not configured for this process. Loading /vendor/lib/hw/gralloc.msm8909.so from the current namespace instead.
01-24 17:46:34.389   434   461 I ActivityManager: Displayed com.mapmyrun.android2/com.mapmyfitness.android.view.MainActivity: +1s92ms
01-24 17:46:34.474 10652 10652 D a       : Message sent: GET_APP_STATE
01-24 17:46:34.497 10652 10652 D a       : Message sent: UNITS
01-24 17:46:34.503 10652 10652 D a       : Message sent: GET_ACTIVITY_TYPE
01-24 17:46:34.724 10652 10677 D WearListenerService: Units received: IMPERIAL
01-24 17:46:34.724 10652 10677 D WearListenerService: State received: RECORDING_PAUSED
01-24 17:46:34.731   434  5002 I ActivityManager: START u0 {act=android.content.pm.action.REQUEST_PERMISSIONS pkg=com.google.android.packageinstaller cmp=com.google.android.packageinstaller/com.android.packageinstaller.permission.ui.GrantPermissionsActivity (has extras)} from uid 10053
01-24 17:46:34.744 10652 10652 D a       : Message sent: disabled
01-24 17:46:34.886   434  2426 W ServiceManager: Permission failure: android.permission.BODY_SENSORS from uid=10053 pid=10652
01-24 17:46:34.886   434  2426 E SensorService: Tried enabling a sensor (ADPD153GGRI) without holding its required permission: android.permission.BODY_SENSORS
01-24 17:46:35.047  2013  2261 W Adreno-EGL: <qeglDrvAPI_eglGetConfigAttrib:612>: EGL_BAD_ATTRIBUTE
01-24 17:46:35.057  2013  2261 I vndksupport: sphal namespace is not configured for this process. Loading /vendor/lib/hw/gralloc.msm8909.so from the current namespace instead.
01-24 17:46:35.061   323   323 D SurfaceFlinger: duplicate layer name: changing com.google.android.packageinstaller/com.android.packageinstaller.permission.ui.GrantPermissionsActivity to com.google.android.packageinstaller/com.android.packageinstaller.permission.ui.GrantPermissionsActivity#1
01-24 17:46:35.073  2013  2261 W Adreno-EGL: <qeglDrvAPI_eglGetConfigAttrib:612>: EGL_BAD_ATTRIBUTE
01-24 17:46:35.086  2013  2261 I vndksupport: sphal namespace is not configured for this process. Loading /vendor/lib/hw/gralloc.msm8909.so from the current namespace instead.
01-24 17:46:35.120   568   568 W WearableKeyguard: Keyguard took 103ms to handle event #3
01-24 17:46:35.162   434   461 I ActivityManager: Displayed com.google.android.packageinstaller/com.android.packageinstaller.permission.ui.GrantPermissionsActivity: +237ms
01-24 17:46:35.181 10652 10662 I zygote  : Background concurrent copying GC freed 2786(382KB) AllocSpace objects, 0(0B) LOS objects, 25% free, 1580KB/2MB, paused 507us total 354.499ms
01-24 17:46:35.638 10652 10677 D WearListenerService: State received: RECORDING_PAUSED
01-24 17:46:35.764 10652 10652 D a       : Message sent: GET_APP_STATE
01-24 17:46:35.951  7206  7251 I dailytrack: HealthSportDataCacheUtil::saveData(),currentThread4=handle_total_data
01-24 17:46:35.952 10652 10657 I zygote  : Do partial code cache collection, code=19KB, data=24KB
01-24 17:46:35.953 10652 10657 I zygote  : After code cache collection, code=19KB, data=24KB
01-24 17:46:35.954 10652 10657 I zygote  : Increasing code cache capacity to 128KB
01-24 17:46:35.958 10652 10657 I zygote  : Compiler allocated 4MB to compile void androidx.constraintlayout.widget.ConstraintLayout.onMeasure(int, int)
01-24 17:46:36.752   434   536 E TaskPersister: File error accessing recents directory (directory doesn't exist?).
01-24 17:46:37.869 30846  9689 I Finsky  : [1632] qcx.b(1): Triggered update for experiment package com.google.android.finsky.stable.
01-24 17:46:37.973 30846  9693 W ProxyAndroidLoggerBackend: Too many Flogger logs received before configuration. Dropping old logs.
01-24 17:46:38.035 30846  9693 I chatty  : uid=10029(u0_a29) BlockingExecuto identical 1 line
01-24 17:46:38.036 30846  9693 W ProxyAndroidLoggerBackend: Too many Flogger logs received before configuration. Dropping old logs.
01-24 17:46:38.054 30846  9689 I Finsky  : [1632] qcx.b(8): Already at the latest configurations for experiment package com.google.android.finsky.stable.
01-24 17:46:38.057 30846  9687 I Finsky  : [1630] qcx.b(1): Triggered update for experiment package com.google.android.finsky.regular.
01-24 17:46:38.127 30846  9693 W ProxyAndroidLoggerBackend: Too many Flogger logs received before configuration. Dropping old logs.
01-24 17:46:38.141 30846 30846 I Finsky  : [2] skz.a(7): SCH: Jobs in database: 1-1337 16-16161616 26-1414141414 
01-24 17:46:38.160 30846 30846 I Finsky  : [2] sgp.a(58): SCH: ConstraintMapping: 1-1337,  -> L: 15326693ms, D: 58526693ms, C: false, I: false, N: 1
01-24 17:46:38.162 30846 30846 I Finsky  : [2] sgp.a(58): SCH: ConstraintMapping: 16-16161616, 26-1414141414,  -> L: 59718ms, D: 59718ms, C: false, I: false, N: 0
01-24 17:46:38.182 30846 30846 I Finsky  : [2] sjh.a(7): Cancelling existing jobscheduler jobs: 9003 9000 
01-24 17:46:38.188 30846 30846 I Finsky  : [2] sjh.a(44): Scheduling job Id: 9001, L: 15326693, D: 58526693, C: false, I: false, N: 1
01-24 17:46:38.194 30846 30846 I Finsky  : [2] sjh.a(44): Scheduling job Id: 9002, L: 59718, D: 59718, C: false, I: false, N: 0
01-24 17:46:38.332 30846  9693 W ProxyAndroidLoggerBackend: Too many Flogger logs received before configuration. Dropping old logs.
01-24 17:46:38.333 30846  9693 W ProxyAndroidLoggerBackend: Too many Flogger logs received before configuration. Dropping old logs.
01-24 17:46:38.379 30846  9687 I Finsky  : [1630] qcx.b(8): Already at the latest configurations for experiment package com.google.android.finsky.regular.
01-24 17:46:38.381 30846  9688 I Finsky  : [1631] qcx.b(1): Triggered update for experiment package com.google.android.finsky.regular.
01-24 17:46:38.457 30846  9693 W ProxyAndroidLoggerBackend: Too many Flogger logs received before configuration. Dropping old logs.
01-24 17:46:38.655 30846  9693 I chatty  : uid=10029(u0_a29) BlockingExecuto identical 1 line
01-24 17:46:38.660 30846  9693 W ProxyAndroidLoggerBackend: Too many Flogger logs received before configuration. Dropping old logs.
01-24 17:46:38.714 30846  9688 I Finsky  : [1631] qcx.b(8): Already at the latest configurations for experiment package com.google.android.finsky.regular.
01-24 17:46:40.956  7206  7251 I dailytrack: HealthSportDataCacheUtil::saveData(),currentThread4=handle_total_data
01-24 17:46:45.962  7206  7251 I dailytrack: HealthSportDataCacheUtil::saveData(),currentThread4=handle_total_data
01-24 17:46:50.410 10684 10684 D AndroidRuntime: >>>>>> START com.android.internal.os.RuntimeInit uid 2000 <<<<<<
01-24 17:46:50.966  7206  7251 I dailytrack: HealthSportDataCacheUtil::saveData(),currentThread4=handle_total_data
01-24 17:46:51.561 10684 10684 D AndroidRuntime: Calling main entry com.android.commands.pm.Pm
01-24 17:46:51.591   434   660 I ActivityManager: Force stopping com.mapmyrun.android2 appid=10053 user=0: clear data
01-24 17:46:51.593   434   660 I ActivityManager: Killing 10652:com.mapmyrun.android2/u0a53 (adj 100): stop com.mapmyrun.android2
01-24 17:46:51.603   434   660 W ActivityManager: Force removing ActivityRecord{4dd263b u0 com.mapmyrun.android2/com.mapmyfitness.android.view.MainActivity t370}: app died, no saved state
01-24 17:46:51.788   335   335 I keystore: clear_uid 10053
01-24 17:46:51.799   434   453 I ActivityManager: Force stopping com.mapmyrun.android2 appid=10053 user=-1: clearApplicationUserData
01-24 17:46:51.837   434   454 W Looper  : Dispatch took 245ms on android.ui, h=Handler (com.android.server.am.ActivityManagerService$UiHandler) {dee4953} cb=null msg=53
01-24 17:46:51.837   434   461 W ActivityManager: setHasOverlayUi called on unknown pid: 10652
01-24 17:46:51.858 30846 30975 W Adreno-EGL: <qeglDrvAPI_eglGetConfigAttrib:612>: EGL_BAD_ATTRIBUTE
01-24 17:46:51.865 30846 30975 I vndksupport: sphal namespace is not configured for this process. Loading /vendor/lib/hw/gralloc.msm8909.so from the current namespace instead.
01-24 17:46:52.011 15691 15691 E Watchface: CocosWatchFaceService::Handler msg: -5 0.0;--
01-24 17:46:52.102   434   536 E TaskPersister: File error accessing recents directory (directory doesn't exist?).
01-24 17:46:52.168 31332 31332 D Avrcp   : AvrcpServiceBroadcastReceiver-> Action: android.intent.action.PACKAGE_DATA_CLEARED
01-24 17:46:52.171 13109 13109 I GeofencerStateMachine: removeGeofences: removeRequest=RemoveGeofencingRequest[REMOVE_ALL packageName=com.mapmyrun.android2]
01-24 17:46:52.184 31332 31332 D Avrcp   : packageName: com.mapmyrun.android2 removed: true
01-24 17:46:52.184 31332 31332 V Avrcp   : isBrowseSupported for com.mapmyrun.android2: false
01-24 17:46:52.205 10684 10684 I app_process: System.exit called, status: 0
01-24 17:46:52.205 10684 10684 I AndroidRuntime: VM exiting with result code 0.
01-24 17:46:52.221  2013  2013 E WindowManager: 
01-24 17:46:52.221  2013  2013 E WindowManager: android.view.WindowLeaked: Activity com.android.packageinstaller.permission.ui.GrantPermissionsActivity has leaked window DecorView@f13b1ed[] that was originally added here
01-24 17:46:52.221  2013  2013 E WindowManager: 	at android.view.ViewRootImpl.<init>(ViewRootImpl.java:485)
01-24 17:46:52.221  2013  2013 E WindowManager: 	at android.view.WindowManagerGlobal.addView(WindowManagerGlobal.java:346)
01-24 17:46:52.221  2013  2013 E WindowManager: 	at android.view.WindowManagerImpl.addView(WindowManagerImpl.java:92)
01-24 17:46:52.221  2013  2013 E WindowManager: 	at android.app.Dialog.show(Dialog.java:330)
01-24 17:46:52.221  2013  2013 E WindowManager: 	at com.android.packageinstaller.permission.ui.GrantPermissionsWatchViewHandler.showDialog(GrantPermissionsWatchViewHandler.java:151)
01-24 17:46:52.221  2013  2013 E WindowManager: 	at com.android.packageinstaller.permission.ui.GrantPermissionsWatchViewHandler.updateUi(GrantPermissionsWatchViewHandler.java:100)
01-24 17:46:52.221  2013  2013 E WindowManager: 	at com.android.packageinstaller.permission.ui.GrantPermissionsActivity.showNextPermissionGroupGrantRequest(GrantPermissionsActivity.java:291)
01-24 17:46:52.221  2013  2013 E WindowManager: 	at com.android.packageinstaller.permission.ui.GrantPermissionsActivity.onCreate(GrantPermissionsActivity.java:215)
01-24 17:46:52.221  2013  2013 E WindowManager: 	at android.app.Activity.performCreate(Activity.java:6975)
01-24 17:46:52.221  2013  2013 E WindowManager: 	at android.app.Instrumentation.callActivityOnCreate(Instrumentation.java:1213)
01-24 17:46:52.221  2013  2013 E WindowManager: 	at android.app.ActivityThread.performLaunchActivity(ActivityThread.java:2770)
01-24 17:46:52.221  2013  2013 E WindowManager: 	at android.app.ActivityThread.handleLaunchActivity(ActivityThread.java:2892)
01-24 17:46:52.221  2013  2013 E WindowManager: 	at android.app.ActivityThread.-wrap11(Unknown Source:0)
01-24 17:46:52.221  2013  2013 E WindowManager: 	at android.app.ActivityThread$H.handleMessage(ActivityThread.java:1593)
01-24 17:46:52.221  2013  2013 E WindowManager: 	at android.os.Handler.dispatchMessage(Handler.java:105)
01-24 17:46:52.221  2013  2013 E WindowManager: 	at android.os.Looper.loop(Looper.java:164)
01-24 17:46:52.221  2013  2013 E WindowManager: 	at android.app.ActivityThread.main(ActivityThread.java:6541)
01-24 17:46:52.221  2013  2013 E WindowManager: 	at java.lang.reflect.Method.invoke(Native Method)
01-24 17:46:52.221  2013  2013 E WindowManager: 	at com.android.internal.os.Zygote$MethodAndArgsCaller.run(Zygote.java:240)
01-24 17:46:52.221  2013  2013 E WindowManager: 	at com.android.internal.os.ZygoteInit.main(ZygoteInit.java:767)
01-24 17:46:52.224 30846 30846 I Finsky  : [2] ski.a(3): SCH: Canceling job 16-16161616
01-24 17:46:52.326 30846 30846 I Finsky  : [2] skz.a(7): SCH: Jobs in database: 1-1337 26-1414141414 
01-24 17:46:52.330 30846 30846 I Finsky  : [2] sgp.a(58): SCH: ConstraintMapping: 1-1337,  -> L: 15312509ms, D: 58512509ms, C: false, I: false, N: 1
01-24 17:46:52.331 30846 30846 I Finsky  : [2] sgp.a(58): SCH: ConstraintMapping: 26-1414141414,  -> L: 27896850ms, D: 28796850ms, C: false, I: false, N: 0
01-24 17:46:52.479   712   712 D RegisteredNfcFServicesCache: Service unchanged, not updating
01-24 17:46:52.498   434   454 W Looper  : Dispatch took 108ms on android.ui, h=Handler (com.android.server.am.ActivityManagerService$UiHandler) {dee4953} cb=null msg=30
01-24 17:46:52.525 15691 15691 E Watchface: CocosWatchFaceService::Handler msg: -5 0.0;--
01-24 17:46:52.528 30846 30846 I Finsky  : [2] sjh.a(7): Cancelling existing jobscheduler jobs: 9001 9002 
01-24 17:46:52.532 30846 30846 I Finsky  : [2] sjh.a(44): Scheduling job Id: 9000, L: 15312509, D: 58512509, C: false, I: false, N: 1
01-24 17:46:52.545 30846 30846 I Finsky  : [2] sjh.a(44): Scheduling job Id: 9003, L: 27896850, D: 28796850, C: false, I: false, N: 0
01-24 17:46:52.614   434 13081 W BroadcastQueue: Background execution not allowed: receiving Intent { act=android.os.UpdateLock.UPDATE_LOCK_CHANGED flg=0x4000010 (has extras) } to com.google.android.gms/.chimera.GmsIntentOperationService$PersistentTrustedReceiver
01-24 17:46:52.726 30846 30846 I Finsky  : [2] oro.onTrimMemory(1): Memory trim requested to level 20
01-24 17:46:52.727 30846 30846 I Finsky  : [2] oro.onTrimMemory(2): Flushing in-memory image cache
01-24 17:46:52.818 13109 10705 I Fitness : Clearing all cached OAuth tokens for: com.mapmyrun.android2 [CONTEXT service_id=17 ]
01-24 17:46:52.833 13109 10705 I Fitness : Removing all subscriptions for: com.mapmyrun.android2 [CONTEXT service_id=17 ]
01-24 17:46:52.870 13109 10705 I Fitness : Clearing all cached OAuth tokens for: com.mapmyrun.android2 [CONTEXT service_id=17 ]
01-24 17:46:52.873 13109 10705 I Fitness : Removing all subscriptions for: com.mapmyrun.android2 [CONTEXT service_id=17 ]
01-24 17:46:55.971  7206  7251 I dailytrack: HealthSportDataCacheUtil::saveData(),currentThread4=handle_total_data
01-24 17:46:57.614   434 13081 I ActivityManager: START u0 {act=api.android.category.MAIN cat=[api.android.intent.LAUNCHER] flg=0x10000000 cmp=com.mapmyrun.android2/com.mapmyfitness.android.view.MainActivity} from uid 2000
01-24 17:46:57.764   434  7909 I ActivityManager: Start proc 10713:com.mapmyrun.android2/u0a53 for activity com.mapmyrun.android2/com.mapmyfitness.android.view.MainActivity
01-24 17:46:57.807   434   462 W ProcessCpuTracker: Skipping unknown process pid 10709
01-24 17:46:57.812   434   462 W ProcessCpuTracker: Skipping unknown process pid 10711
01-24 17:46:57.995   434  7909 W ActivityManager: Slow operation: 87ms so far, now at attachApplicationLocked: after mServices.attachApplicationLocked
01-24 17:46:58.068   434   453 W BroadcastQueue: Background execution not allowed: receiving Intent { act=android.os.UpdateLock.UPDATE_LOCK_CHANGED flg=0x4000010 (has extras) } to com.google.android.gms/.chimera.GmsIntentOperationService$PersistentTrustedReceiver
01-24 17:46:58.320 10713 10723 I zygote  : Background concurrent copying GC freed 1060(292KB) AllocSpace objects, 0(0B) LOS objects, 30% free, 1150KB/1662KB, paused 7.422ms total 114.994ms
01-24 17:46:58.390   323   403 W HWComposer: Ignoring duplicate VSYNC event from HWC (t=160287903484997)
01-24 17:46:58.492 10713 10731 D OpenGLRenderer: HWUI GL Pipeline
01-24 17:46:58.509 10713 10713 D a       : Get preferred units
01-24 17:46:58.510 10713 10713 D a       : Get current selected activity type
01-24 17:46:58.557 10713 10731 I Adreno-EGL: <qeglDrvAPI_eglInitialize:379>: EGL 1.4 QUALCOMM build:  (I7af58d6928)
01-24 17:46:58.557 10713 10731 I Adreno-EGL: OpenGL ES Shader Compiler Version: E031.35.01.00
01-24 17:46:58.557 10713 10731 I Adreno-EGL: Build Date: 09/14/17 Thu
01-24 17:46:58.557 10713 10731 I Adreno-EGL: Local Branch: gfx-adreno.lnx.1.0
01-24 17:46:58.557 10713 10731 I Adreno-EGL: Remote Branch: 
01-24 17:46:58.557 10713 10731 I Adreno-EGL: Local Patches: 
01-24 17:46:58.557 10713 10731 I Adreno-EGL: Reconstruct Branch: 
01-24 17:46:58.563 10713 10731 I vndksupport: sphal namespace is not configured for this process. Loading /vendor/lib/hw/gralloc.msm8909.so from the current namespace instead.
01-24 17:46:58.569 10731 10731 W RenderThread: type=1400 audit(0.0:454): avc: denied { read } for name="gpuclk" dev="sysfs" ino=18862 scontext=u:r:untrusted_app:s0:c512,c768 tcontext=u:object_r:sysfs:s0 tclass=file permissive=0
01-24 17:46:58.578 10713 10731 I OpenGLRenderer: Initialized EGL, version 1.4
01-24 17:46:58.578 10713 10731 D OpenGLRenderer: Swap behavior 1
01-24 17:46:58.585 10713 10731 W Adreno-ES20: <get_gpu_clk:229>: open failed: errno 13
01-24 17:46:58.597 10713 10731 W Adreno-EGL: <qeglDrvAPI_eglGetConfigAttrib:612>: EGL_BAD_ATTRIBUTE
01-24 17:46:58.599 10713 10731 I vndksupport: sphal namespace is not configured for this process. Loading /vendor/lib/hw/gralloc.msm8909.so from the current namespace instead.
01-24 17:46:58.761 10713 10731 I vndksupport: sphal namespace is not configured for this process. Loading /vendor/lib/hw/gralloc.msm8909.so from the current namespace instead.
01-24 17:46:58.811   434   461 I ActivityManager: Displayed com.mapmyrun.android2/com.mapmyfitness.android.view.MainActivity: +1s94ms
01-24 17:46:58.898 10713 10713 D a       : Message sent: GET_APP_STATE
01-24 17:46:58.910 10713 10713 D a       : Message sent: UNITS
01-24 17:46:58.923 10713 10713 D a       : Message sent: GET_ACTIVITY_TYPE
01-24 17:46:59.461 10713 10737 D WearListenerService: Units received: IMPERIAL
01-24 17:46:59.462 10713 10737 D WearListenerService: State received: RECORDING_PAUSED
01-24 17:46:59.473   434  7909 I ActivityManager: START u0 {act=android.content.pm.action.REQUEST_PERMISSIONS pkg=com.google.android.packageinstaller cmp=com.google.android.packageinstaller/com.android.packageinstaller.permission.ui.GrantPermissionsActivity (has extras)} from uid 10053
01-24 17:46:59.501 10713 10713 D a       : Message sent: disabled
01-24 17:46:59.711   434  7909 W ServiceManager: Permission failure: android.permission.BODY_SENSORS from uid=10053 pid=10713
01-24 17:46:59.711   434  7909 E SensorService: Tried enabling a sensor (ADPD153GGRI) without holding its required permission: android.permission.BODY_SENSORS
01-24 17:47:00.021  2013  2261 W Adreno-EGL: <qeglDrvAPI_eglGetConfigAttrib:612>: EGL_BAD_ATTRIBUTE
01-24 17:47:00.047  2013  2261 I vndksupport: sphal namespace is not configured for this process. Loading /vendor/lib/hw/gralloc.msm8909.so from the current namespace instead.
01-24 17:47:00.089   323   323 D SurfaceFlinger: duplicate layer name: changing com.google.android.packageinstaller/com.android.packageinstaller.permission.ui.GrantPermissionsActivity to com.google.android.packageinstaller/com.android.packageinstaller.permission.ui.GrantPermissionsActivity#1
01-24 17:47:00.128  2013  2261 W Adreno-EGL: <qeglDrvAPI_eglGetConfigAttrib:612>: EGL_BAD_ATTRIBUTE
01-24 17:47:00.150  2013  2261 I vndksupport: sphal namespace is not configured for this process. Loading /vendor/lib/hw/gralloc.msm8909.so from the current namespace instead.
01-24 17:47:00.181 15691 15691 D WallpaperUtil: InternalCache: available=1546M
01-24 17:47:00.224   568   583 I zygote  : Background concurrent copying GC freed 2548(417KB) AllocSpace objects, 0(0B) LOS objects, 33% free, 1015KB/1527KB, paused 727us total 229.204ms
01-24 17:47:00.228 15691 15691 E Watchface: WeatherManager::checkUpdateDisplayWeather() mWeatherInfo is null !
01-24 17:47:00.252   434   461 I ActivityManager: Displayed com.google.android.packageinstaller/com.android.packageinstaller.permission.ui.GrantPermissionsActivity: +480ms
01-24 17:47:00.267 32131 32131 W OngoingChipController: Attempting to remove non-existent UI for chip [com.google.android.wearable.app, media_controls]
01-24 17:47:00.451 10713 10723 I zygote  : Background concurrent copying GC freed 1472(212KB) AllocSpace objects, 0(0B) LOS objects, 24% free, 1620KB/2MB, paused 12.238ms total 529.675ms
01-24 17:47:00.774 10713 10737 D WearListenerService: State received: RECORDING_PAUSED
01-24 17:47:00.890 10713 10713 D a       : Message sent: GET_APP_STATE
01-24 17:47:00.977  7206  7251 I dailytrack: HealthSportDataCacheUtil::saveData(),currentThread4=handle_total_data
01-24 17:47:01.272   434   536 E TaskPersister: File error accessing recents directory (directory doesn't exist?).
01-24 17:47:01.303 10713 10718 I zygote  : Do partial code cache collection, code=23KB, data=26KB
01-24 17:47:01.305 10713 10718 I zygote  : After code cache collection, code=23KB, data=26KB
01-24 17:47:01.305 10713 10718 I zygote  : Increasing code cache capacity to 128KB
01-24 17:47:01.310 10713 10718 I zygote  : Compiler allocated 4MB to compile void androidx.constraintlayout.widget.ConstraintLayout.onMeasure(int, int)
01-24 17:47:02.612 30846  9689 I Finsky  : [1632] qcx.b(1): Triggered update for experiment package com.google.android.finsky.stable.
01-24 17:47:02.747 30846  9693 W ProxyAndroidLoggerBackend: Too many Flogger logs received before configuration. Dropping old logs.
01-24 17:47:02.814 30846  9693 I chatty  : uid=10029(u0_a29) BlockingExecuto identical 1 line
01-24 17:47:02.815 30846  9693 W ProxyAndroidLoggerBackend: Too many Flogger logs received before configuration. Dropping old logs.
01-24 17:47:02.848 30846  9689 I Finsky  : [1632] qcx.b(8): Already at the latest configurations for experiment package com.google.android.finsky.stable.
01-24 17:47:02.851 30846  9687 I Finsky  : [1630] qcx.b(1): Triggered update for experiment package com.google.android.finsky.regular.
01-24 17:47:02.860 30846 30846 I Finsky  : [2] skz.a(7): SCH: Jobs in database: 1-1337 16-16161616 26-1414141414 
01-24 17:47:02.868 30846 30846 I Finsky  : [2] sgp.a(58): SCH: ConstraintMapping: 1-1337,  -> L: 15301973ms, D: 58501973ms, C: false, I: false, N: 1
01-24 17:47:02.871 30846 30846 I Finsky  : [2] sgp.a(58): SCH: ConstraintMapping: 16-16161616, 26-1414141414,  -> L: 59728ms, D: 59728ms, C: false, I: false, N: 0
01-24 17:47:02.889 30846 30846 I Finsky  : [2] sjh.a(7): Cancelling existing jobscheduler jobs: 9003 9000 
01-24 17:47:02.895 30846 30846 I Finsky  : [2] sjh.a(44): Scheduling job Id: 9001, L: 15301973, D: 58501973, C: false, I: false, N: 1
01-24 17:47:02.903 30846 30846 I Finsky  : [2] sjh.a(44): Scheduling job Id: 9002, L: 59728, D: 59728, C: false, I: false, N: 0
01-24 17:47:02.957 30846  9693 W ProxyAndroidLoggerBackend: Too many Flogger logs received before configuration. Dropping old logs.
01-24 17:47:03.138 30846  9693 I chatty  : uid=10029(u0_a29) BlockingExecuto identical 1 line
01-24 17:47:03.139 30846  9693 W ProxyAndroidLoggerBackend: Too many Flogger logs received before configuration. Dropping old logs.
01-24 17:47:03.188 30846  9687 I Finsky  : [1630] qcx.b(8): Already at the latest configurations for experiment package com.google.android.finsky.regular.
01-24 17:47:03.194 30846  9688 I Finsky  : [1631] qcx.b(1): Triggered update for experiment package com.google.android.finsky.regular.
01-24 17:47:03.264 30846  9693 W ProxyAndroidLoggerBackend: Too many Flogger logs received before configuration. Dropping old logs.
01-24 17:47:03.499 30846  9693 I chatty  : uid=10029(u0_a29) BlockingExecuto identical 1 line
01-24 17:47:03.500 30846  9693 W ProxyAndroidLoggerBackend: Too many Flogger logs received before configuration. Dropping old logs.
01-24 17:47:03.564 30846  9688 I Finsky  : [1631] qcx.b(8): Already at the latest configurations for experiment package com.google.android.finsky.regular.
01-24 17:47:05.983  7206  7251 I dailytrack: HealthSportDataCacheUtil::saveData(),currentThread4=handle_total_data
01-24 17:47:10.990  7206  7251 I dailytrack: HealthSportDataCacheUtil::saveData(),currentThread4=handle_total_data
01-24 17:47:11.961   723   723 I battery : BatteryService: mInternalBatteryReceiver onReceive() action = android.intent.action.BATTERY_CHANGED
01-24 17:47:11.965 31787 31787 I ADVLog  : ADV.SensorService:/BatteryTemperature: 360  /isUsbOrAc: 1
01-24 17:47:11.987   319   319 D WifiHAL : In DebugCommand::handleResponse
01-24 17:47:11.987   319   319 D WifiHAL : len = 4, expected len = 4
01-24 17:47:12.024   434  2021 E BatteryStatsService: no controller energy info supplied
01-24 17:47:12.031   434  2021 I chatty  : uid=1000(system) Binder:434_D identical 1 line
01-24 17:47:12.031   434  2021 E BatteryStatsService: no controller energy info supplied
01-24 17:47:14.864 10745 10745 D AndroidRuntime: >>>>>> START com.android.internal.os.RuntimeInit uid 2000 <<<<<<
01-24 17:47:15.993  7206  7251 I dailytrack: HealthSportDataCacheUtil::saveData(),currentThread4=handle_total_data
01-24 17:47:16.166 10745 10745 D AndroidRuntime: Calling main entry com.android.commands.pm.Pm
01-24 17:47:16.194   434  2021 I ActivityManager: Force stopping com.mapmyrun.android2 appid=10053 user=0: clear data
01-24 17:47:16.196   434  2021 I ActivityManager: Killing 10713:com.mapmyrun.android2/u0a53 (adj 100): stop com.mapmyrun.android2
01-24 17:47:16.205   434  2021 W ActivityManager: Force removing ActivityRecord{78e938d u0 com.mapmyrun.android2/com.mapmyfitness.android.view.MainActivity t371}: app died, no saved state
01-24 17:47:16.422   434   454 W Looper  : Dispatch took 227ms on android.ui, h=Handler (com.android.server.am.ActivityManagerService$UiHandler) {dee4953} cb=null msg=53
01-24 17:47:16.430   434   453 I ActivityManager: Force stopping com.mapmyrun.android2 appid=10053 user=-1: clearApplicationUserData
01-24 17:47:16.467   434   461 W ActivityManager: setHasOverlayUi called on unknown pid: 10713
01-24 17:47:16.476   335   335 I keystore: clear_uid 10053
01-24 17:47:16.481 15691 15691 E Watchface: CocosWatchFaceService::Handler msg: -5 0.0;--
01-24 17:47:16.502 30846 30975 W Adreno-EGL: <qeglDrvAPI_eglGetConfigAttrib:612>: EGL_BAD_ATTRIBUTE
01-24 17:47:16.507 30846 30975 I vndksupport: sphal namespace is not configured for this process. Loading /vendor/lib/hw/gralloc.msm8909.so from the current namespace instead.
01-24 17:47:16.541   568   568 W WearableKeyguard: Keyguard took 132ms to handle event #3
01-24 17:47:16.764   434   536 E TaskPersister: File error accessing recents directory (directory doesn't exist?).
01-24 17:47:16.792 30846 30846 I Finsky  : [2] ski.a(3): SCH: Canceling job 16-16161616
01-24 17:47:16.814 30846 30846 I Finsky  : [2] skz.a(7): SCH: Jobs in database: 1-1337 26-1414141414 
01-24 17:47:16.816 30846 30846 I Finsky  : [2] sgp.a(58): SCH: ConstraintMapping: 1-1337,  -> L: 15288021ms, D: 58488021ms, C: false, I: false, N: 1
01-24 17:47:16.817 30846 30846 I Finsky  : [2] sgp.a(58): SCH: ConstraintMapping: 26-1414141414,  -> L: 27872363ms, D: 28772363ms, C: false, I: false, N: 0
01-24 17:47:16.871 30846 30846 I Finsky  : [2] sjh.a(7): Cancelling existing jobscheduler jobs: 9001 9002 
01-24 17:47:16.873 30846 30846 I Finsky  : [2] sjh.a(44): Scheduling job Id: 9000, L: 15288021, D: 58488021, C: false, I: false, N: 1
01-24 17:47:16.878 30846 30846 I Finsky  : [2] sjh.a(44): Scheduling job Id: 9003, L: 27872363, D: 28772363, C: false, I: false, N: 0
01-24 17:47:16.909  2013  2013 E WindowManager: 
01-24 17:47:16.909  2013  2013 E WindowManager: android.view.WindowLeaked: Activity com.android.packageinstaller.permission.ui.GrantPermissionsActivity has leaked window DecorView@6626ca6[] that was originally added here
01-24 17:47:16.909  2013  2013 E WindowManager: 	at android.view.ViewRootImpl.<init>(ViewRootImpl.java:485)
01-24 17:47:16.909  2013  2013 E WindowManager: 	at android.view.WindowManagerGlobal.addView(WindowManagerGlobal.java:346)
01-24 17:47:16.909  2013  2013 E WindowManager: 	at android.view.WindowManagerImpl.addView(WindowManagerImpl.java:92)
01-24 17:47:16.909  2013  2013 E WindowManager: 	at android.app.Dialog.show(Dialog.java:330)
01-24 17:47:16.909  2013  2013 E WindowManager: 	at com.android.packageinstaller.permission.ui.GrantPermissionsWatchViewHandler.showDialog(GrantPermissionsWatchViewHandler.java:151)
01-24 17:47:16.909  2013  2013 E WindowManager: 	at com.android.packageinstaller.permission.ui.GrantPermissionsWatchViewHandler.updateUi(GrantPermissionsWatchViewHandler.java:100)
01-24 17:47:16.909  2013  2013 E WindowManager: 	at com.android.packageinstaller.permission.ui.GrantPermissionsActivity.showNextPermissionGroupGrantRequest(GrantPermissionsActivity.java:291)
01-24 17:47:16.909  2013  2013 E WindowManager: 	at com.android.packageinstaller.permission.ui.GrantPermissionsActivity.onCreate(GrantPermissionsActivity.java:215)
01-24 17:47:16.909  2013  2013 E WindowManager: 	at android.app.Activity.performCreate(Activity.java:6975)
01-24 17:47:16.909  2013  2013 E WindowManager: 	at android.app.Instrumentation.callActivityOnCreate(Instrumentation.java:1213)
01-24 17:47:16.909  2013  2013 E WindowManager: 	at android.app.ActivityThread.performLaunchActivity(ActivityThread.java:2770)
01-24 17:47:16.909  2013  2013 E WindowManager: 	at android.app.ActivityThread.handleLaunchActivity(ActivityThread.java:2892)
01-24 17:47:16.909  2013  2013 E WindowManager: 	at android.app.ActivityThread.-wrap11(Unknown Source:0)
01-24 17:47:16.909  2013  2013 E WindowManager: 	at android.app.ActivityThread$H.handleMessage(ActivityThread.java:1593)
01-24 17:47:16.909  2013  2013 E WindowManager: 	at android.os.Handler.dispatchMessage(Handler.java:105)
01-24 17:47:16.909  2013  2013 E WindowManager: 	at android.os.Looper.loop(Looper.java:164)
01-24 17:47:16.909  2013  2013 E WindowManager: 	at android.app.ActivityThread.main(ActivityThread.java:6541)
01-24 17:47:16.909  2013  2013 E WindowManager: 	at java.lang.reflect.Method.invoke(Native Method)
01-24 17:47:16.909  2013  2013 E WindowManager: 	at com.android.internal.os.Zygote$MethodAndArgsCaller.run(Zygote.java:240)
01-24 17:47:16.909  2013  2013 E WindowManager: 	at com.android.internal.os.ZygoteInit.main(ZygoteInit.java:767)
01-24 17:47:17.143   434  2021 W WindowManager: Failed looking up window callers=com.android.server.wm.WindowManagerService.windowForClientLocked:5750 com.android.server.wm.WindowManagerService.removeWindow:1705 com.android.server.wm.Session.remove:216 
01-24 17:47:17.199   434   454 W Looper  : Dispatch took 131ms on android.ui, h=Handler (com.android.server.am.ActivityManagerService$UiHandler) {dee4953} cb=null msg=30
01-24 17:47:17.272 10745 10745 I app_process: System.exit called, status: 0
01-24 17:47:17.272 10745 10745 I AndroidRuntime: VM exiting with result code 0.
01-24 17:47:17.273 15691 15691 E Watchface: CocosWatchFaceService::Handler msg: -5 0.0;--
01-24 17:47:17.359   434   453 W BroadcastQueue: Background execution not allowed: receiving Intent { act=android.os.UpdateLock.UPDATE_LOCK_CHANGED flg=0x4000010 (has extras) } to com.google.android.gms/.chimera.GmsIntentOperationService$PersistentTrustedReceiver
01-24 17:47:17.363 31332 31332 D Avrcp   : AvrcpServiceBroadcastReceiver-> Action: android.intent.action.PACKAGE_DATA_CLEARED
01-24 17:47:17.363 31332 31332 D Avrcp   : packageName: com.mapmyrun.android2 removed: true
01-24 17:47:17.364 31332 31332 V Avrcp   : isBrowseSupported for com.mapmyrun.android2: false
01-24 17:47:17.394 30846 30846 I Finsky  : [2] oro.onTrimMemory(1): Memory trim requested to level 20
01-24 17:47:17.409 13109 13109 I GeofencerStateMachine: removeGeofences: removeRequest=RemoveGeofencingRequest[REMOVE_ALL packageName=com.mapmyrun.android2]
01-24 17:47:17.418 30846 30846 I Finsky  : [2] oro.onTrimMemory(2): Flushing in-memory image cache
01-24 17:47:17.539   712   712 D RegisteredNfcFServicesCache: Service unchanged, not updating
01-24 17:47:17.587 13109 10767 I Fitness : Clearing all cached OAuth tokens for: com.mapmyrun.android2 [CONTEXT service_id=17 ]
01-24 17:47:17.600 13109 10767 I Fitness : Removing all subscriptions for: com.mapmyrun.android2 [CONTEXT service_id=17 ]
01-24 17:47:17.655 13109 10767 I Fitness : Clearing all cached OAuth tokens for: com.mapmyrun.android2 [CONTEXT service_id=17 ]
01-24 17:47:17.664 13109 10767 I Fitness : Removing all subscriptions for: com.mapmyrun.android2 [CONTEXT service_id=17 ]
01-24 17:47:17.733   712   726 I zygote  : Background concurrent copying GC freed 10626(412KB) AllocSpace objects, 0(0B) LOS objects, 29% free, 1235KB/1747KB, paused 900us total 206.879ms
01-24 17:47:17.967   434   443 I zygote  : Background concurrent copying GC freed 26186(1655KB) AllocSpace objects, 16(412KB) LOS objects, 14% free, 11MB/13MB, paused 2.947ms total 1.640s
01-24 17:47:20.996  7206  7251 I dailytrack: HealthSportDataCacheUtil::saveData(),currentThread4=handle_total_data
01-24 17:47:22.897   434  2093 I ActivityManager: START u0 {act=api.android.category.MAIN cat=[api.android.intent.LAUNCHER] flg=0x10000000 cmp=com.mapmyrun.android2/com.mapmyfitness.android.view.MainActivity} from uid 2000
01-24 17:47:23.028   434  2426 I ActivityManager: Start proc 10774:com.mapmyrun.android2/u0a53 for activity com.mapmyrun.android2/com.mapmyfitness.android.view.MainActivity
01-24 17:47:23.077   434   462 W ProcessCpuTracker: Skipping unknown process pid 10770
01-24 17:47:23.078   434   462 W ProcessCpuTracker: Skipping unknown process pid 10772
01-24 17:47:23.168   434   452 I UsageStatsService: User[0] Flushing usage stats to disk
01-24 17:47:23.209   434  2426 W ActivityManager: Slow operation: 75ms so far, now at attachApplicationLocked: after mServices.attachApplicationLocked
01-24 17:47:23.231   323   403 W HWComposer: Ignoring duplicate VSYNC event from HWC (t=160312743211550)
01-24 17:47:23.250   434   453 W BroadcastQueue: Background execution not allowed: receiving Intent { act=android.os.UpdateLock.UPDATE_LOCK_CHANGED flg=0x4000010 (has extras) } to com.google.android.gms/.chimera.GmsIntentOperationService$PersistentTrustedReceiver
01-24 17:47:23.638 10774 10784 I zygote  : Background concurrent copying GC freed 1134(336KB) AllocSpace objects, 0(0B) LOS objects, 28% free, 1307KB/1819KB, paused 13.785ms total 292.699ms
01-24 17:47:23.671 10774 10791 D OpenGLRenderer: HWUI GL Pipeline
01-24 17:47:23.701 10774 10774 D a       : Get preferred units
01-24 17:47:23.702 10774 10774 D a       : Get current selected activity type
01-24 17:47:23.758 10774 10791 I Adreno-EGL: <qeglDrvAPI_eglInitialize:379>: EGL 1.4 QUALCOMM build:  (I7af58d6928)
01-24 17:47:23.758 10774 10791 I Adreno-EGL: OpenGL ES Shader Compiler Version: E031.35.01.00
01-24 17:47:23.758 10774 10791 I Adreno-EGL: Build Date: 09/14/17 Thu
01-24 17:47:23.758 10774 10791 I Adreno-EGL: Local Branch: gfx-adreno.lnx.1.0
01-24 17:47:23.758 10774 10791 I Adreno-EGL: Remote Branch: 
01-24 17:47:23.758 10774 10791 I Adreno-EGL: Local Patches: 
01-24 17:47:23.758 10774 10791 I Adreno-EGL: Reconstruct Branch: 
01-24 17:47:23.765 10774 10791 I vndksupport: sphal namespace is not configured for this process. Loading /vendor/lib/hw/gralloc.msm8909.so from the current namespace instead.
01-24 17:47:23.779 10791 10791 W RenderThread: type=1400 audit(0.0:455): avc: denied { read } for name="gpuclk" dev="sysfs" ino=18862 scontext=u:r:untrusted_app:s0:c512,c768 tcontext=u:object_r:sysfs:s0 tclass=file permissive=0
01-24 17:47:23.780 10774 10791 I OpenGLRenderer: Initialized EGL, version 1.4
01-24 17:47:23.780 10774 10791 D OpenGLRenderer: Swap behavior 1
01-24 17:47:23.792 10774 10791 W Adreno-ES20: <get_gpu_clk:229>: open failed: errno 13
01-24 17:47:23.805 10774 10791 W Adreno-EGL: <qeglDrvAPI_eglGetConfigAttrib:612>: EGL_BAD_ATTRIBUTE
01-24 17:47:23.807 10774 10791 I vndksupport: sphal namespace is not configured for this process. Loading /vendor/lib/hw/gralloc.msm8909.so from the current namespace instead.
01-24 17:47:23.969 10774 10791 I vndksupport: sphal namespace is not configured for this process. Loading /vendor/lib/hw/gralloc.msm8909.so from the current namespace instead.
01-24 17:47:24.030   434   461 I ActivityManager: Displayed com.mapmyrun.android2/com.mapmyfitness.android.view.MainActivity: +1s29ms
01-24 17:47:24.102 10774 10774 D a       : Message sent: GET_APP_STATE
01-24 17:47:24.114 10774 10774 D a       : Message sent: UNITS
01-24 17:47:24.121 10774 10774 D a       : Message sent: GET_ACTIVITY_TYPE
01-24 17:47:24.954 10774 10799 D WearListenerService: Units received: IMPERIAL
01-24 17:47:24.955 10774 10799 D WearListenerService: State received: RECORDING_PAUSED
01-24 17:47:24.970   434  2093 I ActivityManager: START u0 {act=android.content.pm.action.REQUEST_PERMISSIONS pkg=com.google.android.packageinstaller cmp=com.google.android.packageinstaller/com.android.packageinstaller.permission.ui.GrantPermissionsActivity (has extras)} from uid 10053
01-24 17:47:25.275   434  2093 W ServiceManager: Permission failure: android.permission.BODY_SENSORS from uid=10053 pid=10774
01-24 17:47:25.275   434  2093 E SensorService: Tried enabling a sensor (ADPD153GGRI) without holding its required permission: android.permission.BODY_SENSORS
01-24 17:47:25.665  2013  2261 W Adreno-EGL: <qeglDrvAPI_eglGetConfigAttrib:612>: EGL_BAD_ATTRIBUTE
01-24 17:47:25.682  2013  2261 I vndksupport: sphal namespace is not configured for this process. Loading /vendor/lib/hw/gralloc.msm8909.so from the current namespace instead.
01-24 17:47:25.690   323   323 D SurfaceFlinger: duplicate layer name: changing com.google.android.packageinstaller/com.android.packageinstaller.permission.ui.GrantPermissionsActivity to com.google.android.packageinstaller/com.android.packageinstaller.permission.ui.GrantPermissionsActivity#1
01-24 17:47:25.706  2013  2261 W Adreno-EGL: <qeglDrvAPI_eglGetConfigAttrib:612>: EGL_BAD_ATTRIBUTE
01-24 17:47:25.723  2013  2261 I vndksupport: sphal namespace is not configured for this process. Loading /vendor/lib/hw/gralloc.msm8909.so from the current namespace instead.
01-24 17:47:25.802   568   568 W WearableKeyguard: Keyguard took 208ms to handle event #3
01-24 17:47:25.832 10774 10784 I zygote  : Background concurrent copying GC freed 3409(430KB) AllocSpace objects, 0(0B) LOS objects, 25% free, 1504KB/2016KB, paused 2.102ms total 632.288ms
01-24 17:47:25.838   434   461 I ActivityManager: Displayed com.google.android.packageinstaller/com.android.packageinstaller.permission.ui.GrantPermissionsActivity: +468ms
01-24 17:47:26.006  7206  7251 I dailytrack: HealthSportDataCacheUtil::saveData(),currentThread4=handle_total_data
01-24 17:47:26.066 13109 13122 I zygote  : Background concurrent copying GC freed 32929(2018KB) AllocSpace objects, 0(0B) LOS objects, 20% free, 7MB/9MB, paused 1.497ms total 1.082s
01-24 17:47:26.101 10774 10774 D a       : Message sent: disabled
01-24 17:47:26.312 10774 10799 D WearListenerService: State received: RECORDING_PAUSED
01-24 17:47:26.401 10774 10774 D a       : Message sent: GET_APP_STATE
01-24 17:47:26.500   434   536 E TaskPersister: File error accessing recents directory (directory doesn't exist?).
01-24 17:47:26.748 10774 10779 I zygote  : Do partial code cache collection, code=19KB, data=24KB
01-24 17:47:26.750 10774 10779 I zygote  : After code cache collection, code=19KB, data=24KB
01-24 17:47:26.750 10774 10779 I zygote  : Increasing code cache capacity to 128KB
01-24 17:47:26.756 10774 10779 I zygote  : Compiler allocated 4MB to compile void androidx.constraintlayout.widget.ConstraintLayout.onMeasure(int, int)
01-24 17:47:26.989 30846  9689 I Finsky  : [1632] qcx.b(1): Triggered update for experiment package com.google.android.finsky.stable.
01-24 17:47:27.064 30846  9693 W ProxyAndroidLoggerBackend: Too many Flogger logs received before configuration. Dropping old logs.
01-24 17:47:27.134 30846  9693 I chatty  : uid=10029(u0_a29) BlockingExecuto identical 1 line
01-24 17:47:27.135 30846  9693 W ProxyAndroidLoggerBackend: Too many Flogger logs received before configuration. Dropping old logs.
01-24 17:47:27.152 30846  9689 I Finsky  : [1632] qcx.b(8): Already at the latest configurations for experiment package com.google.android.finsky.stable.
01-24 17:47:27.153 30846  9688 I Finsky  : [1631] qcx.b(1): Triggered update for experiment package com.google.android.finsky.regular.
01-24 17:47:27.176 30846 30846 I Finsky  : [2] skz.a(7): SCH: Jobs in database: 1-1337 16-16161616 26-1414141414 
01-24 17:47:27.183 30846 30846 I Finsky  : [2] sgp.a(58): SCH: ConstraintMapping: 1-1337,  -> L: 15277659ms, D: 58477659ms, C: false, I: false, N: 1
01-24 17:47:27.185 30846 30846 I Finsky  : [2] sgp.a(58): SCH: ConstraintMapping: 16-16161616, 26-1414141414,  -> L: 59803ms, D: 59803ms, C: false, I: false, N: 0
01-24 17:47:27.203 30846 30846 I Finsky  : [2] sjh.a(7): Cancelling existing jobscheduler jobs: 9000 9003 
01-24 17:47:27.207 30846 30846 I Finsky  : [2] sjh.a(44): Scheduling job Id: 9001, L: 15277659, D: 58477659, C: false, I: false, N: 1
01-24 17:47:27.231 30846  9693 W ProxyAndroidLoggerBackend: Too many Flogger logs received before configuration. Dropping old logs.
01-24 17:47:27.245 30846 30846 I Finsky  : [2] sjh.a(44): Scheduling job Id: 9002, L: 59803, D: 59803, C: false, I: false, N: 0
01-24 17:47:27.581 30846  9693 W ProxyAndroidLoggerBackend: Too many Flogger logs received before configuration. Dropping old logs.
01-24 17:47:27.581 30846  9693 W ProxyAndroidLoggerBackend: Too many Flogger logs received before configuration. Dropping old logs.
01-24 17:47:27.633 30846  9688 I Finsky  : [1631] qcx.b(8): Already at the latest configurations for experiment package com.google.android.finsky.regular.
01-24 17:47:27.635 30846  9687 I Finsky  : [1630] qcx.b(1): Triggered update for experiment package com.google.android.finsky.regular.
01-24 17:47:27.712 30846  9693 W ProxyAndroidLoggerBackend: Too many Flogger logs received before configuration. Dropping old logs.
01-24 17:47:27.894 30846  9693 I chatty  : uid=10029(u0_a29) BlockingExecuto identical 1 line
01-24 17:47:27.894 30846  9693 W ProxyAndroidLoggerBackend: Too many Flogger logs received before configuration. Dropping old logs.
01-24 17:47:27.941 30846  9687 I Finsky  : [1630] qcx.b(8): Already at the latest configurations for experiment package com.google.android.finsky.regular.
01-24 17:47:31.011  7206  7251 I dailytrack: HealthSportDataCacheUtil::saveData(),currentThread4=handle_total_data
01-24 17:47:36.019  7206  7251 I dailytrack: HealthSportDataCacheUtil::saveData(),currentThread4=handle_total_data
01-24 17:47:40.041 10807 10807 D AndroidRuntime: >>>>>> START com.android.internal.os.RuntimeInit uid 2000 <<<<<<
