--------- beginning of system
01-24 17:39:11.975   434  7888 I chatty  : uid=1000(system) Binder:434_1C expire 1 line
01-24 17:39:11.975   434  7888 E BatteryStatsService: no controller energy info supplied
01-24 17:39:27.621   434  5002 I ActivityManager: START u0 {act=api.android.category.MAIN cat=[api.android.intent.LAUNCHER] flg=0x10000000 cmp=com.mapmyrun.android2/com.mapmyfitness.android.view.MainActivity} from uid 2000
01-24 17:39:27.797   434  5328 I ActivityManager: Start proc 9592:com.mapmyrun.android2/u0a53 for activity com.mapmyrun.android2/com.mapmyfitness.android.view.MainActivity
01-24 17:39:28.058   434  5328 W ActivityManager: Slow operation: 103ms so far, now at attachApplicationLocked: after mServices.attachApplicationLocked
01-24 17:39:28.064   434   453 W BroadcastQueue: Background execution not allowed: receiving Intent { act=android.os.UpdateLock.UPDATE_LOCK_CHANGED flg=0x4000010 (has extras) } to com.google.android.gms/.chimera.GmsIntentOperationService$PersistentTrustedReceiver
01-24 17:39:28.102   434   454 W Looper  : Dispatch took 106ms on android.ui, h=Handler (com.android.server.am.ActivityManagerService$UiHandler) {dee4953} cb=null msg=31
01-24 17:39:29.538   434   756 I ActivityManager: START u0 {act=android.content.pm.action.REQUEST_PERMISSIONS pkg=com.google.android.packageinstaller cmp=com.google.android.packageinstaller/com.android.packageinstaller.permission.ui.GrantPermissionsActivity (has extras)} from uid 10053
01-24 17:39:31.499   434   536 E TaskPersister: File error accessing recents directory (directory doesn't exist?).
01-24 17:39:46.639   434  4786 I ActivityManager: Force stopping com.mapmyrun.android2 appid=10053 user=0: clear data
01-24 17:39:46.641   434  4786 I ActivityManager: Killing 9592:com.mapmyrun.android2/u0a53 (adj 100): stop com.mapmyrun.android2
01-24 17:39:46.658   434  4786 W ActivityManager: Force removing ActivityRecord{d03d32a u0 com.mapmyrun.android2/com.mapmyfitness.android.view.MainActivity t353}: app died, no saved state
01-24 17:39:46.875   434   454 W Looper  : Dispatch took 234ms on android.ui, h=Handler (com.android.server.am.ActivityManagerService$UiHandler) {dee4953} cb=null msg=53
01-24 17:39:46.877   434   461 W ActivityManager: setHasOverlayUi called on unknown pid: 9592
01-24 17:39:46.905   434   453 I ActivityManager: Force stopping com.mapmyrun.android2 appid=10053 user=-1: clearApplicationUserData
01-24 17:39:47.268   434   536 E TaskPersister: File error accessing recents directory (directory doesn't exist?).
01-24 17:39:48.621   434  6034 W WindowManager: Failed looking up window callers=com.android.server.wm.WindowManagerService.windowForClientLocked:5750 com.android.server.wm.WindowManagerService.removeWindow:1705 com.android.server.wm.Session.remove:216 
01-24 17:39:48.642   434   453 W BroadcastQueue: Background execution not allowed: receiving Intent { act=android.os.UpdateLock.UPDATE_LOCK_CHANGED flg=0x4000010 (has extras) } to com.google.android.gms/.chimera.GmsIntentOperationService$PersistentTrustedReceiver
01-24 17:39:55.144   434  3945 I ActivityManager: START u0 {act=api.android.category.MAIN cat=[api.android.intent.LAUNCHER] flg=0x10000000 cmp=com.mapmyrun.android2/com.mapmyfitness.android.view.MainActivity} from uid 2000
01-24 17:39:55.240   434  6034 I ActivityManager: Start proc 9659:com.mapmyrun.android2/u0a53 for activity com.mapmyrun.android2/com.mapmyfitness.android.view.MainActivity
01-24 17:39:55.471   434  3945 W ActivityManager: Slow operation: 93ms so far, now at attachApplicationLocked: after mServices.attachApplicationLocked
01-24 17:39:55.525   434   453 W BroadcastQueue: Background execution not allowed: receiving Intent { act=android.os.UpdateLock.UPDATE_LOCK_CHANGED flg=0x4000010 (has extras) } to com.google.android.gms/.chimera.GmsIntentOperationService$PersistentTrustedReceiver
01-24 17:39:56.941   434  3945 I ActivityManager: START u0 {act=android.content.pm.action.REQUEST_PERMISSIONS pkg=com.google.android.packageinstaller cmp=com.google.android.packageinstaller/com.android.packageinstaller.permission.ui.GrantPermissionsActivity (has extras)} from uid 10053
01-24 17:39:58.917   434   536 E TaskPersister: File error accessing recents directory (directory doesn't exist?).
01-24 17:40:12.080   434   756 E BatteryStatsService: no controller energy info supplied
01-24 17:40:12.085   434   756 I chatty  : uid=1000(system) Binder:434_6 identical 1 line
01-24 17:40:12.086   434   756 E BatteryStatsService: no controller energy info supplied
01-24 17:40:14.211   434   756 I ActivityManager: Force stopping com.mapmyrun.android2 appid=10053 user=0: clear data
01-24 17:40:14.212   434   756 I ActivityManager: Killing 9659:com.mapmyrun.android2/u0a53 (adj 100): stop com.mapmyrun.android2
01-24 17:40:14.219   434   756 W ActivityManager: Force removing ActivityRecord{3f55784 u0 com.mapmyrun.android2/com.mapmyfitness.android.view.MainActivity t354}: app died, no saved state
01-24 17:40:14.392   434   453 I ActivityManager: Force stopping com.mapmyrun.android2 appid=10053 user=-1: clearApplicationUserData
01-24 17:40:14.434   434   454 W Looper  : Dispatch took 222ms on android.ui, h=Handler (com.android.server.am.ActivityManagerService$UiHandler) {dee4953} cb=null msg=53
01-24 17:40:14.515   434   461 W ActivityManager: setHasOverlayUi called on unknown pid: 9659
01-24 17:40:14.593   434   536 E TaskPersister: File error accessing recents directory (directory doesn't exist?).
01-24 17:40:15.264   434   454 W Looper  : Dispatch took 217ms on android.ui, h=Handler (com.android.server.am.ActivityManagerService$UiHandler) {dee4953} cb=null msg=30
01-24 17:40:15.354   434   453 W BroadcastQueue: Background execution not allowed: receiving Intent { act=android.os.UpdateLock.UPDATE_LOCK_CHANGED flg=0x4000010 (has extras) } to com.google.android.gms/.chimera.GmsIntentOperationService$PersistentTrustedReceiver
01-24 17:40:20.404   434  5002 I ActivityManager: START u0 {act=api.android.category.MAIN cat=[api.android.intent.LAUNCHER] flg=0x10000000 cmp=com.mapmyrun.android2/com.mapmyfitness.android.view.MainActivity} from uid 2000
01-24 17:40:20.510   434   610 I ActivityManager: Start proc 9727:com.mapmyrun.android2/u0a53 for activity com.mapmyrun.android2/com.mapmyfitness.android.view.MainActivity
01-24 17:40:20.685   434   610 W ActivityManager: Slow operation: 115ms so far, now at attachApplicationLocked: after mServices.attachApplicationLocked
01-24 17:40:20.704   434   453 W BroadcastQueue: Background execution not allowed: receiving Intent { act=android.os.UpdateLock.UPDATE_LOCK_CHANGED flg=0x4000010 (has extras) } to com.google.android.gms/.chimera.GmsIntentOperationService$PersistentTrustedReceiver
01-24 17:40:21.952   434   756 I ActivityManager: START u0 {act=android.content.pm.action.REQUEST_PERMISSIONS pkg=com.google.android.packageinstaller cmp=com.google.android.packageinstaller/com.android.packageinstaller.permission.ui.GrantPermissionsActivity (has extras)} from uid 10053
01-24 17:40:23.982   434   536 E TaskPersister: File error accessing recents directory (directory doesn't exist?).
01-24 17:40:39.115   434  5002 I ActivityManager: Force stopping com.mapmyrun.android2 appid=10053 user=0: clear data
01-24 17:40:39.118   434  5002 I ActivityManager: Killing 9727:com.mapmyrun.android2/u0a53 (adj 100): stop com.mapmyrun.android2
01-24 17:40:39.126   434  5002 W ActivityManager: Force removing ActivityRecord{f78df1a u0 com.mapmyrun.android2/com.mapmyfitness.android.view.MainActivity t355}: app died, no saved state
01-24 17:40:39.308   434   453 I ActivityManager: Force stopping com.mapmyrun.android2 appid=10053 user=-1: clearApplicationUserData
01-24 17:40:39.331   434   454 W Looper  : Dispatch took 214ms on android.ui, h=Handler (com.android.server.am.ActivityManagerService$UiHandler) {dee4953} cb=null msg=53
01-24 17:40:39.342   434   461 W ActivityManager: setHasOverlayUi called on unknown pid: 9727
01-24 17:40:39.679   434   536 E TaskPersister: File error accessing recents directory (directory doesn't exist?).
01-24 17:40:39.899   434 13233 W WindowManager: Failed looking up window callers=com.android.server.wm.WindowManagerService.windowForClientLocked:5750 com.android.server.wm.WindowManagerService.removeWindow:1705 com.android.server.wm.Session.remove:216 
01-24 17:40:39.950   434   453 W BroadcastQueue: Background execution not allowed: receiving Intent { act=android.os.UpdateLock.UPDATE_LOCK_CHANGED flg=0x4000010 (has extras) } to com.google.android.gms/.chimera.GmsIntentOperationService$PersistentTrustedReceiver
01-24 17:40:45.477   434 13083 I ActivityManager: START u0 {act=api.android.category.MAIN cat=[api.android.intent.LAUNCHER] flg=0x10000000 cmp=com.mapmyrun.android2/com.mapmyfitness.android.view.MainActivity} from uid 2000
01-24 17:40:45.555   434  5328 I ActivityManager: Start proc 9788:com.mapmyrun.android2/u0a53 for activity com.mapmyrun.android2/com.mapmyfitness.android.view.MainActivity
01-24 17:40:45.784   434  5328 W ActivityManager: Slow operation: 63ms so far, now at attachApplicationLocked: after mServices.attachApplicationLocked
01-24 17:40:45.787   434   453 W BroadcastQueue: Background execution not allowed: receiving Intent { act=android.os.UpdateLock.UPDATE_LOCK_CHANGED flg=0x4000010 (has extras) } to com.google.android.gms/.chimera.GmsIntentOperationService$PersistentTrustedReceiver
01-24 17:40:47.457   434 13083 I ActivityManager: START u0 {act=android.content.pm.action.REQUEST_PERMISSIONS pkg=com.google.android.packageinstaller cmp=com.google.android.packageinstaller/com.android.packageinstaller.permission.ui.GrantPermissionsActivity (has extras)} from uid 10053
01-24 17:40:49.067   434   536 E TaskPersister: File error accessing recents directory (directory doesn't exist?).
01-24 17:41:04.119   434  5002 I ActivityManager: Force stopping com.mapmyrun.android2 appid=10053 user=0: clear data
01-24 17:41:04.121   434  5002 I ActivityManager: Killing 9788:com.mapmyrun.android2/u0a53 (adj 100): stop com.mapmyrun.android2
01-24 17:41:04.131   434  5002 W ActivityManager: Force removing ActivityRecord{b2039c7 u0 com.mapmyrun.android2/com.mapmyfitness.android.view.MainActivity t356}: app died, no saved state
01-24 17:41:04.292   434   454 W Looper  : Dispatch took 172ms on android.ui, h=Handler (com.android.server.am.ActivityManagerService$UiHandler) {dee4953} cb=null msg=53
01-24 17:41:04.308   434   453 I ActivityManager: Force stopping com.mapmyrun.android2 appid=10053 user=-1: clearApplicationUserData
01-24 17:41:04.347   434   461 W ActivityManager: setHasOverlayUi called on unknown pid: 9788
01-24 17:41:04.739   434   536 E TaskPersister: File error accessing recents directory (directory doesn't exist?).
01-24 17:41:05.004   434  1694 W WindowManager: Failed looking up window callers=com.android.server.wm.WindowManagerService.windowForClientLocked:5750 com.android.server.wm.WindowManagerService.removeWindow:1705 com.android.server.wm.Session.remove:216 
01-24 17:41:05.021   434   453 W BroadcastQueue: Background execution not allowed: receiving Intent { act=android.os.UpdateLock.UPDATE_LOCK_CHANGED flg=0x4000010 (has extras) } to com.google.android.gms/.chimera.GmsIntentOperationService$PersistentTrustedReceiver
01-24 17:41:10.624   434  2093 I ActivityManager: START u0 {act=api.android.category.MAIN cat=[api.android.intent.LAUNCHER] flg=0x10000000 cmp=com.mapmyrun.android2/com.mapmyfitness.android.view.MainActivity} from uid 2000
01-24 17:41:10.705   434  2021 I ActivityManager: Start proc 9848:com.mapmyrun.android2/u0a53 for activity com.mapmyrun.android2/com.mapmyfitness.android.view.MainActivity
01-24 17:41:10.906   434  2021 W ActivityManager: Slow operation: 83ms so far, now at attachApplicationLocked: after mServices.attachApplicationLocked
01-24 17:41:10.931   434   453 W BroadcastQueue: Background execution not allowed: receiving Intent { act=android.os.UpdateLock.UPDATE_LOCK_CHANGED flg=0x4000010 (has extras) } to com.google.android.gms/.chimera.GmsIntentOperationService$PersistentTrustedReceiver
01-24 17:41:11.961   434  5328 E BatteryStatsService: no controller energy info supplied
01-24 17:41:11.963   434  5328 I chatty  : uid=1000(system) Binder:434_19 identical 1 line
01-24 17:41:11.963   434  5328 E BatteryStatsService: no controller energy info supplied
01-24 17:41:12.250   434  5328 I ActivityManager: START u0 {act=android.content.pm.action.REQUEST_PERMISSIONS pkg=com.google.android.packageinstaller cmp=com.google.android.packageinstaller/com.android.packageinstaller.permission.ui.GrantPermissionsActivity (has extras)} from uid 10053
01-24 17:41:14.194   434   536 E TaskPersister: File error accessing recents directory (directory doesn't exist?).
01-24 17:41:28.936   434  5328 I ActivityManager: Force stopping com.mapmyrun.android2 appid=10053 user=0: clear data
01-24 17:41:28.938   434  5328 I ActivityManager: Killing 9848:com.mapmyrun.android2/u0a53 (adj 100): stop com.mapmyrun.android2
01-24 17:41:28.948   434  5328 W ActivityManager: Force removing ActivityRecord{4cf68fe u0 com.mapmyrun.android2/com.mapmyfitness.android.view.MainActivity t357}: app died, no saved state
01-24 17:41:29.140   434   453 I ActivityManager: Force stopping com.mapmyrun.android2 appid=10053 user=-1: clearApplicationUserData
01-24 17:41:29.148   434   454 W Looper  : Dispatch took 210ms on android.ui, h=Handler (com.android.server.am.ActivityManagerService$UiHandler) {dee4953} cb=null msg=53
01-24 17:41:29.153   434   461 W ActivityManager: setHasOverlayUi called on unknown pid: 9848
01-24 17:41:29.531   434   536 E TaskPersister: File error accessing recents directory (directory doesn't exist?).
01-24 17:41:29.876   434   454 W Looper  : Dispatch took 136ms on android.ui, h=Handler (com.android.server.am.ActivityManagerService$UiHandler) {dee4953} cb=null msg=30
01-24 17:41:29.943   434  1099 W BroadcastQueue: Background execution not allowed: receiving Intent { act=android.os.UpdateLock.UPDATE_LOCK_CHANGED flg=0x4000010 (has extras) } to com.google.android.gms/.chimera.GmsIntentOperationService$PersistentTrustedReceiver
--------- beginning of main
01-24 17:41:34.353 30846 30925 I chatty  : uid=10029(u0_a29) aisj expire 3 lines
01-24 17:41:34.373  2732  2732 D sysproxy: [D:81b4] Look up play.googleapis.com.
01-24 17:41:34.565  2732  2732 D sysproxy: [D:81b4] Resolved play.googleapis.com to 172.217.168.10.
01-24 17:41:34.578  2732  2732 D sysproxy: [T:77] Establishing a new TCP stream to: 172.217.168.10:443 (uid=10029) (package=com.android.vending)
01-24 17:41:35.118   434  6034 I ActivityManager: START u0 {act=api.android.category.MAIN cat=[api.android.intent.LAUNCHER] flg=0x10000000 cmp=com.mapmyrun.android2/com.mapmyfitness.android.view.MainActivity} from uid 2000
01-24 17:41:35.255   434  1694 I ActivityManager: Start proc 9909:com.mapmyrun.android2/u0a53 for activity com.mapmyrun.android2/com.mapmyfitness.android.view.MainActivity
01-24 17:41:35.412   434  1694 W ActivityManager: Slow operation: 72ms so far, now at attachApplicationLocked: after mServices.attachApplicationLocked
01-24 17:41:35.459   434   453 W BroadcastQueue: Background execution not allowed: receiving Intent { act=android.os.UpdateLock.UPDATE_LOCK_CHANGED flg=0x4000010 (has extras) } to com.google.android.gms/.chimera.GmsIntentOperationService$PersistentTrustedReceiver
01-24 17:41:35.642  7206  7251 I dailytrack: HealthSportDataCacheUtil::saveData(),currentThread4=handle_total_data
01-24 17:41:35.748   323   403 I chatty  : uid=1000(system) /system/bin/surfaceflinger expire 3 lines
01-24 17:41:35.834  9909  9919 I chatty  : uid=10053(u0_a53) expire 2 lines
01-24 17:41:35.922  9909  9926 I chatty  : uid=10053(u0_a53) expire 9 lines
01-24 17:41:35.936  9909  9909 I chatty  : uid=10053(u0_a53) expire 7 lines
01-24 17:41:35.999  9926  9926 I chatty  : uid=10053(u0_a53) com.mapmyrun.android2 expire 1 line
01-24 17:41:36.451  9909  9933 I chatty  : uid=10053(u0_a53) expire 3 lines
01-24 17:41:36.468   434  6034 I ActivityManager: START u0 {act=android.content.pm.action.REQUEST_PERMISSIONS pkg=com.google.android.packageinstaller cmp=com.google.android.packageinstaller/com.android.packageinstaller.permission.ui.GrantPermissionsActivity (has extras)} from uid 10053
01-24 17:41:36.625   434   874 I chatty  : uid=1000(system) Binder:434_7 expire 2 lines
01-24 17:41:36.827   568   568 W WearableKeyguard: Keyguard took 55ms to handle event #3
01-24 17:41:36.982   434   461 I chatty  : uid=1000(system) android.display expire 10 lines
01-24 17:41:37.103 13109 13122 I chatty  : uid=10009(u0_a9) HeapTaskDaemon expire 1 line
01-24 17:41:38.001  9909  9914 I chatty  : uid=10053(u0_a53) expire 4 lines
01-24 17:41:38.720   434   536 E TaskPersister: File error accessing recents directory (directory doesn't exist?).
01-24 17:41:38.734 15691 15701 I zygote  : Background concurrent copying GC freed 4728(401KB) AllocSpace objects, 0(0B) LOS objects, 29% free, 1241KB/1753KB, paused 603us total 114.094ms
01-24 17:41:39.973 30846 30846 I chatty  : uid=10029(u0_a29) com.android.vending expire 19 lines
01-24 17:41:40.648  7206  7251 I dailytrack: HealthSportDataCacheUtil::saveData(),currentThread4=handle_total_data
01-24 17:41:50.657  7206  7251 I dailytrack: HealthSportDataCacheUtil::saveData(),currentThread4=handle_total_data
01-24 17:41:52.303  9941  9941 D AndroidRuntime: >>>>>> START com.android.internal.os.RuntimeInit uid 2000 <<<<<<
01-24 17:41:53.473  9941  9941 D AndroidRuntime: Calling main entry com.android.commands.pm.Pm
01-24 17:41:53.500   434  1099 I ActivityManager: Force stopping com.mapmyrun.android2 appid=10053 user=0: clear data
01-24 17:41:53.501   434  1099 I ActivityManager: Killing 9909:com.mapmyrun.android2/u0a53 (adj 100): stop com.mapmyrun.android2
01-24 17:41:53.508   434  1099 W ActivityManager: Force removing ActivityRecord{34f1cb8 u0 com.mapmyrun.android2/com.mapmyfitness.android.view.MainActivity t358}: app died, no saved state
01-24 17:41:53.679   335   335 I keystore: clear_uid 10053
01-24 17:41:53.704   434   454 W Looper  : Dispatch took 203ms on android.ui, h=Handler (com.android.server.am.ActivityManagerService$UiHandler) {dee4953} cb=null msg=53
01-24 17:41:53.716   434   461 W ActivityManager: setHasOverlayUi called on unknown pid: 9909
01-24 17:41:53.728   434   453 I ActivityManager: Force stopping com.mapmyrun.android2 appid=10053 user=-1: clearApplicationUserData
01-24 17:41:53.742 30846 30975 I chatty  : uid=10029(u0_a29) RenderThread expire 10 lines
01-24 17:41:53.762   568   568 W WearableKeyguard: Keyguard took 64ms to handle event #3
01-24 17:41:54.247   434   454 W Looper  : Dispatch took 106ms on android.ui, h=Handler (com.android.server.am.ActivityManagerService$UiHandler) {dee4953} cb=null msg=30
01-24 17:41:54.330   434   453 W BroadcastQueue: Background execution not allowed: receiving Intent { act=android.os.UpdateLock.UPDATE_LOCK_CHANGED flg=0x4000010 (has extras) } to com.google.android.gms/.chimera.GmsIntentOperationService$PersistentTrustedReceiver
01-24 17:41:54.332   434   536 E TaskPersister: File error accessing recents directory (directory doesn't exist?).
01-24 17:41:54.350 15691 15691 E Watchface: CocosWatchFaceService::Handler msg: -5 0.0;--
01-24 17:41:54.446 31332 31332 D Avrcp   : AvrcpServiceBroadcastReceiver-> Action: android.intent.action.PACKAGE_DATA_CLEARED
01-24 17:41:54.446 31332 31332 D Avrcp   : packageName: com.mapmyrun.android2 removed: true
01-24 17:41:54.446 31332 31332 V Avrcp   : isBrowseSupported for com.mapmyrun.android2: false
01-24 17:41:54.466 13109 13109 I chatty  : uid=10009(u0_a9) com.google.android.gms.persistent expire 1 line
01-24 17:41:54.492  9941  9941 I app_process: System.exit called, status: 0
01-24 17:41:54.493  9941  9941 I AndroidRuntime: VM exiting with result code 0.
01-24 17:41:54.615   712   712 D RegisteredNfcFServicesCache: Service unchanged, not updating
01-24 17:41:54.643 13109  9955 I Fitness : Clearing all cached OAuth tokens for: com.mapmyrun.android2 [CONTEXT service_id=17 ]
01-24 17:41:54.647 13109  9955 I Fitness : Removing all subscriptions for: com.mapmyrun.android2 [CONTEXT service_id=17 ]
01-24 17:41:54.722 13109  9955 I Fitness : Clearing all cached OAuth tokens for: com.mapmyrun.android2 [CONTEXT service_id=17 ]
01-24 17:41:54.726 13109  9955 I Fitness : Removing all subscriptions for: com.mapmyrun.android2 [CONTEXT service_id=17 ]
01-24 17:41:55.661  7206  7251 I dailytrack: HealthSportDataCacheUtil::saveData(),currentThread4=handle_total_data
01-24 17:41:59.845   434  5328 I ActivityManager: START u0 {act=api.android.category.MAIN cat=[api.android.intent.LAUNCHER] flg=0x10000000 cmp=com.mapmyrun.android2/com.mapmyfitness.android.view.MainActivity} from uid 2000
01-24 17:41:59.929   434  2093 I ActivityManager: Start proc 9969:com.mapmyrun.android2/u0a53 for activity com.mapmyrun.android2/com.mapmyfitness.android.view.MainActivity
01-24 17:42:00.061 15691 15691 D WallpaperUtil: InternalCache: available=1546M
01-24 17:42:00.132   434  2093 W ActivityManager: Slow operation: 82ms so far, now at attachApplicationLocked: after mServices.attachApplicationLocked
01-24 17:42:00.172   434   453 W BroadcastQueue: Background execution not allowed: receiving Intent { act=android.os.UpdateLock.UPDATE_LOCK_CHANGED flg=0x4000010 (has extras) } to com.google.android.gms/.chimera.GmsIntentOperationService$PersistentTrustedReceiver
01-24 17:42:00.257  9969  9979 I chatty  : uid=10053(u0_a53) expire 3 lines
01-24 17:42:00.320 15691 15691 E Watchface: WeatherManager::checkUpdateDisplayWeather() mWeatherInfo is null !
01-24 17:42:00.337 32131 32131 W OngoingChipController: Attempting to remove non-existent UI for chip [com.google.android.wearable.app, media_controls]
01-24 17:42:00.566  9969  9987 I chatty  : uid=10053(u0_a53) expire 9 lines
01-24 17:42:00.628  9969  9969 I chatty  : uid=10053(u0_a53) expire 7 lines
01-24 17:42:00.666  7206  7251 I dailytrack: HealthSportDataCacheUtil::saveData(),currentThread4=handle_total_data
01-24 17:42:00.709  9987  9987 I chatty  : uid=10053(u0_a53) com.mapmyrun.android2 expire 1 line
01-24 17:42:01.714  9969  9994 I chatty  : uid=10053(u0_a53) expire 3 lines
01-24 17:42:01.725   434  6034 I ActivityManager: START u0 {act=android.content.pm.action.REQUEST_PERMISSIONS pkg=com.google.android.packageinstaller cmp=com.google.android.packageinstaller/com.android.packageinstaller.permission.ui.GrantPermissionsActivity (has extras)} from uid 10053
01-24 17:42:01.882 15691 15701 I zygote  : Background concurrent copying GC freed 4419(397KB) AllocSpace objects, 0(0B) LOS objects, 28% free, 1258KB/1770KB, paused 5.616ms total 195.859ms
01-24 17:42:02.404  2013  2261 I chatty  : uid=10006(u0_a6) RenderThread expire 12 lines
01-24 17:42:02.465   568   568 W WearableKeyguard: Keyguard took 143ms to handle event #3
01-24 17:42:03.413  9969  9974 I chatty  : uid=10053(u0_a53) expire 4 lines
01-24 17:42:03.448   434   536 E TaskPersister: File error accessing recents directory (directory doesn't exist?).
01-24 17:42:04.120 30846  9689 I chatty  : uid=10029(u0_a29) AsyncTask #91 expire 10 lines
01-24 17:42:04.464 30846 30846 I chatty  : uid=10029(u0_a29) com.android.vending expire 12 lines
01-24 17:42:04.465 30846  9693 I chatty  : uid=10029(u0_a29) BlockingExecuto expire 17 lines
01-24 17:42:04.533 30846  9687 I chatty  : uid=10029(u0_a29) AsyncTask #89 expire 10 lines
01-24 17:42:04.675 30846  9688 I chatty  : uid=10029(u0_a29) AsyncTask #90 expire 10 lines
01-24 17:42:05.673  7206  7251 I dailytrack: HealthSportDataCacheUtil::saveData(),currentThread4=handle_total_data
01-24 17:42:10.678  7206  7251 I dailytrack: HealthSportDataCacheUtil::saveData(),currentThread4=handle_total_data
01-24 17:42:11.952   723   723 I battery : BatteryService: mInternalBatteryReceiver onReceive() action = android.intent.action.BATTERY_CHANGED
01-24 17:42:11.955 31787 31787 I ADVLog  : ADV.SensorService:/BatteryTemperature: 364  /isUsbOrAc: 1
01-24 17:42:11.973   319   319 D WifiHAL : In DebugCommand::handleResponse
01-24 17:42:11.974   319   319 D WifiHAL : len = 4, expected len = 4
01-24 17:42:12.005   434  5328 E BatteryStatsService: no controller energy info supplied
01-24 17:42:12.170   723   737 I zygote  : Background concurrent copying GC freed 7166(618KB) AllocSpace objects, 2(192KB) LOS objects, 24% free, 1986KB/2MB, paused 3.433ms total 101.870ms
01-24 17:42:15.684  7206  7251 I dailytrack: HealthSportDataCacheUtil::saveData(),currentThread4=handle_total_data
01-24 17:42:17.037 10002 10002 D AndroidRuntime: >>>>>> START com.android.internal.os.RuntimeInit uid 2000 <<<<<<
01-24 17:42:18.288 10002 10002 D AndroidRuntime: Calling main entry com.android.commands.pm.Pm
01-24 17:42:12.010   434  5328 I chatty  : uid=1000(system) Binder:434_19 identical 1 line
01-24 17:42:12.010   434  5328 E BatteryStatsService: no controller energy info supplied
01-24 17:42:18.314   434  5328 I ActivityManager: Force stopping com.mapmyrun.android2 appid=10053 user=0: clear data
01-24 17:42:18.316   434  5328 I ActivityManager: Killing 9969:com.mapmyrun.android2/u0a53 (adj 100): stop com.mapmyrun.android2
01-24 17:42:18.323   434  5328 W ActivityManager: Force removing ActivityRecord{409b633 u0 com.mapmyrun.android2/com.mapmyfitness.android.view.MainActivity t359}: app died, no saved state
01-24 17:42:18.505   434   454 W Looper  : Dispatch took 189ms on android.ui, h=Handler (com.android.server.am.ActivityManagerService$UiHandler) {dee4953} cb=null msg=53
01-24 17:42:18.516   434   461 W ActivityManager: setHasOverlayUi called on unknown pid: 9969
01-24 17:42:18.525   434   453 I ActivityManager: Force stopping com.mapmyrun.android2 appid=10053 user=-1: clearApplicationUserData
01-24 17:42:18.528 15691 15691 E Watchface: CocosWatchFaceService::Handler msg: -5 0.0;--
01-24 17:42:18.588   568   568 W WearableKeyguard: Keyguard took 87ms to handle event #3
01-24 17:42:18.601   335   335 I keystore: clear_uid 10053
01-24 17:42:18.880   434   536 E TaskPersister: File error accessing recents directory (directory doesn't exist?).
01-24 17:42:19.086 10002 10002 I app_process: System.exit called, status: 0
01-24 17:42:19.087 10002 10002 I AndroidRuntime: VM exiting with result code 0.
01-24 17:42:19.152 31332 31332 D Avrcp   : AvrcpServiceBroadcastReceiver-> Action: android.intent.action.PACKAGE_DATA_CLEARED
01-24 17:42:19.152 31332 31332 D Avrcp   : packageName: com.mapmyrun.android2 removed: true
01-24 17:42:19.152 31332 31332 V Avrcp   : isBrowseSupported for com.mapmyrun.android2: false
01-24 17:42:19.161 13109 13109 I GeofencerStateMachine: removeGeofences: removeRequest=RemoveGeofencingRequest[REMOVE_ALL packageName=com.mapmyrun.android2]
01-24 17:42:19.175 15691 15691 E Watchface: CocosWatchFaceService::Handler msg: -5 0.0;--
01-24 17:42:19.276   434  3482 W BroadcastQueue: Background execution not allowed: receiving Intent { act=android.os.UpdateLock.UPDATE_LOCK_CHANGED flg=0x4000010 (has extras) } to com.google.android.gms/.chimera.GmsIntentOperationService$PersistentTrustedReceiver
01-24 17:42:19.328   712   712 D RegisteredNfcFServicesCache: Service unchanged, not updating
01-24 17:42:19.514 13109 10022 I Fitness : Clearing all cached OAuth tokens for: com.mapmyrun.android2 [CONTEXT service_id=17 ]
01-24 17:42:19.523 13109 10022 I Fitness : Removing all subscriptions for: com.mapmyrun.android2 [CONTEXT service_id=17 ]
01-24 17:42:19.589 13109 10022 I Fitness : Clearing all cached OAuth tokens for: com.mapmyrun.android2 [CONTEXT service_id=17 ]
01-24 17:42:19.594 13109 10022 I Fitness : Removing all subscriptions for: com.mapmyrun.android2 [CONTEXT service_id=17 ]
01-24 17:42:20.687  7206  7251 I dailytrack: HealthSportDataCacheUtil::saveData(),currentThread4=handle_total_data
01-24 17:42:24.707   434  3482 I ActivityManager: START u0 {act=api.android.category.MAIN cat=[api.android.intent.LAUNCHER] flg=0x10000000 cmp=com.mapmyrun.android2/com.mapmyfitness.android.view.MainActivity} from uid 2000
01-24 17:42:24.787   434  2426 I ActivityManager: Start proc 10031:com.mapmyrun.android2/u0a53 for activity com.mapmyrun.android2/com.mapmyfitness.android.view.MainActivity
01-24 17:42:25.025   434  2426 W ActivityManager: Slow operation: 91ms so far, now at attachApplicationLocked: after mServices.attachApplicationLocked
01-24 17:42:25.069   434   453 W BroadcastQueue: Background execution not allowed: receiving Intent { act=android.os.UpdateLock.UPDATE_LOCK_CHANGED flg=0x4000010 (has extras) } to com.google.android.gms/.chimera.GmsIntentOperationService$PersistentTrustedReceiver
01-24 17:42:25.475 10031 10049 I chatty  : uid=10053(u0_a53) expire 9 lines
01-24 17:42:25.490 10031 10031 I chatty  : uid=10053(u0_a53) expire 7 lines
01-24 17:42:25.569 10049 10049 I chatty  : uid=10053(u0_a53) com.mapmyrun.android2 expire 1 line
01-24 17:42:25.645 10031 10041 I chatty  : uid=10053(u0_a53) expire 2 lines
01-24 17:42:25.691  7206  7251 I dailytrack: HealthSportDataCacheUtil::saveData(),currentThread4=handle_total_data
01-24 17:42:26.468 10031 10057 I chatty  : uid=10053(u0_a53) expire 3 lines
01-24 17:42:26.480   434   756 I ActivityManager: START u0 {act=android.content.pm.action.REQUEST_PERMISSIONS pkg=com.google.android.packageinstaller cmp=com.google.android.packageinstaller/com.android.packageinstaller.permission.ui.GrantPermissionsActivity (has extras)} from uid 10053
01-24 17:42:27.176   568   568 W WearableKeyguard: Keyguard took 59ms to handle event #3
01-24 17:42:27.303   317   317 E hw-IPCThreadState: binder thread pool (1 threads) starved for 108 ms
01-24 17:42:28.274   434   536 E TaskPersister: File error accessing recents directory (directory doesn't exist?).
01-24 17:42:28.326 10031 10036 I chatty  : uid=10053(u0_a53) expire 4 lines
01-24 17:42:29.111 30846 30846 I chatty  : uid=10029(u0_a29) com.android.vending expire 14 lines
01-24 17:42:30.698  7206  7251 I dailytrack: HealthSportDataCacheUtil::saveData(),currentThread4=handle_total_data
01-24 17:42:40.706  7206  7251 I dailytrack: HealthSportDataCacheUtil::saveData(),currentThread4=handle_total_data
01-24 17:42:41.855 10064 10064 D AndroidRuntime: >>>>>> START com.android.internal.os.RuntimeInit uid 2000 <<<<<<
01-24 17:42:42.984 10064 10064 D AndroidRuntime: Calling main entry com.android.commands.pm.Pm
01-24 17:42:43.001   434  2426 I ActivityManager: Force stopping com.mapmyrun.android2 appid=10053 user=0: clear data
01-24 17:42:43.002   434  2426 I ActivityManager: Killing 10031:com.mapmyrun.android2/u0a53 (adj 100): stop com.mapmyrun.android2
01-24 17:42:43.005   434  2426 W ActivityManager: Force removing ActivityRecord{bb357c5 u0 com.mapmyrun.android2/com.mapmyfitness.android.view.MainActivity t360}: app died, no saved state
01-24 17:42:43.153   434   454 W Looper  : Dispatch took 151ms on android.ui, h=Handler (com.android.server.am.ActivityManagerService$UiHandler) {dee4953} cb=null msg=53
01-24 17:42:43.162   434   453 I ActivityManager: Force stopping com.mapmyrun.android2 appid=10053 user=-1: clearApplicationUserData
01-24 17:42:43.173   335   335 I keystore: clear_uid 10053
01-24 17:42:43.206   434   461 W ActivityManager: setHasOverlayUi called on unknown pid: 10031
01-24 17:42:43.364   568   568 W WearableKeyguard: Keyguard took 218ms to handle event #3
01-24 17:42:43.381 15691 15691 E Watchface: CocosWatchFaceService::Handler msg: -5 0.0;--
01-24 17:42:43.812   434  2426 W WindowManager: Failed looking up window callers=com.android.server.wm.WindowManagerService.windowForClientLocked:5750 com.android.server.wm.WindowManagerService.removeWindow:1705 com.android.server.wm.Session.remove:216 
01-24 17:42:43.830   434   454 W Looper  : Dispatch took 130ms on android.ui, h=Handler (com.android.server.am.ActivityManagerService$UiHandler) {dee4953} cb=null msg=30
01-24 17:42:43.846 10064 10064 I app_process: System.exit called, status: 0
01-24 17:42:43.846 10064 10064 I AndroidRuntime: VM exiting with result code 0.
01-24 17:42:43.890 15691 15691 E Watchface: CocosWatchFaceService::Handler msg: -5 0.0;--
01-24 17:42:43.909   434   536 E TaskPersister: File error accessing recents directory (directory doesn't exist?).
01-24 17:42:43.920 31332 31332 D Avrcp   : AvrcpServiceBroadcastReceiver-> Action: android.intent.action.PACKAGE_DATA_CLEARED
01-24 17:42:43.920 31332 31332 D Avrcp   : packageName: com.mapmyrun.android2 removed: true
01-24 17:42:43.921 31332 31332 V Avrcp   : isBrowseSupported for com.mapmyrun.android2: false
01-24 17:42:43.940 13109 13109 I GeofencerStateMachine: removeGeofences: removeRequest=RemoveGeofencingRequest[REMOVE_ALL packageName=com.mapmyrun.android2]
01-24 17:42:44.064   434  7888 W BroadcastQueue: Background execution not allowed: receiving Intent { act=android.os.UpdateLock.UPDATE_LOCK_CHANGED flg=0x4000010 (has extras) } to com.google.android.gms/.chimera.GmsIntentOperationService$PersistentTrustedReceiver
01-24 17:42:44.120   712   712 D RegisteredNfcFServicesCache: Service unchanged, not updating
01-24 17:42:44.281 13109 10084 I Fitness : Clearing all cached OAuth tokens for: com.mapmyrun.android2 [CONTEXT service_id=17 ]
01-24 17:42:44.283 13109 10084 I Fitness : Removing all subscriptions for: com.mapmyrun.android2 [CONTEXT service_id=17 ]
01-24 17:42:44.323 13109 10084 I Fitness : Clearing all cached OAuth tokens for: com.mapmyrun.android2 [CONTEXT service_id=17 ]
01-24 17:42:44.329 13109 10084 I Fitness : Removing all subscriptions for: com.mapmyrun.android2 [CONTEXT service_id=17 ]
01-24 17:42:45.708  7206  7251 I dailytrack: HealthSportDataCacheUtil::saveData(),currentThread4=handle_total_data
01-24 17:42:49.379   434  6034 I ActivityManager: START u0 {act=api.android.category.MAIN cat=[api.android.intent.LAUNCHER] flg=0x10000000 cmp=com.mapmyrun.android2/com.mapmyfitness.android.view.MainActivity} from uid 2000
01-24 17:42:49.473   434   756 I ActivityManager: Start proc 10093:com.mapmyrun.android2/u0a53 for activity com.mapmyrun.android2/com.mapmyfitness.android.view.MainActivity
01-24 17:42:49.624 10093 10103 I chatty  : uid=10053(u0_a53) expire 3 lines
01-24 17:42:49.687   434   756 W ActivityManager: Slow operation: 89ms so far, now at attachApplicationLocked: after mServices.attachApplicationLocked
01-24 17:42:49.707   434   453 W BroadcastQueue: Background execution not allowed: receiving Intent { act=android.os.UpdateLock.UPDATE_LOCK_CHANGED flg=0x4000010 (has extras) } to com.google.android.gms/.chimera.GmsIntentOperationService$PersistentTrustedReceiver
01-24 17:42:50.083 10093 10110 I chatty  : uid=10053(u0_a53) expire 9 lines
01-24 17:42:50.103 10093 10093 I chatty  : uid=10053(u0_a53) expire 7 lines
01-24 17:42:50.176   323   403 I chatty  : uid=1000(system) /system/bin/surfaceflinger expire 2 lines
01-24 17:42:50.179 10110 10110 I chatty  : uid=10053(u0_a53) com.mapmyrun.android2 expire 1 line
01-24 17:42:50.714  7206  7251 I dailytrack: HealthSportDataCacheUtil::saveData(),currentThread4=handle_total_data
01-24 17:42:50.850 13109 13122 I zygote  : Background concurrent copying GC freed 35828(2MB) AllocSpace objects, 0(0B) LOS objects, 21% free, 7MB/9MB, paused 885us total 320.341ms
01-24 17:42:51.224 10093 10117 I chatty  : uid=10053(u0_a53) expire 3 lines
01-24 17:42:51.236   434  7888 I ActivityManager: START u0 {act=android.content.pm.action.REQUEST_PERMISSIONS pkg=com.google.android.packageinstaller cmp=com.google.android.packageinstaller/com.android.packageinstaller.permission.ui.GrantPermissionsActivity (has extras)} from uid 10053
01-24 17:42:51.531   434  7888 I chatty  : uid=1000(system) Binder:434_1C expire 2 lines
01-24 17:42:51.950   323   323 I chatty  : uid=1000(system) /system/bin/surfaceflinger expire 2 lines
01-24 17:42:52.062   568   568 W WearableKeyguard: Keyguard took 234ms to handle event #3
01-24 17:42:52.860 10093 10098 I chatty  : uid=10053(u0_a53) expire 4 lines
01-24 17:42:53.014   434   536 E TaskPersister: File error accessing recents directory (directory doesn't exist?).
01-24 17:42:53.747 30846  9693 I chatty  : uid=10029(u0_a29) BlockingExecuto expire 18 lines
01-24 17:42:53.982 30846 30846 I chatty  : uid=10029(u0_a29) com.android.vending expire 15 lines
01-24 17:42:55.717  7206  7251 I dailytrack: HealthSportDataCacheUtil::saveData(),currentThread4=handle_total_data
01-24 17:43:00.015 15691 15691 D WallpaperUtil: InternalCache: available=1546M
01-24 17:43:00.037 15691 15691 E Watchface: WeatherManager::checkUpdateDisplayWeather() mWeatherInfo is null !
01-24 17:43:00.046 32131 32131 W OngoingChipController: Attempting to remove non-existent UI for chip [com.google.android.wearable.app, media_controls]
01-24 17:43:00.723  7206  7251 I dailytrack: HealthSportDataCacheUtil::saveData(),currentThread4=handle_total_data
01-24 17:43:05.728  7206  7251 I dailytrack: HealthSportDataCacheUtil::saveData(),currentThread4=handle_total_data
01-24 17:43:06.532 10125 10125 D AndroidRuntime: >>>>>> START com.android.internal.os.RuntimeInit uid 2000 <<<<<<
01-24 17:43:07.749 10125 10125 D AndroidRuntime: Calling main entry com.android.commands.pm.Pm
01-24 17:43:07.778   434  2021 I ActivityManager: Force stopping com.mapmyrun.android2 appid=10053 user=0: clear data
01-24 17:43:07.780   434  2021 I ActivityManager: Killing 10093:com.mapmyrun.android2/u0a53 (adj 100): stop com.mapmyrun.android2
01-24 17:43:07.797   434  2021 W ActivityManager: Force removing ActivityRecord{a5397c7 u0 com.mapmyrun.android2/com.mapmyfitness.android.view.MainActivity t361}: app died, no saved state
01-24 17:43:07.965   335   335 I keystore: clear_uid 10053
01-24 17:43:07.976   434   454 W Looper  : Dispatch took 197ms on android.ui, h=Handler (com.android.server.am.ActivityManagerService$UiHandler) {dee4953} cb=null msg=53
01-24 17:43:08.016   434   461 W ActivityManager: setHasOverlayUi called on unknown pid: 10093
01-24 17:43:08.018   434   453 I ActivityManager: Force stopping com.mapmyrun.android2 appid=10053 user=-1: clearApplicationUserData
01-24 17:43:08.093 15691 15691 E Watchface: CocosWatchFaceService::Handler msg: -5 0.0;--
01-24 17:43:08.164   568   568 W WearableKeyguard: Keyguard took 190ms to handle event #3
01-24 17:43:08.337  2013  2013 I chatty  : uid=10006(u0_a6) com.google.android.packageinstaller expire 7 lines
01-24 17:43:08.557   434   536 E TaskPersister: File error accessing recents directory (directory doesn't exist?).
01-24 17:43:08.574   434   756 W WindowManager: Failed looking up window callers=com.android.server.wm.WindowManagerService.windowForClientLocked:5750 com.android.server.wm.WindowManagerService.removeWindow:1705 com.android.server.wm.Session.remove:216 
01-24 17:43:08.652 15691 15691 E Watchface: CocosWatchFaceService::Handler msg: -5 0.0;--
01-24 17:43:08.668   434   453 W BroadcastQueue: Background execution not allowed: receiving Intent { act=android.os.UpdateLock.UPDATE_LOCK_CHANGED flg=0x4000010 (has extras) } to com.google.android.gms/.chimera.GmsIntentOperationService$PersistentTrustedReceiver
01-24 17:43:08.718 31332 31332 D Avrcp   : AvrcpServiceBroadcastReceiver-> Action: android.intent.action.PACKAGE_DATA_CLEARED
01-24 17:43:08.718 31332 31332 D Avrcp   : packageName: com.mapmyrun.android2 removed: true
01-24 17:43:08.718 31332 31332 V Avrcp   : isBrowseSupported for com.mapmyrun.android2: false
01-24 17:43:08.739 13109 13109 I GeofencerStateMachine: removeGeofences: removeRequest=RemoveGeofencingRequest[REMOVE_ALL packageName=com.mapmyrun.android2]
01-24 17:43:08.753 10125 10125 I app_process: System.exit called, status: 0
01-24 17:43:08.753 10125 10125 I AndroidRuntime: VM exiting with result code 0.
01-24 17:43:08.894   712   712 D RegisteredNfcFServicesCache: Service unchanged, not updating
01-24 17:43:08.989 13109 10144 I Fitness : Clearing all cached OAuth tokens for: com.mapmyrun.android2 [CONTEXT service_id=17 ]
01-24 17:43:09.025 13109 10144 I Fitness : Removing all subscriptions for: com.mapmyrun.android2 [CONTEXT service_id=17 ]
01-24 17:43:09.074 13109 10144 I Fitness : Clearing all cached OAuth tokens for: com.mapmyrun.android2 [CONTEXT service_id=17 ]
01-24 17:43:09.078 13109 10144 I Fitness : Removing all subscriptions for: com.mapmyrun.android2 [CONTEXT service_id=17 ]
01-24 17:43:09.583   434   443 I chatty  : uid=1000(system) HeapTaskDaemon expire 4 lines
01-24 17:43:10.733  7206  7251 I dailytrack: HealthSportDataCacheUtil::saveData(),currentThread4=handle_total_data
01-24 17:43:11.937   723   723 I battery : BatteryService: mInternalBatteryReceiver onReceive() action = android.intent.action.BATTERY_CHANGED
01-24 17:43:11.941 31787 31787 I ADVLog  : ADV.SensorService:/BatteryTemperature: 363  /isUsbOrAc: 1
01-24 17:43:11.948   319   319 D WifiHAL : In DebugCommand::handleResponse
01-24 17:43:11.949   319   319 D WifiHAL : len = 4, expected len = 4
01-24 17:43:11.971   434 13081 E BatteryStatsService: no controller energy info supplied
01-24 17:43:11.972   434 13081 I chatty  : uid=1000(system) Binder:434_1E identical 1 line
01-24 17:43:11.973   434 13081 E BatteryStatsService: no controller energy info supplied
01-24 17:43:14.165   434 13081 I ActivityManager: START u0 {act=api.android.category.MAIN cat=[api.android.intent.LAUNCHER] flg=0x10000000 cmp=com.mapmyrun.android2/com.mapmyfitness.android.view.MainActivity} from uid 2000
01-24 17:43:14.173   434 10153 I chatty  : uid=1000 system_server expire 2 lines
01-24 17:43:14.175   434 10154 I chatty  : uid=1000 system_server expire 2 lines
01-24 17:43:14.233   434  1808 I chatty  : uid=1000(system) NetworkMonitorN expire 1 line
01-24 17:43:14.241   434   517 D ConnectivityService: NetworkAgentInfo [WIFI () - 448] validation failed
01-24 17:43:14.243   434   514 I chatty  : uid=1000(system) WifiStateMachin expire 1 line
01-24 17:43:14.274   434  2021 I ActivityManager: Start proc 10159:com.mapmyrun.android2/u0a53 for activity com.mapmyrun.android2/com.mapmyfitness.android.view.MainActivity
01-24 17:43:14.448   434  2021 W ActivityManager: Slow operation: 76ms so far, now at attachApplicationLocked: after mServices.attachApplicationLocked
01-24 17:43:14.456   434   453 W BroadcastQueue: Background execution not allowed: receiving Intent { act=android.os.UpdateLock.UPDATE_LOCK_CHANGED flg=0x4000010 (has extras) } to com.google.android.gms/.chimera.GmsIntentOperationService$PersistentTrustedReceiver
01-24 17:43:14.793 10159 10169 I chatty  : uid=10053(u0_a53) expire 2 lines
01-24 17:43:14.910 10159 10176 I chatty  : uid=10053(u0_a53) expire 9 lines
01-24 17:43:14.933 10159 10159 I chatty  : uid=10053(u0_a53) expire 7 lines
01-24 17:43:14.999 10176 10176 I chatty  : uid=10053(u0_a53) com.mapmyrun.android2 expire 1 line
01-24 17:43:15.739  7206  7251 I dailytrack: HealthSportDataCacheUtil::saveData(),currentThread4=handle_total_data
01-24 17:43:15.967 10159 10183 I chatty  : uid=10053(u0_a53) expire 2 lines
01-24 17:43:15.992   434 13081 I ActivityManager: START u0 {act=android.content.pm.action.REQUEST_PERMISSIONS pkg=com.google.android.packageinstaller cmp=com.google.android.packageinstaller/com.android.packageinstaller.permission.ui.GrantPermissionsActivity (has extras)} from uid 10053
01-24 17:43:16.680  2013  2261 I chatty  : uid=10006(u0_a6) RenderThread expire 12 lines
01-24 17:43:16.829   317   317 E hw-IPCThreadState: binder thread pool (1 threads) starved for 142 ms
01-24 17:43:16.851   568   568 W WearableKeyguard: Keyguard took 278ms to handle event #3
01-24 17:43:17.774   434   536 E TaskPersister: File error accessing recents directory (directory doesn't exist?).
01-24 17:43:17.825 10159 10191 I chatty  : uid=10053(u0_a53) expire 1 line
01-24 17:43:17.928 10159 10164 I chatty  : uid=10053(u0_a53) expire 4 lines
01-24 17:43:18.754 30846 30846 I chatty  : uid=10029(u0_a29) com.android.vending expire 10 lines
01-24 17:43:20.745  7206  7251 I dailytrack: HealthSportDataCacheUtil::saveData(),currentThread4=handle_total_data
01-24 17:43:23.429 13109  2805 E WakeLock: GCM_HB_ALARM release without a matched acquire!
01-24 17:43:23.823 13109 30467 I sqi     : Maintaining payment bundles [CONTEXT service_id=79 ]
01-24 17:43:23.875 13109 30467 I sqi     : Finished maintaining payment bundles [CONTEXT service_id=79 ]
01-24 17:43:24.011 13109 13109 W BoundBrokerSvc: No bound-service is registered for action: com.google.android.gms.udc.service.START
01-24 17:43:24.012 13109 13109 E BoundBrokerSvc: Proxy without impl failing onBind(): Intent { act=com.google.android.gms.udc.service.START pkg=com.google.android.gms }
01-24 17:43:24.012 13109 13109 W GmsApiChimeraSvc: Failed in attempt to reload bound-service.
01-24 17:43:24.012 13109 13169 I GmsApiChimeraSvc: Using MissingApiServiceBroker for com.google.android.gms.udc.service.START due to missing BoundService implementation
01-24 17:43:25.749  7206  7251 I dailytrack: HealthSportDataCacheUtil::saveData(),currentThread4=handle_total_data
01-24 17:43:30.754  7206  7251 I dailytrack: HealthSportDataCacheUtil::saveData(),currentThread4=handle_total_data
01-24 17:43:31.468 10193 10193 D AndroidRuntime: >>>>>> START com.android.internal.os.RuntimeInit uid 2000 <<<<<<
01-24 17:43:32.879 10193 10193 D AndroidRuntime: Calling main entry com.android.commands.pm.Pm
01-24 17:43:32.910   434  5328 I ActivityManager: Force stopping com.mapmyrun.android2 appid=10053 user=0: clear data
01-24 17:43:32.913   434  5328 I ActivityManager: Killing 10159:com.mapmyrun.android2/u0a53 (adj 100): stop com.mapmyrun.android2
01-24 17:43:32.922   434  5328 W ActivityManager: Force removing ActivityRecord{e10aab9 u0 com.mapmyrun.android2/com.mapmyfitness.android.view.MainActivity t362}: app died, no saved state
01-24 17:43:33.113   434   454 W Looper  : Dispatch took 201ms on android.ui, h=Handler (com.android.server.am.ActivityManagerService$UiHandler) {dee4953} cb=null msg=53
01-24 17:43:33.118   434   453 I ActivityManager: Force stopping com.mapmyrun.android2 appid=10053 user=-1: clearApplicationUserData
01-24 17:43:33.137   335   335 I keystore: clear_uid 10053
01-24 17:43:33.175   568   568 W WearableKeyguard: Keyguard took 89ms to handle event #3
01-24 17:43:33.200 15691 15691 E Watchface: CocosWatchFaceService::Handler msg: -5 0.0;--
01-24 17:43:33.213   434   461 W ActivityManager: setHasOverlayUi called on unknown pid: 10159
01-24 17:43:33.579 30846 30902 I chatty  : uid=10029(u0_a29) queued-work-loo expire 1 line
01-24 17:43:33.725   434   454 W Looper  : Dispatch took 108ms on android.ui, h=Handler (com.android.server.am.ActivityManagerService$UiHandler) {dee4953} cb=null msg=30
01-24 17:43:33.748 15691 15691 E Watchface: CocosWatchFaceService::Handler msg: -5 0.0;--
01-24 17:43:33.802 31332 31332 D Avrcp   : AvrcpServiceBroadcastReceiver-> Action: android.intent.action.PACKAGE_DATA_CLEARED
01-24 17:43:33.802 31332 31332 D Avrcp   : packageName: com.mapmyrun.android2 removed: true
01-24 17:43:33.803 31332 31332 V Avrcp   : isBrowseSupported for com.mapmyrun.android2: false
01-24 17:43:33.823   434   453 W BroadcastQueue: Background execution not allowed: receiving Intent { act=android.os.UpdateLock.UPDATE_LOCK_CHANGED flg=0x4000010 (has extras) } to com.google.android.gms/.chimera.GmsIntentOperationService$PersistentTrustedReceiver
01-24 17:43:33.826   434   454 W Looper  : Dispatch took 101ms on android.ui, h=Handler (com.android.server.am.ActivityManagerService$UiHandler) {dee4953} cb=null msg=53
01-24 17:43:33.841 10193 10193 I app_process: System.exit called, status: 0
01-24 17:43:33.841 10193 10193 I AndroidRuntime: VM exiting with result code 0.
01-24 17:43:33.852 13109 13109 I GeofencerStateMachine: removeGeofences: removeRequest=RemoveGeofencingRequest[REMOVE_ALL packageName=com.mapmyrun.android2]
01-24 17:43:33.872   434   536 E TaskPersister: File error accessing recents directory (directory doesn't exist?).
01-24 17:43:33.953 30846 30846 I chatty  : uid=10029(u0_a29) com.android.vending expire 20 lines
01-24 17:43:34.033   712   712 D RegisteredNfcFServicesCache: Service unchanged, not updating
01-24 17:43:34.132 13109 10210 I Fitness : Clearing all cached OAuth tokens for: com.mapmyrun.android2 [CONTEXT service_id=17 ]
01-24 17:43:34.159 13109 10210 I Fitness : Removing all subscriptions for: com.mapmyrun.android2 [CONTEXT service_id=17 ]
01-24 17:43:34.189   712   726 I zygote  : Background concurrent copying GC freed 10217(415KB) AllocSpace objects, 0(0B) LOS objects, 29% free, 1247KB/1759KB, paused 1.118ms total 158.760ms
01-24 17:43:34.215 13109 10210 I Fitness : Clearing all cached OAuth tokens for: com.mapmyrun.android2 [CONTEXT service_id=17 ]
01-24 17:43:34.222 13109 10210 I Fitness : Removing all subscriptions for: com.mapmyrun.android2 [CONTEXT service_id=17 ]
01-24 17:43:35.757  7206  7251 I dailytrack: HealthSportDataCacheUtil::saveData(),currentThread4=handle_total_data
01-24 17:43:39.351   434  2560 I ActivityManager: START u0 {act=api.android.category.MAIN cat=[api.android.intent.LAUNCHER] flg=0x10000000 cmp=com.mapmyrun.android2/com.mapmyfitness.android.view.MainActivity} from uid 2000
01-24 17:43:39.443   434  1099 I ActivityManager: Start proc 10223:com.mapmyrun.android2/u0a53 for activity com.mapmyrun.android2/com.mapmyfitness.android.view.MainActivity
01-24 17:43:39.610   434  1099 W ActivityManager: Slow operation: 77ms so far, now at attachApplicationLocked: after mServices.attachApplicationLocked
01-24 17:43:39.614   434   453 W BroadcastQueue: Background execution not allowed: receiving Intent { act=android.os.UpdateLock.UPDATE_LOCK_CHANGED flg=0x4000010 (has extras) } to com.google.android.gms/.chimera.GmsIntentOperationService$PersistentTrustedReceiver
01-24 17:43:39.921 10223 10233 I chatty  : uid=10053(u0_a53) expire 2 lines
01-24 17:43:40.046 10223 10240 I chatty  : uid=10053(u0_a53) expire 9 lines
01-24 17:43:40.077 10223 10223 I chatty  : uid=10053(u0_a53) expire 7 lines
01-24 17:43:40.149 10240 10240 I chatty  : uid=10053(u0_a53) com.mapmyrun.android2 expire 1 line
