01-24 17:43:40.458 31332 31342 I zygote  : Background concurrent copying GC freed 426(401KB) AllocSpace objects, 0(0B) LOS objects, 33% free, 1024KB/1536KB, paused 5.019ms total 69.640ms
01-24 17:43:40.715 10223 10247 I chatty  : uid=10053(u0_a53) expire 3 lines
01-24 17:43:40.722   434  2560 I ActivityManager: START u0 {act=android.content.pm.action.REQUEST_PERMISSIONS pkg=com.google.android.packageinstaller cmp=com.google.android.packageinstaller/com.android.packageinstaller.permission.ui.GrantPermissionsActivity (has extras)} from uid 10053
01-24 17:43:40.776  7206  7251 I dailytrack: HealthSportDataCacheUtil::saveData(),currentThread4=handle_total_data
01-24 17:43:40.858   434  2560 I chatty  : uid=1000(system) Binder:434_10 expire 2 lines
01-24 17:43:41.106   323   323 D SurfaceFlinger: duplicate layer name: changing com.google.android.packageinstaller/com.android.packageinstaller.permission.ui.GrantPermissionsActivity to com.google.android.packageinstaller/com.android.packageinstaller.permission.ui.GrantPermissionsActivity#1
01-24 17:43:41.117 13109 13122 I zygote  : Background concurrent copying GC freed 29173(1961KB) AllocSpace objects, 0(0B) LOS objects, 20% free, 7MB/9MB, paused 640us total 466.248ms
01-24 17:43:41.171   568   568 W WearableKeyguard: Keyguard took 119ms to handle event #3
01-24 17:43:41.223   434   461 I chatty  : uid=1000(system) android.display expire 8 lines
01-24 17:43:42.273 10223 10228 I chatty  : uid=10053(u0_a53) expire 4 lines
01-24 17:43:42.977   434   536 E TaskPersister: File error accessing recents directory (directory doesn't exist?).
01-24 17:43:43.675 30846  9693 I chatty  : uid=10029(u0_a29) BlockingExecuto expire 18 lines
01-24 17:43:45.784  7206  7251 I dailytrack: HealthSportDataCacheUtil::saveData(),currentThread4=handle_total_data
01-24 17:43:50.274  2732  2732 D sysproxy: [T:75] Closed stream. RX/TX: 656/848
01-24 17:43:50.790  7206  7251 I dailytrack: HealthSportDataCacheUtil::saveData(),currentThread4=handle_total_data
01-24 17:43:55.348 31332 31384 E bt_btif : bta_dm_pm_btm_status hci_status=35
01-24 17:43:55.794  7206  7251 I dailytrack: HealthSportDataCacheUtil::saveData(),currentThread4=handle_total_data
01-24 17:43:56.562 10254 10254 D AndroidRuntime: >>>>>> START com.android.internal.os.RuntimeInit uid 2000 <<<<<<
01-24 17:43:57.725 10254 10254 D AndroidRuntime: Calling main entry com.android.commands.pm.Pm
01-24 17:43:57.750   434  2560 I ActivityManager: Force stopping com.mapmyrun.android2 appid=10053 user=0: clear data
01-24 17:43:57.752   434  2560 I ActivityManager: Killing 10223:com.mapmyrun.android2/u0a53 (adj 100): stop com.mapmyrun.android2
01-24 17:43:57.758   434  2560 W ActivityManager: Force removing ActivityRecord{2ecd801 u0 com.mapmyrun.android2/com.mapmyfitness.android.view.MainActivity t363}: app died, no saved state
01-24 17:43:57.921   434   454 W Looper  : Dispatch took 170ms on android.ui, h=Handler (com.android.server.am.ActivityManagerService$UiHandler) {dee4953} cb=null msg=53
01-24 17:43:57.924   335   335 I keystore: clear_uid 10053
01-24 17:43:57.949   434   461 W ActivityManager: setHasOverlayUi called on unknown pid: 10223
01-24 17:43:57.967 30846 30975 I chatty  : uid=10029(u0_a29) RenderThread expire 10 lines
01-24 17:43:58.079   434   453 I ActivityManager: Force stopping com.mapmyrun.android2 appid=10053 user=-1: clearApplicationUserData
01-24 17:43:58.099   568   568 W WearableKeyguard: Keyguard took 188ms to handle event #3
01-24 17:43:58.106 15691 15691 E Watchface: CocosWatchFaceService::Handler msg: -5 0.0;--
01-24 17:43:58.429   434  2093 W WindowManager: Failed looking up window callers=com.android.server.wm.WindowManagerService.windowForClientLocked:5750 com.android.server.wm.WindowManagerService.removeWindow:1705 com.android.server.wm.Session.remove:216 
01-24 17:43:58.461   434   536 E TaskPersister: File error accessing recents directory (directory doesn't exist?).
01-24 17:43:58.498 13109 13109 I GeofencerStateMachine: removeGeofences: removeRequest=RemoveGeofencingRequest[REMOVE_ALL packageName=com.mapmyrun.android2]
01-24 17:43:58.500 31332 31332 D Avrcp   : AvrcpServiceBroadcastReceiver-> Action: android.intent.action.PACKAGE_DATA_CLEARED
01-24 17:43:58.500 31332 31332 D Avrcp   : packageName: com.mapmyrun.android2 removed: true
01-24 17:43:58.500 31332 31332 V Avrcp   : isBrowseSupported for com.mapmyrun.android2: false
01-24 17:43:58.533 15691 15691 E Watchface: CocosWatchFaceService::Handler msg: -5 0.0;--
01-24 17:43:58.567 10254 10254 I app_process: System.exit called, status: 0
01-24 17:43:58.567 10254 10254 I AndroidRuntime: VM exiting with result code 0.
01-24 17:43:58.665   434  1694 W BroadcastQueue: Background execution not allowed: receiving Intent { act=android.os.UpdateLock.UPDATE_LOCK_CHANGED flg=0x4000010 (has extras) } to com.google.android.gms/.chimera.GmsIntentOperationService$PersistentTrustedReceiver
01-24 17:43:58.729   712   712 D RegisteredNfcFServicesCache: Service unchanged, not updating
01-24 17:43:58.950 13109 10275 I Fitness : Clearing all cached OAuth tokens for: com.mapmyrun.android2 [CONTEXT service_id=17 ]
01-24 17:43:58.954 13109 10275 I Fitness : Removing all subscriptions for: com.mapmyrun.android2 [CONTEXT service_id=17 ]
01-24 17:43:59.007 13109 10275 I Fitness : Clearing all cached OAuth tokens for: com.mapmyrun.android2 [CONTEXT service_id=17 ]
01-24 17:43:59.010 13109 10275 I Fitness : Removing all subscriptions for: com.mapmyrun.android2 [CONTEXT service_id=17 ]
01-24 17:44:00.029 15691 15691 D WallpaperUtil: InternalCache: available=1546M
01-24 17:44:00.063 15691 15691 E Watchface: WeatherManager::checkUpdateDisplayWeather() mWeatherInfo is null !
01-24 17:44:00.066 32131 32131 W OngoingChipController: Attempting to remove non-existent UI for chip [com.google.android.wearable.app, media_controls]
01-24 17:44:00.797  7206  7251 I dailytrack: HealthSportDataCacheUtil::saveData(),currentThread4=handle_total_data
01-24 17:44:04.138   434  1694 I ActivityManager: START u0 {act=api.android.category.MAIN cat=[api.android.intent.LAUNCHER] flg=0x10000000 cmp=com.mapmyrun.android2/com.mapmyfitness.android.view.MainActivity} from uid 2000
01-24 17:44:04.229   434 13233 I ActivityManager: Start proc 10283:com.mapmyrun.android2/u0a53 for activity com.mapmyrun.android2/com.mapmyfitness.android.view.MainActivity
01-24 17:44:04.403   434 13233 W ActivityManager: Slow operation: 98ms so far, now at attachApplicationLocked: after mServices.attachApplicationLocked
01-24 17:44:04.423   434   453 W BroadcastQueue: Background execution not allowed: receiving Intent { act=android.os.UpdateLock.UPDATE_LOCK_CHANGED flg=0x4000010 (has extras) } to com.google.android.gms/.chimera.GmsIntentOperationService$PersistentTrustedReceiver
01-24 17:44:04.715 10283 10293 I chatty  : uid=10053(u0_a53) expire 2 lines
01-24 17:44:04.863 10283 10300 I chatty  : uid=10053(u0_a53) expire 9 lines
01-24 17:44:04.878 10283 10283 I chatty  : uid=10053(u0_a53) expire 7 lines
01-24 17:44:04.959 10300 10300 I chatty  : uid=10053(u0_a53) com.mapmyrun.android2 expire 1 line
01-24 17:44:05.750 10283 10308 I chatty  : uid=10053(u0_a53) expire 3 lines
01-24 17:44:05.767   434  2093 I ActivityManager: START u0 {act=android.content.pm.action.REQUEST_PERMISSIONS pkg=com.google.android.packageinstaller cmp=com.google.android.packageinstaller/com.android.packageinstaller.permission.ui.GrantPermissionsActivity (has extras)} from uid 10053
01-24 17:44:05.809  7206  7251 I dailytrack: HealthSportDataCacheUtil::saveData(),currentThread4=handle_total_data
01-24 17:44:06.040   434  1099 I chatty  : uid=1000(system) Binder:434_9 expire 2 lines
01-24 17:44:06.582   323   323 D SurfaceFlinger: duplicate layer name: changing com.google.android.packageinstaller/com.android.packageinstaller.permission.ui.GrantPermissionsActivity to com.google.android.packageinstaller/com.android.packageinstaller.permission.ui.GrantPermissionsActivity#1
01-24 17:44:06.712   568   568 W WearableKeyguard: Keyguard took 292ms to handle event #3
01-24 17:44:07.607 10283 10288 I chatty  : uid=10053(u0_a53) expire 4 lines
01-24 17:44:07.679   434   536 E TaskPersister: File error accessing recents directory (directory doesn't exist?).
01-24 17:44:08.619 30846  9688 I chatty  : uid=10029(u0_a29) AsyncTask #90 expire 8 lines
01-24 17:44:08.761 30846  9687 I chatty  : uid=10029(u0_a29) AsyncTask #89 expire 8 lines
01-24 17:44:08.860 30846 30846 I chatty  : uid=10029(u0_a29) com.android.vending expire 15 lines
01-24 17:44:08.988 30846  9689 I chatty  : uid=10029(u0_a29) AsyncTask #91 expire 9 lines
01-24 17:44:10.815  7206  7251 I dailytrack: HealthSportDataCacheUtil::saveData(),currentThread4=handle_total_data
01-24 17:44:11.961   723   723 I battery : BatteryService: mInternalBatteryReceiver onReceive() action = android.intent.action.BATTERY_CHANGED
01-24 17:44:11.962 31787 31787 I ADVLog  : ADV.SensorService:/BatteryTemperature: 362  /isUsbOrAc: 1
01-24 17:44:11.982   319   319 D WifiHAL : In DebugCommand::handleResponse
01-24 17:44:11.983   319   319 D WifiHAL : len = 4, expected len = 4
01-24 17:44:12.018   434  1694 E BatteryStatsService: no controller energy info supplied
01-24 17:44:12.189   723   737 I zygote  : Background concurrent copying GC freed 7108(601KB) AllocSpace objects, 2(192KB) LOS objects, 24% free, 1992KB/2MB, paused 2.410ms total 107.464ms
01-24 17:44:15.821  7206  7251 I dailytrack: HealthSportDataCacheUtil::saveData(),currentThread4=handle_total_data
01-24 17:44:20.827  7206  7251 I dailytrack: HealthSportDataCacheUtil::saveData(),currentThread4=handle_total_data
01-24 17:44:21.301 10315 10315 D AndroidRuntime: >>>>>> START com.android.internal.os.RuntimeInit uid 2000 <<<<<<
01-24 17:44:22.522 10315 10315 D AndroidRuntime: Calling main entry com.android.commands.pm.Pm
01-24 17:44:12.021   434  1694 I chatty  : uid=1000(system) Binder:434_C identical 1 line
01-24 17:44:12.021   434  1694 E BatteryStatsService: no controller energy info supplied
01-24 17:44:22.550   434  1099 I ActivityManager: Force stopping com.mapmyrun.android2 appid=10053 user=0: clear data
01-24 17:44:22.552   434  1099 I ActivityManager: Killing 10283:com.mapmyrun.android2/u0a53 (adj 100): stop com.mapmyrun.android2
01-24 17:44:22.557   434  1099 W ActivityManager: Force removing ActivityRecord{56e7920 u0 com.mapmyrun.android2/com.mapmyfitness.android.view.MainActivity t364}: app died, no saved state
01-24 17:44:22.692   335   335 I keystore: clear_uid 10053
01-24 17:44:22.708   434   454 W Looper  : Dispatch took 156ms on android.ui, h=Handler (com.android.server.am.ActivityManagerService$UiHandler) {dee4953} cb=null msg=53
01-24 17:44:22.711   434   453 I ActivityManager: Force stopping com.mapmyrun.android2 appid=10053 user=-1: clearApplicationUserData
01-24 17:44:22.755   434   461 W ActivityManager: setHasOverlayUi called on unknown pid: 10283
01-24 17:44:22.942 15691 15691 E Watchface: CocosWatchFaceService::Handler msg: -5 0.0;--
01-24 17:44:23.174   434   453 W BroadcastQueue: Background execution not allowed: receiving Intent { act=android.os.UpdateLock.UPDATE_LOCK_CHANGED flg=0x4000010 (has extras) } to com.google.android.gms/.chimera.GmsIntentOperationService$PersistentTrustedReceiver
01-24 17:44:23.255 15691 15691 E Watchface: CocosWatchFaceService::Handler msg: -5 0.0;--
01-24 17:44:23.290   434   536 E TaskPersister: File error accessing recents directory (directory doesn't exist?).
01-24 17:44:23.308 31332 31332 D Avrcp   : AvrcpServiceBroadcastReceiver-> Action: android.intent.action.PACKAGE_DATA_CLEARED
01-24 17:44:23.308 31332 31332 D Avrcp   : packageName: com.mapmyrun.android2 removed: true
01-24 17:44:23.308 31332 31332 V Avrcp   : isBrowseSupported for com.mapmyrun.android2: false
01-24 17:44:23.313 10315 10315 I app_process: System.exit called, status: 0
01-24 17:44:23.314 10315 10315 I AndroidRuntime: VM exiting with result code 0.
01-24 17:44:23.340 13109 13109 I GeofencerStateMachine: removeGeofences: removeRequest=RemoveGeofencingRequest[REMOVE_ALL packageName=com.mapmyrun.android2]
01-24 17:44:23.447 13109 10332 I Fitness : Clearing all cached OAuth tokens for: com.mapmyrun.android2 [CONTEXT service_id=17 ]
01-24 17:44:23.464 13109 10332 I Fitness : Removing all subscriptions for: com.mapmyrun.android2 [CONTEXT service_id=17 ]
01-24 17:44:23.471   712   712 D RegisteredNfcFServicesCache: Service unchanged, not updating
01-24 17:44:23.590 13109 10332 I Fitness : Clearing all cached OAuth tokens for: com.mapmyrun.android2 [CONTEXT service_id=17 ]
01-24 17:44:23.595 13109 10332 I Fitness : Removing all subscriptions for: com.mapmyrun.android2 [CONTEXT service_id=17 ]
01-24 17:44:25.835  7206  7251 I dailytrack: HealthSportDataCacheUtil::saveData(),currentThread4=handle_total_data
01-24 17:44:28.801   434 13233 I ActivityManager: START u0 {act=api.android.category.MAIN cat=[api.android.intent.LAUNCHER] flg=0x10000000 cmp=com.mapmyrun.android2/com.mapmyfitness.android.view.MainActivity} from uid 2000
01-24 17:44:28.884   434  5328 I ActivityManager: Start proc 10343:com.mapmyrun.android2/u0a53 for activity com.mapmyrun.android2/com.mapmyfitness.android.view.MainActivity
01-24 17:44:29.072   434  5328 W ActivityManager: Slow operation: 91ms so far, now at attachApplicationLocked: after mServices.attachApplicationLocked
01-24 17:44:29.080   434   453 W BroadcastQueue: Background execution not allowed: receiving Intent { act=android.os.UpdateLock.UPDATE_LOCK_CHANGED flg=0x4000010 (has extras) } to com.google.android.gms/.chimera.GmsIntentOperationService$PersistentTrustedReceiver
01-24 17:44:29.440 10343 10353 I chatty  : uid=10053(u0_a53) expire 4 lines
01-24 17:44:29.536 10343 10361 I chatty  : uid=10053(u0_a53) expire 9 lines
01-24 17:44:29.555 10343 10343 I chatty  : uid=10053(u0_a53) expire 7 lines
01-24 17:44:29.629 10361 10361 I chatty  : uid=10053(u0_a53) com.mapmyrun.android2 expire 1 line
01-24 17:44:29.695   323   403 W HWComposer: Ignoring duplicate VSYNC event from HWC (t=160139195123231)
01-24 17:44:29.767 10343 10355 I chatty  : uid=10053(u0_a53) expire 1 line
01-24 17:44:30.251 10343 10370 I chatty  : uid=10053(u0_a53) expire 3 lines
01-24 17:44:30.265   434  2426 I ActivityManager: START u0 {act=android.content.pm.action.REQUEST_PERMISSIONS pkg=com.google.android.packageinstaller cmp=com.google.android.packageinstaller/com.android.packageinstaller.permission.ui.GrantPermissionsActivity (has extras)} from uid 10053
01-24 17:44:30.539   434  2426 I chatty  : uid=1000(system) Binder:434_F expire 2 lines
01-24 17:44:30.836  7206  7251 I dailytrack: HealthSportDataCacheUtil::saveData(),currentThread4=handle_total_data
01-24 17:44:30.902  2013  2261 I chatty  : uid=10006(u0_a6) RenderThread expire 12 lines
01-24 17:44:30.969   323   323 D SurfaceFlinger: duplicate layer name: changing com.google.android.packageinstaller/com.android.packageinstaller.permission.ui.GrantPermissionsActivity to com.google.android.packageinstaller/com.android.packageinstaller.permission.ui.GrantPermissionsActivity#1
01-24 17:44:31.089   568   568 W WearableKeyguard: Keyguard took 259ms to handle event #3
01-24 17:44:31.916 10343 10348 I chatty  : uid=10053(u0_a53) expire 4 lines
01-24 17:44:32.349   434   536 E TaskPersister: File error accessing recents directory (directory doesn't exist?).
01-24 17:44:33.075 30846  9693 I chatty  : uid=10029(u0_a29) BlockingExecuto expire 18 lines
01-24 17:44:33.190 30846 30846 I chatty  : uid=10029(u0_a29) com.android.vending expire 15 lines
01-24 17:44:35.842  7206  7251 I dailytrack: HealthSportDataCacheUtil::saveData(),currentThread4=handle_total_data
01-24 17:44:40.848  7206  7251 I chatty  : uid=10025(u0_a25) handle_total_da identical 1 line
01-24 17:44:45.849  7206  7251 I dailytrack: HealthSportDataCacheUtil::saveData(),currentThread4=handle_total_data
01-24 17:44:45.908 10377 10377 D AndroidRuntime: >>>>>> START com.android.internal.os.RuntimeInit uid 2000 <<<<<<
01-24 17:44:47.174 10377 10377 D AndroidRuntime: Calling main entry com.android.commands.pm.Pm
01-24 17:44:47.212   434  1694 I ActivityManager: Force stopping com.mapmyrun.android2 appid=10053 user=0: clear data
01-24 17:44:47.214   434  1694 I ActivityManager: Killing 10343:com.mapmyrun.android2/u0a53 (adj 100): stop com.mapmyrun.android2
01-24 17:44:47.221   434  1694 W ActivityManager: Force removing ActivityRecord{8270a35 u0 com.mapmyrun.android2/com.mapmyfitness.android.view.MainActivity t365}: app died, no saved state
01-24 17:44:47.401   434   454 W Looper  : Dispatch took 188ms on android.ui, h=Handler (com.android.server.am.ActivityManagerService$UiHandler) {dee4953} cb=null msg=53
01-24 17:44:47.409   434   453 I ActivityManager: Force stopping com.mapmyrun.android2 appid=10053 user=-1: clearApplicationUserData
01-24 17:44:47.418   335   335 I keystore: clear_uid 10053
01-24 17:44:47.448   434   461 W ActivityManager: setHasOverlayUi called on unknown pid: 10343
01-24 17:44:47.450   568   568 W WearableKeyguard: Keyguard took 55ms to handle event #3
01-24 17:44:47.462 15691 15691 E Watchface: CocosWatchFaceService::Handler msg: -5 0.0;--
01-24 17:44:47.718   434   536 E TaskPersister: File error accessing recents directory (directory doesn't exist?).
01-24 17:44:47.939   434   756 W WindowManager: Failed looking up window callers=com.android.server.wm.WindowManagerService.windowForClientLocked:5750 com.android.server.wm.WindowManagerService.removeWindow:1705 com.android.server.wm.Session.remove:216 
01-24 17:44:48.021 15691 15691 E Watchface: CocosWatchFaceService::Handler msg: -5 0.0;--
01-24 17:44:48.060 31332 31332 D Avrcp   : AvrcpServiceBroadcastReceiver-> Action: android.intent.action.PACKAGE_DATA_CLEARED
01-24 17:44:48.060 31332 31332 D Avrcp   : packageName: com.mapmyrun.android2 removed: true
01-24 17:44:48.060 31332 31332 V Avrcp   : isBrowseSupported for com.mapmyrun.android2: false
01-24 17:44:48.061   434   453 W BroadcastQueue: Background execution not allowed: receiving Intent { act=android.os.UpdateLock.UPDATE_LOCK_CHANGED flg=0x4000010 (has extras) } to com.google.android.gms/.chimera.GmsIntentOperationService$PersistentTrustedReceiver
01-24 17:44:48.094   434   454 W Looper  : Dispatch took 110ms on android.ui, h=Handler (com.android.server.am.ActivityManagerService$UiHandler) {dee4953} cb=null msg=53
01-24 17:44:48.095 13109 13109 I GeofencerStateMachine: removeGeofences: removeRequest=RemoveGeofencingRequest[REMOVE_ALL packageName=com.mapmyrun.android2]
01-24 17:44:48.127   712   712 D RegisteredNfcFServicesCache: Service unchanged, not updating
01-24 17:44:48.131 10377 10377 I app_process: System.exit called, status: 0
01-24 17:44:48.131 10377 10377 I AndroidRuntime: VM exiting with result code 0.
01-24 17:44:48.302 13109 10396 I Fitness : Clearing all cached OAuth tokens for: com.mapmyrun.android2 [CONTEXT service_id=17 ]
01-24 17:44:48.313 13109 10396 I Fitness : Removing all subscriptions for: com.mapmyrun.android2 [CONTEXT service_id=17 ]
01-24 17:44:48.370 13109 10396 I Fitness : Clearing all cached OAuth tokens for: com.mapmyrun.android2 [CONTEXT service_id=17 ]
01-24 17:44:48.375 13109 10396 I Fitness : Removing all subscriptions for: com.mapmyrun.android2 [CONTEXT service_id=17 ]
01-24 17:44:50.854  7206  7251 I dailytrack: HealthSportDataCacheUtil::saveData(),currentThread4=handle_total_data
01-24 17:44:53.582   434   756 I ActivityManager: START u0 {act=api.android.category.MAIN cat=[api.android.intent.LAUNCHER] flg=0x10000000 cmp=com.mapmyrun.android2/com.mapmyfitness.android.view.MainActivity} from uid 2000
01-24 17:44:53.660   434  7909 I ActivityManager: Start proc 10406:com.mapmyrun.android2/u0a53 for activity com.mapmyrun.android2/com.mapmyfitness.android.view.MainActivity
01-24 17:44:53.859   434  7909 W ActivityManager: Slow operation: 85ms so far, now at attachApplicationLocked: after mServices.attachApplicationLocked
01-24 17:44:53.887   434   453 W BroadcastQueue: Background execution not allowed: receiving Intent { act=android.os.UpdateLock.UPDATE_LOCK_CHANGED flg=0x4000010 (has extras) } to com.google.android.gms/.chimera.GmsIntentOperationService$PersistentTrustedReceiver
01-24 17:44:54.084 10406 10417 I chatty  : uid=10053(u0_a53) expire 3 lines
01-24 17:44:54.300 10406 10424 I chatty  : uid=10053(u0_a53) expire 9 lines
01-24 17:44:54.325 10406 10406 I chatty  : uid=10053(u0_a53) expire 7 lines
01-24 17:44:54.409 10424 10424 I chatty  : uid=10053(u0_a53) com.mapmyrun.android2 expire 1 line
01-24 17:44:55.032 10406 10431 I chatty  : uid=10053(u0_a53) expire 3 lines
01-24 17:44:55.044   434  7909 I ActivityManager: START u0 {act=android.content.pm.action.REQUEST_PERMISSIONS pkg=com.google.android.packageinstaller cmp=com.google.android.packageinstaller/com.android.packageinstaller.permission.ui.GrantPermissionsActivity (has extras)} from uid 10053
01-24 17:44:55.328   434  2093 I chatty  : uid=1000(system) Binder:434_E expire 2 lines
01-24 17:44:55.738   568   568 W WearableKeyguard: Keyguard took 88ms to handle event #3
01-24 17:44:55.751   323   323 D SurfaceFlinger: duplicate layer name: changing com.google.android.packageinstaller/com.android.packageinstaller.permission.ui.GrantPermissionsActivity to com.google.android.packageinstaller/com.android.packageinstaller.permission.ui.GrantPermissionsActivity#1
01-24 17:44:55.856  7206  7251 I dailytrack: HealthSportDataCacheUtil::saveData(),currentThread4=handle_total_data
01-24 17:44:56.500 13109 13122 I zygote  : Background concurrent copying GC freed 34329(2MB) AllocSpace objects, 0(0B) LOS objects, 20% free, 7MB/9MB, paused 6.618ms total 816.248ms
01-24 17:44:56.864 10406 10411 I chatty  : uid=10053(u0_a53) expire 4 lines
01-24 17:44:57.151   434   536 E TaskPersister: File error accessing recents directory (directory doesn't exist?).
01-24 17:44:58.042 30846 30846 I chatty  : uid=10029(u0_a29) com.android.vending expire 12 lines
01-24 17:45:00.011 15691 15691 D WallpaperUtil: InternalCache: available=1546M
01-24 17:45:00.024 15691 15691 E Watchface: WeatherManager::checkUpdateDisplayWeather() mWeatherInfo is null !
01-24 17:45:00.033 32131 32131 W OngoingChipController: Attempting to remove non-existent UI for chip [com.google.android.wearable.app, media_controls]
01-24 17:45:00.863  7206  7251 I dailytrack: HealthSportDataCacheUtil::saveData(),currentThread4=handle_total_data
01-24 17:45:05.868  7206  7251 I dailytrack: HealthSportDataCacheUtil::saveData(),currentThread4=handle_total_data
01-24 17:45:10.659 10439 10439 D AndroidRuntime: >>>>>> START com.android.internal.os.RuntimeInit uid 2000 <<<<<<
01-24 17:45:10.875  7206  7251 I dailytrack: HealthSportDataCacheUtil::saveData(),currentThread4=handle_total_data
01-24 17:45:11.864 10439 10439 D AndroidRuntime: Calling main entry com.android.commands.pm.Pm
01-24 17:45:11.901   434   756 I ActivityManager: Force stopping com.mapmyrun.android2 appid=10053 user=0: clear data
01-24 17:45:11.903   434   756 I ActivityManager: Killing 10406:com.mapmyrun.android2/u0a53 (adj 100): stop com.mapmyrun.android2
01-24 17:45:11.913   434   756 W ActivityManager: Force removing ActivityRecord{a81b6 u0 com.mapmyrun.android2/com.mapmyfitness.android.view.MainActivity t366}: app died, no saved state
01-24 17:45:12.085   434   454 W Looper  : Dispatch took 183ms on android.ui, h=Handler (com.android.server.am.ActivityManagerService$UiHandler) {dee4953} cb=null msg=53
01-24 17:45:12.088   434   453 I ActivityManager: Force stopping com.mapmyrun.android2 appid=10053 user=-1: clearApplicationUserData
01-24 17:45:12.103   335   335 I keystore: clear_uid 10053
01-24 17:45:12.116   434   461 W ActivityManager: setHasOverlayUi called on unknown pid: 10406
01-24 17:45:12.130   723   723 I battery : BatteryService: mInternalBatteryReceiver onReceive() action = android.intent.action.BATTERY_CHANGED
01-24 17:45:12.140 31787 31787 I ADVLog  : ADV.SensorService:/BatteryTemperature: 361  /isUsbOrAc: 1
01-24 17:45:12.147   568   568 W WearableKeyguard: Keyguard took 68ms to handle event #3
01-24 17:45:12.152 15691 15691 E Watchface: CocosWatchFaceService::Handler msg: -5 0.0;--
01-24 17:45:12.152   319   319 D WifiHAL : In DebugCommand::handleResponse
01-24 17:45:12.152   319   319 D WifiHAL : len = 4, expected len = 4
01-24 17:45:12.319   434  7909 E BatteryStatsService: no controller energy info supplied
01-24 17:45:12.322   434  7909 I chatty  : uid=1000(system) Binder:434_1D identical 1 line
01-24 17:45:12.322   434  7909 E BatteryStatsService: no controller energy info supplied
01-24 17:45:12.412   434  7909 I chatty  : uid=1000(system) Binder:434_1D expire 1 line
01-24 17:45:12.418   434   756 I chatty  : uid=1000(system) Binder:434_6 expire 2 lines
01-24 17:45:12.740   434  7909 W WindowManager: Failed looking up window callers=com.android.server.wm.WindowManagerService.windowForClientLocked:5750 com.android.server.wm.WindowManagerService.removeWindow:1705 com.android.server.wm.Session.remove:216 
01-24 17:45:12.810 10439 10439 I app_process: System.exit called, status: 0
01-24 17:45:12.811 10439 10439 I AndroidRuntime: VM exiting with result code 0.
01-24 17:45:12.842   434   454 W Looper  : Dispatch took 169ms on android.ui, h=Handler (com.android.server.am.ActivityManagerService$UiHandler) {dee4953} cb=null msg=30
01-24 17:45:12.869   434   536 E TaskPersister: File error accessing recents directory (directory doesn't exist?).
01-24 17:45:12.872 15691 15691 E Watchface: CocosWatchFaceService::Handler msg: -5 0.0;--
01-24 17:45:12.890 13109 13109 I GeofencerStateMachine: removeGeofences: removeRequest=RemoveGeofencingRequest[REMOVE_ALL packageName=com.mapmyrun.android2]
01-24 17:45:12.893 31332 31332 D Avrcp   : AvrcpServiceBroadcastReceiver-> Action: android.intent.action.PACKAGE_DATA_CLEARED
01-24 17:45:12.893 31332 31332 D Avrcp   : packageName: com.mapmyrun.android2 removed: true
01-24 17:45:12.893 31332 31332 V Avrcp   : isBrowseSupported for com.mapmyrun.android2: false
01-24 17:45:13.039   434  5328 W BroadcastQueue: Background execution not allowed: receiving Intent { act=android.os.UpdateLock.UPDATE_LOCK_CHANGED flg=0x4000010 (has extras) } to com.google.android.gms/.chimera.GmsIntentOperationService$PersistentTrustedReceiver
01-24 17:45:13.099   712   712 D RegisteredNfcFServicesCache: Service unchanged, not updating
01-24 17:45:13.167 30846 30846 I chatty  : uid=10029(u0_a29) com.android.vending expire 17 lines
01-24 17:45:13.307 13109 10462 I Fitness : Clearing all cached OAuth tokens for: com.mapmyrun.android2 [CONTEXT service_id=17 ]
01-24 17:45:13.311 13109 10462 I Fitness : Removing all subscriptions for: com.mapmyrun.android2 [CONTEXT service_id=17 ]
01-24 17:45:13.369 13109 10462 I Fitness : Clearing all cached OAuth tokens for: com.mapmyrun.android2 [CONTEXT service_id=17 ]
01-24 17:45:13.373 13109 10462 I Fitness : Removing all subscriptions for: com.mapmyrun.android2 [CONTEXT service_id=17 ]
01-24 17:45:15.876  7206  7251 I dailytrack: HealthSportDataCacheUtil::saveData(),currentThread4=handle_total_data
01-24 17:45:18.368   434  1099 I ActivityManager: START u0 {act=api.android.category.MAIN cat=[api.android.intent.LAUNCHER] flg=0x10000000 cmp=com.mapmyrun.android2/com.mapmyfitness.android.view.MainActivity} from uid 2000
01-24 17:45:18.443   434  2426 I ActivityManager: Start proc 10468:com.mapmyrun.android2/u0a53 for activity com.mapmyrun.android2/com.mapmyfitness.android.view.MainActivity
01-24 17:45:18.652   434  2426 W ActivityManager: Slow operation: 85ms so far, now at attachApplicationLocked: after mServices.attachApplicationLocked
01-24 17:45:18.677   434   453 W BroadcastQueue: Background execution not allowed: receiving Intent { act=android.os.UpdateLock.UPDATE_LOCK_CHANGED flg=0x4000010 (has extras) } to com.google.android.gms/.chimera.GmsIntentOperationService$PersistentTrustedReceiver
01-24 17:45:18.804   323   403 W HWComposer: Ignoring duplicate VSYNC event from HWC (t=160188316877118)
01-24 17:45:19.095 10468 10485 I chatty  : uid=10053(u0_a53) expire 9 lines
01-24 17:45:19.117 10468 10468 I chatty  : uid=10053(u0_a53) expire 7 lines
01-24 17:45:19.199 10485 10485 I chatty  : uid=10053(u0_a53) com.mapmyrun.android2 expire 1 line
01-24 17:45:19.259 10468 10478 I chatty  : uid=10053(u0_a53) expire 2 lines
01-24 17:45:19.709 10468 10493 I chatty  : uid=10053(u0_a53) expire 3 lines
01-24 17:45:19.718   434   756 I ActivityManager: START u0 {act=android.content.pm.action.REQUEST_PERMISSIONS pkg=com.google.android.packageinstaller cmp=com.google.android.packageinstaller/com.android.packageinstaller.permission.ui.GrantPermissionsActivity (has extras)} from uid 10053
01-24 17:45:19.866   434   756 E SensorService: Tried enabling a sensor (ADPD153GGRI) without holding its required permission: android.permission.BODY_SENSORS
01-24 17:45:20.064   323   323 D SurfaceFlinger: duplicate layer name: changing com.google.android.packageinstaller/com.android.packageinstaller.permission.ui.GrantPermissionsActivity to com.google.android.packageinstaller/com.android.packageinstaller.permission.ui.GrantPermissionsActivity#1
01-24 17:45:20.184   434   461 I ActivityManager: Displayed com.google.android.packageinstaller/com.android.packageinstaller.permission.ui.GrantPermissionsActivity: +239ms
01-24 17:45:20.881  7206  7251 I dailytrack: HealthSportDataCacheUtil::saveData(),currentThread4=handle_total_data
01-24 17:45:20.936 10468 10473 I chatty  : uid=10053(u0_a53) expire 4 lines
01-24 17:45:21.933   434   536 E TaskPersister: File error accessing recents directory (directory doesn't exist?).
01-24 17:45:22.724 30846  9693 I chatty  : uid=10029(u0_a29) BlockingExecuto expire 9 lines
01-24 17:45:25.888  7206  7251 I dailytrack: HealthSportDataCacheUtil::saveData(),currentThread4=handle_total_data
01-24 17:45:30.893  7206  7251 I dailytrack: HealthSportDataCacheUtil::saveData(),currentThread4=handle_total_data
01-24 17:45:31.724   319   319 D WifiHAL : In DebugCommand::handleResponse
01-24 17:45:31.724   319   319 D WifiHAL : len = 4, expected len = 4
01-24 17:45:31.748   434   456 E BatteryStatsService: no controller energy info supplied
01-24 17:45:31.751   434   456 I chatty  : uid=1000(system) batterystats-sy identical 1 line
01-24 17:45:31.751   434   456 E BatteryStatsService: no controller energy info supplied
01-24 17:45:35.266  2732  2732 D sysproxy: [T:77] Closed stream. RX/TX: 3284/4203
01-24 17:45:35.682 10501 10501 D AndroidRuntime: >>>>>> START com.android.internal.os.RuntimeInit uid 2000 <<<<<<
01-24 17:45:35.897  7206  7251 I dailytrack: HealthSportDataCacheUtil::saveData(),currentThread4=handle_total_data
01-24 17:45:36.995 10501 10501 D AndroidRuntime: Calling main entry com.android.commands.pm.Pm
01-24 17:45:37.022   434  2426 I ActivityManager: Force stopping com.mapmyrun.android2 appid=10053 user=0: clear data
01-24 17:45:37.024   434  2426 I ActivityManager: Killing 10468:com.mapmyrun.android2/u0a53 (adj 100): stop com.mapmyrun.android2
01-24 17:45:37.030   434  2426 W ActivityManager: Force removing ActivityRecord{7d1a229 u0 com.mapmyrun.android2/com.mapmyfitness.android.view.MainActivity t367}: app died, no saved state
01-24 17:45:37.216   434   453 I ActivityManager: Force stopping com.mapmyrun.android2 appid=10053 user=-1: clearApplicationUserData
01-24 17:45:37.227   434   454 W Looper  : Dispatch took 203ms on android.ui, h=Handler (com.android.server.am.ActivityManagerService$UiHandler) {dee4953} cb=null msg=53
01-24 17:45:37.307   434   461 W ActivityManager: setHasOverlayUi called on unknown pid: 10468
01-24 17:45:37.318   335   335 I keystore: clear_uid 10053
01-24 17:45:37.354 15691 15691 E Watchface: CocosWatchFaceService::Handler msg: -5 0.0;--
01-24 17:45:37.363   568   568 W WearableKeyguard: Keyguard took 162ms to handle event #3
01-24 17:45:37.589   434   454 W Looper  : Dispatch took 120ms on android.ui, h=Handler (com.android.server.am.ActivityManagerService$UiHandler) {dee4953} cb=null msg=53
01-24 17:45:37.792   434  5002 W WindowManager: Failed looking up window callers=com.android.server.wm.WindowManagerService.windowForClientLocked:5750 com.android.server.wm.WindowManagerService.removeWindow:1705 com.android.server.wm.Session.remove:216 
01-24 17:45:37.817   434   536 E TaskPersister: File error accessing recents directory (directory doesn't exist?).
01-24 17:45:37.831   434   453 W BroadcastQueue: Background execution not allowed: receiving Intent { act=android.os.UpdateLock.UPDATE_LOCK_CHANGED flg=0x4000010 (has extras) } to com.google.android.gms/.chimera.GmsIntentOperationService$PersistentTrustedReceiver
01-24 17:45:37.835   434   454 W Looper  : Dispatch took 163ms on android.ui, h=Handler (com.android.server.am.ActivityManagerService$UiHandler) {dee4953} cb=null msg=53
01-24 17:45:37.868 31332 31332 D Avrcp   : AvrcpServiceBroadcastReceiver-> Action: android.intent.action.PACKAGE_DATA_CLEARED
01-24 17:45:37.868 31332 31332 D Avrcp   : packageName: com.mapmyrun.android2 removed: true
01-24 17:45:37.877 31332 31332 V Avrcp   : isBrowseSupported for com.mapmyrun.android2: false
01-24 17:45:37.895 15691 15691 E Watchface: CocosWatchFaceService::Handler msg: -5 0.0;--
01-24 17:45:37.897 13109 13109 I GeofencerStateMachine: removeGeofences: removeRequest=RemoveGeofencingRequest[REMOVE_ALL packageName=com.mapmyrun.android2]
01-24 17:45:37.943 10501 10501 I app_process: System.exit called, status: 0
01-24 17:45:37.943 10501 10501 I AndroidRuntime: VM exiting with result code 0.
01-24 17:45:37.965 30846 30846 I chatty  : uid=10029(u0_a29) com.android.vending expire 2 lines
01-24 17:45:38.044   712   712 D RegisteredNfcFServicesCache: Service unchanged, not updating
01-24 17:45:38.249 13109 10523 I Fitness : Clearing all cached OAuth tokens for: com.mapmyrun.android2 [CONTEXT service_id=17 ]
01-24 17:45:38.252 13109 10523 I Fitness : Removing all subscriptions for: com.mapmyrun.android2 [CONTEXT service_id=17 ]
01-24 17:45:38.290 13109 10523 I Fitness : Clearing all cached OAuth tokens for: com.mapmyrun.android2 [CONTEXT service_id=17 ]
01-24 17:45:38.294 13109 10523 I Fitness : Removing all subscriptions for: com.mapmyrun.android2 [CONTEXT service_id=17 ]
01-24 17:45:40.294 31332 31384 E bt_btif : bta_dm_pm_btm_status hci_status=35
01-24 17:45:40.902  7206  7251 I dailytrack: HealthSportDataCacheUtil::saveData(),currentThread4=handle_total_data
01-24 17:45:43.470   434  2426 I ActivityManager: START u0 {act=api.android.category.MAIN cat=[api.android.intent.LAUNCHER] flg=0x10000000 cmp=com.mapmyrun.android2/com.mapmyfitness.android.view.MainActivity} from uid 2000
01-24 17:45:43.625   434  5002 I ActivityManager: Start proc 10530:com.mapmyrun.android2/u0a53 for activity com.mapmyrun.android2/com.mapmyfitness.android.view.MainActivity
01-24 17:45:43.639   434   462 W ProcessCpuTracker: Skipping unknown process pid 10526
01-24 17:45:43.643   434   454 W Looper  : Dispatch took 104ms on android.ui, h=Handler (com.android.server.am.ActivityManagerService$UiHandler) {dee4953} cb=null msg=53
01-24 17:45:43.668   434   462 W ProcessCpuTracker: Skipping unknown process pid 10528
01-24 17:45:43.823 10530 10540 I chatty  : uid=10053(u0_a53) expire 2 lines
01-24 17:45:43.874   434  5002 W ActivityManager: Slow operation: 103ms so far, now at attachApplicationLocked: after mServices.attachApplicationLocked
01-24 17:45:43.889   434   453 W BroadcastQueue: Background execution not allowed: receiving Intent { act=android.os.UpdateLock.UPDATE_LOCK_CHANGED flg=0x4000010 (has extras) } to com.google.android.gms/.chimera.GmsIntentOperationService$PersistentTrustedReceiver
01-24 17:45:44.332 10530 10547 I chatty  : uid=10053(u0_a53) expire 3 lines
01-24 17:45:44.348 10530 10530 I chatty  : uid=10053(u0_a53) expire 2 lines
01-24 17:45:44.419 10547 10547 I chatty  : uid=10053(u0_a53) com.mapmyrun.android2 expire 1 line
01-24 17:45:44.428 10530 10547 I chatty  : uid=10053(u0_a53) expire 6 lines
01-24 17:45:44.656   434   461 I ActivityManager: Displayed com.mapmyrun.android2/com.mapmyfitness.android.view.MainActivity: +1s106ms
01-24 17:45:44.739 10530 10530 I chatty  : uid=10053(u0_a53) expire 4 lines
01-24 17:45:44.992 10530 10554 I chatty  : uid=10053(u0_a53) expire 2 lines
01-24 17:45:44.999   434  1694 I ActivityManager: START u0 {act=android.content.pm.action.REQUEST_PERMISSIONS pkg=com.google.android.packageinstaller cmp=com.google.android.packageinstaller/com.android.packageinstaller.permission.ui.GrantPermissionsActivity (has extras)} from uid 10053
01-24 17:45:45.234   434  1694 W ServiceManager: Permission failure: android.permission.BODY_SENSORS from uid=10053 pid=10530
01-24 17:45:45.235   434  1694 E SensorService: Tried enabling a sensor (ADPD153GGRI) without holding its required permission: android.permission.BODY_SENSORS
01-24 17:45:45.420 10530 10540 I chatty  : uid=10053(u0_a53) expire 1 line
01-24 17:45:45.668  2013  2261 I chatty  : uid=10006(u0_a6) RenderThread expire 4 lines
01-24 17:45:45.716   323   323 D SurfaceFlinger: duplicate layer name: changing com.google.android.packageinstaller/com.android.packageinstaller.permission.ui.GrantPermissionsActivity to com.google.android.packageinstaller/com.android.packageinstaller.permission.ui.GrantPermissionsActivity#1
01-24 17:45:45.823   568   568 W WearableKeyguard: Keyguard took 136ms to handle event #3
01-24 17:45:45.841   323   403 W HWComposer: Ignoring duplicate VSYNC event from HWC (t=160215322657264)
01-24 17:45:45.910  7206  7251 I dailytrack: HealthSportDataCacheUtil::saveData(),currentThread4=handle_total_data
01-24 17:45:46.038   434   461 I ActivityManager: Displayed com.google.android.packageinstaller/com.android.packageinstaller.permission.ui.GrantPermissionsActivity: +754ms
01-24 17:45:46.646 10530 10530 I chatty  : uid=10053(u0_a53) expire 1 line
01-24 17:45:46.756 10530 10560 I chatty  : uid=10053(u0_a53) expire 1 line
01-24 17:45:46.893 10530 10535 I chatty  : uid=10053(u0_a53) expire 4 lines
01-24 17:45:47.107   434   536 E TaskPersister: File error accessing recents directory (directory doesn't exist?).
01-24 17:45:47.609   434   443 I zygote  : Background concurrent copying GC freed 21948(1530KB) AllocSpace objects, 20(528KB) LOS objects, 15% free, 10MB/12MB, paused 8.236ms total 561.189ms
01-24 17:45:47.873 30846  9693 I chatty  : uid=10029(u0_a29) BlockingExecuto expire 18 lines
01-24 17:45:47.951 30846 30846 I chatty  : uid=10029(u0_a29) com.android.vending expire 12 lines
01-24 17:45:48.030 30846  9689 I chatty  : uid=10029(u0_a29) AsyncTask #91 expire 3 lines
01-24 17:45:48.031 30846  9688 I chatty  : uid=10029(u0_a29) AsyncTask #90 expire 4 lines
01-24 17:45:48.261 30846  9687 I chatty  : uid=10029(u0_a29) AsyncTask #89 expire 4 lines
01-24 17:45:50.913  7206  7251 I dailytrack: HealthSportDataCacheUtil::saveData(),currentThread4=handle_total_data
01-24 17:45:55.920  7206  7251 I dailytrack: HealthSportDataCacheUtil::saveData(),currentThread4=handle_total_data
01-24 17:46:00.018 15691 15691 D WallpaperUtil: InternalCache: available=1546M
01-24 17:46:00.043 15691 15691 E Watchface: WeatherManager::checkUpdateDisplayWeather() mWeatherInfo is null !
01-24 17:46:00.056 32131 32131 W OngoingChipController: Attempting to remove non-existent UI for chip [com.google.android.wearable.app, media_controls]
01-24 17:46:00.801 10563 10563 D AndroidRuntime: >>>>>> START com.android.internal.os.RuntimeInit uid 2000 <<<<<<
01-24 17:46:00.926  7206  7251 I dailytrack: HealthSportDataCacheUtil::saveData(),currentThread4=handle_total_data
01-24 17:46:02.002 10563 10563 D AndroidRuntime: Calling main entry com.android.commands.pm.Pm
01-24 17:46:02.033   434   660 I ActivityManager: Force stopping com.mapmyrun.android2 appid=10053 user=0: clear data
01-24 17:46:02.035   434   660 I ActivityManager: Killing 10530:com.mapmyrun.android2/u0a53 (adj 100): stop com.mapmyrun.android2
01-24 17:46:02.041   434   660 W ActivityManager: Force removing ActivityRecord{e087cda u0 com.mapmyrun.android2/com.mapmyfitness.android.view.MainActivity t368}: app died, no saved state
01-24 17:46:02.222   434   454 W Looper  : Dispatch took 188ms on android.ui, h=Handler (com.android.server.am.ActivityManagerService$UiHandler) {dee4953} cb=null msg=53
01-24 17:46:02.227   434   461 W ActivityManager: setHasOverlayUi called on unknown pid: 10530
01-24 17:46:02.242   434   453 I ActivityManager: Force stopping com.mapmyrun.android2 appid=10053 user=-1: clearApplicationUserData
01-24 17:46:02.309   568   568 W WearableKeyguard: Keyguard took 101ms to handle event #3
01-24 17:46:02.312 15691 15691 E Watchface: CocosWatchFaceService::Handler msg: -5 0.0;--
01-24 17:46:02.330 30846 30975 I chatty  : uid=10029(u0_a29) RenderThread expire 4 lines
01-24 17:46:02.334   335   335 I keystore: clear_uid 10053
01-24 17:46:02.520   434   536 E TaskPersister: File error accessing recents directory (directory doesn't exist?).
01-24 17:46:02.590  2013  2013 I chatty  : uid=10006(u0_a6) com.google.android.packageinstaller expire 2 lines
01-24 17:46:02.819   434  2426 W WindowManager: Failed looking up window callers=com.android.server.wm.WindowManagerService.windowForClientLocked:5750 com.android.server.wm.WindowManagerService.removeWindow:1705 com.android.server.wm.Session.remove:216 
01-24 17:46:02.860 15691 15691 E Watchface: CocosWatchFaceService::Handler msg: -5 0.0;--
01-24 17:46:02.900   434   454 W Looper  : Dispatch took 136ms on android.ui, h=Handler (com.android.server.am.ActivityManagerService$UiHandler) {dee4953} cb=null msg=30
01-24 17:46:02.935   434   453 W BroadcastQueue: Background execution not allowed: receiving Intent { act=android.os.UpdateLock.UPDATE_LOCK_CHANGED flg=0x4000010 (has extras) } to com.google.android.gms/.chimera.GmsIntentOperationService$PersistentTrustedReceiver
01-24 17:46:02.995 31332 31332 D Avrcp   : AvrcpServiceBroadcastReceiver-> Action: android.intent.action.PACKAGE_DATA_CLEARED
01-24 17:46:02.996 31332 31332 D Avrcp   : packageName: com.mapmyrun.android2 removed: true
01-24 17:46:02.996 31332 31332 V Avrcp   : isBrowseSupported for com.mapmyrun.android2: false
01-24 17:46:03.001 10563 10563 I app_process: System.exit called, status: 0
01-24 17:46:03.001 10563 10563 I AndroidRuntime: VM exiting with result code 0.
01-24 17:46:03.009 13109 13109 I GeofencerStateMachine: removeGeofences: removeRequest=RemoveGeofencingRequest[REMOVE_ALL packageName=com.mapmyrun.android2]
01-24 17:46:03.099   712   712 D RegisteredNfcFServicesCache: Service unchanged, not updating
01-24 17:46:03.130 30846 30846 I chatty  : uid=10029(u0_a29) com.android.vending expire 12 lines
01-24 17:46:03.202 13109 10579 I Fitness : Clearing all cached OAuth tokens for: com.mapmyrun.android2 [CONTEXT service_id=17 ]
01-24 17:46:03.223 13109 10579 I Fitness : Removing all subscriptions for: com.mapmyrun.android2 [CONTEXT service_id=17 ]
01-24 17:46:03.324 13109 10579 I Fitness : Clearing all cached OAuth tokens for: com.mapmyrun.android2 [CONTEXT service_id=17 ]
01-24 17:46:03.330 13109 10579 I Fitness : Removing all subscriptions for: com.mapmyrun.android2 [CONTEXT service_id=17 ]
01-24 17:46:05.926  7206  7251 I dailytrack: HealthSportDataCacheUtil::saveData(),currentThread4=handle_total_data
01-24 17:46:08.558   434  2426 I ActivityManager: START u0 {act=api.android.category.MAIN cat=[api.android.intent.LAUNCHER] flg=0x10000000 cmp=com.mapmyrun.android2/com.mapmyfitness.android.view.MainActivity} from uid 2000
01-24 17:46:08.644   434   874 I ActivityManager: Start proc 10592:com.mapmyrun.android2/u0a53 for activity com.mapmyrun.android2/com.mapmyfitness.android.view.MainActivity
01-24 17:46:08.742   434   462 W ProcessCpuTracker: Skipping unknown process pid 10588
01-24 17:46:08.744   434   462 W ProcessCpuTracker: Skipping unknown process pid 10590
01-24 17:46:08.787   283 10596 I zygote  : Background concurrent copying GC freed 551(416KB) AllocSpace objects, 0(0B) LOS objects, 36% free, 876KB/1388KB, paused 8.380ms total 122.051ms
01-24 17:46:08.872 10592 10602 I chatty  : uid=10053(u0_a53) expire 1 line
01-24 17:46:08.931   434   874 W ActivityManager: Slow operation: 91ms so far, now at attachApplicationLocked: after mServices.attachApplicationLocked
01-24 17:46:08.938   434   453 W BroadcastQueue: Background execution not allowed: receiving Intent { act=android.os.UpdateLock.UPDATE_LOCK_CHANGED flg=0x4000010 (has extras) } to com.google.android.gms/.chimera.GmsIntentOperationService$PersistentTrustedReceiver
01-24 17:46:09.417 10592 10609 D OpenGLRenderer: HWUI GL Pipeline
01-24 17:46:09.430 10592 10592 D a       : Get preferred units
01-24 17:46:09.430 10592 10602 I zygote  : Background concurrent copying GC freed 1531(248KB) AllocSpace objects, 0(0B) LOS objects, 28% free, 1286KB/1798KB, paused 992us total 198.363ms
01-24 17:46:09.431 10592 10592 D a       : Get current selected activity type
01-24 17:46:09.473 10592 10609 I Adreno-EGL: <qeglDrvAPI_eglInitialize:379>: EGL 1.4 QUALCOMM build:  (I7af58d6928)
01-24 17:46:09.473 10592 10609 I Adreno-EGL: OpenGL ES Shader Compiler Version: E031.35.01.00
01-24 17:46:09.473 10592 10609 I Adreno-EGL: Build Date: 09/14/17 Thu
01-24 17:46:09.473 10592 10609 I Adreno-EGL: Local Branch: gfx-adreno.lnx.1.0
01-24 17:46:09.473 10592 10609 I Adreno-EGL: Remote Branch: 
01-24 17:46:09.473 10592 10609 I Adreno-EGL: Local Patches: 
01-24 17:46:09.473 10592 10609 I Adreno-EGL: Reconstruct Branch: 
01-24 17:46:09.480 10592 10609 I vndksupport: sphal namespace is not configured for this process. Loading /vendor/lib/hw/gralloc.msm8909.so from the current namespace instead.
01-24 17:46:09.489 10609 10609 W RenderThread: type=1400 audit(0.0:452): avc: denied { read } for name="gpuclk" dev="sysfs" ino=18862 scontext=u:r:untrusted_app:s0:c512,c768 tcontext=u:object_r:sysfs:s0 tclass=file permissive=0
01-24 17:46:09.498 10592 10609 I OpenGLRenderer: Initialized EGL, version 1.4
01-24 17:46:09.499 10592 10609 D OpenGLRenderer: Swap behavior 1
01-24 17:46:09.505 10592 10609 W Adreno-ES20: <get_gpu_clk:229>: open failed: errno 13
01-24 17:46:09.517 10592 10609 W Adreno-EGL: <qeglDrvAPI_eglGetConfigAttrib:612>: EGL_BAD_ATTRIBUTE
01-24 17:46:09.519 10592 10609 I vndksupport: sphal namespace is not configured for this process. Loading /vendor/lib/hw/gralloc.msm8909.so from the current namespace instead.
01-24 17:46:09.651   323   403 W HWComposer: Ignoring duplicate VSYNC event from HWC (t=160239159308817)
01-24 17:46:09.689 10592 10609 I vndksupport: sphal namespace is not configured for this process. Loading /vendor/lib/hw/gralloc.msm8909.so from the current namespace instead.
01-24 17:46:09.741 10592 10592 D a       : Message sent: GET_APP_STATE
01-24 17:46:09.744   434   461 I ActivityManager: Displayed com.mapmyrun.android2/com.mapmyfitness.android.view.MainActivity: +1s135ms
01-24 17:46:09.747 10592 10592 D a       : Message sent: UNITS
01-24 17:46:09.754 10592 10592 D a       : Message sent: GET_ACTIVITY_TYPE
01-24 17:46:09.917 10592 10617 D WearListenerService: Units received: IMPERIAL
01-24 17:46:09.924 10592 10617 D WearListenerService: State received: RECORDING_PAUSED
01-24 17:46:09.930   434   874 I ActivityManager: START u0 {act=android.content.pm.action.REQUEST_PERMISSIONS pkg=com.google.android.packageinstaller cmp=com.google.android.packageinstaller/com.android.packageinstaller.permission.ui.GrantPermissionsActivity (has extras)} from uid 10053
01-24 17:46:09.984   323   403 W HWComposer: Ignoring duplicate VSYNC event from HWC (t=160239484540328)
01-24 17:46:10.085   434   660 W ServiceManager: Permission failure: android.permission.BODY_SENSORS from uid=10053 pid=10592
01-24 17:46:10.085   434   660 E SensorService: Tried enabling a sensor (ADPD153GGRI) without holding its required permission: android.permission.BODY_SENSORS
01-24 17:46:10.129 10592 10592 D a       : Message sent: disabled
01-24 17:46:10.259  2013  2261 I chatty  : uid=10006(u0_a6) RenderThread expire 4 lines
01-24 17:46:10.280   323   323 D SurfaceFlinger: duplicate layer name: changing com.google.android.packageinstaller/com.android.packageinstaller.permission.ui.GrantPermissionsActivity to com.google.android.packageinstaller/com.android.packageinstaller.permission.ui.GrantPermissionsActivity#1
01-24 17:46:10.396   434   461 I ActivityManager: Displayed com.google.android.packageinstaller/com.android.packageinstaller.permission.ui.GrantPermissionsActivity: +267ms
01-24 17:46:10.652 13109 13122 I zygote  : Background concurrent copying GC freed 32116(2035KB) AllocSpace objects, 0(0B) LOS objects, 21% free, 7MB/9MB, paused 1.177ms total 522.474ms
01-24 17:46:10.931  7206  7251 I dailytrack: HealthSportDataCacheUtil::saveData(),currentThread4=handle_total_data
01-24 17:46:10.970 10592 10617 D WearListenerService: State received: RECORDING_PAUSED
01-24 17:46:11.024 10592 10592 D a       : Message sent: GET_APP_STATE
01-24 17:46:11.277 10592 10597 I zygote  : Do partial code cache collection, code=19KB, data=24KB
01-24 17:46:11.279 10592 10597 I zygote  : After code cache collection, code=19KB, data=24KB
01-24 17:46:11.279 10592 10597 I zygote  : Increasing code cache capacity to 128KB
01-24 17:46:11.284 10592 10597 I zygote  : Compiler allocated 4MB to compile void androidx.constraintlayout.widget.ConstraintLayout.onMeasure(int, int)
01-24 17:46:11.978   723   723 I battery : BatteryService: mInternalBatteryReceiver onReceive() action = android.intent.action.BATTERY_CHANGED
01-24 17:46:11.984 31787 31787 I ADVLog  : ADV.SensorService:/BatteryTemperature: 360  /isUsbOrAc: 1
01-24 17:46:12.013   319   319 D WifiHAL : In DebugCommand::handleResponse
01-24 17:46:12.013   319   319 D WifiHAL : len = 4, expected len = 4
01-24 17:46:12.068   434   874 E BatteryStatsService: no controller energy info supplied
01-24 17:46:12.068   434   874 I chatty  : uid=1000(system) Binder:434_7 identical 1 line
01-24 17:46:12.068   434   874 E BatteryStatsService: no controller energy info supplied
