01-24 18:16:46.582   434   462 W ProcessCpuTracker: Skipping unknown process pid 13431
01-24 18:16:46.600   434  7909 I ActivityManager: Start proc 13433:org.dclm.live/u0a60 for activity org.dclm.live/.MainActivity
01-24 18:16:46.760   434  7909 W ActivityManager: Slow operation: 85ms so far, now at attachApplicationLocked: after mServices.attachApplicationLocked
01-24 18:16:46.769   434   453 W BroadcastQueue: Background execution not allowed: receiving Intent { act=android.os.UpdateLock.UPDATE_LOCK_CHANGED flg=0x4000010 (has extras) } to com.google.android.gms/.chimera.GmsIntentOperationService$PersistentTrustedReceiver
01-24 18:16:46.885 13433 13433 I chatty  : uid=10060(u0_a60) expire 3 lines
01-24 18:16:46.897 13433 13444 I chatty  : uid=10060(u0_a60) expire 1 line
01-24 18:16:47.301 13433 13453 I chatty  : uid=10060(u0_a60) expire 1 line
01-24 18:16:47.333  2732  2732 D sysproxy: [T:97] Establishing a new TCP stream to: 52.7.24.245:443 (uid=10060) (package=org.dclm.live)
01-24 18:16:47.333 13433 13459 I chatty  : uid=10060(u0_a60) expire 9 lines
01-24 18:16:47.509 13459 13459 I chatty  : uid=10060(u0_a60) org.dclm.live expire 1 line
01-24 18:16:47.801  7206  7251 I dailytrack: HealthSportDataCacheUtil::saveData(),currentThread4=handle_total_data
01-24 18:16:47.878   434   461 I ActivityManager: Displayed org.dclm.live/.MainActivity: +1s338ms
01-24 18:16:49.445  2732  2732 D sysproxy: [D:da1f] Look up dclmcloud.s3.amazonaws.com.
01-24 18:16:49.487  2732  2732 D sysproxy: [D:da1f] Resolved s3-1-w.amazonaws.com to 52.216.106.212.
01-24 18:16:49.500  2732  2732 D sysproxy: [T:98] Establishing a new TCP stream to: 52.216.106.212:443 (uid=10060) (package=org.dclm.live)
01-24 18:16:50.019   434   536 E TaskPersister: File error accessing recents directory (directory doesn't exist?).
01-24 18:16:51.477   323   403 W HWComposer: Ignoring duplicate VSYNC event from HWC (t=162080973253011)
01-24 18:16:52.808  7206  7251 I dailytrack: HealthSportDataCacheUtil::saveData(),currentThread4=handle_total_data
01-24 18:16:57.815  7206  7251 I dailytrack: HealthSportDataCacheUtil::saveData(),currentThread4=handle_total_data
01-24 18:16:58.850  2732  2732 D sysproxy: [T:98] Closed stream. RX/TX: 486/150272
01-24 18:17:00.021 15691 15691 D WallpaperUtil: InternalCache: available=1546M
01-24 18:17:00.035 15691 15691 E Watchface: WeatherManager::checkUpdateDisplayWeather() mWeatherInfo is null !
01-24 18:17:00.043 32131 32131 W OngoingChipController: Attempting to remove non-existent UI for chip [com.google.android.wearable.app, media_controls]
01-24 18:17:02.127 31332 31342 I zygote  : Background concurrent copying GC freed 211(399KB) AllocSpace objects, 0(0B) LOS objects, 33% free, 1024KB/1536KB, paused 10.584ms total 95.717ms
01-24 18:17:02.817  7206  7251 I dailytrack: HealthSportDataCacheUtil::saveData(),currentThread4=handle_total_data
01-24 18:17:03.739 13476 13476 D AndroidRuntime: >>>>>> START com.android.internal.os.RuntimeInit uid 2000 <<<<<<
01-24 18:17:04.925 13476 13476 D AndroidRuntime: Calling main entry com.android.commands.pm.Pm
01-24 18:17:04.952   434  7909 I ActivityManager: Force stopping org.dclm.live appid=10060 user=0: clear data
01-24 18:17:04.953   434  7909 I ActivityManager: Killing 13433:org.dclm.live/u0a60 (adj 0): stop org.dclm.live
01-24 18:17:04.958   434  7909 W ActivityManager: Force removing ActivityRecord{b01d963 u0 org.dclm.live/.MainActivity t423}: app died, no saved state
01-24 18:17:05.199   434   454 W Looper  : Dispatch took 246ms on android.ui, h=Handler (com.android.server.am.ActivityManagerService$UiHandler) {dee4953} cb=null msg=53
01-24 18:17:05.242   434   453 I ActivityManager: Force stopping org.dclm.live appid=10060 user=-1: clearApplicationUserData
01-24 18:17:05.271   434   461 W ActivityManager: setHasOverlayUi called on unknown pid: 13433
01-24 18:17:05.308   434   453 W BroadcastQueue: Background execution not allowed: receiving Intent { act=android.os.UpdateLock.UPDATE_LOCK_CHANGED flg=0x4000010 (has extras) } to com.google.android.gms/.chimera.GmsIntentOperationService$PersistentTrustedReceiver
01-24 18:17:05.315 15691 15691 E Watchface: CocosWatchFaceService::Handler msg: -5 0.0;--
01-24 18:17:05.362  2732  2732 D sysproxy: [T:97] Local application closed connection; closing stream.
01-24 18:17:05.363  2732  2732 D sysproxy: [T:97] Closed stream. RX/TX: 687/11665
01-24 18:17:05.434   335   335 I keystore: clear_uid 10060
01-24 18:17:05.439   434   536 E TaskPersister: File error accessing recents directory (directory doesn't exist?).
01-24 18:17:05.519 15691 15701 I zygote  : Background concurrent copying GC freed 4303(399KB) AllocSpace objects, 0(0B) LOS objects, 28% free, 1304KB/1816KB, paused 21.394ms total 232.596ms
01-24 18:17:05.556 31332 31332 D Avrcp   : AvrcpServiceBroadcastReceiver-> Action: android.intent.action.PACKAGE_DATA_CLEARED
01-24 18:17:05.556 31332 31332 D Avrcp   : packageName: org.dclm.live removed: true
01-24 18:17:05.556 31332 31332 V Avrcp   : isBrowseSupported for org.dclm.live: false
01-24 18:17:05.572 13476 13476 I app_process: System.exit called, status: 0
01-24 18:17:05.573 13476 13476 I AndroidRuntime: VM exiting with result code 0.
01-24 18:17:05.574 13109 13109 I GeofencerStateMachine: removeGeofences: removeRequest=RemoveGeofencingRequest[REMOVE_ALL packageName=org.dclm.live]
01-24 18:17:05.644 13109 13487 I Fitness : Clearing all cached OAuth tokens for: org.dclm.live [CONTEXT service_id=17 ]
01-24 18:17:05.654 13109 13487 I Fitness : Removing all subscriptions for: org.dclm.live [CONTEXT service_id=17 ]
01-24 18:17:05.667   712   712 D RegisteredNfcFServicesCache: Service unchanged, not updating
01-24 18:17:05.757 13109 13487 I Fitness : Clearing all cached OAuth tokens for: org.dclm.live [CONTEXT service_id=17 ]
01-24 18:17:05.773 13109 13487 I Fitness : Removing all subscriptions for: org.dclm.live [CONTEXT service_id=17 ]
01-24 18:17:06.497   434   443 I zygote  : Background concurrent copying GC freed 24618(1704KB) AllocSpace objects, 16(320KB) LOS objects, 15% free, 10MB/12MB, paused 3.674ms total 407.973ms
01-24 18:17:07.818  7206  7251 I dailytrack: HealthSportDataCacheUtil::saveData(),currentThread4=handle_total_data
01-24 18:17:11.068 31332 31384 E bt_btif : bta_dm_pm_btm_status hci_status=35
01-24 18:17:11.122   434   874 I ActivityManager: START u0 {act=api.android.category.MAIN cat=[api.android.intent.LAUNCHER] flg=0x10000000 cmp=org.dclm.live/.MainActivity} from uid 2000
01-24 18:17:11.143   434   488 W ResourceType: ResTable_typeSpec entry count inconsistent: given 111, previously 105
01-24 18:17:11.254   434  1694 I ActivityManager: Start proc 13502:org.dclm.live/u0a60 for activity org.dclm.live/.MainActivity
01-24 18:17:11.282   434   462 W ProcessCpuTracker: Skipping unknown process pid 13498
01-24 18:17:11.283   434   462 W ProcessCpuTracker: Skipping unknown process pid 13500
01-24 18:17:11.398 13502 13514 I chatty  : uid=10060(u0_a60) expire 1 line
01-24 18:17:11.453   434  1694 W ActivityManager: Slow operation: 99ms so far, now at attachApplicationLocked: after mServices.attachApplicationLocked
01-24 18:17:11.458   434   453 W BroadcastQueue: Background execution not allowed: receiving Intent { act=android.os.UpdateLock.UPDATE_LOCK_CHANGED flg=0x4000010 (has extras) } to com.google.android.gms/.chimera.GmsIntentOperationService$PersistentTrustedReceiver
01-24 18:17:11.534 13502 13502 I chatty  : uid=10060(u0_a60) expire 3 lines
01-24 18:17:11.867 13502 13514 I chatty  : uid=10060(u0_a60) expire 3 lines
01-24 18:17:11.982 31787 31787 I ADVLog  : ADV.SensorService:/BatteryTemperature: 346  /isUsbOrAc: 1
01-24 18:17:11.988   723   723 I battery : BatteryService: mInternalBatteryReceiver onReceive() action = android.intent.action.BATTERY_CHANGED
01-24 18:17:12.005   319   319 D WifiHAL : In DebugCommand::handleResponse
01-24 18:17:12.006   319   319 D WifiHAL : len = 4, expected len = 4
01-24 18:17:12.009 13502 13528 I chatty  : uid=10060(u0_a60) expire 9 lines
01-24 18:17:12.013 13502 13523 I chatty  : uid=10060(u0_a60) expire 1 line
01-24 18:17:12.029   434  1694 E BatteryStatsService: no controller energy info supplied
01-24 18:17:12.029   434  1694 I chatty  : uid=1000(system) Binder:434_C identical 1 line
01-24 18:17:12.029   434  1694 E BatteryStatsService: no controller energy info supplied
01-24 18:17:12.072  2732  2732 D sysproxy: [T:99] Establishing a new TCP stream to: 52.7.24.245:443 (uid=10060) (package=org.dclm.live)
01-24 18:17:12.209 13528 13528 I chatty  : uid=10060(u0_a60) org.dclm.live expire 1 line
01-24 18:17:12.325   723   737 I zygote  : Background concurrent copying GC freed 7109(626KB) AllocSpace objects, 2(192KB) LOS objects, 24% free, 1989KB/2MB, paused 1.674ms total 213.065ms
01-24 18:17:12.589   434   461 I ActivityManager: Displayed org.dclm.live/.MainActivity: +1s353ms
01-24 18:17:12.820  7206  7251 I dailytrack: HealthSportDataCacheUtil::saveData(),currentThread4=handle_total_data
01-24 18:17:14.085  2732  2732 D sysproxy: [D:ca93] Look up dclmcloud.s3.amazonaws.com.
01-24 18:17:14.133  2732  2732 D sysproxy: [D:ca93] Resolved s3-1-w.amazonaws.com to 52.216.114.91.
01-24 18:17:14.170  2732  2732 D sysproxy: [T:100] Establishing a new TCP stream to: 52.216.114.91:443 (uid=10060) (package=org.dclm.live)
01-24 18:17:14.706   434   536 E TaskPersister: File error accessing recents directory (directory doesn't exist?).
01-24 18:17:17.826  7206  7251 I dailytrack: HealthSportDataCacheUtil::saveData(),currentThread4=handle_total_data
01-24 18:17:22.830  7206  7251 I dailytrack: HealthSportDataCacheUtil::saveData(),currentThread4=handle_total_data
01-24 18:17:23.254  2732  2732 D sysproxy: [T:100] Closed stream. RX/TX: 486/150272
01-24 18:17:27.836  7206  7251 I dailytrack: HealthSportDataCacheUtil::saveData(),currentThread4=handle_total_data
01-24 18:17:28.505 13544 13544 D AndroidRuntime: >>>>>> START com.android.internal.os.RuntimeInit uid 2000 <<<<<<
01-24 18:17:29.792 13544 13544 D AndroidRuntime: Calling main entry com.android.commands.pm.Pm
01-24 18:17:29.827   434 13083 I ActivityManager: Force stopping org.dclm.live appid=10060 user=0: clear data
01-24 18:17:29.829   434 13083 I ActivityManager: Killing 13502:org.dclm.live/u0a60 (adj 0): stop org.dclm.live
01-24 18:17:29.835   434 13083 W ActivityManager: Force removing ActivityRecord{d85f620 u0 org.dclm.live/.MainActivity t424}: app died, no saved state
01-24 18:17:30.070   434   454 W Looper  : Dispatch took 241ms on android.ui, h=Handler (com.android.server.am.ActivityManagerService$UiHandler) {dee4953} cb=null msg=53
01-24 18:17:30.111   434   453 I ActivityManager: Force stopping org.dclm.live appid=10060 user=-1: clearApplicationUserData
01-24 18:17:30.115 15691 15691 E Watchface: CocosWatchFaceService::Handler msg: -5 0.0;--
01-24 18:17:30.151   434   453 W BroadcastQueue: Background execution not allowed: receiving Intent { act=android.os.UpdateLock.UPDATE_LOCK_CHANGED flg=0x4000010 (has extras) } to com.google.android.gms/.chimera.GmsIntentOperationService$PersistentTrustedReceiver
01-24 18:17:30.153   434   461 W ActivityManager: setHasOverlayUi called on unknown pid: 13502
01-24 18:17:30.154   434   536 E TaskPersister: File error accessing recents directory (directory doesn't exist?).
01-24 18:17:30.156   335   335 I keystore: clear_uid 10060
01-24 18:17:30.169  2732  2732 D sysproxy: [T:99] Local application closed connection; closing stream.
01-24 18:17:30.169  2732  2732 D sysproxy: [T:99] Closed stream. RX/TX: 687/11665
01-24 18:17:30.324 13109 13109 I GeofencerStateMachine: removeGeofences: removeRequest=RemoveGeofencingRequest[REMOVE_ALL packageName=org.dclm.live]
01-24 18:17:30.325 31332 31332 D Avrcp   : AvrcpServiceBroadcastReceiver-> Action: android.intent.action.PACKAGE_DATA_CLEARED
01-24 18:17:30.325 31332 31332 D Avrcp   : packageName: org.dclm.live removed: true
01-24 18:17:30.325 31332 31332 V Avrcp   : isBrowseSupported for org.dclm.live: false
01-24 18:17:30.339 13544 13544 I app_process: System.exit called, status: 0
01-24 18:17:30.339 13544 13544 I AndroidRuntime: VM exiting with result code 0.
01-24 18:17:30.448   712   712 D RegisteredNfcFServicesCache: Service unchanged, not updating
01-24 18:17:30.550 13109 13563 I Fitness : Clearing all cached OAuth tokens for: org.dclm.live [CONTEXT service_id=17 ]
01-24 18:17:30.552 13109 13563 I Fitness : Removing all subscriptions for: org.dclm.live [CONTEXT service_id=17 ]
01-24 18:17:30.601 13109 13563 I Fitness : Clearing all cached OAuth tokens for: org.dclm.live [CONTEXT service_id=17 ]
01-24 18:17:30.604 13109 13563 I Fitness : Removing all subscriptions for: org.dclm.live [CONTEXT service_id=17 ]
01-24 18:17:32.841  7206  7251 I dailytrack: HealthSportDataCacheUtil::saveData(),currentThread4=handle_total_data
01-24 18:17:35.716   434  1694 I ActivityManager: START u0 {act=api.android.category.MAIN cat=[api.android.intent.LAUNCHER] flg=0x10000000 cmp=org.dclm.live/.MainActivity} from uid 2000
01-24 18:17:35.807 31332 31384 E bt_btif : bta_dm_pm_btm_status hci_status=35
01-24 18:17:35.850   434   462 W ProcessCpuTracker: Skipping unknown process pid 13566
01-24 18:17:35.851   434   462 W ProcessCpuTracker: Skipping unknown process pid 13568
01-24 18:17:35.856   434 13083 I ActivityManager: Start proc 13570:org.dclm.live/u0a60 for activity org.dclm.live/.MainActivity
01-24 18:17:35.991 13570 13580 I chatty  : uid=10060(u0_a60) expire 1 line
01-24 18:17:36.082   434 13083 W ActivityManager: Slow operation: 89ms so far, now at attachApplicationLocked: after mServices.attachApplicationLocked
01-24 18:17:36.114   434   453 W BroadcastQueue: Background execution not allowed: receiving Intent { act=android.os.UpdateLock.UPDATE_LOCK_CHANGED flg=0x4000010 (has extras) } to com.google.android.gms/.chimera.GmsIntentOperationService$PersistentTrustedReceiver
01-24 18:17:36.129 13570 13570 I chatty  : uid=10060(u0_a60) expire 3 lines
01-24 18:17:36.304   323   403 W HWComposer: Ignoring duplicate VSYNC event from HWC (t=162125810984608)
01-24 18:17:36.555 13570 13586 I chatty  : uid=10060(u0_a60) expire 1 line
01-24 18:17:36.575 13570 13594 I chatty  : uid=10060(u0_a60) expire 9 lines
01-24 18:17:36.643  2732  2732 D sysproxy: [T:101] Establishing a new TCP stream to: 52.7.24.245:443 (uid=10060) (package=org.dclm.live)
01-24 18:17:36.759 13594 13594 I chatty  : uid=10060(u0_a60) org.dclm.live expire 1 line
01-24 18:17:37.128   434   461 I ActivityManager: Displayed org.dclm.live/.MainActivity: +1s302ms
01-24 18:17:37.847  7206  7251 I dailytrack: HealthSportDataCacheUtil::saveData(),currentThread4=handle_total_data
01-24 18:17:38.703  2732  2732 D sysproxy: [D:fef0] Look up dclmcloud.s3.amazonaws.com.
01-24 18:17:38.808  2732  2732 D sysproxy: [D:fef0] Resolved s3-1-w.amazonaws.com to 52.216.141.252.
01-24 18:17:38.838  2732  2732 D sysproxy: [T:102] Establishing a new TCP stream to: 52.216.141.252:443 (uid=10060) (package=org.dclm.live)
01-24 18:17:39.274   434   536 E TaskPersister: File error accessing recents directory (directory doesn't exist?).
01-24 18:17:42.853  7206  7251 I dailytrack: HealthSportDataCacheUtil::saveData(),currentThread4=handle_total_data
01-24 18:17:47.858  7206  7251 I dailytrack: HealthSportDataCacheUtil::saveData(),currentThread4=handle_total_data
01-24 18:17:48.083  2732  2732 D sysproxy: [T:102] Closed stream. RX/TX: 486/150272
01-24 18:17:52.862  7206  7251 I dailytrack: HealthSportDataCacheUtil::saveData(),currentThread4=handle_total_data
01-24 18:17:52.969 13612 13612 D AndroidRuntime: >>>>>> START com.android.internal.os.RuntimeInit uid 2000 <<<<<<
01-24 18:17:54.167 13612 13612 D AndroidRuntime: Calling main entry com.android.commands.pm.Pm
01-24 18:17:54.197   434  1694 I ActivityManager: Force stopping org.dclm.live appid=10060 user=0: clear data
01-24 18:17:54.198   434  1694 I ActivityManager: Killing 13570:org.dclm.live/u0a60 (adj 0): stop org.dclm.live
01-24 18:17:54.210   434  1694 W ActivityManager: Force removing ActivityRecord{8aec2e0 u0 org.dclm.live/.MainActivity t425}: app died, no saved state
01-24 18:17:54.384   434  4786 W InputMethodManagerService: Got RemoteException sending setActive(false) notification to pid 13570 uid 10060
01-24 18:17:54.413  2732  2732 D sysproxy: [T:101] Local application closed connection; closing stream.
01-24 18:17:54.415  2732  2732 D sysproxy: [T:101] Closed stream. RX/TX: 687/11665
01-24 18:17:54.513   434   461 W ActivityManager: setHasOverlayUi called on unknown pid: 13570
01-24 18:17:54.530   434   454 W Looper  : Dispatch took 332ms on android.ui, h=Handler (com.android.server.am.ActivityManagerService$UiHandler) {dee4953} cb=null msg=53
01-24 18:17:54.538   434   453 I ActivityManager: Force stopping org.dclm.live appid=10060 user=-1: clearApplicationUserData
01-24 18:17:54.569 15691 15691 E Watchface: CocosWatchFaceService::Handler msg: -5 0.0;--
01-24 18:17:54.570   434   453 W BroadcastQueue: Background execution not allowed: receiving Intent { act=android.os.UpdateLock.UPDATE_LOCK_CHANGED flg=0x4000010 (has extras) } to com.google.android.gms/.chimera.GmsIntentOperationService$PersistentTrustedReceiver
01-24 18:17:54.581   434   536 E TaskPersister: File error accessing recents directory (directory doesn't exist?).
01-24 18:17:54.595   335   335 I keystore: clear_uid 10060
01-24 18:17:54.660   434   462 W ProcessCpuTracker: Skipping unknown process pid 13570
01-24 18:17:54.728 31332 31332 D Avrcp   : AvrcpServiceBroadcastReceiver-> Action: android.intent.action.PACKAGE_DATA_CLEARED
01-24 18:17:54.729 31332 31332 D Avrcp   : packageName: org.dclm.live removed: true
01-24 18:17:54.729 31332 31332 V Avrcp   : isBrowseSupported for org.dclm.live: false
01-24 18:17:54.730 13109 13109 I GeofencerStateMachine: removeGeofences: removeRequest=RemoveGeofencingRequest[REMOVE_ALL packageName=org.dclm.live]
01-24 18:17:54.749 13612 13612 I app_process: System.exit called, status: 0
01-24 18:17:54.749 13612 13612 I AndroidRuntime: VM exiting with result code 0.
01-24 18:17:54.798   712   712 D RegisteredNfcFServicesCache: Service unchanged, not updating
01-24 18:17:54.830 31332 31342 I zygote  : Background concurrent copying GC freed 228(416KB) AllocSpace objects, 0(0B) LOS objects, 33% free, 1024KB/1536KB, paused 3.801ms total 391.386ms
01-24 18:17:54.878 13109 13623 I Fitness : Clearing all cached OAuth tokens for: org.dclm.live [CONTEXT service_id=17 ]
01-24 18:17:54.881 13109 13623 I Fitness : Removing all subscriptions for: org.dclm.live [CONTEXT service_id=17 ]
01-24 18:17:54.939 13109 13623 I Fitness : Clearing all cached OAuth tokens for: org.dclm.live [CONTEXT service_id=17 ]
01-24 18:17:54.943 13109 13623 I Fitness : Removing all subscriptions for: org.dclm.live [CONTEXT service_id=17 ]
01-24 18:17:55.046   712   726 I zygote  : Background concurrent copying GC freed 11353(431KB) AllocSpace objects, 0(0B) LOS objects, 29% free, 1234KB/1746KB, paused 1.174ms total 252.472ms
01-24 18:17:57.866  7206  7251 I dailytrack: HealthSportDataCacheUtil::saveData(),currentThread4=handle_total_data
01-24 18:18:00.037 15691 15691 D WallpaperUtil: InternalCache: available=1546M
01-24 18:18:00.078 15691 15691 E Watchface: WeatherManager::checkUpdateDisplayWeather() mWeatherInfo is null !
01-24 18:18:00.082 32131 32131 W OngoingChipController: Attempting to remove non-existent UI for chip [com.google.android.wearable.app, media_controls]
01-24 18:18:00.134   434  1694 I ActivityManager: START u0 {act=api.android.category.MAIN cat=[api.android.intent.LAUNCHER] flg=0x10000000 cmp=org.dclm.live/.MainActivity} from uid 2000
01-24 18:18:00.269   434  2093 I ActivityManager: Start proc 13638:org.dclm.live/u0a60 for activity org.dclm.live/.MainActivity
01-24 18:18:00.519   434  2093 W ActivityManager: Slow operation: 110ms so far, now at attachApplicationLocked: after mServices.attachApplicationLocked
01-24 18:18:00.565   434   453 W BroadcastQueue: Background execution not allowed: receiving Intent { act=android.os.UpdateLock.UPDATE_LOCK_CHANGED flg=0x4000010 (has extras) } to com.google.android.gms/.chimera.GmsIntentOperationService$PersistentTrustedReceiver
01-24 18:18:00.579 13638 13638 I chatty  : uid=10060(u0_a60) expire 3 lines
01-24 18:18:00.736   323   403 W HWComposer: Ignoring duplicate VSYNC event from HWC (t=162150167722255)
01-24 18:18:00.985 13638 13648 I chatty  : uid=10060(u0_a60) expire 3 lines
01-24 18:18:01.028 13638 13663 I chatty  : uid=10060(u0_a60) expire 9 lines
01-24 18:18:01.061 13638 13655 I chatty  : uid=10060(u0_a60) expire 1 line
01-24 18:18:01.119  2732  2732 D sysproxy: [T:103] Establishing a new TCP stream to: 52.7.24.245:443 (uid=10060) (package=org.dclm.live)
01-24 18:18:01.229 13663 13663 I chatty  : uid=10060(u0_a60) org.dclm.live expire 1 line
01-24 18:18:01.289   434   443 I zygote  : Background concurrent copying GC freed 17566(1379KB) AllocSpace objects, 19(472KB) LOS objects, 15% free, 11MB/13MB, paused 6.433ms total 1.140s
01-24 18:18:01.596   434   461 I ActivityManager: Displayed org.dclm.live/.MainActivity: +1s378ms
01-24 18:18:02.705   323   403 W HWComposer: Ignoring duplicate VSYNC event from HWC (t=162152201801525)
01-24 18:18:02.867  7206  7251 I dailytrack: HealthSportDataCacheUtil::saveData(),currentThread4=handle_total_data
01-24 18:18:02.923   323   403 W HWComposer: Ignoring duplicate VSYNC event from HWC (t=162152424181161)
01-24 18:18:03.072  2732  2732 D sysproxy: [D:900a] Look up dclmcloud.s3.amazonaws.com.
01-24 18:18:03.166  2732  2732 D sysproxy: [D:900a] Resolved s3-1-w.amazonaws.com to 52.216.109.163.
01-24 18:18:03.190  2732  2732 D sysproxy: [T:104] Establishing a new TCP stream to: 52.216.109.163:443 (uid=10060) (package=org.dclm.live)
01-24 18:18:03.727   434   536 E TaskPersister: File error accessing recents directory (directory doesn't exist?).
01-24 18:18:05.703   323   403 W HWComposer: Ignoring duplicate VSYNC event from HWC (t=162155209553087)
01-24 18:18:07.872  7206  7251 I dailytrack: HealthSportDataCacheUtil::saveData(),currentThread4=handle_total_data
01-24 18:18:12.626  2732  2732 D sysproxy: [T:104] Closed stream. RX/TX: 486/150272
01-24 18:18:12.877  7206  7251 I dailytrack: HealthSportDataCacheUtil::saveData(),currentThread4=handle_total_data
01-24 18:18:17.825 13681 13681 D AndroidRuntime: >>>>>> START com.android.internal.os.RuntimeInit uid 2000 <<<<<<
01-24 18:18:17.883  7206  7251 I dailytrack: HealthSportDataCacheUtil::saveData(),currentThread4=handle_total_data
01-24 18:18:19.044 13681 13681 D AndroidRuntime: Calling main entry com.android.commands.pm.Pm
01-24 18:18:19.071   434 13083 I ActivityManager: Force stopping org.dclm.live appid=10060 user=0: clear data
01-24 18:18:19.072   434 13083 I ActivityManager: Killing 13638:org.dclm.live/u0a60 (adj 0): stop org.dclm.live
01-24 18:18:19.088   434 13083 W ActivityManager: Force removing ActivityRecord{68ed759 u0 org.dclm.live/.MainActivity t426}: app died, no saved state
01-24 18:18:19.224  2732  2732 D sysproxy: [T:103] Local application closed connection; closing stream.
01-24 18:18:19.224  2732  2732 D sysproxy: [T:103] Closed stream. RX/TX: 687/11665
01-24 18:18:19.331   434   454 W Looper  : Dispatch took 256ms on android.ui, h=Handler (com.android.server.am.ActivityManagerService$UiHandler) {dee4953} cb=null msg=53
01-24 18:18:19.345   434   461 W ActivityManager: setHasOverlayUi called on unknown pid: 13638
01-24 18:18:19.364   434   453 W BroadcastQueue: Background execution not allowed: receiving Intent { act=android.os.UpdateLock.UPDATE_LOCK_CHANGED flg=0x4000010 (has extras) } to com.google.android.gms/.chimera.GmsIntentOperationService$PersistentTrustedReceiver
01-24 18:18:19.364   434   453 I ActivityManager: Force stopping org.dclm.live appid=10060 user=-1: clearApplicationUserData
01-24 18:18:19.398 15691 15691 E Watchface: CocosWatchFaceService::Handler msg: -5 0.0;--
01-24 18:18:19.403   434   536 E TaskPersister: File error accessing recents directory (directory doesn't exist?).
01-24 18:18:19.428   335   335 I keystore: clear_uid 10060
01-24 18:18:19.462   434   462 W ProcessCpuTracker: Skipping unknown process pid 13638
01-24 18:18:19.567 13109 13109 I GeofencerStateMachine: removeGeofences: removeRequest=RemoveGeofencingRequest[REMOVE_ALL packageName=org.dclm.live]
01-24 18:18:19.576 31332 31332 D Avrcp   : AvrcpServiceBroadcastReceiver-> Action: android.intent.action.PACKAGE_DATA_CLEARED
01-24 18:18:19.576 31332 31332 D Avrcp   : packageName: org.dclm.live removed: true
01-24 18:18:19.576 31332 31332 V Avrcp   : isBrowseSupported for org.dclm.live: false
01-24 18:18:19.583 13681 13681 I app_process: System.exit called, status: 0
01-24 18:18:19.584 13681 13681 I AndroidRuntime: VM exiting with result code 0.
01-24 18:18:19.650 13109 13693 I Fitness : Clearing all cached OAuth tokens for: org.dclm.live [CONTEXT service_id=17 ]
01-24 18:18:19.652 13109 13693 I Fitness : Removing all subscriptions for: org.dclm.live [CONTEXT service_id=17 ]
01-24 18:18:19.748   712   712 D RegisteredNfcFServicesCache: Service unchanged, not updating
01-24 18:18:19.770 13109 13693 I Fitness : Clearing all cached OAuth tokens for: org.dclm.live [CONTEXT service_id=17 ]
01-24 18:18:19.785 13109 13693 I Fitness : Removing all subscriptions for: org.dclm.live [CONTEXT service_id=17 ]
01-24 18:18:20.094 13109 13122 I zygote  : Background concurrent copying GC freed 30354(1985KB) AllocSpace objects, 0(0B) LOS objects, 20% free, 7MB/9MB, paused 616us total 347.011ms
01-24 18:18:22.889  7206  7251 I dailytrack: HealthSportDataCacheUtil::saveData(),currentThread4=handle_total_data
01-24 18:18:24.949   434 13083 I ActivityManager: START u0 {act=api.android.category.MAIN cat=[api.android.intent.LAUNCHER] flg=0x10000000 cmp=org.dclm.live/.MainActivity} from uid 2000
01-24 18:18:25.058   434  4786 I ActivityManager: Start proc 13708:org.dclm.live/u0a60 for activity org.dclm.live/.MainActivity
01-24 18:18:25.137   434   462 W ProcessCpuTracker: Skipping unknown process pid 13703
01-24 18:18:25.138   434   462 W ProcessCpuTracker: Skipping unknown process pid 13705
01-24 18:18:25.250   434  4786 W ActivityManager: Slow operation: 77ms so far, now at attachApplicationLocked: after mServices.attachApplicationLocked
01-24 18:18:25.260   434   453 W BroadcastQueue: Background execution not allowed: receiving Intent { act=android.os.UpdateLock.UPDATE_LOCK_CHANGED flg=0x4000010 (has extras) } to com.google.android.gms/.chimera.GmsIntentOperationService$PersistentTrustedReceiver
01-24 18:18:25.317 13708 13708 I chatty  : uid=10060(u0_a60) expire 3 lines
01-24 18:18:25.626 13708 13719 I chatty  : uid=10060(u0_a60) expire 3 lines
01-24 18:18:25.784 13708 13727 I chatty  : uid=10060(u0_a60) expire 1 line
01-24 18:18:25.798 13708 13733 I chatty  : uid=10060(u0_a60) expire 9 lines
01-24 18:18:25.862  2732  2732 D sysproxy: [T:105] Establishing a new TCP stream to: 52.7.24.245:443 (uid=10060) (package=org.dclm.live)
01-24 18:18:25.969 13733 13733 I chatty  : uid=10060(u0_a60) org.dclm.live expire 1 line
01-24 18:18:26.345   434   461 I ActivityManager: Displayed org.dclm.live/.MainActivity: +1s299ms
01-24 18:18:27.894  7206  7251 I dailytrack: HealthSportDataCacheUtil::saveData(),currentThread4=handle_total_data
01-24 18:18:27.913  2732  2732 D sysproxy: [D:9ae4] Look up dclmcloud.s3.amazonaws.com.
01-24 18:18:27.968  2732  2732 D sysproxy: [D:9ae4] Resolved s3-1-w.amazonaws.com to 52.217.46.172.
01-24 18:18:27.982  2732  2732 D sysproxy: [T:106] Establishing a new TCP stream to: 52.217.46.172:443 (uid=10060) (package=org.dclm.live)
01-24 18:18:28.508   434   536 E TaskPersister: File error accessing recents directory (directory doesn't exist?).
01-24 18:18:32.896  7206  7251 I dailytrack: HealthSportDataCacheUtil::saveData(),currentThread4=handle_total_data
01-24 18:18:37.069  2732  2732 D sysproxy: [T:106] Closed stream. RX/TX: 486/150272
01-24 18:18:37.903  7206  7251 I dailytrack: HealthSportDataCacheUtil::saveData(),currentThread4=handle_total_data
01-24 18:18:42.063 13751 13751 D AndroidRuntime: >>>>>> START com.android.internal.os.RuntimeInit uid 2000 <<<<<<
01-24 18:18:42.907  7206  7251 I dailytrack: HealthSportDataCacheUtil::saveData(),currentThread4=handle_total_data
01-24 18:18:43.251 13751 13751 D AndroidRuntime: Calling main entry com.android.commands.pm.Pm
01-24 18:18:43.281   434  4786 I ActivityManager: Force stopping org.dclm.live appid=10060 user=0: clear data
01-24 18:18:43.285   434  4786 I ActivityManager: Killing 13708:org.dclm.live/u0a60 (adj 0): stop org.dclm.live
01-24 18:18:43.293   434  4786 W ActivityManager: Force removing ActivityRecord{c180519 u0 org.dclm.live/.MainActivity t427}: app died, no saved state
01-24 18:18:43.578   434   454 W Looper  : Dispatch took 293ms on android.ui, h=Handler (com.android.server.am.ActivityManagerService$UiHandler) {dee4953} cb=null msg=53
01-24 18:18:43.586   434   453 I ActivityManager: Force stopping org.dclm.live appid=10060 user=-1: clearApplicationUserData
01-24 18:18:43.616   434   453 W BroadcastQueue: Background execution not allowed: receiving Intent { act=android.os.UpdateLock.UPDATE_LOCK_CHANGED flg=0x4000010 (has extras) } to com.google.android.gms/.chimera.GmsIntentOperationService$PersistentTrustedReceiver
01-24 18:18:43.639 15691 15691 E Watchface: CocosWatchFaceService::Handler msg: -5 0.0;--
01-24 18:18:43.654   335   335 I keystore: clear_uid 10060
01-24 18:18:43.670   434   536 E TaskPersister: File error accessing recents directory (directory doesn't exist?).
01-24 18:18:43.732   434   461 W ActivityManager: setHasOverlayUi called on unknown pid: 13708
01-24 18:18:43.738  2732  2732 D sysproxy: [T:105] Local application closed connection; closing stream.
01-24 18:18:43.738  2732  2732 D sysproxy: [T:105] Closed stream. RX/TX: 687/11665
01-24 18:18:43.802 31332 31332 D Avrcp   : AvrcpServiceBroadcastReceiver-> Action: android.intent.action.PACKAGE_DATA_CLEARED
01-24 18:18:43.802 31332 31332 D Avrcp   : packageName: org.dclm.live removed: true
01-24 18:18:43.802 31332 31332 V Avrcp   : isBrowseSupported for org.dclm.live: false
01-24 18:18:43.809 13109 13109 I GeofencerStateMachine: removeGeofences: removeRequest=RemoveGeofencingRequest[REMOVE_ALL packageName=org.dclm.live]
01-24 18:18:43.817 13751 13751 I app_process: System.exit called, status: 0
01-24 18:18:43.817 13751 13751 I AndroidRuntime: VM exiting with result code 0.
01-24 18:18:43.885 13109 13762 I Fitness : Clearing all cached OAuth tokens for: org.dclm.live [CONTEXT service_id=17 ]
01-24 18:18:43.888 13109 13762 I Fitness : Removing all subscriptions for: org.dclm.live [CONTEXT service_id=17 ]
01-24 18:18:43.933   712   712 D RegisteredNfcFServicesCache: Service unchanged, not updating
01-24 18:18:43.975 13109 13762 I Fitness : Clearing all cached OAuth tokens for: org.dclm.live [CONTEXT service_id=17 ]
01-24 18:18:43.988 13109 13762 I Fitness : Removing all subscriptions for: org.dclm.live [CONTEXT service_id=17 ]
01-24 18:18:47.912  7206  7251 I dailytrack: HealthSportDataCacheUtil::saveData(),currentThread4=handle_total_data
01-24 18:18:49.247   434  7888 I ActivityManager: START u0 {act=api.android.category.MAIN cat=[api.android.intent.LAUNCHER] flg=0x10000000 cmp=org.dclm.live/.MainActivity} from uid 2000
01-24 18:18:49.309 31332 31384 E bt_btif : bta_dm_pm_btm_status hci_status=35
01-24 18:18:49.367   434   660 I ActivityManager: Start proc 13778:org.dclm.live/u0a60 for activity org.dclm.live/.MainActivity
01-24 18:18:49.385   434   462 W ProcessCpuTracker: Skipping unknown process pid 13774
01-24 18:18:49.386   434   462 W ProcessCpuTracker: Skipping unknown process pid 13776
01-24 18:18:49.556   434   660 W ActivityManager: Slow operation: 74ms so far, now at attachApplicationLocked: after mServices.attachApplicationLocked
01-24 18:18:49.562   434   453 W BroadcastQueue: Background execution not allowed: receiving Intent { act=android.os.UpdateLock.UPDATE_LOCK_CHANGED flg=0x4000010 (has extras) } to com.google.android.gms/.chimera.GmsIntentOperationService$PersistentTrustedReceiver
01-24 18:18:49.635 13778 13778 I chatty  : uid=10060(u0_a60) expire 3 lines
01-24 18:18:49.931 13778 13788 I chatty  : uid=10060(u0_a60) expire 1 line
01-24 18:18:50.073 13778 13796 I chatty  : uid=10060(u0_a60) expire 1 line
01-24 18:18:50.101  2732  2732 D sysproxy: [D:e6bc] Look up airtime.dclm.org.
01-24 18:18:50.106 13778 13802 I chatty  : uid=10060(u0_a60) expire 7 lines
01-24 18:18:50.269 13802 13802 I chatty  : uid=10060(u0_a60) org.dclm.live expire 1 line
01-24 18:18:50.296 13778 13802 I vndksupport: sphal namespace is not configured for this process. Loading /vendor/lib/hw/gralloc.msm8909.so from the current namespace instead.
01-24 18:18:50.359 13778 13802 I vndksupport: sphal namespace is not configured for this process. Loading /vendor/lib/hw/gralloc.msm8909.so from the current namespace instead.
01-24 18:18:50.396  2732  2732 D sysproxy: [D:e6bc] Resolved airtime.dclm.org to 52.7.24.245.
01-24 18:18:50.439  2732  2732 D sysproxy: [T:107] Establishing a new TCP stream to: 52.7.24.245:443 (uid=10060) (package=org.dclm.live)
01-24 18:18:50.632   434   461 I ActivityManager: Displayed org.dclm.live/.MainActivity: +1s317ms
01-24 18:18:51.722 13778 13788 I zygote  : NativeAllocBackground concurrent copying GC freed 997(165KB) AllocSpace objects, 0(0B) LOS objects, 26% free, 1386KB/1898KB, paused 1.423ms total 104.409ms
01-24 18:18:51.744  2732  2732 D sysproxy: [D:d297] Look up dclmcloud.s3.amazonaws.com.
01-24 18:18:51.793  2732  2732 D sysproxy: [D:d297] Resolved s3-1-w.amazonaws.com to 52.217.14.76.
01-24 18:18:51.822  2732  2732 D sysproxy: [T:108] Establishing a new TCP stream to: 52.217.14.76:443 (uid=10060) (package=org.dclm.live)
01-24 18:18:52.819   434   536 E TaskPersister: File error accessing recents directory (directory doesn't exist?).
01-24 18:18:52.918  7206  7251 I dailytrack: HealthSportDataCacheUtil::saveData(),currentThread4=handle_total_data
01-24 18:18:57.925  7206  7251 I dailytrack: HealthSportDataCacheUtil::saveData(),currentThread4=handle_total_data
01-24 18:19:00.017 15691 15691 D WallpaperUtil: InternalCache: available=1546M
01-24 18:19:00.028 15691 15691 E Watchface: WeatherManager::checkUpdateDisplayWeather() mWeatherInfo is null !
01-24 18:19:00.037 32131 32131 W OngoingChipController: Attempting to remove non-existent UI for chip [com.google.android.wearable.app, media_controls]
01-24 18:19:01.194  2732  2732 D sysproxy: [T:108] Closed stream. RX/TX: 486/150272
01-24 18:19:02.932  7206  7251 I dailytrack: HealthSportDataCacheUtil::saveData(),currentThread4=handle_total_data
01-24 18:19:06.515 13818 13818 D AndroidRuntime: >>>>>> START com.android.internal.os.RuntimeInit uid 2000 <<<<<<
01-24 18:19:07.712 13818 13818 D AndroidRuntime: Calling main entry com.android.commands.pm.Pm
01-24 18:19:07.739   434 13233 I ActivityManager: Force stopping org.dclm.live appid=10060 user=0: clear data
01-24 18:19:07.740   434 13233 I ActivityManager: Killing 13778:org.dclm.live/u0a60 (adj 0): stop org.dclm.live
01-24 18:19:07.748   434 13233 W ActivityManager: Force removing ActivityRecord{564f2d9 u0 org.dclm.live/.MainActivity t428}: app died, no saved state
01-24 18:19:07.937  7206  7251 I dailytrack: HealthSportDataCacheUtil::saveData(),currentThread4=handle_total_data
01-24 18:19:07.989  2732  2732 D sysproxy: [T:107] Local application closed connection; closing stream.
01-24 18:19:07.990  2732  2732 D sysproxy: [T:107] Closed stream. RX/TX: 687/11663
01-24 18:19:08.050   434   454 W Looper  : Dispatch took 310ms on android.ui, h=Handler (com.android.server.am.ActivityManagerService$UiHandler) {dee4953} cb=null msg=53
01-24 18:19:08.069   434   453 W BroadcastQueue: Background execution not allowed: receiving Intent { act=android.os.UpdateLock.UPDATE_LOCK_CHANGED flg=0x4000010 (has extras) } to com.google.android.gms/.chimera.GmsIntentOperationService$PersistentTrustedReceiver
01-24 18:19:08.070   434   453 I ActivityManager: Force stopping org.dclm.live appid=10060 user=-1: clearApplicationUserData
01-24 18:19:08.109 15691 15691 E Watchface: CocosWatchFaceService::Handler msg: -5 0.0;--
01-24 18:19:08.115   434   461 W ActivityManager: setHasOverlayUi called on unknown pid: 13778
01-24 18:19:08.129   434   536 E TaskPersister: File error accessing recents directory (directory doesn't exist?).
01-24 18:19:08.145   335   335 I keystore: clear_uid 10060
01-24 18:19:08.272 31332 31332 D Avrcp   : AvrcpServiceBroadcastReceiver-> Action: android.intent.action.PACKAGE_DATA_CLEARED
01-24 18:19:08.273 13109 13109 I GeofencerStateMachine: removeGeofences: removeRequest=RemoveGeofencingRequest[REMOVE_ALL packageName=org.dclm.live]
01-24 18:19:08.273 31332 31332 D Avrcp   : packageName: org.dclm.live removed: true
01-24 18:19:08.273 31332 31332 V Avrcp   : isBrowseSupported for org.dclm.live: false
01-24 18:19:08.304 13818 13818 I app_process: System.exit called, status: 0
01-24 18:19:08.304 13818 13818 I AndroidRuntime: VM exiting with result code 0.
01-24 18:19:08.355 13109 13829 I Fitness : Clearing all cached OAuth tokens for: org.dclm.live [CONTEXT service_id=17 ]
01-24 18:19:08.361   712   712 D RegisteredNfcFServicesCache: Service unchanged, not updating
01-24 18:19:08.363 13109 13829 I Fitness : Removing all subscriptions for: org.dclm.live [CONTEXT service_id=17 ]
01-24 18:19:08.432 13109 13829 I Fitness : Clearing all cached OAuth tokens for: org.dclm.live [CONTEXT service_id=17 ]
01-24 18:19:08.454 13109 13829 I Fitness : Removing all subscriptions for: org.dclm.live [CONTEXT service_id=17 ]
01-24 18:19:08.891   434   443 I zygote  : Background concurrent copying GC freed 24010(1649KB) AllocSpace objects, 19(380KB) LOS objects, 15% free, 11MB/13MB, paused 5.231ms total 653.160ms
01-24 18:19:12.943  7206  7251 I dailytrack: HealthSportDataCacheUtil::saveData(),currentThread4=handle_total_data
01-24 18:19:13.687   434 13233 I ActivityManager: START u0 {act=api.android.category.MAIN cat=[api.android.intent.LAUNCHER] flg=0x10000000 cmp=org.dclm.live/.MainActivity} from uid 2000
01-24 18:19:13.709   434   488 W ResourceType: ResTable_typeSpec entry count inconsistent: given 111, previously 105
01-24 18:19:13.768   434  2021 I ActivityManager: Start proc 13845:org.dclm.live/u0a60 for activity org.dclm.live/.MainActivity
01-24 18:19:13.918   434   462 W ProcessCpuTracker: Skipping unknown process pid 13841
01-24 18:19:13.919   434   462 W ProcessCpuTracker: Skipping unknown process pid 13843
01-24 18:19:13.979   434  2021 W ActivityManager: Slow operation: 104ms so far, now at attachApplicationLocked: after mServices.attachApplicationLocked
01-24 18:19:13.988   434   453 W BroadcastQueue: Background execution not allowed: receiving Intent { act=android.os.UpdateLock.UPDATE_LOCK_CHANGED flg=0x4000010 (has extras) } to com.google.android.gms/.chimera.GmsIntentOperationService$PersistentTrustedReceiver
01-24 18:19:14.044 13845 13845 W ResourceType: ResTable_typeSpec entry count inconsistent: given 111, previously 105
01-24 18:19:14.075 13845 13845 W ResourceType: ResTable_typeSpec entry count inconsistent: given 111, previously 105
01-24 18:19:14.237 13845 13855 I zygote  : Background concurrent copying GC freed 939(340KB) AllocSpace objects, 0(0B) LOS objects, 33% free, 1009KB/1521KB, paused 1ms total 104.793ms
01-24 18:19:14.487 13845 13855 I zygote  : NativeAllocBackground concurrent copying GC freed 153(45KB) AllocSpace objects, 0(0B) LOS objects, 29% free, 1213KB/1725KB, paused 1.873ms total 112.866ms
01-24 18:19:14.494 13845 13863 D NetworkSecurityConfig: Using Network Security Config from resource network_security_config debugBuild: false
01-24 18:19:14.521 13845 13869 D OpenGLRenderer: HWUI GL Pipeline
01-24 18:19:14.554  2732  2732 D sysproxy: [T:109] Establishing a new TCP stream to: 52.7.24.245:443 (uid=10060) (package=org.dclm.live)
01-24 18:19:14.601 13845 13845 I ExoPlayerImpl: Init cc2a12c [ExoPlayerLib/2.10.6] [sawfish, LEO-BX9, HUAWEI, 26]
01-24 18:19:14.674 13845 13869 I Adreno-EGL: <qeglDrvAPI_eglInitialize:379>: EGL 1.4 QUALCOMM build:  (I7af58d6928)
01-24 18:19:14.674 13845 13869 I Adreno-EGL: OpenGL ES Shader Compiler Version: E031.35.01.00
01-24 18:19:14.674 13845 13869 I Adreno-EGL: Build Date: 09/14/17 Thu
01-24 18:19:14.674 13845 13869 I Adreno-EGL: Local Branch: gfx-adreno.lnx.1.0
01-24 18:19:14.674 13845 13869 I Adreno-EGL: Remote Branch: 
01-24 18:19:14.674 13845 13869 I Adreno-EGL: Local Patches: 
01-24 18:19:14.674 13845 13869 I Adreno-EGL: Reconstruct Branch: 
01-24 18:19:14.682 13845 13869 I vndksupport: sphal namespace is not configured for this process. Loading /vendor/lib/hw/gralloc.msm8909.so from the current namespace instead.
01-24 18:19:14.689 13869 13869 W RenderThread: type=1400 audit(0.0:512): avc: denied { read } for name="gpuclk" dev="sysfs" ino=18862 scontext=u:r:untrusted_app:s0:c512,c768 tcontext=u:object_r:sysfs:s0 tclass=file permissive=0
01-24 18:19:14.696 13845 13869 I OpenGLRenderer: Initialized EGL, version 1.4
01-24 18:19:14.696 13845 13869 D OpenGLRenderer: Swap behavior 1
01-24 18:19:14.702 13845 13869 W Adreno-ES20: <get_gpu_clk:229>: open failed: errno 13
01-24 18:19:14.715 13845 13869 W Adreno-EGL: <qeglDrvAPI_eglGetConfigAttrib:612>: EGL_BAD_ATTRIBUTE
01-24 18:19:14.717 13845 13869 I vndksupport: sphal namespace is not configured for this process. Loading /vendor/lib/hw/gralloc.msm8909.so from the current namespace instead.
01-24 18:19:14.780 13845 13869 I vndksupport: sphal namespace is not configured for this process. Loading /vendor/lib/hw/gralloc.msm8909.so from the current namespace instead.
01-24 18:19:15.046   434   461 I ActivityManager: Displayed org.dclm.live/.MainActivity: +1s300ms
01-24 18:19:16.313 13845 13855 I zygote  : Background concurrent copying GC freed 6748(384KB) AllocSpace objects, 0(0B) LOS objects, 26% free, 1402KB/1914KB, paused 2.295ms total 103.169ms
01-24 18:19:16.618  2732  2732 D sysproxy: [D:f128] Look up dclmcloud.s3.amazonaws.com.
01-24 18:19:16.659  2732  2732 D sysproxy: [D:f128] Resolved s3-1-w.amazonaws.com to 52.217.44.252.
01-24 18:19:16.673 13845 13855 I zygote  : NativeAllocBackground concurrent copying GC freed 1037(177KB) AllocSpace objects, 0(0B) LOS objects, 26% free, 1417KB/1929KB, paused 2.286ms total 195.388ms
01-24 18:19:16.702  2732  2732 D sysproxy: [T:110] Establishing a new TCP stream to: 52.217.44.252:443 (uid=10060) (package=org.dclm.live)
01-24 18:19:17.278   434   536 E TaskPersister: File error accessing recents directory (directory doesn't exist?).
01-24 18:19:17.946  7206  7251 I dailytrack: HealthSportDataCacheUtil::saveData(),currentThread4=handle_total_data
01-24 18:19:22.953  7206  7251 I dailytrack: HealthSportDataCacheUtil::saveData(),currentThread4=handle_total_data
01-24 18:19:26.053  2732  2732 D sysproxy: [T:110] Closed stream. RX/TX: 486/150272
01-24 18:19:27.958  7206  7251 I dailytrack: HealthSportDataCacheUtil::saveData(),currentThread4=handle_total_data
01-24 18:19:31.134 13886 13886 D AndroidRuntime: >>>>>> START com.android.internal.os.RuntimeInit uid 2000 <<<<<<
01-24 18:19:32.360 13886 13886 D AndroidRuntime: Calling main entry com.android.commands.pm.Pm
01-24 18:19:32.393   434  2021 I ActivityManager: Force stopping org.dclm.live appid=10060 user=0: clear data
01-24 18:19:32.395   434  2021 I ActivityManager: Killing 13845:org.dclm.live/u0a60 (adj 0): stop org.dclm.live
01-24 18:19:32.408   434  2021 W ActivityManager: Force removing ActivityRecord{91a2f5e u0 org.dclm.live/.MainActivity t429}: app died, no saved state
01-24 18:19:32.669   434   454 W Looper  : Dispatch took 275ms on android.ui, h=Handler (com.android.server.am.ActivityManagerService$UiHandler) {dee4953} cb=null msg=53
01-24 18:19:32.695   335   335 I keystore: clear_uid 10060
01-24 18:19:32.720   434   536 E TaskPersister: File error accessing recents directory (directory doesn't exist?).
01-24 18:19:32.721   434   453 I ActivityManager: Force stopping org.dclm.live appid=10060 user=-1: clearApplicationUserData
01-24 18:19:32.724 15691 15691 E Watchface: CocosWatchFaceService::Handler msg: -5 0.0;--
01-24 18:19:32.733   434   453 W BroadcastQueue: Background execution not allowed: receiving Intent { act=android.os.UpdateLock.UPDATE_LOCK_CHANGED flg=0x4000010 (has extras) } to com.google.android.gms/.chimera.GmsIntentOperationService$PersistentTrustedReceiver
01-24 18:19:32.843   434   461 W ActivityManager: setHasOverlayUi called on unknown pid: 13845
01-24 18:19:32.848  2732  2732 D sysproxy: [T:109] Local application closed connection; closing stream.
01-24 18:19:32.848  2732  2732 D sysproxy: [T:109] Closed stream. RX/TX: 687/11663
01-24 18:19:32.903 31332 31332 D Avrcp   : AvrcpServiceBroadcastReceiver-> Action: android.intent.action.PACKAGE_DATA_CLEARED
01-24 18:19:32.903 31332 31332 D Avrcp   : packageName: org.dclm.live removed: true
01-24 18:19:32.903 31332 31332 V Avrcp   : isBrowseSupported for org.dclm.live: false
01-24 18:19:32.904 13109 13109 I GeofencerStateMachine: removeGeofences: removeRequest=RemoveGeofencingRequest[REMOVE_ALL packageName=org.dclm.live]
01-24 18:19:32.960 13886 13886 I app_process: System.exit called, status: 0
01-24 18:19:32.960 13886 13886 I AndroidRuntime: VM exiting with result code 0.
01-24 18:19:32.961  7206  7251 I dailytrack: HealthSportDataCacheUtil::saveData(),currentThread4=handle_total_data
01-24 18:19:32.985   712   712 D RegisteredNfcFServicesCache: Service unchanged, not updating
01-24 18:19:32.987 13109 13897 I Fitness : Clearing all cached OAuth tokens for: org.dclm.live [CONTEXT service_id=17 ]
01-24 18:19:33.015 13109 13897 I Fitness : Removing all subscriptions for: org.dclm.live [CONTEXT service_id=17 ]
01-24 18:19:33.110 13109 13897 I Fitness : Clearing all cached OAuth tokens for: org.dclm.live [CONTEXT service_id=17 ]
01-24 18:19:33.120 13109 13897 I Fitness : Removing all subscriptions for: org.dclm.live [CONTEXT service_id=17 ]
01-24 18:19:37.966  7206  7251 I dailytrack: HealthSportDataCacheUtil::saveData(),currentThread4=handle_total_data
01-24 18:19:38.310   434  1099 I ActivityManager: START u0 {act=api.android.category.MAIN cat=[api.android.intent.LAUNCHER] flg=0x10000000 cmp=org.dclm.live/.MainActivity} from uid 2000
01-24 18:19:38.408   434  5002 I ActivityManager: Start proc 13912:org.dclm.live/u0a60 for activity org.dclm.live/.MainActivity
01-24 18:19:38.428   434   462 W ProcessCpuTracker: Skipping unknown process pid 13908
01-24 18:19:38.429   434   462 W ProcessCpuTracker: Skipping unknown process pid 13910
01-24 18:19:38.629   434  5002 W ActivityManager: Slow operation: 79ms so far, now at attachApplicationLocked: after mServices.attachApplicationLocked
01-24 18:19:38.652   434   453 W BroadcastQueue: Background execution not allowed: receiving Intent { act=android.os.UpdateLock.UPDATE_LOCK_CHANGED flg=0x4000010 (has extras) } to com.google.android.gms/.chimera.GmsIntentOperationService$PersistentTrustedReceiver
01-24 18:19:38.683 13912 13912 W ResourceType: ResTable_typeSpec entry count inconsistent: given 111, previously 105
01-24 18:19:38.742 13912 13912 W ResourceType: ResTable_typeSpec entry count inconsistent: given 111, previously 105
01-24 18:19:38.901 13912 13922 I zygote  : Background concurrent copying GC freed 894(360KB) AllocSpace objects, 0(0B) LOS objects, 34% free, 985KB/1497KB, paused 3.810ms total 146.550ms
01-24 18:19:39.113 13912 13922 I zygote  : NativeAllocBackground concurrent copying GC freed 206(87KB) AllocSpace objects, 0(0B) LOS objects, 33% free, 1014KB/1526KB, paused 2.067ms total 135.846ms
01-24 18:19:39.238 13912 13928 D NetworkSecurityConfig: Using Network Security Config from resource network_security_config debugBuild: false
01-24 18:19:39.250 13912 13936 D OpenGLRenderer: HWUI GL Pipeline
01-24 18:19:39.317  2732  2732 D sysproxy: [T:111] Establishing a new TCP stream to: 52.7.24.245:443 (uid=10060) (package=org.dclm.live)
01-24 18:19:39.344 13912 13912 I ExoPlayerImpl: Init cc2a12c [ExoPlayerLib/2.10.6] [sawfish, LEO-BX9, HUAWEI, 26]
01-24 18:19:39.420 13912 13936 I Adreno-EGL: <qeglDrvAPI_eglInitialize:379>: EGL 1.4 QUALCOMM build:  (I7af58d6928)
01-24 18:19:39.420 13912 13936 I Adreno-EGL: OpenGL ES Shader Compiler Version: E031.35.01.00
01-24 18:19:39.420 13912 13936 I Adreno-EGL: Build Date: 09/14/17 Thu
01-24 18:19:39.420 13912 13936 I Adreno-EGL: Local Branch: gfx-adreno.lnx.1.0
01-24 18:19:39.420 13912 13936 I Adreno-EGL: Remote Branch: 
01-24 18:19:39.420 13912 13936 I Adreno-EGL: Local Patches: 
01-24 18:19:39.420 13912 13936 I Adreno-EGL: Reconstruct Branch: 
01-24 18:19:39.428 13912 13936 I vndksupport: sphal namespace is not configured for this process. Loading /vendor/lib/hw/gralloc.msm8909.so from the current namespace instead.
01-24 18:19:39.439 13936 13936 W RenderThread: type=1400 audit(0.0:513): avc: denied { read } for name="gpuclk" dev="sysfs" ino=18862 scontext=u:r:untrusted_app:s0:c512,c768 tcontext=u:object_r:sysfs:s0 tclass=file permissive=0
01-24 18:19:39.444 13912 13936 I OpenGLRenderer: Initialized EGL, version 1.4
01-24 18:19:39.445 13912 13936 D OpenGLRenderer: Swap behavior 1
01-24 18:19:39.452 13912 13936 W Adreno-ES20: <get_gpu_clk:229>: open failed: errno 13
01-24 18:19:39.463 13912 13936 W Adreno-EGL: <qeglDrvAPI_eglGetConfigAttrib:612>: EGL_BAD_ATTRIBUTE
01-24 18:19:39.465 13912 13936 I vndksupport: sphal namespace is not configured for this process. Loading /vendor/lib/hw/gralloc.msm8909.so from the current namespace instead.
01-24 18:19:39.527 13912 13936 I vndksupport: sphal namespace is not configured for this process. Loading /vendor/lib/hw/gralloc.msm8909.so from the current namespace instead.
01-24 18:19:39.767 30846 30867 I Finsky  : [1245] jwq.run(3): Stats for Executor: BlockingExecutor jyi@923c909[Running, pool size = 0, active threads = 0, queued tasks = 0, completed tasks = 289]
