--------- beginning of system
01-24 18:13:30.294   434  5328 I ActivityManager: START u0 {act=api.android.category.MAIN cat=[api.android.intent.LAUNCHER] flg=0x10000000 cmp=org.dclm.live/.MainActivity} from uid 2000
--------- beginning of main
01-24 18:13:27.589  7206  7251 I dailytrack: HealthSportDataCacheUtil::saveData(),currentThread4=handle_total_data
01-24 18:13:30.380   434  5328 W ResourceType: ResTable_typeSpec entry count inconsistent: given 111, previously 105
01-24 18:13:30.412   434   488 W ResourceType: ResTable_typeSpec entry count inconsistent: given 111, previously 105
01-24 18:13:30.451   434  2021 I ActivityManager: Start proc 12844:org.dclm.live/u0a60 for activity org.dclm.live/.MainActivity
01-24 18:13:30.652   434  2021 W ActivityManager: Slow operation: 77ms so far, now at attachApplicationLocked: after mServices.attachApplicationLocked
01-24 18:13:30.657   434   453 W BroadcastQueue: Background execution not allowed: receiving Intent { act=android.os.UpdateLock.UPDATE_LOCK_CHANGED flg=0x4000010 (has extras) } to com.google.android.gms/.chimera.GmsIntentOperationService$PersistentTrustedReceiver
01-24 18:13:30.801 12844 12844 I chatty  : uid=10060(u0_a60) expire 3 lines
01-24 18:13:31.142 12844 12854 I chatty  : uid=10060(u0_a60) expire 3 lines
01-24 18:13:31.550 12844 12870 I chatty  : uid=10060(u0_a60) expire 9 lines
01-24 18:13:31.757 12844 12863 I chatty  : uid=10060(u0_a60) expire 1 line
01-24 18:13:31.981   323   403 W HWComposer: Ignoring duplicate VSYNC event from HWC (t=161881494439649)
01-24 18:13:32.159 12870 12870 I chatty  : uid=10060(u0_a60) org.dclm.live expire 1 line
01-24 18:13:32.206  2732  2732 I chatty  : uid=0(root) /system/bin/sysproxy expire 2 lines
01-24 18:13:32.516  2732  2732 D sysproxy: [T:81] Establishing a new TCP stream to: 52.7.24.245:443 (uid=10060) (package=org.dclm.live)
01-24 18:13:32.531   434   461 I ActivityManager: Displayed org.dclm.live/.MainActivity: +2s98ms
01-24 18:13:32.591  7206  7251 I dailytrack: HealthSportDataCacheUtil::saveData(),currentThread4=handle_total_data
01-24 18:13:33.934   434   536 E TaskPersister: File error accessing recents directory (directory doesn't exist?).
01-24 18:13:34.338  2732  2732 D sysproxy: [D:66a4] Look up dclmcloud.s3.amazonaws.com.
01-24 18:13:34.417  2732  2732 D sysproxy: [D:66a4] Resolved s3-1-w.amazonaws.com to 52.216.145.99.
01-24 18:13:34.437  2732  2732 D sysproxy: [T:82] Establishing a new TCP stream to: 52.216.145.99:443 (uid=10060) (package=org.dclm.live)
01-24 18:13:34.475   434   443 I zygote  : Background concurrent copying GC freed 35157(1863KB) AllocSpace objects, 12(424KB) LOS objects, 15% free, 10MB/12MB, paused 4.869ms total 571.219ms
01-24 18:13:37.596  7206  7251 I dailytrack: HealthSportDataCacheUtil::saveData(),currentThread4=handle_total_data
01-24 18:13:42.602  7206  7251 I dailytrack: HealthSportDataCacheUtil::saveData(),currentThread4=handle_total_data
01-24 18:13:43.986  2732  2732 D sysproxy: [T:82] Closed stream. RX/TX: 486/150272
01-24 18:13:47.608  7206  7251 I dailytrack: HealthSportDataCacheUtil::saveData(),currentThread4=handle_total_data
01-24 18:13:47.862 12889 12889 D AndroidRuntime: >>>>>> START com.android.internal.os.RuntimeInit uid 2000 <<<<<<
01-24 18:13:49.127 12889 12889 D AndroidRuntime: Calling main entry com.android.commands.pm.Pm
01-24 18:13:49.156   434   660 I ActivityManager: Force stopping org.dclm.live appid=10060 user=0: clear data
01-24 18:13:49.159   434   660 I ActivityManager: Killing 12844:org.dclm.live/u0a60 (adj 0): stop org.dclm.live
01-24 18:13:49.168   434   660 W ActivityManager: Force removing ActivityRecord{1b7cf06 u0 org.dclm.live/.MainActivity t415}: app died, no saved state
01-24 18:13:49.410   434   454 W Looper  : Dispatch took 251ms on android.ui, h=Handler (com.android.server.am.ActivityManagerService$UiHandler) {dee4953} cb=null msg=53
01-24 18:13:49.420   434   461 W ActivityManager: setHasOverlayUi called on unknown pid: 12844
01-24 18:13:49.462   434   453 W BroadcastQueue: Background execution not allowed: receiving Intent { act=android.os.UpdateLock.UPDATE_LOCK_CHANGED flg=0x4000010 (has extras) } to com.google.android.gms/.chimera.GmsIntentOperationService$PersistentTrustedReceiver
01-24 18:13:49.462   434   453 I ActivityManager: Force stopping org.dclm.live appid=10060 user=-1: clearApplicationUserData
01-24 18:13:49.469 15691 15691 E Watchface: CocosWatchFaceService::Handler msg: -5 0.0;--
01-24 18:13:49.490   335   335 I keystore: clear_uid 10060
01-24 18:13:49.501  2732  2732 D sysproxy: [T:81] Local application closed connection; closing stream.
01-24 18:13:49.502  2732  2732 D sysproxy: [T:81] Closed stream. RX/TX: 687/11663
01-24 18:13:49.516   434   536 E TaskPersister: File error accessing recents directory (directory doesn't exist?).
01-24 18:13:49.627 13109 13109 I GeofencerStateMachine: removeGeofences: removeRequest=RemoveGeofencingRequest[REMOVE_ALL packageName=org.dclm.live]
01-24 18:13:49.630 31332 31332 D Avrcp   : AvrcpServiceBroadcastReceiver-> Action: android.intent.action.PACKAGE_DATA_CLEARED
01-24 18:13:49.630 31332 31332 D Avrcp   : packageName: org.dclm.live removed: true
01-24 18:13:49.630 31332 31332 V Avrcp   : isBrowseSupported for org.dclm.live: false
01-24 18:13:49.639 12889 12889 I app_process: System.exit called, status: 0
01-24 18:13:49.639 12889 12889 I AndroidRuntime: VM exiting with result code 0.
01-24 18:13:49.715   712   712 D RegisteredNfcFServicesCache: Service unchanged, not updating
01-24 18:13:49.763 13109 12900 I Fitness : Clearing all cached OAuth tokens for: org.dclm.live [CONTEXT service_id=17 ]
01-24 18:13:49.767 13109 12900 I Fitness : Removing all subscriptions for: org.dclm.live [CONTEXT service_id=17 ]
01-24 18:13:49.859 13109 12900 I Fitness : Clearing all cached OAuth tokens for: org.dclm.live [CONTEXT service_id=17 ]
01-24 18:13:49.867 13109 12900 I Fitness : Removing all subscriptions for: org.dclm.live [CONTEXT service_id=17 ]
01-24 18:13:52.613  7206  7251 I dailytrack: HealthSportDataCacheUtil::saveData(),currentThread4=handle_total_data
01-24 18:13:55.054   434   756 I ActivityManager: START u0 {act=api.android.category.MAIN cat=[api.android.intent.LAUNCHER] flg=0x10000000 cmp=org.dclm.live/.MainActivity} from uid 2000
01-24 18:13:55.072   434   488 W ResourceType: ResTable_typeSpec entry count inconsistent: given 111, previously 105
01-24 18:13:55.148   434   660 I ActivityManager: Start proc 12917:org.dclm.live/u0a60 for activity org.dclm.live/.MainActivity
01-24 18:13:55.322 31332 31384 E bt_btif : bta_dm_pm_btm_status hci_status=35
01-24 18:13:55.360 12917 12927 I chatty  : uid=10060(u0_a60) expire 3 lines
01-24 18:13:55.363   434   756 W ActivityManager: Slow operation: 105ms so far, now at attachApplicationLocked: after mServices.attachApplicationLocked
01-24 18:13:55.370   434   453 W BroadcastQueue: Background execution not allowed: receiving Intent { act=android.os.UpdateLock.UPDATE_LOCK_CHANGED flg=0x4000010 (has extras) } to com.google.android.gms/.chimera.GmsIntentOperationService$PersistentTrustedReceiver
01-24 18:13:55.453 12917 12917 I chatty  : uid=10060(u0_a60) expire 3 lines
01-24 18:13:55.916 12917 12933 I chatty  : uid=10060(u0_a60) expire 1 line
01-24 18:13:55.920 12917 12941 I chatty  : uid=10060(u0_a60) expire 9 lines
01-24 18:13:55.955  2732  2732 D sysproxy: [T:83] Establishing a new TCP stream to: 52.7.24.245:443 (uid=10060) (package=org.dclm.live)
01-24 18:13:56.089 12941 12941 I chatty  : uid=10060(u0_a60) org.dclm.live expire 1 line
01-24 18:13:56.448   434   461 I ActivityManager: Displayed org.dclm.live/.MainActivity: +1s317ms
01-24 18:13:57.616  7206  7251 I dailytrack: HealthSportDataCacheUtil::saveData(),currentThread4=handle_total_data
01-24 18:13:57.635  2732  2732 D sysproxy: [D:7347] Look up dclmcloud.s3.amazonaws.com.
01-24 18:13:57.688  2732  2732 D sysproxy: [D:7347] Resolved s3-1-w.amazonaws.com to 52.217.4.60.
01-24 18:13:57.723  2732  2732 D sysproxy: [T:84] Establishing a new TCP stream to: 52.217.4.60:443 (uid=10060) (package=org.dclm.live)
01-24 18:13:58.621   434   536 E TaskPersister: File error accessing recents directory (directory doesn't exist?).
01-24 18:14:00.004 15691 15691 D WallpaperUtil: InternalCache: available=1546M
01-24 18:14:00.015 15691 15691 E Watchface: WeatherManager::checkUpdateDisplayWeather() mWeatherInfo is null !
01-24 18:14:00.020 32131 32131 W OngoingChipController: Attempting to remove non-existent UI for chip [com.google.android.wearable.app, media_controls]
01-24 18:14:02.623  7206  7251 I dailytrack: HealthSportDataCacheUtil::saveData(),currentThread4=handle_total_data
01-24 18:14:07.068  2732  2732 D sysproxy: [T:84] Closed stream. RX/TX: 486/150272
01-24 18:14:07.631  7206  7251 I dailytrack: HealthSportDataCacheUtil::saveData(),currentThread4=handle_total_data
01-24 18:14:11.959 31787 31787 I ADVLog  : ADV.SensorService:/BatteryTemperature: 346  /isUsbOrAc: 1
01-24 18:14:11.961   723   723 I battery : BatteryService: mInternalBatteryReceiver onReceive() action = android.intent.action.BATTERY_CHANGED
01-24 18:14:11.994   319   319 D WifiHAL : In DebugCommand::handleResponse
01-24 18:14:11.995   319   319 D WifiHAL : len = 4, expected len = 4
01-24 18:14:12.034   434 13081 E BatteryStatsService: no controller energy info supplied
01-24 18:14:12.036   434 13081 I chatty  : uid=1000(system) Binder:434_1E identical 1 line
01-24 18:14:12.036   434 13081 E BatteryStatsService: no controller energy info supplied
01-24 18:14:12.463 12957 12957 D AndroidRuntime: >>>>>> START com.android.internal.os.RuntimeInit uid 2000 <<<<<<
01-24 18:14:12.636  7206  7251 I dailytrack: HealthSportDataCacheUtil::saveData(),currentThread4=handle_total_data
01-24 18:14:13.673 12957 12957 D AndroidRuntime: Calling main entry com.android.commands.pm.Pm
01-24 18:14:13.700   434 13081 I ActivityManager: Force stopping org.dclm.live appid=10060 user=0: clear data
01-24 18:14:13.702   434 13081 I ActivityManager: Killing 12917:org.dclm.live/u0a60 (adj 0): stop org.dclm.live
01-24 18:14:13.710   434 13081 W ActivityManager: Force removing ActivityRecord{6c25cb4 u0 org.dclm.live/.MainActivity t416}: app died, no saved state
01-24 18:14:13.869   434  2021 W InputMethodManagerService: Got RemoteException sending setActive(false) notification to pid 12917 uid 10060
01-24 18:14:13.937  2732  2732 D sysproxy: [T:83] Local application closed connection; closing stream.
01-24 18:14:13.938  2732  2732 D sysproxy: [T:83] Closed stream. RX/TX: 687/11663
01-24 18:14:14.016   434   454 W Looper  : Dispatch took 302ms on android.ui, h=Handler (com.android.server.am.ActivityManagerService$UiHandler) {dee4953} cb=null msg=53
01-24 18:14:14.022   434   461 W ActivityManager: setHasOverlayUi called on unknown pid: 12917
01-24 18:14:14.047   434   453 I ActivityManager: Force stopping org.dclm.live appid=10060 user=-1: clearApplicationUserData
01-24 18:14:14.058   434   453 W BroadcastQueue: Background execution not allowed: receiving Intent { act=android.os.UpdateLock.UPDATE_LOCK_CHANGED flg=0x4000010 (has extras) } to com.google.android.gms/.chimera.GmsIntentOperationService$PersistentTrustedReceiver
01-24 18:14:14.073 15691 15691 E Watchface: CocosWatchFaceService::Handler msg: -5 0.0;--
01-24 18:14:14.089   335   335 I keystore: clear_uid 10060
01-24 18:14:14.097   434   536 E TaskPersister: File error accessing recents directory (directory doesn't exist?).
01-24 18:14:14.176 31332 31332 D Avrcp   : AvrcpServiceBroadcastReceiver-> Action: android.intent.action.PACKAGE_DATA_CLEARED
01-24 18:14:14.188 13109 13109 I GeofencerStateMachine: removeGeofences: removeRequest=RemoveGeofencingRequest[REMOVE_ALL packageName=org.dclm.live]
01-24 18:14:14.193 31332 31332 D Avrcp   : packageName: org.dclm.live removed: true
01-24 18:14:14.193 31332 31332 V Avrcp   : isBrowseSupported for org.dclm.live: false
01-24 18:14:14.204 12957 12957 I app_process: System.exit called, status: 0
01-24 18:14:14.204 12957 12957 I AndroidRuntime: VM exiting with result code 0.
01-24 18:14:14.273 31332 31342 I zygote  : Background concurrent copying GC freed 918(382KB) AllocSpace objects, 0(0B) LOS objects, 32% free, 1042KB/1554KB, paused 18.828ms total 325.155ms
01-24 18:14:14.320 13109 12973 I Fitness : Clearing all cached OAuth tokens for: org.dclm.live [CONTEXT service_id=17 ]
01-24 18:14:14.323   712   712 D RegisteredNfcFServicesCache: Service unchanged, not updating
01-24 18:14:14.332 13109 12973 I Fitness : Removing all subscriptions for: org.dclm.live [CONTEXT service_id=17 ]
01-24 18:14:14.443 13109 12973 I Fitness : Clearing all cached OAuth tokens for: org.dclm.live [CONTEXT service_id=17 ]
01-24 18:14:14.447 13109 12973 I Fitness : Removing all subscriptions for: org.dclm.live [CONTEXT service_id=17 ]
01-24 18:14:14.485   712   726 I zygote  : Background concurrent copying GC freed 9607(398KB) AllocSpace objects, 0(0B) LOS objects, 28% free, 1266KB/1778KB, paused 1.560ms total 271.513ms
01-24 18:14:17.641  7206  7251 I dailytrack: HealthSportDataCacheUtil::saveData(),currentThread4=handle_total_data
01-24 18:14:19.573   434 13233 I ActivityManager: START u0 {act=api.android.category.MAIN cat=[api.android.intent.LAUNCHER] flg=0x10000000 cmp=org.dclm.live/.MainActivity} from uid 2000
01-24 18:14:19.663   434  4786 I ActivityManager: Start proc 12984:org.dclm.live/u0a60 for activity org.dclm.live/.MainActivity
01-24 18:14:19.882   434  4786 W ActivityManager: Slow operation: 83ms so far, now at attachApplicationLocked: after mServices.attachApplicationLocked
01-24 18:14:19.896   434   453 W BroadcastQueue: Background execution not allowed: receiving Intent { act=android.os.UpdateLock.UPDATE_LOCK_CHANGED flg=0x4000010 (has extras) } to com.google.android.gms/.chimera.GmsIntentOperationService$PersistentTrustedReceiver
01-24 18:14:19.975 12984 12984 I chatty  : uid=10060(u0_a60) expire 3 lines
01-24 18:14:20.359 12984 12994 I chatty  : uid=10060(u0_a60) expire 3 lines
01-24 18:14:20.424 12984 13002 I chatty  : uid=10060(u0_a60) expire 1 line
01-24 18:14:20.456 12984 13008 I chatty  : uid=10060(u0_a60) expire 9 lines
01-24 18:14:20.489  2732  2732 D sysproxy: [T:85] Establishing a new TCP stream to: 52.7.24.245:443 (uid=10060) (package=org.dclm.live)
01-24 18:14:20.639 13008 13008 I chatty  : uid=10060(u0_a60) org.dclm.live expire 1 line
01-24 18:14:21.009   434   461 I ActivityManager: Displayed org.dclm.live/.MainActivity: +1s370ms
01-24 18:14:22.562  2732  2732 D sysproxy: [D:5aac] Look up dclmcloud.s3.amazonaws.com.
01-24 18:14:22.622  2732  2732 D sysproxy: [D:5aac] Resolved s3-1-w.amazonaws.com to 52.216.145.147.
01-24 18:14:22.643  7206  7251 I dailytrack: HealthSportDataCacheUtil::saveData(),currentThread4=handle_total_data
01-24 18:14:22.644  2732  2732 D sysproxy: [T:86] Establishing a new TCP stream to: 52.216.145.147:443 (uid=10060) (package=org.dclm.live)
01-24 18:14:23.152   434   536 E TaskPersister: File error accessing recents directory (directory doesn't exist?).
01-24 18:14:27.648  7206  7251 I dailytrack: HealthSportDataCacheUtil::saveData(),currentThread4=handle_total_data
01-24 18:14:32.136  2732  2732 D sysproxy: [T:86] Closed stream. RX/TX: 486/150272
01-24 18:14:32.654  7206  7251 I dailytrack: HealthSportDataCacheUtil::saveData(),currentThread4=handle_total_data
01-24 18:14:34.823   434   443 I zygote  : Background concurrent copying GC freed 20723(1490KB) AllocSpace objects, 18(452KB) LOS objects, 15% free, 10MB/12MB, paused 9.263ms total 563.980ms
01-24 18:14:36.845 13025 13025 D AndroidRuntime: >>>>>> START com.android.internal.os.RuntimeInit uid 2000 <<<<<<
01-24 18:14:37.657  7206  7251 I dailytrack: HealthSportDataCacheUtil::saveData(),currentThread4=handle_total_data
01-24 18:14:38.101 13025 13025 D AndroidRuntime: Calling main entry com.android.commands.pm.Pm
01-24 18:14:38.131   434 13083 I ActivityManager: Force stopping org.dclm.live appid=10060 user=0: clear data
01-24 18:14:38.132   434 13083 I ActivityManager: Killing 12984:org.dclm.live/u0a60 (adj 0): stop org.dclm.live
01-24 18:14:38.144   434 13083 W ActivityManager: Force removing ActivityRecord{448d29d u0 org.dclm.live/.MainActivity t417}: app died, no saved state
01-24 18:14:38.274  2732  2732 D sysproxy: [T:85] Local application closed connection; closing stream.
01-24 18:14:38.274  2732  2732 D sysproxy: [T:85] Closed stream. RX/TX: 687/11663
01-24 18:14:38.429   434   454 W Looper  : Dispatch took 297ms on android.ui, h=Handler (com.android.server.am.ActivityManagerService$UiHandler) {dee4953} cb=null msg=53
01-24 18:14:38.432   434   453 W BroadcastQueue: Background execution not allowed: receiving Intent { act=android.os.UpdateLock.UPDATE_LOCK_CHANGED flg=0x4000010 (has extras) } to com.google.android.gms/.chimera.GmsIntentOperationService$PersistentTrustedReceiver
01-24 18:14:38.433   434   453 I ActivityManager: Force stopping org.dclm.live appid=10060 user=-1: clearApplicationUserData
01-24 18:14:38.473   434   461 W ActivityManager: setHasOverlayUi called on unknown pid: 12984
01-24 18:14:38.483   335   335 I keystore: clear_uid 10060
01-24 18:14:38.491   434   536 E TaskPersister: File error accessing recents directory (directory doesn't exist?).
01-24 18:14:38.495 15691 15691 E Watchface: CocosWatchFaceService::Handler msg: -5 0.0;--
01-24 18:14:38.566 13109 13109 I GeofencerStateMachine: removeGeofences: removeRequest=RemoveGeofencingRequest[REMOVE_ALL packageName=org.dclm.live]
01-24 18:14:38.568 31332 31332 D Avrcp   : AvrcpServiceBroadcastReceiver-> Action: android.intent.action.PACKAGE_DATA_CLEARED
01-24 18:14:38.568 31332 31332 D Avrcp   : packageName: org.dclm.live removed: true
01-24 18:14:38.568 31332 31332 V Avrcp   : isBrowseSupported for org.dclm.live: false
01-24 18:14:38.587 13025 13025 I app_process: System.exit called, status: 0
01-24 18:14:38.587 13025 13025 I AndroidRuntime: VM exiting with result code 0.
01-24 18:14:38.629   712   712 D RegisteredNfcFServicesCache: Service unchanged, not updating
01-24 18:14:38.785 13109 13044 I Fitness : Clearing all cached OAuth tokens for: org.dclm.live [CONTEXT service_id=17 ]
01-24 18:14:38.795 13109 13044 I Fitness : Removing all subscriptions for: org.dclm.live [CONTEXT service_id=17 ]
01-24 18:14:38.847 13109 13044 I Fitness : Clearing all cached OAuth tokens for: org.dclm.live [CONTEXT service_id=17 ]
01-24 18:14:38.849 13109 13044 I Fitness : Removing all subscriptions for: org.dclm.live [CONTEXT service_id=17 ]
01-24 18:14:42.662  7206  7251 I dailytrack: HealthSportDataCacheUtil::saveData(),currentThread4=handle_total_data
01-24 18:14:44.108   434  4786 I ActivityManager: START u0 {act=api.android.category.MAIN cat=[api.android.intent.LAUNCHER] flg=0x10000000 cmp=org.dclm.live/.MainActivity} from uid 2000
01-24 18:14:44.125   434   488 W ResourceType: ResTable_typeSpec entry count inconsistent: given 111, previously 105
01-24 18:14:44.195   434 13233 I ActivityManager: Start proc 13051:org.dclm.live/u0a60 for activity org.dclm.live/.MainActivity
01-24 18:14:44.360   434 13233 W ActivityManager: Slow operation: 77ms so far, now at attachApplicationLocked: after mServices.attachApplicationLocked
01-24 18:14:44.377   434   453 W BroadcastQueue: Background execution not allowed: receiving Intent { act=android.os.UpdateLock.UPDATE_LOCK_CHANGED flg=0x4000010 (has extras) } to com.google.android.gms/.chimera.GmsIntentOperationService$PersistentTrustedReceiver
01-24 18:14:44.433 13051 13051 I chatty  : uid=10060(u0_a60) expire 3 lines
01-24 18:14:44.873 13051 13067 I chatty  : uid=10060(u0_a60) expire 1 line
01-24 18:14:44.907 13051 13075 I chatty  : uid=10060(u0_a60) expire 9 lines
01-24 18:14:44.930  2732  2732 D sysproxy: [T:87] Establishing a new TCP stream to: 52.7.24.245:443 (uid=10060) (package=org.dclm.live)
01-24 18:14:45.079 13075 13075 I chatty  : uid=10060(u0_a60) org.dclm.live expire 1 line
01-24 18:14:45.455   434   461 I ActivityManager: Displayed org.dclm.live/.MainActivity: +1s270ms
01-24 18:14:46.277 13051 13061 I chatty  : uid=10060(u0_a60) expire 2 lines
01-24 18:14:46.318   323   403 W HWComposer: Ignoring duplicate VSYNC event from HWC (t=161955813197746)
01-24 18:14:46.516  2732  2732 D sysproxy: [D:1148] Look up dclmcloud.s3.amazonaws.com.
01-24 18:14:46.583  2732  2732 D sysproxy: [D:1148] Resolved s3-1-w.amazonaws.com to 52.217.14.116.
01-24 18:14:46.619  2732  2732 D sysproxy: [T:88] Establishing a new TCP stream to: 52.217.14.116:443 (uid=10060) (package=org.dclm.live)
01-24 18:14:47.666  7206  7251 I dailytrack: HealthSportDataCacheUtil::saveData(),currentThread4=handle_total_data
01-24 18:14:47.691   434   536 E TaskPersister: File error accessing recents directory (directory doesn't exist?).
01-24 18:14:52.673  7206  7251 I dailytrack: HealthSportDataCacheUtil::saveData(),currentThread4=handle_total_data
01-24 18:14:55.749  2732  2732 D sysproxy: [T:88] Closed stream. RX/TX: 486/150272
01-24 18:14:57.679  7206  7251 I dailytrack: HealthSportDataCacheUtil::saveData(),currentThread4=handle_total_data
01-24 18:15:00.023 15691 15691 D WallpaperUtil: InternalCache: available=1546M
01-24 18:15:00.057 15691 15691 E Watchface: WeatherManager::checkUpdateDisplayWeather() mWeatherInfo is null !
01-24 18:15:00.066 32131 32131 W OngoingChipController: Attempting to remove non-existent UI for chip [com.google.android.wearable.app, media_controls]
01-24 18:15:01.218 13093 13093 D AndroidRuntime: >>>>>> START com.android.internal.os.RuntimeInit uid 2000 <<<<<<
01-24 18:15:02.444 13093 13093 D AndroidRuntime: Calling main entry com.android.commands.pm.Pm
01-24 18:15:02.478   434  4786 I ActivityManager: Force stopping org.dclm.live appid=10060 user=0: clear data
01-24 18:15:02.480   434  4786 I ActivityManager: Killing 13051:org.dclm.live/u0a60 (adj 0): stop org.dclm.live
01-24 18:15:02.487   434  4786 W ActivityManager: Force removing ActivityRecord{9e0e45d u0 org.dclm.live/.MainActivity t418}: app died, no saved state
01-24 18:15:02.679  7206  7251 I dailytrack: HealthSportDataCacheUtil::saveData(),currentThread4=handle_total_data
01-24 18:15:02.739   434   454 W Looper  : Dispatch took 259ms on android.ui, h=Handler (com.android.server.am.ActivityManagerService$UiHandler) {dee4953} cb=null msg=53
01-24 18:15:02.782   434   453 I ActivityManager: Force stopping org.dclm.live appid=10060 user=-1: clearApplicationUserData
01-24 18:15:02.786  2732  2732 D sysproxy: [T:87] Local application closed connection; closing stream.
01-24 18:15:02.786  2732  2732 D sysproxy: [T:87] Closed stream. RX/TX: 687/11665
01-24 18:15:02.820   434   461 W ActivityManager: setHasOverlayUi called on unknown pid: 13051
01-24 18:15:02.821 15691 15691 E Watchface: CocosWatchFaceService::Handler msg: -5 0.0;--
01-24 18:15:02.822   335   335 I keystore: clear_uid 10060
01-24 18:15:02.826   434   453 W BroadcastQueue: Background execution not allowed: receiving Intent { act=android.os.UpdateLock.UPDATE_LOCK_CHANGED flg=0x4000010 (has extras) } to com.google.android.gms/.chimera.GmsIntentOperationService$PersistentTrustedReceiver
01-24 18:15:02.846   434   536 E TaskPersister: File error accessing recents directory (directory doesn't exist?).
01-24 18:15:02.921 13109 13109 I GeofencerStateMachine: removeGeofences: removeRequest=RemoveGeofencingRequest[REMOVE_ALL packageName=org.dclm.live]
01-24 18:15:02.927 31332 31332 D Avrcp   : AvrcpServiceBroadcastReceiver-> Action: android.intent.action.PACKAGE_DATA_CLEARED
01-24 18:15:02.928 31332 31332 D Avrcp   : packageName: org.dclm.live removed: true
01-24 18:15:02.928 31332 31332 V Avrcp   : isBrowseSupported for org.dclm.live: false
01-24 18:15:02.933 13093 13093 I app_process: System.exit called, status: 0
01-24 18:15:02.933 13093 13093 I AndroidRuntime: VM exiting with result code 0.
01-24 18:15:02.993 13109 13104 I Fitness : Clearing all cached OAuth tokens for: org.dclm.live [CONTEXT service_id=17 ]
01-24 18:15:02.995 13109 13104 I Fitness : Removing all subscriptions for: org.dclm.live [CONTEXT service_id=17 ]
01-24 18:15:03.044   712   712 D RegisteredNfcFServicesCache: Service unchanged, not updating
01-24 18:15:03.085 13109 13104 I Fitness : Clearing all cached OAuth tokens for: org.dclm.live [CONTEXT service_id=17 ]
01-24 18:15:03.087 13109 13104 I Fitness : Removing all subscriptions for: org.dclm.live [CONTEXT service_id=17 ]
01-24 18:15:07.685  7206  7251 I dailytrack: HealthSportDataCacheUtil::saveData(),currentThread4=handle_total_data
01-24 18:15:08.338   434  7909 I ActivityManager: START u0 {act=api.android.category.MAIN cat=[api.android.intent.LAUNCHER] flg=0x10000000 cmp=org.dclm.live/.MainActivity} from uid 2000
01-24 18:15:08.432   434 13083 I ActivityManager: Start proc 13127:org.dclm.live/u0a60 for activity org.dclm.live/.MainActivity
01-24 18:15:08.607   434  7909 W ActivityManager: Slow operation: 88ms so far, now at attachApplicationLocked: after mServices.attachApplicationLocked
01-24 18:15:08.614   434   453 W BroadcastQueue: Background execution not allowed: receiving Intent { act=android.os.UpdateLock.UPDATE_LOCK_CHANGED flg=0x4000010 (has extras) } to com.google.android.gms/.chimera.GmsIntentOperationService$PersistentTrustedReceiver
01-24 18:15:08.665 13127 13127 I chatty  : uid=10060(u0_a60) expire 3 lines
01-24 18:15:08.957 13127 13138 I chatty  : uid=10060(u0_a60) expire 2 lines
01-24 18:15:09.119 13127 13145 I chatty  : uid=10060(u0_a60) expire 1 line
01-24 18:15:09.134 13127 13153 I chatty  : uid=10060(u0_a60) expire 9 lines
01-24 18:15:09.159  2732  2732 D sysproxy: [T:89] Establishing a new TCP stream to: 52.7.24.245:443 (uid=10060) (package=org.dclm.live)
01-24 18:15:09.309 13153 13153 I chatty  : uid=10060(u0_a60) org.dclm.live expire 1 line
01-24 18:15:09.697   434   461 I ActivityManager: Displayed org.dclm.live/.MainActivity: +1s280ms
01-24 18:15:11.233 13127 13138 I chatty  : uid=10060(u0_a60) expire 2 lines
01-24 18:15:11.249  2732  2732 D sysproxy: [D:475c] Look up dclmcloud.s3.amazonaws.com.
01-24 18:15:11.320  2732  2732 D sysproxy: [D:475c] Resolved s3-1-w.amazonaws.com to 52.216.82.224.
01-24 18:15:11.341  2732  2732 D sysproxy: [T:90] Establishing a new TCP stream to: 52.216.82.224:443 (uid=10060) (package=org.dclm.live)
01-24 18:15:11.925   434   536 E TaskPersister: File error accessing recents directory (directory doesn't exist?).
01-24 18:15:11.950   723   723 I battery : BatteryService: mInternalBatteryReceiver onReceive() action = android.intent.action.BATTERY_CHANGED
01-24 18:15:11.953 31787 31787 I ADVLog  : ADV.SensorService:/BatteryTemperature: 346  /isUsbOrAc: 1
01-24 18:15:11.974   319   319 D WifiHAL : In DebugCommand::handleResponse
01-24 18:15:11.975   319   319 D WifiHAL : len = 4, expected len = 4
01-24 18:15:12.005   434  4786 E BatteryStatsService: no controller energy info supplied
01-24 18:15:12.325   723   737 I zygote  : Background concurrent copying GC freed 7212(632KB) AllocSpace objects, 2(192KB) LOS objects, 24% free, 1991KB/2MB, paused 3.522ms total 259.001ms
01-24 18:15:12.691  7206  7251 I dailytrack: HealthSportDataCacheUtil::saveData(),currentThread4=handle_total_data
01-24 18:15:17.697  7206  7251 I dailytrack: HealthSportDataCacheUtil::saveData(),currentThread4=handle_total_data
01-24 18:15:20.498  2732  2732 D sysproxy: [T:90] Closed stream. RX/TX: 486/150272
01-24 18:15:22.703  7206  7251 I dailytrack: HealthSportDataCacheUtil::saveData(),currentThread4=handle_total_data
01-24 18:15:25.740 13172 13172 D AndroidRuntime: >>>>>> START com.android.internal.os.RuntimeInit uid 2000 <<<<<<
01-24 18:15:26.935 13172 13172 D AndroidRuntime: Calling main entry com.android.commands.pm.Pm
01-24 18:15:12.008   434  4786 I chatty  : uid=1000(system) Binder:434_14 identical 1 line
01-24 18:15:12.008   434  4786 E BatteryStatsService: no controller energy info supplied
01-24 18:15:26.971   434 13083 I ActivityManager: Force stopping org.dclm.live appid=10060 user=0: clear data
01-24 18:15:26.972   434 13083 I ActivityManager: Killing 13127:org.dclm.live/u0a60 (adj 0): stop org.dclm.live
01-24 18:15:26.979   434 13083 W ActivityManager: Force removing ActivityRecord{6f89092 u0 org.dclm.live/.MainActivity t419}: app died, no saved state
01-24 18:15:27.201  2732  2732 D sysproxy: [T:89] Local application closed connection; closing stream.
01-24 18:15:27.201  2732  2732 D sysproxy: [T:89] Closed stream. RX/TX: 687/11665
01-24 18:15:27.305   434   453 I ActivityManager: Force stopping org.dclm.live appid=10060 user=-1: clearApplicationUserData
01-24 18:15:27.334   434   453 W BroadcastQueue: Background execution not allowed: receiving Intent { act=android.os.UpdateLock.UPDATE_LOCK_CHANGED flg=0x4000010 (has extras) } to com.google.android.gms/.chimera.GmsIntentOperationService$PersistentTrustedReceiver
01-24 18:15:27.342   434   536 E TaskPersister: File error accessing recents directory (directory doesn't exist?).
01-24 18:15:27.368   434   454 W Looper  : Dispatch took 395ms on android.ui, h=Handler (com.android.server.am.ActivityManagerService$UiHandler) {dee4953} cb=null msg=53
01-24 18:15:27.382   335   335 I keystore: clear_uid 10060
01-24 18:15:27.405 15691 15691 E Watchface: CocosWatchFaceService::Handler msg: -5 0.0;--
01-24 18:15:27.416   434   461 W ActivityManager: setHasOverlayUi called on unknown pid: 13127
01-24 18:15:27.552 31332 31332 D Avrcp   : AvrcpServiceBroadcastReceiver-> Action: android.intent.action.PACKAGE_DATA_CLEARED
01-24 18:15:27.552 31332 31332 D Avrcp   : packageName: org.dclm.live removed: true
01-24 18:15:27.552 31332 31332 V Avrcp   : isBrowseSupported for org.dclm.live: false
01-24 18:15:27.557 13109 13109 I GeofencerStateMachine: removeGeofences: removeRequest=RemoveGeofencingRequest[REMOVE_ALL packageName=org.dclm.live]
01-24 18:15:27.567 13172 13172 I app_process: System.exit called, status: 0
01-24 18:15:27.568 13172 13172 I AndroidRuntime: VM exiting with result code 0.
01-24 18:15:27.578   712   712 D RegisteredNfcFServicesCache: Service unchanged, not updating
01-24 18:15:27.678 13109 13183 I Fitness : Clearing all cached OAuth tokens for: org.dclm.live [CONTEXT service_id=17 ]
01-24 18:15:27.688 13109 13183 I Fitness : Removing all subscriptions for: org.dclm.live [CONTEXT service_id=17 ]
01-24 18:15:27.707  7206  7251 I dailytrack: HealthSportDataCacheUtil::saveData(),currentThread4=handle_total_data
01-24 18:15:27.756 13109 13183 I Fitness : Clearing all cached OAuth tokens for: org.dclm.live [CONTEXT service_id=17 ]
01-24 18:15:27.767 13109 13183 I Fitness : Removing all subscriptions for: org.dclm.live [CONTEXT service_id=17 ]
01-24 18:15:28.177   434   443 I zygote  : Background concurrent copying GC freed 19616(1473KB) AllocSpace objects, 18(452KB) LOS objects, 15% free, 11MB/13MB, paused 5.347ms total 913.190ms
01-24 18:15:31.695   319   319 D WifiHAL : In DebugCommand::handleResponse
01-24 18:15:31.696   319   319 D WifiHAL : len = 4, expected len = 4
01-24 18:15:31.717   434   456 E BatteryStatsService: no controller energy info supplied
01-24 18:15:31.717   434   456 I chatty  : uid=1000(system) batterystats-sy identical 1 line
01-24 18:15:31.717   434   456 E BatteryStatsService: no controller energy info supplied
01-24 18:15:32.711  7206  7251 I dailytrack: HealthSportDataCacheUtil::saveData(),currentThread4=handle_total_data
01-24 18:15:33.028   434  5328 I ActivityManager: START u0 {act=api.android.category.MAIN cat=[api.android.intent.LAUNCHER] flg=0x10000000 cmp=org.dclm.live/.MainActivity} from uid 2000
01-24 18:15:33.045   434   488 W ResourceType: ResTable_typeSpec entry count inconsistent: given 111, previously 105
01-24 18:15:33.110   434 13083 I ActivityManager: Start proc 13201:org.dclm.live/u0a60 for activity org.dclm.live/.MainActivity
01-24 18:15:33.304   434  5328 W ActivityManager: Slow operation: 79ms so far, now at attachApplicationLocked: after mServices.attachApplicationLocked
01-24 18:15:33.341   434   453 W BroadcastQueue: Background execution not allowed: receiving Intent { act=android.os.UpdateLock.UPDATE_LOCK_CHANGED flg=0x4000010 (has extras) } to com.google.android.gms/.chimera.GmsIntentOperationService$PersistentTrustedReceiver
01-24 18:15:33.354 13201 13201 I chatty  : uid=10060(u0_a60) expire 3 lines
01-24 18:15:33.665 13201 13222 I chatty  : uid=10060(u0_a60) expire 3 lines
01-24 18:15:33.799 13201 13231 I chatty  : uid=10060(u0_a60) expire 1 line
01-24 18:15:33.841 13201 13242 I chatty  : uid=10060(u0_a60) expire 9 lines
01-24 18:15:33.893  2732  2732 D sysproxy: [T:91] Establishing a new TCP stream to: 52.7.24.245:443 (uid=10060) (package=org.dclm.live)
01-24 18:15:34.019 13242 13242 I chatty  : uid=10060(u0_a60) org.dclm.live expire 1 line
01-24 18:15:34.380   434   461 I ActivityManager: Displayed org.dclm.live/.MainActivity: +1s287ms
01-24 18:15:36.043  2732  2732 D sysproxy: [D:5a06] Look up dclmcloud.s3.amazonaws.com.
01-24 18:15:36.109  2732  2732 D sysproxy: [D:5a06] Resolved s3-1-w.amazonaws.com to 52.216.146.139.
01-24 18:15:36.124  2732  2732 D sysproxy: [T:92] Establishing a new TCP stream to: 52.216.146.139:443 (uid=10060) (package=org.dclm.live)
01-24 18:15:36.580   434   536 E TaskPersister: File error accessing recents directory (directory doesn't exist?).
01-24 18:15:37.717  7206  7251 I dailytrack: HealthSportDataCacheUtil::saveData(),currentThread4=handle_total_data
01-24 18:15:42.724  7206  7251 I dailytrack: HealthSportDataCacheUtil::saveData(),currentThread4=handle_total_data
01-24 18:15:45.667  2732  2732 D sysproxy: [T:92] Closed stream. RX/TX: 486/150272
01-24 18:15:47.726  7206  7251 I dailytrack: HealthSportDataCacheUtil::saveData(),currentThread4=handle_total_data
01-24 18:15:50.357 13259 13259 D AndroidRuntime: >>>>>> START com.android.internal.os.RuntimeInit uid 2000 <<<<<<
01-24 18:15:51.625 13259 13259 D AndroidRuntime: Calling main entry com.android.commands.pm.Pm
01-24 18:15:51.652   434 13083 I ActivityManager: Force stopping org.dclm.live appid=10060 user=0: clear data
01-24 18:15:51.654   434 13083 I ActivityManager: Killing 13201:org.dclm.live/u0a60 (adj 0): stop org.dclm.live
01-24 18:15:51.664   434 13083 W ActivityManager: Force removing ActivityRecord{f7a1f52 u0 org.dclm.live/.MainActivity t420}: app died, no saved state
01-24 18:15:51.808  2732  2732 D sysproxy: [T:91] Local application closed connection; closing stream.
01-24 18:15:51.808  2732  2732 D sysproxy: [T:91] Closed stream. RX/TX: 687/11665
01-24 18:15:51.936   434   454 W Looper  : Dispatch took 283ms on android.ui, h=Handler (com.android.server.am.ActivityManagerService$UiHandler) {dee4953} cb=null msg=53
01-24 18:15:51.945   434   461 W ActivityManager: setHasOverlayUi called on unknown pid: 13201
01-24 18:15:51.993   434   453 W BroadcastQueue: Background execution not allowed: receiving Intent { act=android.os.UpdateLock.UPDATE_LOCK_CHANGED flg=0x4000010 (has extras) } to com.google.android.gms/.chimera.GmsIntentOperationService$PersistentTrustedReceiver
01-24 18:15:51.994   434   453 I ActivityManager: Force stopping org.dclm.live appid=10060 user=-1: clearApplicationUserData
01-24 18:15:52.010 15691 15691 E Watchface: CocosWatchFaceService::Handler msg: -5 0.0;--
01-24 18:15:52.026   434   536 E TaskPersister: File error accessing recents directory (directory doesn't exist?).
01-24 18:15:52.028   335   335 I keystore: clear_uid 10060
01-24 18:15:52.150 31332 31332 D Avrcp   : AvrcpServiceBroadcastReceiver-> Action: android.intent.action.PACKAGE_DATA_CLEARED
01-24 18:15:52.150 31332 31332 D Avrcp   : packageName: org.dclm.live removed: true
01-24 18:15:52.150 31332 31332 V Avrcp   : isBrowseSupported for org.dclm.live: false
01-24 18:15:52.162 13109 13109 I GeofencerStateMachine: removeGeofences: removeRequest=RemoveGeofencingRequest[REMOVE_ALL packageName=org.dclm.live]
01-24 18:15:52.234 13259 13259 I app_process: System.exit called, status: 0
01-24 18:15:52.234 13259 13259 I AndroidRuntime: VM exiting with result code 0.
01-24 18:15:52.269   712   712 D RegisteredNfcFServicesCache: Service unchanged, not updating
01-24 18:15:52.274 13109 13272 I Fitness : Clearing all cached OAuth tokens for: org.dclm.live [CONTEXT service_id=17 ]
01-24 18:15:52.293 13109 13272 I Fitness : Removing all subscriptions for: org.dclm.live [CONTEXT service_id=17 ]
01-24 18:15:52.337 13109 13272 I zygote  : IncrementDisableThreadFlip blocked for 8.885ms
01-24 18:15:52.381 13109 13272 I Fitness : Clearing all cached OAuth tokens for: org.dclm.live [CONTEXT service_id=17 ]
01-24 18:15:52.397 13109 13272 I Fitness : Removing all subscriptions for: org.dclm.live [CONTEXT service_id=17 ]
01-24 18:15:52.663 13109 13122 I zygote  : Background concurrent copying GC freed 34456(2MB) AllocSpace objects, 0(0B) LOS objects, 20% free, 7MB/9MB, paused 14.734ms total 359.950ms
01-24 18:15:52.726  7206  7251 I dailytrack: HealthSportDataCacheUtil::saveData(),currentThread4=handle_total_data
01-24 18:15:57.607   434  2560 I ActivityManager: START u0 {act=api.android.category.MAIN cat=[api.android.intent.LAUNCHER] flg=0x10000000 cmp=org.dclm.live/.MainActivity} from uid 2000
01-24 18:15:57.614 31332 31384 E bt_btif : bta_dm_pm_btm_status hci_status=35
01-24 18:15:57.730  7206  7251 I dailytrack: HealthSportDataCacheUtil::saveData(),currentThread4=handle_total_data
01-24 18:15:57.743   434  7909 I ActivityManager: Start proc 13287:org.dclm.live/u0a60 for activity org.dclm.live/.MainActivity
01-24 18:15:57.802   434   462 W ProcessCpuTracker: Skipping unknown process pid 13283
01-24 18:15:57.807   434   462 W ProcessCpuTracker: Skipping unknown process pid 13285
01-24 18:15:57.918   434  7909 W ActivityManager: Slow operation: 83ms so far, now at attachApplicationLocked: after mServices.attachApplicationLocked
01-24 18:15:57.921   434   453 W BroadcastQueue: Background execution not allowed: receiving Intent { act=android.os.UpdateLock.UPDATE_LOCK_CHANGED flg=0x4000010 (has extras) } to com.google.android.gms/.chimera.GmsIntentOperationService$PersistentTrustedReceiver
01-24 18:15:57.999 13287 13287 I chatty  : uid=10060(u0_a60) expire 3 lines
01-24 18:15:58.098 13287 13298 I chatty  : uid=10060(u0_a60) expire 3 lines
01-24 18:15:58.441 13287 13305 I chatty  : uid=10060(u0_a60) expire 1 line
01-24 18:15:58.460 13287 13313 I chatty  : uid=10060(u0_a60) expire 9 lines
01-24 18:15:58.519  2732  2732 D sysproxy: [T:93] Establishing a new TCP stream to: 52.7.24.245:443 (uid=10060) (package=org.dclm.live)
01-24 18:15:58.629 13313 13313 I chatty  : uid=10060(u0_a60) org.dclm.live expire 1 line
01-24 18:15:59.011   434   461 I ActivityManager: Displayed org.dclm.live/.MainActivity: +1s277ms
01-24 18:16:00.241 15691 15691 D WallpaperUtil: InternalCache: available=1546M
01-24 18:16:00.303 15691 15691 E Watchface: WeatherManager::checkUpdateDisplayWeather() mWeatherInfo is null !
01-24 18:16:00.365 32131 32131 W OngoingChipController: Attempting to remove non-existent UI for chip [com.google.android.wearable.app, media_controls]
01-24 18:16:00.595  2732  2732 D sysproxy: [D:0c46] Look up dclmcloud.s3.amazonaws.com.
01-24 18:16:00.630  2732  2732 D sysproxy: [D:0c46] Resolved s3-1-w.amazonaws.com to 52.216.108.203.
01-24 18:16:00.646  2732  2732 D sysproxy: [T:94] Establishing a new TCP stream to: 52.216.108.203:443 (uid=10060) (package=org.dclm.live)
01-24 18:16:01.172   434   536 E TaskPersister: File error accessing recents directory (directory doesn't exist?).
01-24 18:16:02.737  7206  7251 I dailytrack: HealthSportDataCacheUtil::saveData(),currentThread4=handle_total_data
01-24 18:16:05.384   434   434 I EntropyMixer: Writing entropy...
01-24 18:16:07.743  7206  7251 I dailytrack: HealthSportDataCacheUtil::saveData(),currentThread4=handle_total_data
01-24 18:16:09.795  2732  2732 D sysproxy: [T:94] Closed stream. RX/TX: 486/150272
01-24 18:16:11.953   723   723 I battery : BatteryService: mInternalBatteryReceiver onReceive() action = android.intent.action.BATTERY_CHANGED
01-24 18:16:11.968 31787 31787 I ADVLog  : ADV.SensorService:/BatteryTemperature: 346  /isUsbOrAc: 1
01-24 18:16:11.981   319   319 D WifiHAL : In DebugCommand::handleResponse
01-24 18:16:11.981   319   319 D WifiHAL : len = 4, expected len = 4
01-24 18:16:12.018   434 13083 E BatteryStatsService: no controller energy info supplied
01-24 18:16:12.021   434 13083 I chatty  : uid=1000(system) Binder:434_1F identical 1 line
01-24 18:16:12.022   434 13083 E BatteryStatsService: no controller energy info supplied
01-24 18:16:12.577   434   443 I zygote  : Background concurrent copying GC freed 18727(1433KB) AllocSpace objects, 22(584KB) LOS objects, 15% free, 10MB/12MB, paused 13.519ms total 501.618ms
01-24 18:16:12.748  7206  7251 I dailytrack: HealthSportDataCacheUtil::saveData(),currentThread4=handle_total_data
01-24 18:16:14.882 13329 13329 D AndroidRuntime: >>>>>> START com.android.internal.os.RuntimeInit uid 2000 <<<<<<
01-24 18:16:16.041 13329 13329 D AndroidRuntime: Calling main entry com.android.commands.pm.Pm
01-24 18:16:16.067   434 13083 I ActivityManager: Force stopping org.dclm.live appid=10060 user=0: clear data
01-24 18:16:16.068   434 13083 I ActivityManager: Killing 13287:org.dclm.live/u0a60 (adj 0): stop org.dclm.live
01-24 18:16:16.079   434 13083 W ActivityManager: Force removing ActivityRecord{b886e12 u0 org.dclm.live/.MainActivity t421}: app died, no saved state
01-24 18:16:16.223  2732  2732 D sysproxy: [T:93] Local application closed connection; closing stream.
01-24 18:16:16.224  2732  2732 D sysproxy: [T:93] Closed stream. RX/TX: 687/11665
01-24 18:16:16.382   434   454 W Looper  : Dispatch took 313ms on android.ui, h=Handler (com.android.server.am.ActivityManagerService$UiHandler) {dee4953} cb=null msg=53
01-24 18:16:16.382   434   461 W ActivityManager: setHasOverlayUi called on unknown pid: 13287
01-24 18:16:16.384   434   453 I ActivityManager: Force stopping org.dclm.live appid=10060 user=-1: clearApplicationUserData
01-24 18:16:16.401 15691 15691 E Watchface: CocosWatchFaceService::Handler msg: -5 0.0;--
01-24 18:16:16.424   434   453 W BroadcastQueue: Background execution not allowed: receiving Intent { act=android.os.UpdateLock.UPDATE_LOCK_CHANGED flg=0x4000010 (has extras) } to com.google.android.gms/.chimera.GmsIntentOperationService$PersistentTrustedReceiver
01-24 18:16:16.485   434   536 E TaskPersister: File error accessing recents directory (directory doesn't exist?).
01-24 18:16:16.495 13109 13109 D QueuedWork: waited: [<1: 0, <2: 812, <4: 68, <8: 42, <16: 36, <32: 35, <64: 19, <128: 11, <256: 1, <512: 0, <1024: 0, <2048: 0, <4096: 0, <8192: 0, <16384: 0, >=16384: 0]
01-24 18:16:16.512   335   335 I keystore: clear_uid 10060
01-24 18:16:16.578 13109 13109 I GeofencerStateMachine: removeGeofences: removeRequest=RemoveGeofencingRequest[REMOVE_ALL packageName=org.dclm.live]
01-24 18:16:16.580 31332 31332 D Avrcp   : AvrcpServiceBroadcastReceiver-> Action: android.intent.action.PACKAGE_DATA_CLEARED
01-24 18:16:16.580 31332 31332 D Avrcp   : packageName: org.dclm.live removed: true
01-24 18:16:16.580 31332 31332 V Avrcp   : isBrowseSupported for org.dclm.live: false
01-24 18:16:16.624 13329 13329 I app_process: System.exit called, status: 0
01-24 18:16:16.625 13329 13329 I AndroidRuntime: VM exiting with result code 0.
01-24 18:16:16.658 13109 13351 I Fitness : Clearing all cached OAuth tokens for: org.dclm.live [CONTEXT service_id=17 ]
01-24 18:16:16.661 13109 13351 I Fitness : Removing all subscriptions for: org.dclm.live [CONTEXT service_id=17 ]
01-24 18:16:16.713   712   712 D RegisteredNfcFServicesCache: Service unchanged, not updating
01-24 18:16:16.769 13109 13351 I Fitness : Clearing all cached OAuth tokens for: org.dclm.live [CONTEXT service_id=17 ]
01-24 18:16:16.795 13109 13351 I Fitness : Removing all subscriptions for: org.dclm.live [CONTEXT service_id=17 ]
01-24 18:16:17.754  7206  7251 I dailytrack: HealthSportDataCacheUtil::saveData(),currentThread4=handle_total_data
01-24 18:16:21.597 31332 31384 E bt_btif : bta_dm_pm_btm_status hci_status=35
01-24 18:16:22.014   434 13083 I ActivityManager: START u0 {act=api.android.category.MAIN cat=[api.android.intent.LAUNCHER] flg=0x10000000 cmp=org.dclm.live/.MainActivity} from uid 2000
01-24 18:16:22.032   434   488 W ResourceType: ResTable_typeSpec entry count inconsistent: given 111, previously 105
01-24 18:16:22.101   434  2426 I ActivityManager: Start proc 13363:org.dclm.live/u0a60 for activity org.dclm.live/.MainActivity
01-24 18:16:22.271   434   462 W ProcessCpuTracker: Skipping unknown process pid 13359
01-24 18:16:22.273   434   462 W ProcessCpuTracker: Skipping unknown process pid 13361
01-24 18:16:22.325   434 13083 W ActivityManager: Slow operation: 100ms so far, now at attachApplicationLocked: after mServices.attachApplicationLocked
01-24 18:16:22.361   434   453 W BroadcastQueue: Background execution not allowed: receiving Intent { act=android.os.UpdateLock.UPDATE_LOCK_CHANGED flg=0x4000010 (has extras) } to com.google.android.gms/.chimera.GmsIntentOperationService$PersistentTrustedReceiver
01-24 18:16:22.376 13363 13363 I chatty  : uid=10060(u0_a60) expire 3 lines
01-24 18:16:22.600 13363 13373 I chatty  : uid=10060(u0_a60) expire 2 lines
01-24 18:16:22.759  7206  7251 I dailytrack: HealthSportDataCacheUtil::saveData(),currentThread4=handle_total_data
01-24 18:16:22.854 13363 13380 I chatty  : uid=10060(u0_a60) expire 1 line
01-24 18:16:22.863 13363 13388 I chatty  : uid=10060(u0_a60) expire 9 lines
01-24 18:16:22.891  2732  2732 D sysproxy: [T:95] Establishing a new TCP stream to: 52.7.24.245:443 (uid=10060) (package=org.dclm.live)
01-24 18:16:23.039 13388 13388 I chatty  : uid=10060(u0_a60) org.dclm.live expire 1 line
01-24 18:16:23.421   434   461 I ActivityManager: Displayed org.dclm.live/.MainActivity: +1s307ms
01-24 18:16:24.378  2732  2732 D sysproxy: [D:a8c7] Look up dclmcloud.s3.amazonaws.com.
01-24 18:16:24.441  2732  2732 D sysproxy: [D:a8c7] Resolved s3-1-w.amazonaws.com to 52.216.102.43.
01-24 18:16:24.465  2732  2732 D sysproxy: [T:96] Establishing a new TCP stream to: 52.216.102.43:443 (uid=10060) (package=org.dclm.live)
01-24 18:16:25.606   434   536 E TaskPersister: File error accessing recents directory (directory doesn't exist?).
01-24 18:16:27.766  7206  7251 I dailytrack: HealthSportDataCacheUtil::saveData(),currentThread4=handle_total_data
01-24 18:16:32.774  7206  7251 I dailytrack: HealthSportDataCacheUtil::saveData(),currentThread4=handle_total_data
01-24 18:16:33.609  2732  2732 D sysproxy: [T:96] Closed stream. RX/TX: 486/150272
01-24 18:16:37.781  7206  7251 I dailytrack: HealthSportDataCacheUtil::saveData(),currentThread4=handle_total_data
01-24 18:16:39.185 13404 13404 D AndroidRuntime: >>>>>> START com.android.internal.os.RuntimeInit uid 2000 <<<<<<
01-24 18:16:40.386 13404 13404 D AndroidRuntime: Calling main entry com.android.commands.pm.Pm
01-24 18:16:40.414   434  7909 I ActivityManager: Force stopping org.dclm.live appid=10060 user=0: clear data
01-24 18:16:40.416   434  7909 I ActivityManager: Killing 13363:org.dclm.live/u0a60 (adj 0): stop org.dclm.live
01-24 18:16:40.424   434  7909 W ActivityManager: Force removing ActivityRecord{e5051a3 u0 org.dclm.live/.MainActivity t422}: app died, no saved state
01-24 18:16:40.651   434   454 W Looper  : Dispatch took 221ms on android.ui, h=Handler (com.android.server.am.ActivityManagerService$UiHandler) {dee4953} cb=null msg=53
01-24 18:16:40.669   434   453 W BroadcastQueue: Background execution not allowed: receiving Intent { act=android.os.UpdateLock.UPDATE_LOCK_CHANGED flg=0x4000010 (has extras) } to com.google.android.gms/.chimera.GmsIntentOperationService$PersistentTrustedReceiver
01-24 18:16:40.713 15691 15691 E Watchface: CocosWatchFaceService::Handler msg: -5 0.0;--
01-24 18:16:40.725   434   453 I ActivityManager: Force stopping org.dclm.live appid=10060 user=-1: clearApplicationUserData
01-24 18:16:40.738   335   335 I keystore: clear_uid 10060
01-24 18:16:40.739   434   536 E TaskPersister: File error accessing recents directory (directory doesn't exist?).
01-24 18:16:40.865 13109 13109 I GeofencerStateMachine: removeGeofences: removeRequest=RemoveGeofencingRequest[REMOVE_ALL packageName=org.dclm.live]
01-24 18:16:40.874 31332 31332 D Avrcp   : AvrcpServiceBroadcastReceiver-> Action: android.intent.action.PACKAGE_DATA_CLEARED
01-24 18:16:40.874 31332 31332 D Avrcp   : packageName: org.dclm.live removed: true
01-24 18:16:40.874 31332 31332 V Avrcp   : isBrowseSupported for org.dclm.live: false
01-24 18:16:40.900  2732  2732 D sysproxy: [T:95] Local application closed connection; closing stream.
01-24 18:16:40.900  2732  2732 D sysproxy: [T:95] Closed stream. RX/TX: 687/11665
01-24 18:16:40.907 13404 13404 I app_process: System.exit called, status: 0
01-24 18:16:40.907 13404 13404 I AndroidRuntime: VM exiting with result code 0.
01-24 18:16:40.909   434   455 E zygote  : failed to kill 1 processes for processgroup 13363
01-24 18:16:40.913   434   461 W ActivityManager: setHasOverlayUi called on unknown pid: 13363
01-24 18:16:40.938 13109 13415 I Fitness : Clearing all cached OAuth tokens for: org.dclm.live [CONTEXT service_id=17 ]
01-24 18:16:40.957 13109 13415 I Fitness : Removing all subscriptions for: org.dclm.live [CONTEXT service_id=17 ]
01-24 18:16:41.005   712   712 D RegisteredNfcFServicesCache: Service unchanged, not updating
01-24 18:16:41.048 13109 13415 I Fitness : Clearing all cached OAuth tokens for: org.dclm.live [CONTEXT service_id=17 ]
01-24 18:16:41.052 13109 13415 I Fitness : Removing all subscriptions for: org.dclm.live [CONTEXT service_id=17 ]
01-24 18:16:42.787  7206  7251 I dailytrack: HealthSportDataCacheUtil::saveData(),currentThread4=handle_total_data
01-24 18:16:46.461   434  2093 I ActivityManager: START u0 {act=api.android.category.MAIN cat=[api.android.intent.LAUNCHER] flg=0x10000000 cmp=org.dclm.live/.MainActivity} from uid 2000
01-24 18:16:46.581   434   462 W ProcessCpuTracker: Skipping unknown process pid 13428
