01-24 18:19:39.768 30846 30867 I Finsky  : [1245] jwq.run(3): Stats for Executor: LightweightExecutor jyi@173870e[Running, pool size = 3, active threads = 0, queued tasks = 0, completed tasks = 64]
01-24 18:19:39.848   434   461 I ActivityManager: Displayed org.dclm.live/.MainActivity: +1s447ms
01-24 18:19:41.268 13912 13922 I zygote  : NativeAllocBackground concurrent copying GC freed 1281(196KB) AllocSpace objects, 0(0B) LOS objects, 26% free, 1395KB/1907KB, paused 1.899ms total 125.368ms
01-24 18:19:41.305  2732  2732 D sysproxy: [D:4dd4] Look up dclmcloud.s3.amazonaws.com.
01-24 18:19:41.357  2732  2732 D sysproxy: [D:4dd4] Resolved s3-1-w.amazonaws.com to 52.216.8.83.
01-24 18:19:41.428  2732  2732 D sysproxy: [T:112] Establishing a new TCP stream to: 52.216.8.83:443 (uid=10060) (package=org.dclm.live)
01-24 18:19:41.741 30846 30867 I Finsky  : [1245] jwq.run(3): Stats for Executor: bgExecutor jyi@5e72822[Running, pool size = 4, active threads = 0, queued tasks = 0, completed tasks = 1075]
01-24 18:19:41.891   434   536 E TaskPersister: File error accessing recents directory (directory doesn't exist?).
01-24 18:19:42.288 13912 13922 I zygote  : Background concurrent copying GC freed 8175(402KB) AllocSpace objects, 0(0B) LOS objects, 25% free, 1466KB/1978KB, paused 960us total 117.163ms
01-24 18:19:42.973  7206  7251 I dailytrack: HealthSportDataCacheUtil::saveData(),currentThread4=handle_total_data
01-24 18:19:43.173   323   403 W HWComposer: Ignoring duplicate VSYNC event from HWC (t=162252677300133)
01-24 18:19:47.981  7206  7251 I dailytrack: HealthSportDataCacheUtil::saveData(),currentThread4=handle_total_data
01-24 18:19:50.494  2732  2732 D sysproxy: [T:112] Closed stream. RX/TX: 486/150272
01-24 18:19:52.990  7206  7251 I dailytrack: HealthSportDataCacheUtil::saveData(),currentThread4=handle_total_data
01-24 18:19:53.906 15691 15701 I zygote  : Background concurrent copying GC freed 4297(401KB) AllocSpace objects, 0(0B) LOS objects, 28% free, 1259KB/1771KB, paused 5.153ms total 66.754ms
01-24 18:19:55.909 13953 13953 D AndroidRuntime: >>>>>> START com.android.internal.os.RuntimeInit uid 2000 <<<<<<
01-24 18:19:57.215 13953 13953 D AndroidRuntime: Calling main entry com.android.commands.pm.Pm
01-24 18:19:57.251   434  1099 I ActivityManager: Force stopping org.dclm.live appid=10060 user=0: clear data
01-24 18:19:57.253   434  1099 I ActivityManager: Killing 13912:org.dclm.live/u0a60 (adj 0): stop org.dclm.live
01-24 18:19:57.263   434  1099 W ActivityManager: Force removing ActivityRecord{3bd6a1e u0 org.dclm.live/.MainActivity t430}: app died, no saved state
01-24 18:19:57.405   434  5002 W InputMethodManagerService: Got RemoteException sending setActive(false) notification to pid 13912 uid 10060
01-24 18:19:57.441  2732  2732 D sysproxy: [T:111] Local application closed connection; closing stream.
01-24 18:19:57.441  2732  2732 D sysproxy: [T:111] Closed stream. RX/TX: 687/11663
01-24 18:19:57.579   434   454 W Looper  : Dispatch took 326ms on android.ui, h=Handler (com.android.server.am.ActivityManagerService$UiHandler) {dee4953} cb=null msg=53
01-24 18:19:57.625   335   335 I keystore: clear_uid 10060
01-24 18:19:57.627   434   453 I ActivityManager: Force stopping org.dclm.live appid=10060 user=-1: clearApplicationUserData
01-24 18:19:57.642   434   461 W ActivityManager: setHasOverlayUi called on unknown pid: 13912
01-24 18:19:57.656 15691 15691 E Watchface: CocosWatchFaceService::Handler msg: -5 0.0;--
01-24 18:19:57.666   434   453 W BroadcastQueue: Background execution not allowed: receiving Intent { act=android.os.UpdateLock.UPDATE_LOCK_CHANGED flg=0x4000010 (has extras) } to com.google.android.gms/.chimera.GmsIntentOperationService$PersistentTrustedReceiver
01-24 18:19:57.692   434   536 E TaskPersister: File error accessing recents directory (directory doesn't exist?).
01-24 18:19:57.755 31332 31332 D Avrcp   : AvrcpServiceBroadcastReceiver-> Action: android.intent.action.PACKAGE_DATA_CLEARED
01-24 18:19:57.756 31332 31332 D Avrcp   : packageName: org.dclm.live removed: true
01-24 18:19:57.756 31332 31332 V Avrcp   : isBrowseSupported for org.dclm.live: false
01-24 18:19:57.773 13109 13109 I GeofencerStateMachine: removeGeofences: removeRequest=RemoveGeofencingRequest[REMOVE_ALL packageName=org.dclm.live]
01-24 18:19:57.817 13953 13953 I app_process: System.exit called, status: 0
01-24 18:19:57.817 13953 13953 I AndroidRuntime: VM exiting with result code 0.
01-24 18:19:57.898   712   712 D RegisteredNfcFServicesCache: Service unchanged, not updating
01-24 18:19:57.994  7206  7251 I dailytrack: HealthSportDataCacheUtil::saveData(),currentThread4=handle_total_data
01-24 18:19:58.008 13109 13972 I Fitness : Clearing all cached OAuth tokens for: org.dclm.live [CONTEXT service_id=17 ]
01-24 18:19:58.013 13109 13972 I Fitness : Removing all subscriptions for: org.dclm.live [CONTEXT service_id=17 ]
01-24 18:19:58.054 13109 13972 I Fitness : Clearing all cached OAuth tokens for: org.dclm.live [CONTEXT service_id=17 ]
01-24 18:19:58.056 13109 13972 I Fitness : Removing all subscriptions for: org.dclm.live [CONTEXT service_id=17 ]
01-24 18:20:00.016 15691 15691 D WallpaperUtil: InternalCache: available=1546M
01-24 18:20:00.031 15691 15691 E Watchface: WeatherManager::checkUpdateDisplayWeather() mWeatherInfo is null !
01-24 18:20:00.035 32131 32131 W OngoingChipController: Attempting to remove non-existent UI for chip [com.google.android.wearable.app, media_controls]
01-24 18:20:02.793 31332 31384 E bt_btif : bta_dm_pm_btm_status hci_status=35
01-24 18:20:03.001  7206  7251 I dailytrack: HealthSportDataCacheUtil::saveData(),currentThread4=handle_total_data
01-24 18:20:03.155   434 13233 I ActivityManager: START u0 {act=api.android.category.MAIN cat=[api.android.intent.LAUNCHER] flg=0x10000000 cmp=org.dclm.live/.MainActivity} from uid 2000
01-24 18:20:03.268   434  1099 I ActivityManager: Start proc 13979:org.dclm.live/u0a60 for activity org.dclm.live/.MainActivity
01-24 18:20:03.285   434   462 W ProcessCpuTracker: Skipping unknown process pid 13975
01-24 18:20:03.286   434   462 W ProcessCpuTracker: Skipping unknown process pid 13977
01-24 18:20:03.496   434  1099 W ActivityManager: Slow operation: 91ms so far, now at attachApplicationLocked: after mServices.attachApplicationLocked
01-24 18:20:03.566   434   453 W BroadcastQueue: Background execution not allowed: receiving Intent { act=android.os.UpdateLock.UPDATE_LOCK_CHANGED flg=0x4000010 (has extras) } to com.google.android.gms/.chimera.GmsIntentOperationService$PersistentTrustedReceiver
01-24 18:20:03.580 13979 13979 W ResourceType: ResTable_typeSpec entry count inconsistent: given 111, previously 105
01-24 18:20:03.609 13979 13979 W ResourceType: ResTable_typeSpec entry count inconsistent: given 111, previously 105
01-24 18:20:03.800 13979 13989 I zygote  : Background concurrent copying GC freed 620(378KB) AllocSpace objects, 0(0B) LOS objects, 31% free, 1100KB/1612KB, paused 25.135ms total 281.987ms
01-24 18:20:04.017 13979 13995 D NetworkSecurityConfig: Using Network Security Config from resource network_security_config debugBuild: false
01-24 18:20:04.060  2732  2732 D sysproxy: [T:113] Establishing a new TCP stream to: 52.7.24.245:443 (uid=10060) (package=org.dclm.live)
01-24 18:20:04.071 13979 14005 D OpenGLRenderer: HWUI GL Pipeline
01-24 18:20:04.166 13979 13979 I ExoPlayerImpl: Init cc2a12c [ExoPlayerLib/2.10.6] [sawfish, LEO-BX9, HUAWEI, 26]
01-24 18:20:04.244 13979 14005 I Adreno-EGL: <qeglDrvAPI_eglInitialize:379>: EGL 1.4 QUALCOMM build:  (I7af58d6928)
01-24 18:20:04.244 13979 14005 I Adreno-EGL: OpenGL ES Shader Compiler Version: E031.35.01.00
01-24 18:20:04.244 13979 14005 I Adreno-EGL: Build Date: 09/14/17 Thu
01-24 18:20:04.244 13979 14005 I Adreno-EGL: Local Branch: gfx-adreno.lnx.1.0
01-24 18:20:04.244 13979 14005 I Adreno-EGL: Remote Branch: 
01-24 18:20:04.244 13979 14005 I Adreno-EGL: Local Patches: 
01-24 18:20:04.244 13979 14005 I Adreno-EGL: Reconstruct Branch: 
01-24 18:20:04.250 13979 14005 I vndksupport: sphal namespace is not configured for this process. Loading /vendor/lib/hw/gralloc.msm8909.so from the current namespace instead.
01-24 18:20:04.259 14005 14005 W RenderThread: type=1400 audit(0.0:514): avc: denied { read } for name="gpuclk" dev="sysfs" ino=18862 scontext=u:r:untrusted_app:s0:c512,c768 tcontext=u:object_r:sysfs:s0 tclass=file permissive=0
01-24 18:20:04.268 13979 14005 I OpenGLRenderer: Initialized EGL, version 1.4
01-24 18:20:04.268 13979 14005 D OpenGLRenderer: Swap behavior 1
01-24 18:20:04.275 13979 14005 W Adreno-ES20: <get_gpu_clk:229>: open failed: errno 13
01-24 18:20:04.286 13979 14005 W Adreno-EGL: <qeglDrvAPI_eglGetConfigAttrib:612>: EGL_BAD_ATTRIBUTE
01-24 18:20:04.288 13979 14005 I vndksupport: sphal namespace is not configured for this process. Loading /vendor/lib/hw/gralloc.msm8909.so from the current namespace instead.
01-24 18:20:04.333   856   866 I zygote  : Background concurrent copying GC freed 3443(171KB) AllocSpace objects, 0(0B) LOS objects, 32% free, 1078KB/1590KB, paused 51.229ms total 233.019ms
01-24 18:20:04.351 13979 14005 I vndksupport: sphal namespace is not configured for this process. Loading /vendor/lib/hw/gralloc.msm8909.so from the current namespace instead.
01-24 18:20:04.643   434   461 I ActivityManager: Displayed org.dclm.live/.MainActivity: +1s396ms
01-24 18:20:05.640   856   856 W SensorDataChecker: Potential sensor issue: No new accel samples in the last 150ms! Exiting.
01-24 18:20:05.730   328   328 D shd     : ProcessSensorDeactive sensor:0x0, handle:0 
01-24 18:20:05.779 13979 13989 I zygote  : NativeAllocBackground concurrent copying GC freed 3201(312KB) AllocSpace objects, 0(0B) LOS objects, 27% free, 1374KB/1886KB, paused 5.644ms total 134.714ms
01-24 18:20:05.800  2732  2732 D sysproxy: [D:5833] Look up dclmcloud.s3.amazonaws.com.
01-24 18:20:05.802   328   328 D shd     : Process sensor Batch sensor:0, period:10, batch:10
01-24 18:20:05.803   328   328 D shd     : ProcessSensorActive sensor:0x0, handle:0, option:0
01-24 18:20:05.859  2732  2732 D sysproxy: [D:5833] Resolved s3-1-w.amazonaws.com to 52.216.237.171.
01-24 18:20:05.888  2732  2732 D sysproxy: [T:114] Establishing a new TCP stream to: 52.216.237.171:443 (uid=10060) (package=org.dclm.live)
01-24 18:20:06.738   434   536 E TaskPersister: File error accessing recents directory (directory doesn't exist?).
01-24 18:20:08.004  7206  7251 I dailytrack: HealthSportDataCacheUtil::saveData(),currentThread4=handle_total_data
01-24 18:20:13.007  7206  7251 I dailytrack: HealthSportDataCacheUtil::saveData(),currentThread4=handle_total_data
01-24 18:20:15.038  2732  2732 D sysproxy: [T:114] Closed stream. RX/TX: 486/150272
01-24 18:20:18.012  7206  7251 I dailytrack: HealthSportDataCacheUtil::saveData(),currentThread4=handle_total_data
01-24 18:20:20.455 14019 14019 D AndroidRuntime: >>>>>> START com.android.internal.os.RuntimeInit uid 2000 <<<<<<
01-24 18:20:21.688 14019 14019 D AndroidRuntime: Calling main entry com.android.commands.pm.Pm
01-24 18:20:21.717   434  1099 I ActivityManager: Force stopping org.dclm.live appid=10060 user=0: clear data
01-24 18:20:21.718   434  1099 I ActivityManager: Killing 13979:org.dclm.live/u0a60 (adj 0): stop org.dclm.live
01-24 18:20:21.725   434  1099 W ActivityManager: Force removing ActivityRecord{f1fc6bf u0 org.dclm.live/.MainActivity t431}: app died, no saved state
01-24 18:20:21.899   434 13233 W InputMethodManagerService: Got RemoteException sending setActive(false) notification to pid 13979 uid 10060
01-24 18:20:21.979  2732  2732 D sysproxy: [T:113] Local application closed connection; closing stream.
01-24 18:20:21.980  2732  2732 D sysproxy: [T:113] Closed stream. RX/TX: 687/11663
01-24 18:20:22.026   434   454 W Looper  : Dispatch took 308ms on android.ui, h=Handler (com.android.server.am.ActivityManagerService$UiHandler) {dee4953} cb=null msg=53
01-24 18:20:22.054   434   453 W BroadcastQueue: Background execution not allowed: receiving Intent { act=android.os.UpdateLock.UPDATE_LOCK_CHANGED flg=0x4000010 (has extras) } to com.google.android.gms/.chimera.GmsIntentOperationService$PersistentTrustedReceiver
01-24 18:20:22.060 15691 15691 E Watchface: CocosWatchFaceService::Handler msg: -5 0.0;--
01-24 18:20:22.121   434   461 W ActivityManager: setHasOverlayUi called on unknown pid: 13979
01-24 18:20:22.143   335   335 I keystore: clear_uid 10060
01-24 18:20:22.150   434   453 I ActivityManager: Force stopping org.dclm.live appid=10060 user=-1: clearApplicationUserData
01-24 18:20:22.178   434   536 E TaskPersister: File error accessing recents directory (directory doesn't exist?).
01-24 18:20:22.210   434   462 W ProcessCpuTracker: Skipping unknown process pid 13979
01-24 18:20:22.276 31332 31332 D Avrcp   : AvrcpServiceBroadcastReceiver-> Action: android.intent.action.PACKAGE_DATA_CLEARED
01-24 18:20:22.276 31332 31332 D Avrcp   : packageName: org.dclm.live removed: true
01-24 18:20:22.276 31332 31332 V Avrcp   : isBrowseSupported for org.dclm.live: false
01-24 18:20:22.277 13109 13109 I GeofencerStateMachine: removeGeofences: removeRequest=RemoveGeofencingRequest[REMOVE_ALL packageName=org.dclm.live]
01-24 18:20:22.336 14019 14019 I app_process: System.exit called, status: 0
01-24 18:20:22.336 14019 14019 I AndroidRuntime: VM exiting with result code 0.
01-24 18:20:22.366   712   712 D RegisteredNfcFServicesCache: Service unchanged, not updating
01-24 18:20:22.382 13109 14035 I Fitness : Clearing all cached OAuth tokens for: org.dclm.live [CONTEXT service_id=17 ]
01-24 18:20:22.387 13109 14035 I Fitness : Removing all subscriptions for: org.dclm.live [CONTEXT service_id=17 ]
01-24 18:20:22.436   434   454 W Looper  : Dispatch took 170ms on android.ui, h=Handler (com.android.server.am.ActivityManagerService$UiHandler) {dee4953} cb=null msg=53
01-24 18:20:22.480 13109 14035 I Fitness : Clearing all cached OAuth tokens for: org.dclm.live [CONTEXT service_id=17 ]
01-24 18:20:22.484 13109 14035 I Fitness : Removing all subscriptions for: org.dclm.live [CONTEXT service_id=17 ]
01-24 18:20:22.914   434   443 I zygote  : Background concurrent copying GC freed 21155(1590KB) AllocSpace objects, 21(432KB) LOS objects, 14% free, 11MB/13MB, paused 16.519ms total 835.776ms
01-24 18:20:23.016  7206  7251 I dailytrack: HealthSportDataCacheUtil::saveData(),currentThread4=handle_total_data
01-24 18:20:27.793   434   756 I ActivityManager: START u0 {act=api.android.category.MAIN cat=[api.android.intent.LAUNCHER] flg=0x10000000 cmp=org.dclm.live/.MainActivity} from uid 2000
01-24 18:20:27.811   434   488 W ResourceType: ResTable_typeSpec entry count inconsistent: given 111, previously 105
01-24 18:20:27.921   434 13233 I ActivityManager: Start proc 14043:org.dclm.live/u0a60 for activity org.dclm.live/.MainActivity
01-24 18:20:27.932   434   462 W ProcessCpuTracker: Skipping unknown process pid 14039
01-24 18:20:27.933   434   462 W ProcessCpuTracker: Skipping unknown process pid 14041
01-24 18:20:28.022  7206  7251 I dailytrack: HealthSportDataCacheUtil::saveData(),currentThread4=handle_total_data
01-24 18:20:28.150   434 13233 W ActivityManager: Slow operation: 82ms so far, now at attachApplicationLocked: after mServices.attachApplicationLocked
01-24 18:20:28.200 14043 14043 W ResourceType: ResTable_typeSpec entry count inconsistent: given 111, previously 105
01-24 18:20:28.218   434   453 W BroadcastQueue: Background execution not allowed: receiving Intent { act=android.os.UpdateLock.UPDATE_LOCK_CHANGED flg=0x4000010 (has extras) } to com.google.android.gms/.chimera.GmsIntentOperationService$PersistentTrustedReceiver
01-24 18:20:28.258 14043 14043 W ResourceType: ResTable_typeSpec entry count inconsistent: given 111, previously 105
01-24 18:20:28.651 14043 14062 D NetworkSecurityConfig: Using Network Security Config from resource network_security_config debugBuild: false
01-24 18:20:28.689 14043 14068 D OpenGLRenderer: HWUI GL Pipeline
01-24 18:20:28.714  2732  2732 D sysproxy: [T:115] Establishing a new TCP stream to: 52.7.24.245:443 (uid=10060) (package=org.dclm.live)
01-24 18:20:28.774 14043 14043 I ExoPlayerImpl: Init cc2a12c [ExoPlayerLib/2.10.6] [sawfish, LEO-BX9, HUAWEI, 26]
01-24 18:20:28.859 14043 14068 I Adreno-EGL: <qeglDrvAPI_eglInitialize:379>: EGL 1.4 QUALCOMM build:  (I7af58d6928)
01-24 18:20:28.859 14043 14068 I Adreno-EGL: OpenGL ES Shader Compiler Version: E031.35.01.00
01-24 18:20:28.859 14043 14068 I Adreno-EGL: Build Date: 09/14/17 Thu
01-24 18:20:28.859 14043 14068 I Adreno-EGL: Local Branch: gfx-adreno.lnx.1.0
01-24 18:20:28.859 14043 14068 I Adreno-EGL: Remote Branch: 
01-24 18:20:28.859 14043 14068 I Adreno-EGL: Local Patches: 
01-24 18:20:28.859 14043 14068 I Adreno-EGL: Reconstruct Branch: 
01-24 18:20:28.865 14043 14068 I vndksupport: sphal namespace is not configured for this process. Loading /vendor/lib/hw/gralloc.msm8909.so from the current namespace instead.
01-24 18:20:28.879 14068 14068 W RenderThread: type=1400 audit(0.0:515): avc: denied { read } for name="gpuclk" dev="sysfs" ino=18862 scontext=u:r:untrusted_app:s0:c512,c768 tcontext=u:object_r:sysfs:s0 tclass=file permissive=0
01-24 18:20:28.880 14043 14068 I OpenGLRenderer: Initialized EGL, version 1.4
01-24 18:20:28.880 14043 14068 D OpenGLRenderer: Swap behavior 1
01-24 18:20:28.886 14043 14068 W Adreno-ES20: <get_gpu_clk:229>: open failed: errno 13
01-24 18:20:28.898 14043 14068 W Adreno-EGL: <qeglDrvAPI_eglGetConfigAttrib:612>: EGL_BAD_ATTRIBUTE
01-24 18:20:28.901 14043 14068 I vndksupport: sphal namespace is not configured for this process. Loading /vendor/lib/hw/gralloc.msm8909.so from the current namespace instead.
01-24 18:20:28.968 14043 14068 I vndksupport: sphal namespace is not configured for this process. Loading /vendor/lib/hw/gralloc.msm8909.so from the current namespace instead.
01-24 18:20:29.224   434   461 I ActivityManager: Displayed org.dclm.live/.MainActivity: +1s359ms
01-24 18:20:30.790 14043 14053 I zygote  : NativeAllocBackground concurrent copying GC freed 2577(254KB) AllocSpace objects, 0(0B) LOS objects, 26% free, 1387KB/1899KB, paused 10.366ms total 138.886ms
01-24 18:20:30.794  2732  2732 D sysproxy: [D:3bb3] Look up dclmcloud.s3.amazonaws.com.
01-24 18:20:30.847  2732  2732 D sysproxy: [D:3bb3] Resolved s3-1-w.amazonaws.com to 52.216.94.211.
01-24 18:20:30.881  2732  2732 D sysproxy: [T:116] Establishing a new TCP stream to: 52.216.94.211:443 (uid=10060) (package=org.dclm.live)
01-24 18:20:31.369   434   536 E TaskPersister: File error accessing recents directory (directory doesn't exist?).
01-24 18:20:32.000 14043 14053 I zygote  : Background concurrent copying GC freed 7957(412KB) AllocSpace objects, 0(0B) LOS objects, 26% free, 1449KB/1961KB, paused 942us total 106.658ms
01-24 18:20:33.029  7206  7251 I dailytrack: HealthSportDataCacheUtil::saveData(),currentThread4=handle_total_data
01-24 18:20:38.034  7206  7251 I dailytrack: HealthSportDataCacheUtil::saveData(),currentThread4=handle_total_data
01-24 18:20:40.319  2732  2732 D sysproxy: [T:116] Closed stream. RX/TX: 486/150272
01-24 18:20:43.036  7206  7251 I dailytrack: HealthSportDataCacheUtil::saveData(),currentThread4=handle_total_data
01-24 18:20:44.974 14084 14084 D AndroidRuntime: >>>>>> START com.android.internal.os.RuntimeInit uid 2000 <<<<<<
01-24 18:20:46.166 14084 14084 D AndroidRuntime: Calling main entry com.android.commands.pm.Pm
01-24 18:20:46.198   434  1099 I ActivityManager: Force stopping org.dclm.live appid=10060 user=0: clear data
01-24 18:20:46.200   434  1099 I ActivityManager: Killing 14043:org.dclm.live/u0a60 (adj 0): stop org.dclm.live
01-24 18:20:46.226   434  1099 W ActivityManager: Force removing ActivityRecord{ad9ca7f u0 org.dclm.live/.MainActivity t432}: app died, no saved state
01-24 18:20:46.464   434   454 W Looper  : Dispatch took 264ms on android.ui, h=Handler (com.android.server.am.ActivityManagerService$UiHandler) {dee4953} cb=null msg=53
01-24 18:20:46.525   434   453 W BroadcastQueue: Background execution not allowed: receiving Intent { act=android.os.UpdateLock.UPDATE_LOCK_CHANGED flg=0x4000010 (has extras) } to com.google.android.gms/.chimera.GmsIntentOperationService$PersistentTrustedReceiver
01-24 18:20:46.547  2732  2732 D sysproxy: [T:115] Local application closed connection; closing stream.
01-24 18:20:46.547  2732  2732 D sysproxy: [T:115] Closed stream. RX/TX: 687/11556
01-24 18:20:46.569 15691 15691 E Watchface: CocosWatchFaceService::Handler msg: -5 0.0;--
01-24 18:20:46.571   434   461 W ActivityManager: setHasOverlayUi called on unknown pid: 14043
01-24 18:20:46.620   434   536 E TaskPersister: File error accessing recents directory (directory doesn't exist?).
01-24 18:20:46.651   434   453 I ActivityManager: Force stopping org.dclm.live appid=10060 user=-1: clearApplicationUserData
01-24 18:20:46.654   335   335 I keystore: clear_uid 10060
01-24 18:20:46.743 31332 31332 D Avrcp   : AvrcpServiceBroadcastReceiver-> Action: android.intent.action.PACKAGE_DATA_CLEARED
01-24 18:20:46.743 31332 31332 D Avrcp   : packageName: org.dclm.live removed: true
01-24 18:20:46.743 31332 31332 V Avrcp   : isBrowseSupported for org.dclm.live: false
01-24 18:20:46.745 13109 13109 I GeofencerStateMachine: removeGeofences: removeRequest=RemoveGeofencingRequest[REMOVE_ALL packageName=org.dclm.live]
01-24 18:20:46.757 14084 14084 I app_process: System.exit called, status: 0
01-24 18:20:46.757 14084 14084 I AndroidRuntime: VM exiting with result code 0.
01-24 18:20:46.849   712   712 D RegisteredNfcFServicesCache: Service unchanged, not updating
01-24 18:20:46.959 13109 14103 I Fitness : Clearing all cached OAuth tokens for: org.dclm.live [CONTEXT service_id=17 ]
01-24 18:20:46.961 13109 14103 I Fitness : Removing all subscriptions for: org.dclm.live [CONTEXT service_id=17 ]
01-24 18:20:47.013 13109 14103 I Fitness : Clearing all cached OAuth tokens for: org.dclm.live [CONTEXT service_id=17 ]
01-24 18:20:47.019 13109 14103 I Fitness : Removing all subscriptions for: org.dclm.live [CONTEXT service_id=17 ]
01-24 18:20:47.251 13109 13122 I zygote  : Background concurrent copying GC freed 35299(2MB) AllocSpace objects, 0(0B) LOS objects, 20% free, 7MB/9MB, paused 944us total 299.574ms
01-24 18:20:48.040  7206  7251 I dailytrack: HealthSportDataCacheUtil::saveData(),currentThread4=handle_total_data
01-24 18:20:52.119   434 13081 I ActivityManager: START u0 {act=api.android.category.MAIN cat=[api.android.intent.LAUNCHER] flg=0x10000000 cmp=org.dclm.live/.MainActivity} from uid 2000
01-24 18:20:52.200   434   756 I ActivityManager: Start proc 14110:org.dclm.live/u0a60 for activity org.dclm.live/.MainActivity
01-24 18:20:52.290   434   462 W ProcessCpuTracker: Skipping unknown process pid 14106
01-24 18:20:52.291   434   462 W ProcessCpuTracker: Skipping unknown process pid 14108
01-24 18:20:52.308 31332 31384 E bt_btif : bta_dm_pm_btm_status hci_status=35
01-24 18:20:52.374   283 14114 I zygote  : Background concurrent copying GC freed 583(416KB) AllocSpace objects, 0(0B) LOS objects, 36% free, 876KB/1388KB, paused 938us total 158.485ms
01-24 18:20:52.465   434   756 W ActivityManager: Slow operation: 81ms so far, now at attachApplicationLocked: after mServices.attachApplicationLocked
01-24 18:20:52.470   434   453 W BroadcastQueue: Background execution not allowed: receiving Intent { act=android.os.UpdateLock.UPDATE_LOCK_CHANGED flg=0x4000010 (has extras) } to com.google.android.gms/.chimera.GmsIntentOperationService$PersistentTrustedReceiver
01-24 18:20:52.572 14110 14110 W ResourceType: ResTable_typeSpec entry count inconsistent: given 111, previously 105
01-24 18:20:52.608 14110 14110 W ResourceType: ResTable_typeSpec entry count inconsistent: given 111, previously 105
01-24 18:20:52.910 14110 14120 I zygote  : NativeAllocBackground concurrent copying GC freed 730(140KB) AllocSpace objects, 0(0B) LOS objects, 33% free, 1020KB/1532KB, paused 926us total 165.851ms
01-24 18:20:53.034 14110 14128 D NetworkSecurityConfig: Using Network Security Config from resource network_security_config debugBuild: false
01-24 18:20:53.038 14110 14120 I zygote  : NativeAllocBackground concurrent copying GC freed 223(47KB) AllocSpace objects, 0(0B) LOS objects, 27% free, 1273KB/1753KB, paused 9.784ms total 95.170ms
01-24 18:20:53.043 14110 14134 D OpenGLRenderer: HWUI GL Pipeline
01-24 18:20:53.045  7206  7251 I dailytrack: HealthSportDataCacheUtil::saveData(),currentThread4=handle_total_data
01-24 18:20:53.078  2732  2732 D sysproxy: [T:117] Establishing a new TCP stream to: 52.7.24.245:443 (uid=10060) (package=org.dclm.live)
01-24 18:20:53.122 14110 14110 I ExoPlayerImpl: Init cc2a12c [ExoPlayerLib/2.10.6] [sawfish, LEO-BX9, HUAWEI, 26]
01-24 18:20:53.197 14110 14134 I Adreno-EGL: <qeglDrvAPI_eglInitialize:379>: EGL 1.4 QUALCOMM build:  (I7af58d6928)
01-24 18:20:53.197 14110 14134 I Adreno-EGL: OpenGL ES Shader Compiler Version: E031.35.01.00
01-24 18:20:53.197 14110 14134 I Adreno-EGL: Build Date: 09/14/17 Thu
01-24 18:20:53.197 14110 14134 I Adreno-EGL: Local Branch: gfx-adreno.lnx.1.0
01-24 18:20:53.197 14110 14134 I Adreno-EGL: Remote Branch: 
01-24 18:20:53.197 14110 14134 I Adreno-EGL: Local Patches: 
01-24 18:20:53.197 14110 14134 I Adreno-EGL: Reconstruct Branch: 
01-24 18:20:53.203 14110 14134 I vndksupport: sphal namespace is not configured for this process. Loading /vendor/lib/hw/gralloc.msm8909.so from the current namespace instead.
01-24 18:20:53.219 14134 14134 W RenderThread: type=1400 audit(0.0:516): avc: denied { read } for name="gpuclk" dev="sysfs" ino=18862 scontext=u:r:untrusted_app:s0:c512,c768 tcontext=u:object_r:sysfs:s0 tclass=file permissive=0
01-24 18:20:53.221 14110 14134 I OpenGLRenderer: Initialized EGL, version 1.4
01-24 18:20:53.221 14110 14134 D OpenGLRenderer: Swap behavior 1
01-24 18:20:53.229 14110 14134 W Adreno-ES20: <get_gpu_clk:229>: open failed: errno 13
01-24 18:20:53.239 14110 14134 W Adreno-EGL: <qeglDrvAPI_eglGetConfigAttrib:612>: EGL_BAD_ATTRIBUTE
01-24 18:20:53.241 14110 14134 I vndksupport: sphal namespace is not configured for this process. Loading /vendor/lib/hw/gralloc.msm8909.so from the current namespace instead.
01-24 18:20:53.306 14110 14134 I vndksupport: sphal namespace is not configured for this process. Loading /vendor/lib/hw/gralloc.msm8909.so from the current namespace instead.
01-24 18:20:53.595   434   461 I ActivityManager: Displayed org.dclm.live/.MainActivity: +1s388ms
01-24 18:20:55.115  2732  2732 D sysproxy: [D:14ce] Look up dclmcloud.s3.amazonaws.com.
01-24 18:20:55.155  2732  2732 D sysproxy: [D:14ce] Resolved s3-1-w.amazonaws.com to 52.216.111.51.
01-24 18:20:55.191  2732  2732 D sysproxy: [T:118] Establishing a new TCP stream to: 52.216.111.51:443 (uid=10060) (package=org.dclm.live)
01-24 18:20:55.699   434   536 E TaskPersister: File error accessing recents directory (directory doesn't exist?).
01-24 18:20:58.053  7206  7251 I dailytrack: HealthSportDataCacheUtil::saveData(),currentThread4=handle_total_data
01-24 18:21:00.017 15691 15691 D WallpaperUtil: InternalCache: available=1546M
01-24 18:21:00.029 15691 15691 E Watchface: WeatherManager::checkUpdateDisplayWeather() mWeatherInfo is null !
01-24 18:21:00.039 32131 32131 W OngoingChipController: Attempting to remove non-existent UI for chip [com.google.android.wearable.app, media_controls]
01-24 18:21:03.059  7206  7251 I dailytrack: HealthSportDataCacheUtil::saveData(),currentThread4=handle_total_data
01-24 18:21:04.444  2732  2732 D sysproxy: [T:118] Closed stream. RX/TX: 486/150272
01-24 18:21:08.064  7206  7251 I dailytrack: HealthSportDataCacheUtil::saveData(),currentThread4=handle_total_data
01-24 18:21:09.420 14150 14150 D AndroidRuntime: >>>>>> START com.android.internal.os.RuntimeInit uid 2000 <<<<<<
01-24 18:21:10.684 14150 14150 D AndroidRuntime: Calling main entry com.android.commands.pm.Pm
01-24 18:21:10.709   434 13233 I ActivityManager: Force stopping org.dclm.live appid=10060 user=0: clear data
01-24 18:21:10.714   434 13233 I ActivityManager: Killing 14110:org.dclm.live/u0a60 (adj 0): stop org.dclm.live
01-24 18:21:10.720   434 13233 W ActivityManager: Force removing ActivityRecord{21d8e3f u0 org.dclm.live/.MainActivity t433}: app died, no saved state
01-24 18:21:10.977   434   454 W Looper  : Dispatch took 265ms on android.ui, h=Handler (com.android.server.am.ActivityManagerService$UiHandler) {dee4953} cb=null msg=53
01-24 18:21:10.998  2732  2732 D sysproxy: [T:117] Local application closed connection; closing stream.
01-24 18:21:10.999  2732  2732 D sysproxy: [T:117] Closed stream. RX/TX: 687/11557
01-24 18:21:11.039 15691 15691 E Watchface: CocosWatchFaceService::Handler msg: -5 0.0;--
01-24 18:21:11.039   434   453 I ActivityManager: Force stopping org.dclm.live appid=10060 user=-1: clearApplicationUserData
01-24 18:21:11.041   434   461 W ActivityManager: setHasOverlayUi called on unknown pid: 14110
01-24 18:21:11.041   434   536 E TaskPersister: File error accessing recents directory (directory doesn't exist?).
01-24 18:21:11.044   434   453 W BroadcastQueue: Background execution not allowed: receiving Intent { act=android.os.UpdateLock.UPDATE_LOCK_CHANGED flg=0x4000010 (has extras) } to com.google.android.gms/.chimera.GmsIntentOperationService$PersistentTrustedReceiver
01-24 18:21:11.101   335   335 I keystore: clear_uid 10060
01-24 18:21:11.221 13109 13109 I GeofencerStateMachine: removeGeofences: removeRequest=RemoveGeofencingRequest[REMOVE_ALL packageName=org.dclm.live]
01-24 18:21:11.223 31332 31332 D Avrcp   : AvrcpServiceBroadcastReceiver-> Action: android.intent.action.PACKAGE_DATA_CLEARED
01-24 18:21:11.223 31332 31332 D Avrcp   : packageName: org.dclm.live removed: true
01-24 18:21:11.223 31332 31332 V Avrcp   : isBrowseSupported for org.dclm.live: false
01-24 18:21:11.286 14150 14150 I app_process: System.exit called, status: 0
01-24 18:21:11.288 14150 14150 I AndroidRuntime: VM exiting with result code 0.
01-24 18:21:11.307   712   712 D RegisteredNfcFServicesCache: Service unchanged, not updating
01-24 18:21:11.341 13109 14161 I Fitness : Clearing all cached OAuth tokens for: org.dclm.live [CONTEXT service_id=17 ]
01-24 18:21:11.359 13109 14161 I Fitness : Removing all subscriptions for: org.dclm.live [CONTEXT service_id=17 ]
01-24 18:21:11.407 13109 14161 I Fitness : Clearing all cached OAuth tokens for: org.dclm.live [CONTEXT service_id=17 ]
01-24 18:21:11.410 13109 14161 I Fitness : Removing all subscriptions for: org.dclm.live [CONTEXT service_id=17 ]
01-24 18:21:13.066  7206  7251 I dailytrack: HealthSportDataCacheUtil::saveData(),currentThread4=handle_total_data
01-24 18:21:16.685   434  1099 I ActivityManager: START u0 {act=api.android.category.MAIN cat=[api.android.intent.LAUNCHER] flg=0x10000000 cmp=org.dclm.live/.MainActivity} from uid 2000
01-24 18:21:16.795   434   874 I ActivityManager: Start proc 14175:org.dclm.live/u0a60 for activity org.dclm.live/.MainActivity
01-24 18:21:16.914   434   462 W ProcessCpuTracker: Skipping unknown process pid 14171
01-24 18:21:16.915   434   462 W ProcessCpuTracker: Skipping unknown process pid 14173
01-24 18:21:16.961   434   874 W ActivityManager: Slow operation: 96ms so far, now at attachApplicationLocked: after mServices.attachApplicationLocked
01-24 18:21:16.984   434   453 W BroadcastQueue: Background execution not allowed: receiving Intent { act=android.os.UpdateLock.UPDATE_LOCK_CHANGED flg=0x4000010 (has extras) } to com.google.android.gms/.chimera.GmsIntentOperationService$PersistentTrustedReceiver
01-24 18:21:17.012 14175 14175 W ResourceType: ResTable_typeSpec entry count inconsistent: given 111, previously 105
01-24 18:21:17.053 14175 14175 W ResourceType: ResTable_typeSpec entry count inconsistent: given 111, previously 105
01-24 18:21:17.432 14175 14193 D NetworkSecurityConfig: Using Network Security Config from resource network_security_config debugBuild: false
01-24 18:21:17.481  2732  2732 D sysproxy: [T:119] Establishing a new TCP stream to: 52.7.24.245:443 (uid=10060) (package=org.dclm.live)
01-24 18:21:17.496 14175 14201 D OpenGLRenderer: HWUI GL Pipeline
01-24 18:21:17.574 14175 14175 I ExoPlayerImpl: Init cc2a12c [ExoPlayerLib/2.10.6] [sawfish, LEO-BX9, HUAWEI, 26]
01-24 18:21:17.649 14175 14201 I Adreno-EGL: <qeglDrvAPI_eglInitialize:379>: EGL 1.4 QUALCOMM build:  (I7af58d6928)
01-24 18:21:17.649 14175 14201 I Adreno-EGL: OpenGL ES Shader Compiler Version: E031.35.01.00
01-24 18:21:17.649 14175 14201 I Adreno-EGL: Build Date: 09/14/17 Thu
01-24 18:21:17.649 14175 14201 I Adreno-EGL: Local Branch: gfx-adreno.lnx.1.0
01-24 18:21:17.649 14175 14201 I Adreno-EGL: Remote Branch: 
01-24 18:21:17.649 14175 14201 I Adreno-EGL: Local Patches: 
01-24 18:21:17.649 14175 14201 I Adreno-EGL: Reconstruct Branch: 
01-24 18:21:17.654 14175 14201 I vndksupport: sphal namespace is not configured for this process. Loading /vendor/lib/hw/gralloc.msm8909.so from the current namespace instead.
01-24 18:21:17.659 14201 14201 W RenderThread: type=1400 audit(0.0:517): avc: denied { read } for name="gpuclk" dev="sysfs" ino=18862 scontext=u:r:untrusted_app:s0:c512,c768 tcontext=u:object_r:sysfs:s0 tclass=file permissive=0
01-24 18:21:17.668 14175 14201 I OpenGLRenderer: Initialized EGL, version 1.4
01-24 18:21:17.669 14175 14201 D OpenGLRenderer: Swap behavior 1
01-24 18:21:17.674 14175 14201 W Adreno-ES20: <get_gpu_clk:229>: open failed: errno 13
01-24 18:21:17.687 14175 14201 W Adreno-EGL: <qeglDrvAPI_eglGetConfigAttrib:612>: EGL_BAD_ATTRIBUTE
01-24 18:21:17.690 14175 14201 I vndksupport: sphal namespace is not configured for this process. Loading /vendor/lib/hw/gralloc.msm8909.so from the current namespace instead.
01-24 18:21:17.750 14175 14201 I vndksupport: sphal namespace is not configured for this process. Loading /vendor/lib/hw/gralloc.msm8909.so from the current namespace instead.
01-24 18:21:18.021   434   461 I ActivityManager: Displayed org.dclm.live/.MainActivity: +1s241ms
01-24 18:21:18.072  7206  7251 I dailytrack: HealthSportDataCacheUtil::saveData(),currentThread4=handle_total_data
01-24 18:21:19.570 14175 14185 I zygote  : NativeAllocBackground concurrent copying GC freed 988(159KB) AllocSpace objects, 0(0B) LOS objects, 25% free, 1471KB/1983KB, paused 12.168ms total 100.117ms
01-24 18:21:19.582  2732  2732 D sysproxy: [D:5e6a] Look up dclmcloud.s3.amazonaws.com.
01-24 18:21:19.626  2732  2732 D sysproxy: [D:5e6a] Resolved s3-1-w.amazonaws.com to 52.216.146.211.
01-24 18:21:19.637  2732  2732 D sysproxy: [T:120] Establishing a new TCP stream to: 52.216.146.211:443 (uid=10060) (package=org.dclm.live)
01-24 18:21:20.248   434   536 E TaskPersister: File error accessing recents directory (directory doesn't exist?).
01-24 18:21:23.073  7206  7251 I dailytrack: HealthSportDataCacheUtil::saveData(),currentThread4=handle_total_data
01-24 18:21:24.193 13109  2805 E WakeLock: GCM_HB_ALARM release without a matched acquire!
01-24 18:21:24.685 31850 32271 I Checkin : [EventLogChimeraService] Opted in for usage reporting: false
01-24 18:21:24.689 31850 32271 I Checkin : [EventLogChimeraService] Aggregate from 1579884863842 (log), 1579884863842 (data)
01-24 18:21:24.897   434   453 W BroadcastQueue: Background execution not allowed: receiving Intent { act=android.intent.action.DROPBOX_ENTRY_ADDED flg=0x10 (has extras) } to com.google.android.gms/.stats.service.DropBoxEntryAddedReceiver
01-24 18:21:24.898   434   453 W BroadcastQueue: Background execution not allowed: receiving Intent { act=android.intent.action.DROPBOX_ENTRY_ADDED flg=0x10 (has extras) } to com.google.android.gms/.chimera.GmsIntentOperationService$PersistentTrustedReceiver
01-24 18:21:24.941   434   453 W BroadcastQueue: Background execution not allowed: receiving Intent { act=android.intent.action.DROPBOX_ENTRY_ADDED flg=0x10 (has extras) } to com.google.android.gms/.stats.service.DropBoxEntryAddedReceiver
01-24 18:21:24.942   434   453 W BroadcastQueue: Background execution not allowed: receiving Intent { act=android.intent.action.DROPBOX_ENTRY_ADDED flg=0x10 (has extras) } to com.google.android.gms/.chimera.GmsIntentOperationService$PersistentTrustedReceiver
01-24 18:21:25.068   434   443 I zygote  : Background concurrent copying GC freed 27199(1794KB) AllocSpace objects, 21(420KB) LOS objects, 15% free, 11MB/13MB, paused 12.088ms total 741.038ms
01-24 18:21:25.273 13109 13109 W BoundBrokerSvc: No bound-service is registered for action: com.google.android.gms.udc.service.START
01-24 18:21:25.273 13109 13109 E BoundBrokerSvc: Proxy without impl failing onBind(): Intent { act=com.google.android.gms.udc.service.START pkg=com.google.android.gms }
01-24 18:21:25.273 13109 13109 W GmsApiChimeraSvc: Failed in attempt to reload bound-service.
01-24 18:21:25.274 13109 13229 I GmsApiChimeraSvc: Using MissingApiServiceBroker for com.google.android.gms.udc.service.START due to missing BoundService implementation
01-24 18:21:25.412 13109 13109 W BoundBrokerSvc: No bound-service is registered for action: com.google.android.gms.udc.service.START
01-24 18:21:25.413 13109 13109 E BoundBrokerSvc: Proxy without impl failing onBind(): Intent { act=com.google.android.gms.udc.service.START pkg=com.google.android.gms }
01-24 18:21:25.413 13109 13109 W GmsApiChimeraSvc: Failed in attempt to reload bound-service.
01-24 18:21:25.417 13109 13229 I GmsApiChimeraSvc: Using MissingApiServiceBroker for com.google.android.gms.udc.service.START due to missing BoundService implementation
01-24 18:21:28.082  7206  7251 I dailytrack: HealthSportDataCacheUtil::saveData(),currentThread4=handle_total_data
01-24 18:21:29.069  2732  2732 D sysproxy: [T:120] Closed stream. RX/TX: 486/150272
01-24 18:21:33.086  7206  7251 I dailytrack: HealthSportDataCacheUtil::saveData(),currentThread4=handle_total_data
01-24 18:21:33.944 14222 14222 D AndroidRuntime: >>>>>> START com.android.internal.os.RuntimeInit uid 2000 <<<<<<
01-24 18:21:35.210 14222 14222 D AndroidRuntime: Calling main entry com.android.commands.pm.Pm
01-24 18:21:35.244   434   756 I ActivityManager: Force stopping org.dclm.live appid=10060 user=0: clear data
01-24 18:21:35.245   434   756 I ActivityManager: Killing 14175:org.dclm.live/u0a60 (adj 0): stop org.dclm.live
01-24 18:21:35.259   434   756 W ActivityManager: Force removing ActivityRecord{68c8bcc u0 org.dclm.live/.MainActivity t434}: app died, no saved state
01-24 18:21:35.435   434 13233 W InputMethodManagerService: Got RemoteException sending setActive(false) notification to pid 14175 uid 10060
01-24 18:21:35.483  2732  2732 D sysproxy: [T:119] Local application closed connection; closing stream.
01-24 18:21:35.483  2732  2732 D sysproxy: [T:119] Closed stream. RX/TX: 687/11557
01-24 18:21:35.571   434   454 W Looper  : Dispatch took 326ms on android.ui, h=Handler (com.android.server.am.ActivityManagerService$UiHandler) {dee4953} cb=null msg=53
01-24 18:21:35.584   434   461 W ActivityManager: setHasOverlayUi called on unknown pid: 14175
01-24 18:21:35.605   434   453 W BroadcastQueue: Background execution not allowed: receiving Intent { act=android.os.UpdateLock.UPDATE_LOCK_CHANGED flg=0x4000010 (has extras) } to com.google.android.gms/.chimera.GmsIntentOperationService$PersistentTrustedReceiver
01-24 18:21:35.605   434   453 I ActivityManager: Force stopping org.dclm.live appid=10060 user=-1: clearApplicationUserData
01-24 18:21:35.679   335   335 I keystore: clear_uid 10060
01-24 18:21:35.684 15691 15691 E Watchface: CocosWatchFaceService::Handler msg: -5 0.0;--
01-24 18:21:35.694   434   536 E TaskPersister: File error accessing recents directory (directory doesn't exist?).
01-24 18:21:35.789 31332 31332 D Avrcp   : AvrcpServiceBroadcastReceiver-> Action: android.intent.action.PACKAGE_DATA_CLEARED
01-24 18:21:35.790 31332 31332 D Avrcp   : packageName: org.dclm.live removed: true
01-24 18:21:35.790 31332 31332 V Avrcp   : isBrowseSupported for org.dclm.live: false
01-24 18:21:35.793 13109 13109 I GeofencerStateMachine: removeGeofences: removeRequest=RemoveGeofencingRequest[REMOVE_ALL packageName=org.dclm.live]
01-24 18:21:35.846 14222 14222 I app_process: System.exit called, status: 0
01-24 18:21:35.847 14222 14222 I AndroidRuntime: VM exiting with result code 0.
01-24 18:21:35.858 13109 14237 I Fitness : Clearing all cached OAuth tokens for: org.dclm.live [CONTEXT service_id=17 ]
01-24 18:21:35.860 13109 14237 I Fitness : Removing all subscriptions for: org.dclm.live [CONTEXT service_id=17 ]
01-24 18:21:35.908   712   712 D RegisteredNfcFServicesCache: Service unchanged, not updating
01-24 18:21:35.927 13109 14237 I Fitness : Clearing all cached OAuth tokens for: org.dclm.live [CONTEXT service_id=17 ]
01-24 18:21:35.930 13109 14237 I Fitness : Removing all subscriptions for: org.dclm.live [CONTEXT service_id=17 ]
01-24 18:21:36.060   712   726 I zygote  : Background concurrent copying GC freed 9547(398KB) AllocSpace objects, 0(0B) LOS objects, 29% free, 1252KB/1764KB, paused 844us total 248.981ms
01-24 18:21:38.091  7206  7251 I dailytrack: HealthSportDataCacheUtil::saveData(),currentThread4=handle_total_data


