--------- beginning of system
01-24 17:52:04.620   434  2021 I ActivityManager: START u0 {act=api.android.category.MAIN cat=[api.android.intent.LAUNCHER] flg=0x10000000 cmp=com.bestweatherfor.bibleoffline_pt_ra/.MainActivity} from uid 2000
01-24 17:52:04.718   434   756 I ActivityManager: Start proc 10950:com.bestweatherfor.bibleoffline_pt_ra/u0a59 for activity com.bestweatherfor.bibleoffline_pt_ra/.MainActivity
01-24 17:52:04.911   434   756 W ActivityManager: Slow operation: 78ms so far, now at attachApplicationLocked: after mServices.attachApplicationLocked
01-24 17:52:04.929   434   453 W BroadcastQueue: Background execution not allowed: receiving Intent { act=android.os.UpdateLock.UPDATE_LOCK_CHANGED flg=0x4000010 (has extras) } to com.google.android.gms/.chimera.GmsIntentOperationService$PersistentTrustedReceiver
--------- beginning of main
01-24 17:52:05.477   323   403 W HWComposer: Ignoring duplicate VSYNC event from HWC (t=160594991301494)
01-24 17:52:05.487 10950 10960 I chatty  : uid=10059(u0_a59) expire 1 line
01-24 17:52:06.273  7206  7251 I dailytrack: HealthSportDataCacheUtil::saveData(),currentThread4=handle_total_data
01-24 17:52:06.668   323   403 W HWComposer: Ignoring duplicate VSYNC event from HWC (t=160596171902171)
01-24 17:52:06.711   323   403 W HWComposer: Ignoring duplicate VSYNC event from HWC (t=160596223232692)
01-24 17:52:06.762 10950 10950 I chatty  : uid=10059(u0_a59) expire 3 lines
01-24 17:52:07.040 10950 10968 I chatty  : uid=10059(u0_a59) expire 8 lines
01-24 17:52:07.079 10968 10968 I chatty  : uid=10059(u0_a59) com.bestweatherfor.bibleoffline_pt_ra expire 1 line
01-24 17:52:07.298   434   461 I chatty  : uid=1000(system) android.display expire 3 lines
01-24 17:52:08.196   434   536 E TaskPersister: File error accessing recents directory (directory doesn't exist?).
01-24 17:52:11.281  7206  7251 I dailytrack: HealthSportDataCacheUtil::saveData(),currentThread4=handle_total_data
01-24 17:52:11.964 31787 31787 I ADVLog  : ADV.SensorService:/BatteryTemperature: 359  /isUsbOrAc: 1
01-24 17:52:11.971   723   723 I battery : BatteryService: mInternalBatteryReceiver onReceive() action = android.intent.action.BATTERY_CHANGED
01-24 17:52:12.007   319   319 D WifiHAL : In DebugCommand::handleResponse
01-24 17:52:12.007   319   319 D WifiHAL : len = 4, expected len = 4
01-24 17:52:12.044   434   756 E BatteryStatsService: no controller energy info supplied
01-24 17:52:12.322   723   737 I zygote  : Background concurrent copying GC freed 7495(654KB) AllocSpace objects, 2(192KB) LOS objects, 24% free, 1959KB/2MB, paused 4.446ms total 193.481ms
01-24 17:52:12.692   434   443 I chatty  : uid=1000(system) HeapTaskDaemon expire 1 line
01-24 17:52:16.287  7206  7251 I dailytrack: HealthSportDataCacheUtil::saveData(),currentThread4=handle_total_data
01-24 17:52:21.292  7206  7251 I dailytrack: HealthSportDataCacheUtil::saveData(),currentThread4=handle_total_data
01-24 17:52:21.787 10972 10972 D AndroidRuntime: >>>>>> START com.android.internal.os.RuntimeInit uid 2000 <<<<<<
01-24 17:52:23.019 10972 10972 D AndroidRuntime: Calling main entry com.android.commands.pm.Pm
01-24 17:52:12.048   434   756 I chatty  : uid=1000(system) Binder:434_6 identical 1 line
01-24 17:52:12.048   434   756 E BatteryStatsService: no controller energy info supplied
01-24 17:52:23.045   434  1694 I ActivityManager: Force stopping com.bestweatherfor.bibleoffline_pt_ra appid=10059 user=0: clear data
01-24 17:52:23.047   434  1694 I ActivityManager: Killing 10950:com.bestweatherfor.bibleoffline_pt_ra/u0a59 (adj 0): stop com.bestweatherfor.bibleoffline_pt_ra
01-24 17:52:23.052   434  1694 W ActivityManager: Force removing ActivityRecord{eca2a14 u0 com.bestweatherfor.bibleoffline_pt_ra/.MainActivity t375}: app died, no saved state
01-24 17:52:23.328   434   454 W Looper  : Dispatch took 282ms on android.ui, h=Handler (com.android.server.am.ActivityManagerService$UiHandler) {dee4953} cb=null msg=53
01-24 17:52:23.368   434   453 W BroadcastQueue: Background execution not allowed: receiving Intent { act=android.os.UpdateLock.UPDATE_LOCK_CHANGED flg=0x4000010 (has extras) } to com.google.android.gms/.chimera.GmsIntentOperationService$PersistentTrustedReceiver
01-24 17:52:23.416   434   461 W ActivityManager: setHasOverlayUi called on unknown pid: 10950
01-24 17:52:23.418   434   453 I ActivityManager: Force stopping com.bestweatherfor.bibleoffline_pt_ra appid=10059 user=-1: clearApplicationUserData
01-24 17:52:23.438 15691 15691 E Watchface: CocosWatchFaceService::Handler msg: -5 0.0;--
01-24 17:52:23.456   335   335 I keystore: clear_uid 10059
01-24 17:52:23.469   434   536 E TaskPersister: File error accessing recents directory (directory doesn't exist?).
01-24 17:52:23.591 13109 13109 I GeofencerStateMachine: removeGeofences: removeRequest=RemoveGeofencingRequest[REMOVE_ALL packageName=com.bestweatherfor.bibleoffline_pt_ra]
01-24 17:52:23.598 31332 31332 D Avrcp   : AvrcpServiceBroadcastReceiver-> Action: android.intent.action.PACKAGE_DATA_CLEARED
01-24 17:52:23.601 31332 31332 D Avrcp   : packageName: com.bestweatherfor.bibleoffline_pt_ra removed: true
01-24 17:52:23.601 31332 31332 V Avrcp   : isBrowseSupported for com.bestweatherfor.bibleoffline_pt_ra: false
01-24 17:52:23.621 10972 10972 I app_process: System.exit called, status: 0
01-24 17:52:23.621 10972 10972 I AndroidRuntime: VM exiting with result code 0.
01-24 17:52:23.647   712   712 D RegisteredNfcFServicesCache: Service unchanged, not updating
01-24 17:52:23.671 13109 10987 I Fitness : Clearing all cached OAuth tokens for: com.bestweatherfor.bibleoffline_pt_ra [CONTEXT service_id=17 ]
01-24 17:52:23.681 13109 10987 I Fitness : Removing all subscriptions for: com.bestweatherfor.bibleoffline_pt_ra [CONTEXT service_id=17 ]
01-24 17:52:23.778 13109 10987 I Fitness : Clearing all cached OAuth tokens for: com.bestweatherfor.bibleoffline_pt_ra [CONTEXT service_id=17 ]
01-24 17:52:23.792 13109 10987 I Fitness : Removing all subscriptions for: com.bestweatherfor.bibleoffline_pt_ra [CONTEXT service_id=17 ]
01-24 17:52:26.298  7206  7251 I dailytrack: HealthSportDataCacheUtil::saveData(),currentThread4=handle_total_data
01-24 17:52:28.970   434  1694 I ActivityManager: START u0 {act=api.android.category.MAIN cat=[api.android.intent.LAUNCHER] flg=0x10000000 cmp=com.bestweatherfor.bibleoffline_pt_ra/.MainActivity} from uid 2000
01-24 17:52:28.992   434   488 I chatty  : uid=1000(system) android.anim expire 2 lines
01-24 17:52:29.107   434   462 W ProcessCpuTracker: Skipping unknown process pid 10994
01-24 17:52:29.110   434   462 W ProcessCpuTracker: Skipping unknown process pid 10996
01-24 17:52:29.111   434   756 I ActivityManager: Start proc 10998:com.bestweatherfor.bibleoffline_pt_ra/u0a59 for activity com.bestweatherfor.bibleoffline_pt_ra/.MainActivity
01-24 17:52:29.238 10998 11008 I chatty  : uid=10059(u0_a59) expire 1 line
01-24 17:52:29.315   434   756 W ActivityManager: Slow operation: 82ms so far, now at attachApplicationLocked: after mServices.attachApplicationLocked
01-24 17:52:29.324   434   453 W BroadcastQueue: Background execution not allowed: receiving Intent { act=android.os.UpdateLock.UPDATE_LOCK_CHANGED flg=0x4000010 (has extras) } to com.google.android.gms/.chimera.GmsIntentOperationService$PersistentTrustedReceiver
01-24 17:52:29.365 10998 10998 I chatty  : uid=10059(u0_a59) expire 15 lines
01-24 17:52:29.557 10998 11014 I chatty  : uid=10059(u0_a59) expire 9 lines
01-24 17:52:31.313  7206  7251 I dailytrack: HealthSportDataCacheUtil::saveData(),currentThread4=handle_total_data
01-24 17:52:31.529 11014 11014 I chatty  : uid=10059(u0_a59) com.bestweatherfor.bibleoffline_pt_ra expire 1 line
01-24 17:52:32.533   434   536 E TaskPersister: File error accessing recents directory (directory doesn't exist?).
01-24 17:52:36.320  7206  7251 I dailytrack: HealthSportDataCacheUtil::saveData(),currentThread4=handle_total_data
01-24 17:52:41.326  7206  7251 I dailytrack: HealthSportDataCacheUtil::saveData(),currentThread4=handle_total_data
01-24 17:52:46.209 11018 11018 D AndroidRuntime: >>>>>> START com.android.internal.os.RuntimeInit uid 2000 <<<<<<
01-24 17:52:46.333  7206  7251 I dailytrack: HealthSportDataCacheUtil::saveData(),currentThread4=handle_total_data
01-24 17:52:47.464 11018 11018 D AndroidRuntime: Calling main entry com.android.commands.pm.Pm
01-24 17:52:47.491   434   756 I ActivityManager: Force stopping com.bestweatherfor.bibleoffline_pt_ra appid=10059 user=0: clear data
01-24 17:52:47.494   434   756 I ActivityManager: Killing 10998:com.bestweatherfor.bibleoffline_pt_ra/u0a59 (adj 0): stop com.bestweatherfor.bibleoffline_pt_ra
01-24 17:52:47.500   434   756 W ActivityManager: Force removing ActivityRecord{f55f03c u0 com.bestweatherfor.bibleoffline_pt_ra/.MainActivity t376}: app died, no saved state
01-24 17:52:47.797   434   454 W Looper  : Dispatch took 303ms on android.ui, h=Handler (com.android.server.am.ActivityManagerService$UiHandler) {dee4953} cb=null msg=53
01-24 17:52:47.810   434   453 I ActivityManager: Force stopping com.bestweatherfor.bibleoffline_pt_ra appid=10059 user=-1: clearApplicationUserData
01-24 17:52:47.815   434   461 W ActivityManager: setHasOverlayUi called on unknown pid: 10998
01-24 17:52:47.871   434   453 W BroadcastQueue: Background execution not allowed: receiving Intent { act=android.os.UpdateLock.UPDATE_LOCK_CHANGED flg=0x4000010 (has extras) } to com.google.android.gms/.chimera.GmsIntentOperationService$PersistentTrustedReceiver
01-24 17:52:47.888 15691 15691 E Watchface: CocosWatchFaceService::Handler msg: -5 0.0;--
01-24 17:52:47.909   434   536 E TaskPersister: File error accessing recents directory (directory doesn't exist?).
01-24 17:52:47.928   335   335 I keystore: clear_uid 10059
01-24 17:52:48.012 31332 31332 D Avrcp   : AvrcpServiceBroadcastReceiver-> Action: android.intent.action.PACKAGE_DATA_CLEARED
01-24 17:52:48.013 31332 31332 D Avrcp   : packageName: com.bestweatherfor.bibleoffline_pt_ra removed: true
01-24 17:52:48.013 31332 31332 V Avrcp   : isBrowseSupported for com.bestweatherfor.bibleoffline_pt_ra: false
01-24 17:52:48.013 13109 13109 I GeofencerStateMachine: removeGeofences: removeRequest=RemoveGeofencingRequest[REMOVE_ALL packageName=com.bestweatherfor.bibleoffline_pt_ra]
01-24 17:52:48.039 11018 11018 I app_process: System.exit called, status: 0
01-24 17:52:48.039 11018 11018 I AndroidRuntime: VM exiting with result code 0.
01-24 17:52:48.096 13109 11034 I Fitness : Clearing all cached OAuth tokens for: com.bestweatherfor.bibleoffline_pt_ra [CONTEXT service_id=17 ]
01-24 17:52:48.109 13109 11034 I Fitness : Removing all subscriptions for: com.bestweatherfor.bibleoffline_pt_ra [CONTEXT service_id=17 ]
01-24 17:52:48.123   712   712 D RegisteredNfcFServicesCache: Service unchanged, not updating
01-24 17:52:48.195 13109 11034 I Fitness : Clearing all cached OAuth tokens for: com.bestweatherfor.bibleoffline_pt_ra [CONTEXT service_id=17 ]
01-24 17:52:48.201 13109 11034 I Fitness : Removing all subscriptions for: com.bestweatherfor.bibleoffline_pt_ra [CONTEXT service_id=17 ]
01-24 17:52:51.337  7206  7251 I dailytrack: HealthSportDataCacheUtil::saveData(),currentThread4=handle_total_data
01-24 17:52:53.263  2732  2732 D sysproxy: [T:78] Closed stream. RX/TX: 3174/4221
01-24 17:52:53.384   434  1694 I ActivityManager: START u0 {act=api.android.category.MAIN cat=[api.android.intent.LAUNCHER] flg=0x10000000 cmp=com.bestweatherfor.bibleoffline_pt_ra/.MainActivity} from uid 2000
01-24 17:52:53.528   434   462 W ProcessCpuTracker: Skipping unknown process pid 11041
01-24 17:52:53.529   434   660 I ActivityManager: Start proc 11045:com.bestweatherfor.bibleoffline_pt_ra/u0a59 for activity com.bestweatherfor.bibleoffline_pt_ra/.MainActivity
01-24 17:52:53.545   434   462 W ProcessCpuTracker: Skipping unknown process pid 11043
01-24 17:52:53.727   434   660 W ActivityManager: Slow operation: 91ms so far, now at attachApplicationLocked: after mServices.attachApplicationLocked
01-24 17:52:53.731   434   453 W BroadcastQueue: Background execution not allowed: receiving Intent { act=android.os.UpdateLock.UPDATE_LOCK_CHANGED flg=0x4000010 (has extras) } to com.google.android.gms/.chimera.GmsIntentOperationService$PersistentTrustedReceiver
01-24 17:52:53.791 11045 11045 I chatty  : uid=10059(u0_a59) expire 15 lines
01-24 17:52:53.971 11045 11061 I chatty  : uid=10059(u0_a59) expire 9 lines
01-24 17:52:55.061   323   403 W HWComposer: Ignoring duplicate VSYNC event from HWC (t=160644568330590)
01-24 17:52:55.427   323   403 W HWComposer: Ignoring duplicate VSYNC event from HWC (t=160644927579913)
01-24 17:52:55.483   323   403 W HWComposer: Ignoring duplicate VSYNC event from HWC (t=160644978883038)
01-24 17:52:55.790  2732  2732 D sysproxy: [T:76] Closed stream. RX/TX: 5842/10239
01-24 17:52:55.969 11061 11061 I chatty  : uid=10059(u0_a59) com.bestweatherfor.bibleoffline_pt_ra expire 1 line
01-24 17:52:56.336  7206  7251 I dailytrack: HealthSportDataCacheUtil::saveData(),currentThread4=handle_total_data
01-24 17:52:56.922   434   536 E TaskPersister: File error accessing recents directory (directory doesn't exist?).
01-24 17:52:58.568 13109 13122 I zygote  : Background concurrent copying GC freed 29591(2034KB) AllocSpace objects, 0(0B) LOS objects, 21% free, 7MB/9MB, paused 1.227ms total 360.539ms
01-24 17:53:00.027 15691 15691 D WallpaperUtil: InternalCache: available=1541M
01-24 17:53:00.045 15691 15691 E Watchface: WeatherManager::checkUpdateDisplayWeather() mWeatherInfo is null !
01-24 17:53:00.055 32131 32131 W OngoingChipController: Attempting to remove non-existent UI for chip [com.google.android.wearable.app, media_controls]
01-24 17:53:00.535   434  1694 I chatty  : uid=1000(system) Binder:434_C expire 1 line
01-24 17:53:00.537   434   452 I chatty  : uid=1000(system) android.bg expire 8 lines
01-24 17:53:00.550   434   614 I chatty  : uid=1000(system) Thread-12 expire 57 lines
01-24 17:53:00.552   328   328 D shd     : ProcessSensorActive sensor:0xa, handle:37, option:0
01-24 17:53:01.342  7206  7251 I dailytrack: HealthSportDataCacheUtil::saveData(),currentThread4=handle_total_data
01-24 17:53:01.352   434   611 I chatty  : uid=1000 system_server expire 299 lines
01-24 17:53:01.362   434 11065 I chatty  : uid=1000 system_server expire 4 lines
01-24 17:53:05.412   434   611 I chatty  : uid=1000 system_server expire 59 lines
01-24 17:53:06.042   434   614 I chatty  : uid=1000(system) Thread-12 expire 2 lines
01-24 17:53:06.191   434   611 I chatty  : uid=1000 system_server expire 24 lines
01-24 17:53:06.344  7206  7251 I dailytrack: HealthSportDataCacheUtil::saveData(),currentThread4=handle_total_data
01-24 17:53:07.044   434   614 I chatty  : uid=1000(system) Thread-12 expire 17 lines
01-24 17:53:10.614 11067 11067 D AndroidRuntime: >>>>>> START com.android.internal.os.RuntimeInit uid 2000 <<<<<<
01-24 17:53:11.346  7206  7251 I dailytrack: HealthSportDataCacheUtil::saveData(),currentThread4=handle_total_data
01-24 17:53:11.812 11067 11067 D AndroidRuntime: Calling main entry com.android.commands.pm.Pm
01-24 17:53:11.840   434  1694 I ActivityManager: Force stopping com.bestweatherfor.bibleoffline_pt_ra appid=10059 user=0: clear data
01-24 17:53:11.842   434  1694 I ActivityManager: Killing 11045:com.bestweatherfor.bibleoffline_pt_ra/u0a59 (adj 0): stop com.bestweatherfor.bibleoffline_pt_ra
01-24 17:53:11.846   434  1694 W ActivityManager: Force removing ActivityRecord{3179ef7 u0 com.bestweatherfor.bibleoffline_pt_ra/.MainActivity t377}: app died, no saved state
01-24 17:53:12.169   434   454 W Looper  : Dispatch took 325ms on android.ui, h=Handler (com.android.server.am.ActivityManagerService$UiHandler) {dee4953} cb=null msg=53
01-24 17:53:12.195   434   536 E TaskPersister: File error accessing recents directory (directory doesn't exist?).
01-24 17:53:12.195   434   461 W ActivityManager: setHasOverlayUi called on unknown pid: 11045
01-24 17:53:12.203 15691 15691 E Watchface: CocosWatchFaceService::Handler msg: -5 0.0;--
01-24 17:53:12.229   434   453 I ActivityManager: Force stopping com.bestweatherfor.bibleoffline_pt_ra appid=10059 user=-1: clearApplicationUserData
01-24 17:53:12.236   723   723 I battery : BatteryService: mInternalBatteryReceiver onReceive() action = android.intent.action.BATTERY_CHANGED
01-24 17:53:12.252   319   319 D WifiHAL : In DebugCommand::handleResponse
01-24 17:53:12.253   319   319 D WifiHAL : len = 4, expected len = 4
01-24 17:53:12.260 31787 31787 I ADVLog  : ADV.SensorService:/BatteryTemperature: 357  /isUsbOrAc: 1
01-24 17:53:12.296   434  2426 E BatteryStatsService: no controller energy info supplied
01-24 17:53:12.297   434  2426 I chatty  : uid=1000(system) Binder:434_F identical 1 line
01-24 17:53:12.297   434  2426 E BatteryStatsService: no controller energy info supplied
01-24 17:53:12.326   335   335 I keystore: clear_uid 10059
01-24 17:53:12.336   434   453 W BroadcastQueue: Background execution not allowed: receiving Intent { act=android.os.UpdateLock.UPDATE_LOCK_CHANGED flg=0x4000010 (has extras) } to com.google.android.gms/.chimera.GmsIntentOperationService$PersistentTrustedReceiver
01-24 17:53:12.507 31332 31332 D Avrcp   : AvrcpServiceBroadcastReceiver-> Action: android.intent.action.PACKAGE_DATA_CLEARED
01-24 17:53:12.508 31332 31332 D Avrcp   : packageName: com.bestweatherfor.bibleoffline_pt_ra removed: true
01-24 17:53:12.508 31332 31332 V Avrcp   : isBrowseSupported for com.bestweatherfor.bibleoffline_pt_ra: false
01-24 17:53:12.508 13109 13109 I GeofencerStateMachine: removeGeofences: removeRequest=RemoveGeofencingRequest[REMOVE_ALL packageName=com.bestweatherfor.bibleoffline_pt_ra]
01-24 17:53:12.546 11067 11067 I app_process: System.exit called, status: 0
01-24 17:53:12.546 11067 11067 I AndroidRuntime: VM exiting with result code 0.
01-24 17:53:12.604 13109 11079 I Fitness : Clearing all cached OAuth tokens for: com.bestweatherfor.bibleoffline_pt_ra [CONTEXT service_id=17 ]
01-24 17:53:12.610   712   712 D RegisteredNfcFServicesCache: Service unchanged, not updating
01-24 17:53:12.614 13109 11079 I Fitness : Removing all subscriptions for: com.bestweatherfor.bibleoffline_pt_ra [CONTEXT service_id=17 ]
01-24 17:53:12.768 13109 11079 I Fitness : Clearing all cached OAuth tokens for: com.bestweatherfor.bibleoffline_pt_ra [CONTEXT service_id=17 ]
01-24 17:53:12.776 13109 11079 I Fitness : Removing all subscriptions for: com.bestweatherfor.bibleoffline_pt_ra [CONTEXT service_id=17 ]
01-24 17:53:13.184   434   443 I chatty  : uid=1000(system) HeapTaskDaemon expire 1 line
01-24 17:53:14.373   434 11090 I chatty  : uid=1000 system_server expire 2 lines
01-24 17:53:14.373   434 11091 I chatty  : uid=1000 system_server expire 2 lines
01-24 17:53:14.392   434  1808 I chatty  : uid=1000(system) NetworkMonitorN expire 1 line
01-24 17:53:14.393   434   517 D ConnectivityService: NetworkAgentInfo [WIFI () - 448] validation failed
01-24 17:53:14.394   434   514 I chatty  : uid=1000(system) WifiStateMachin expire 1 line
01-24 17:53:15.042   434   614 I chatty  : uid=1000(system) Thread-12 expire 14 lines
01-24 17:53:16.352  7206  7251 I dailytrack: HealthSportDataCacheUtil::saveData(),currentThread4=handle_total_data
01-24 17:53:17.949   434  1694 I ActivityManager: START u0 {act=api.android.category.MAIN cat=[api.android.intent.LAUNCHER] flg=0x10000000 cmp=com.bestweatherfor.bibleoffline_pt_ra/.MainActivity} from uid 2000
01-24 17:53:17.965   434   488 I chatty  : uid=1000(system) android.anim expire 2 lines
01-24 17:53:18.015   434   660 I ActivityManager: Start proc 11098:com.bestweatherfor.bibleoffline_pt_ra/u0a59 for activity com.bestweatherfor.bibleoffline_pt_ra/.MainActivity
01-24 17:53:18.249   434   660 W ActivityManager: Slow operation: 89ms so far, now at attachApplicationLocked: after mServices.attachApplicationLocked
01-24 17:53:18.253   434   453 W BroadcastQueue: Background execution not allowed: receiving Intent { act=android.os.UpdateLock.UPDATE_LOCK_CHANGED flg=0x4000010 (has extras) } to com.google.android.gms/.chimera.GmsIntentOperationService$PersistentTrustedReceiver
01-24 17:53:18.345 11098 11098 I chatty  : uid=10059(u0_a59) expire 15 lines
01-24 17:53:18.527 11098 11114 I chatty  : uid=10059(u0_a59) expire 9 lines
01-24 17:53:20.539 11114 11114 I chatty  : uid=10059(u0_a59) com.bestweatherfor.bibleoffline_pt_ra expire 1 line
01-24 17:53:20.782   434   461 I chatty  : uid=1000(system) android.display expire 1 line
01-24 17:53:21.359  7206  7251 I dailytrack: HealthSportDataCacheUtil::saveData(),currentThread4=handle_total_data
01-24 17:53:21.511   434   536 E TaskPersister: File error accessing recents directory (directory doesn't exist?).
01-24 17:53:22.049   434   614 V u-blox  : CAndroidDatabase::Commit: ignore location report, lat long alt invalid
01-24 17:53:23.042   434   614 W u-blox  : CProtocolUBX::ProcessNavPvt: psmState=0, fixType=0, gnssFixOk=0, numSV=0, pDOP=999, hACC=4294967, vACC=3750000
01-24 17:53:23.044   434   614 V u-blox  : CAndroidDatabase::Commit: ignore location report, lat long alt invalid
01-24 17:53:24.039   434   614 W u-blox  : CProtocolUBX::ProcessNavPvt: psmState=0, fixType=0, gnssFixOk=0, numSV=0, pDOP=999, hACC=4294967, vACC=3750000
01-24 17:53:24.041   434   614 V u-blox  : CAndroidDatabase::Commit: ignore location report, lat long alt invalid
01-24 17:53:25.048   434   614 W u-blox  : CProtocolUBX::ProcessNavPvt: psmState=0, fixType=0, gnssFixOk=0, numSV=0, pDOP=999, hACC=4294967, vACC=3750000
01-24 17:53:25.049   434   614 V u-blox  : CAndroidDatabase::Commit: ignore location report, lat long alt invalid
01-24 17:53:26.046   434   614 W u-blox  : CProtocolUBX::ProcessNavPvt: psmState=0, fixType=0, gnssFixOk=0, numSV=0, pDOP=999, hACC=4294967, vACC=3750000
01-24 17:53:26.048   434   614 V u-blox  : CAndroidDatabase::Commit: ignore location report, lat long alt invalid
01-24 17:53:26.365  7206  7251 I dailytrack: HealthSportDataCacheUtil::saveData(),currentThread4=handle_total_data
01-24 17:53:27.043   434   614 W u-blox  : CProtocolUBX::ProcessNavPvt: psmState=0, fixType=0, gnssFixOk=0, numSV=0, pDOP=999, hACC=4294967, vACC=3750000
01-24 17:53:27.045   434   614 V u-blox  : CAndroidDatabase::Commit: ignore location report, lat long alt invalid
01-24 17:53:28.042   434   614 W u-blox  : CProtocolUBX::ProcessNavPvt: psmState=0, fixType=0, gnssFixOk=0, numSV=0, pDOP=999, hACC=4294967, vACC=3750000
01-24 17:53:28.044   434   614 V u-blox  : CAndroidDatabase::Commit: ignore location report, lat long alt invalid
01-24 17:53:29.041   434   614 W u-blox  : CProtocolUBX::ProcessNavPvt: psmState=0, fixType=0, gnssFixOk=0, numSV=0, pDOP=999, hACC=4294967, vACC=3750000
01-24 17:53:29.042   434   614 V u-blox  : CAndroidDatabase::Commit: ignore location report, lat long alt invalid
01-24 17:53:30.047   434   614 W u-blox  : CProtocolUBX::ProcessNavPvt: psmState=0, fixType=0, gnssFixOk=0, numSV=0, pDOP=999, hACC=4294967, vACC=3750000
01-24 17:53:30.050   434   614 V u-blox  : CAndroidDatabase::Commit: ignore location report, lat long alt invalid
01-24 17:53:30.545   434  2426 I GnssLocationProvider: WakeLock acquired by sendMessage(SET_REQUEST, 0, com.android.server.location.GnssLocationProvider$GpsRequest@b673284)
01-24 17:53:30.547   434   452 V u-blox  : CGpsIf::stop: (2610518384):
01-24 17:53:30.547   434   452 W u-blox  : CUbxGpsState::getAppRuntimeStatus: runtime_flag=64, isEntryPsm=0
01-24 17:53:30.547   434   614 V u-blox  : handleCmdInput: (2504894832): Cmd received (2)
01-24 17:53:30.548   434   614 V u-blox  : handle_cmd: command 2
01-24 17:53:30.548   434   614 V u-blox  : CAndroidDatabase::decPublish: count now 0
01-24 17:53:30.548   434   614 V u-blox  : engineStop: (Begin) Client count 1
01-24 17:53:30.548   434   614 I GnssHAL_GnssInterface: updateWakelock: GNSS HAL Wakelock released
01-24 17:53:30.548   434   614 V u-blox  : engineStop: (End) Client count 0
01-24 17:53:30.548   434   614 V u-blox  : checkShutdownState: Command the receiver to turn off!
01-24 17:53:30.548   434   614 V u-blox  : CUbxGpsState::changeState: A receiver state change has been detected. Turn receiver Off!
01-24 17:53:30.548   434   614 W u-blox  : CUbxGpsState::getAppRuntimeStatus: runtime_flag=0, isEntryPsm=0
01-24 17:53:30.548   434   614 V u-blox  : CUbxGpsState::printStd: MGA: Successfully scheduled Poll of Receiver Aiding State data
01-24 17:53:30.551   434   452 I GnssLocationProvider: WakeLock released by handleMessage(SET_REQUEST, 0, com.android.server.location.GnssLocationProvider$GpsRequest@b673284)
01-24 17:53:31.043   434   614 W u-blox  : CProtocolUBX::ProcessNavPvt: psmState=0, fixType=0, gnssFixOk=0, numSV=0, pDOP=999, hACC=4294967, vACC=3750000
01-24 17:53:31.043   434   611 V u-blox  : CUbxGpsState::printStd: MGA: Starting Receiver Aiding State Poll!
01-24 17:53:31.366  7206  7251 I dailytrack: HealthSportDataCacheUtil::saveData(),currentThread4=handle_total_data
01-24 17:53:32.043   434   614 W u-blox  : CProtocolUBX::ProcessNavPvt: psmState=0, fixType=0, gnssFixOk=0, numSV=0, pDOP=999, hACC=4294967, vACC=3750000
01-24 17:53:33.043   434   614 W u-blox  : CProtocolUBX::ProcessNavPvt: psmState=0, fixType=0, gnssFixOk=0, numSV=0, pDOP=999, hACC=4294967, vACC=3750000
01-24 17:53:33.058   434   611 E u-blox  : CUbxGpsState::printErr: MGA: Receiver Aiding State Poll finished unsuccessfully! Action failed!
01-24 17:53:33.058   434   611 E u-blox  : CUbxGpsState::finished: Poll of Receiver Aiding State data failed!
01-24 17:53:34.039   434   614 W u-blox  : CProtocolUBX::ProcessNavPvt: psmState=0, fixType=0, gnssFixOk=0, numSV=0, pDOP=999, hACC=4294967, vACC=3750000
01-24 17:53:35.040   434   614 W u-blox  : CProtocolUBX::ProcessNavPvt: psmState=0, fixType=0, gnssFixOk=0, numSV=0, pDOP=999, hACC=4294967, vACC=3750000
01-24 17:53:35.097 11118 11118 D AndroidRuntime: >>>>>> START com.android.internal.os.RuntimeInit uid 2000 <<<<<<
01-24 17:53:36.039   434   614 W u-blox  : CProtocolUBX::ProcessNavPvt: psmState=0, fixType=0, gnssFixOk=0, numSV=0, pDOP=999, hACC=4294967, vACC=3750000
01-24 17:53:36.338 11118 11118 D AndroidRuntime: Calling main entry com.android.commands.pm.Pm
01-24 17:53:36.372  7206  7251 I dailytrack: HealthSportDataCacheUtil::saveData(),currentThread4=handle_total_data
01-24 17:53:36.373   434  2426 I ActivityManager: Force stopping com.bestweatherfor.bibleoffline_pt_ra appid=10059 user=0: clear data
01-24 17:53:36.375   434  2426 I ActivityManager: Killing 11098:com.bestweatherfor.bibleoffline_pt_ra/u0a59 (adj 0): stop com.bestweatherfor.bibleoffline_pt_ra
01-24 17:53:36.380   434  2426 W ActivityManager: Force removing ActivityRecord{375acea u0 com.bestweatherfor.bibleoffline_pt_ra/.MainActivity t378}: app died, no saved state
01-24 17:53:36.544   434   756 W InputMethodManagerService: Got RemoteException sending setActive(false) notification to pid 11098 uid 10059
01-24 17:53:36.634   434   454 W Looper  : Dispatch took 260ms on android.ui, h=Handler (com.android.server.am.ActivityManagerService$UiHandler) {dee4953} cb=null msg=53
01-24 17:53:36.681   434   453 I ActivityManager: Force stopping com.bestweatherfor.bibleoffline_pt_ra appid=10059 user=-1: clearApplicationUserData
01-24 17:53:36.694   434   461 W ActivityManager: setHasOverlayUi called on unknown pid: 11098
01-24 17:53:36.704   434   453 W BroadcastQueue: Background execution not allowed: receiving Intent { act=android.os.UpdateLock.UPDATE_LOCK_CHANGED flg=0x4000010 (has extras) } to com.google.android.gms/.chimera.GmsIntentOperationService$PersistentTrustedReceiver
01-24 17:53:36.713 15691 15691 E Watchface: CocosWatchFaceService::Handler msg: -5 0.0;--
01-24 17:53:36.751   434   536 E TaskPersister: File error accessing recents directory (directory doesn't exist?).
01-24 17:53:36.773   335   335 I keystore: clear_uid 10059
01-24 17:53:36.868 31332 31332 D Avrcp   : AvrcpServiceBroadcastReceiver-> Action: android.intent.action.PACKAGE_DATA_CLEARED
01-24 17:53:36.868 31332 31332 D Avrcp   : packageName: com.bestweatherfor.bibleoffline_pt_ra removed: true
01-24 17:53:36.868 31332 31332 V Avrcp   : isBrowseSupported for com.bestweatherfor.bibleoffline_pt_ra: false
01-24 17:53:36.870 13109 13109 I GeofencerStateMachine: removeGeofences: removeRequest=RemoveGeofencingRequest[REMOVE_ALL packageName=com.bestweatherfor.bibleoffline_pt_ra]
01-24 17:53:36.926 11118 11118 I app_process: System.exit called, status: 0
01-24 17:53:36.926 11118 11118 I AndroidRuntime: VM exiting with result code 0.
01-24 17:53:36.955   712   712 D RegisteredNfcFServicesCache: Service unchanged, not updating
01-24 17:53:36.955 13109 11129 I Fitness : Clearing all cached OAuth tokens for: com.bestweatherfor.bibleoffline_pt_ra [CONTEXT service_id=17 ]
01-24 17:53:36.967 13109 11129 I Fitness : Removing all subscriptions for: com.bestweatherfor.bibleoffline_pt_ra [CONTEXT service_id=17 ]
01-24 17:53:36.995 13109 11129 I Fitness : Clearing all cached OAuth tokens for: com.bestweatherfor.bibleoffline_pt_ra [CONTEXT service_id=17 ]
01-24 17:53:37.001 13109 11129 I Fitness : Removing all subscriptions for: com.bestweatherfor.bibleoffline_pt_ra [CONTEXT service_id=17 ]
01-24 17:53:37.037   434   614 W u-blox  : CProtocolUBX::ProcessNavPvt: psmState=0, fixType=0, gnssFixOk=0, numSV=0, pDOP=999, hACC=4294967, vACC=3750000
01-24 17:53:39.045   434   614 I chatty  : uid=1000(system) Thread-12 identical 2 lines
01-24 17:53:40.040   434   614 W u-blox  : CProtocolUBX::ProcessNavPvt: psmState=0, fixType=0, gnssFixOk=0, numSV=0, pDOP=999, hACC=4294967, vACC=3750000
01-24 17:53:41.039   434   614 W u-blox  : CUbxGpsState::onNewMsg: Time for preparing the shutdown run out. Stopping the receiver...
01-24 17:53:41.139   434   614 V u-blox  : CUbxGpsState::forceTurnOff: The receiver output is disabled!
01-24 17:53:41.140   328   328 D shd     : ProcessSensorDeactive sensor:0xa, handle:37 
01-24 17:53:41.147   434   614 V u-blox  : DeActive sensor OK
01-24 17:53:41.147   434   614 V u-blox  : CUbxGpsState::powerOff: placeholder for power OFF function
01-24 17:53:41.147   434   614 V u-blox  : CUbxGpsState::forceTurnOff: The receiver is powered off!
01-24 17:53:41.147   434   614 V u-blox  : CUbxGpsState::changeState: The receiver is now turned Off
01-24 17:53:41.147   434   614 W u-blox  : CProtocolUBX::ProcessNavPvt: psmState=0, fixType=0, gnssFixOk=0, numSV=0, pDOP=999, hACC=4294967, vACC=3750000
01-24 17:53:41.151   434   614 V u-blox  : checkShutdownState: (Begin)
01-24 17:53:41.151   434   614 V u-blox  : changeSessionStatus:  State = 3
01-24 17:53:41.151   434   614 V u-blox  : CGpsIf::gpsStatus: current GPS status: (still) 4 (GPS_STATUS_ENGINE_OFF)
01-24 17:53:41.151   434   614 V u-blox  : checkShutdownState: (End)
01-24 17:53:41.376  7206  7251 I dailytrack: HealthSportDataCacheUtil::saveData(),currentThread4=handle_total_data
01-24 17:53:42.400   434  2426 I ActivityManager: START u0 {act=api.android.category.MAIN cat=[api.android.intent.LAUNCHER] flg=0x10000000 cmp=com.bestweatherfor.bibleoffline_pt_ra/.MainActivity} from uid 2000
01-24 17:53:42.493   434 13081 I ActivityManager: Start proc 11144:com.bestweatherfor.bibleoffline_pt_ra/u0a59 for activity com.bestweatherfor.bibleoffline_pt_ra/.MainActivity
01-24 17:53:42.568   434   462 W ProcessCpuTracker: Skipping unknown process pid 11140
01-24 17:53:42.737   434  2426 W ActivityManager: Slow operation: 76ms so far, now at attachApplicationLocked: after mServices.attachApplicationLocked
01-24 17:53:42.768   434   453 W BroadcastQueue: Background execution not allowed: receiving Intent { act=android.os.UpdateLock.UPDATE_LOCK_CHANGED flg=0x4000010 (has extras) } to com.google.android.gms/.chimera.GmsIntentOperationService$PersistentTrustedReceiver
01-24 17:53:42.787 11144 11144 I chatty  : uid=10059(u0_a59) expire 11 lines
01-24 17:53:42.970 11144 11160 I chatty  : uid=10059(u0_a59) expire 9 lines
01-24 17:53:43.213 11144 11144 I chatty  : uid=10059(u0_a59) expire 4 lines
01-24 17:53:44.899 11160 11160 I chatty  : uid=10059(u0_a59) com.bestweatherfor.bibleoffline_pt_ra expire 1 line
01-24 17:53:45.128   434   461 I ActivityManager: Displayed com.bestweatherfor.bibleoffline_pt_ra/.MainActivity: +2s674ms
01-24 17:53:45.961   434   536 E TaskPersister: File error accessing recents directory (directory doesn't exist?).
01-24 17:53:46.383  7206  7251 I dailytrack: HealthSportDataCacheUtil::saveData(),currentThread4=handle_total_data
01-24 17:53:51.386  7206  7251 I chatty  : uid=10025(u0_a25) handle_total_da identical 1 line
01-24 17:53:56.391  7206  7251 I dailytrack: HealthSportDataCacheUtil::saveData(),currentThread4=handle_total_data
01-24 17:53:59.547 11165 11165 D AndroidRuntime: >>>>>> START com.android.internal.os.RuntimeInit uid 2000 <<<<<<
01-24 17:54:00.024 15691 15691 D WallpaperUtil: InternalCache: available=1541M
01-24 17:54:00.051 15691 15691 E Watchface: WeatherManager::checkUpdateDisplayWeather() mWeatherInfo is null !
01-24 17:54:00.058 32131 32131 W OngoingChipController: Attempting to remove non-existent UI for chip [com.google.android.wearable.app, media_controls]
01-24 17:54:00.913 11165 11165 D AndroidRuntime: Calling main entry com.android.commands.pm.Pm
01-24 17:54:00.939   434 13081 I ActivityManager: Force stopping com.bestweatherfor.bibleoffline_pt_ra appid=10059 user=0: clear data
01-24 17:54:00.941   434 13081 I ActivityManager: Killing 11144:com.bestweatherfor.bibleoffline_pt_ra/u0a59 (adj 0): stop com.bestweatherfor.bibleoffline_pt_ra
01-24 17:54:00.946   434 13081 W ActivityManager: Force removing ActivityRecord{2228c52 u0 com.bestweatherfor.bibleoffline_pt_ra/.MainActivity t379}: app died, no saved state
01-24 17:54:01.129   434  2426 W InputMethodManagerService: Got RemoteException sending setActive(false) notification to pid 11144 uid 10059
01-24 17:54:01.218   434   454 W Looper  : Dispatch took 277ms on android.ui, h=Handler (com.android.server.am.ActivityManagerService$UiHandler) {dee4953} cb=null msg=53
01-24 17:54:01.308 15691 15691 E Watchface: CocosWatchFaceService::Handler msg: -5 0.0;--
01-24 17:54:01.308   335   335 I keystore: clear_uid 10059
01-24 17:54:01.313   434   461 W ActivityManager: setHasOverlayUi called on unknown pid: 11144
01-24 17:54:01.318   434   453 I ActivityManager: Force stopping com.bestweatherfor.bibleoffline_pt_ra appid=10059 user=-1: clearApplicationUserData
01-24 17:54:01.335   434   453 W BroadcastQueue: Background execution not allowed: receiving Intent { act=android.os.UpdateLock.UPDATE_LOCK_CHANGED flg=0x4000010 (has extras) } to com.google.android.gms/.chimera.GmsIntentOperationService$PersistentTrustedReceiver
01-24 17:54:01.347   434   536 E TaskPersister: File error accessing recents directory (directory doesn't exist?).
01-24 17:54:01.396  7206  7251 I dailytrack: HealthSportDataCacheUtil::saveData(),currentThread4=handle_total_data
01-24 17:54:01.654 31332 31332 D Avrcp   : AvrcpServiceBroadcastReceiver-> Action: android.intent.action.PACKAGE_DATA_CLEARED
01-24 17:54:01.654 31332 31332 D Avrcp   : packageName: com.bestweatherfor.bibleoffline_pt_ra removed: true
01-24 17:54:01.654 31332 31332 V Avrcp   : isBrowseSupported for com.bestweatherfor.bibleoffline_pt_ra: false
01-24 17:54:01.658 13109 13109 I GeofencerStateMachine: removeGeofences: removeRequest=RemoveGeofencingRequest[REMOVE_ALL packageName=com.bestweatherfor.bibleoffline_pt_ra]
01-24 17:54:01.670 11165 11165 I app_process: System.exit called, status: 0
01-24 17:54:01.671 11165 11165 I AndroidRuntime: VM exiting with result code 0.
01-24 17:54:01.738   712   712 D RegisteredNfcFServicesCache: Service unchanged, not updating
01-24 17:54:01.784 13109 11176 I Fitness : Clearing all cached OAuth tokens for: com.bestweatherfor.bibleoffline_pt_ra [CONTEXT service_id=17 ]
01-24 17:54:01.799 13109 11176 I Fitness : Removing all subscriptions for: com.bestweatherfor.bibleoffline_pt_ra [CONTEXT service_id=17 ]
01-24 17:54:01.875 13109 11176 I Fitness : Clearing all cached OAuth tokens for: com.bestweatherfor.bibleoffline_pt_ra [CONTEXT service_id=17 ]
01-24 17:54:01.878 13109 11176 I Fitness : Removing all subscriptions for: com.bestweatherfor.bibleoffline_pt_ra [CONTEXT service_id=17 ]
01-24 17:54:06.400  7206  7251 I dailytrack: HealthSportDataCacheUtil::saveData(),currentThread4=handle_total_data
01-24 17:54:07.078   434  2426 I ActivityManager: START u0 {act=api.android.category.MAIN cat=[api.android.intent.LAUNCHER] flg=0x10000000 cmp=com.bestweatherfor.bibleoffline_pt_ra/.MainActivity} from uid 2000
01-24 17:54:07.218   434  1694 I ActivityManager: Start proc 11191:com.bestweatherfor.bibleoffline_pt_ra/u0a59 for activity com.bestweatherfor.bibleoffline_pt_ra/.MainActivity
01-24 17:54:07.349   434   462 W ProcessCpuTracker: Skipping unknown process pid 11187
01-24 17:54:07.352   434   462 W ProcessCpuTracker: Skipping unknown process pid 11189
01-24 17:54:07.490   434  1694 W ActivityManager: Slow operation: 132ms so far, now at attachApplicationLocked: after mServices.attachApplicationLocked
01-24 17:54:07.495   434   454 W Looper  : Dispatch took 108ms on android.ui, h=Handler (com.android.server.am.ActivityManagerService$UiHandler) {dee4953} cb=null msg=31
01-24 17:54:07.509   434   453 W BroadcastQueue: Background execution not allowed: receiving Intent { act=android.os.UpdateLock.UPDATE_LOCK_CHANGED flg=0x4000010 (has extras) } to com.google.android.gms/.chimera.GmsIntentOperationService$PersistentTrustedReceiver
01-24 17:54:07.540 11191 11191 I chatty  : uid=10059(u0_a59) expire 15 lines
01-24 17:54:07.737 11191 11207 I chatty  : uid=10059(u0_a59) expire 9 lines
01-24 17:54:07.862 11191 11201 I chatty  : uid=10059(u0_a59) expire 1 line
01-24 17:54:08.167   434   443 I zygote  : Background concurrent copying GC freed 22934(1609KB) AllocSpace objects, 19(456KB) LOS objects, 15% free, 11MB/13MB, paused 7.028ms total 1.035s
01-24 17:54:09.739 11207 11207 I chatty  : uid=10059(u0_a59) com.bestweatherfor.bibleoffline_pt_ra expire 1 line
01-24 17:54:09.954   434   461 I ActivityManager: Displayed com.bestweatherfor.bibleoffline_pt_ra/.MainActivity: +2s781ms
01-24 17:54:10.635   434   536 E TaskPersister: File error accessing recents directory (directory doesn't exist?).
01-24 17:54:11.404  7206  7251 I dailytrack: HealthSportDataCacheUtil::saveData(),currentThread4=handle_total_data
01-24 17:54:11.958 31787 31787 I ADVLog  : ADV.SensorService:/BatteryTemperature: 358  /isUsbOrAc: 1
01-24 17:54:11.965   723   723 I battery : BatteryService: mInternalBatteryReceiver onReceive() action = android.intent.action.BATTERY_CHANGED
01-24 17:54:11.981   319   319 D WifiHAL : In DebugCommand::handleResponse
01-24 17:54:11.982   319   319 D WifiHAL : len = 4, expected len = 4
01-24 17:54:12.014   434   756 E BatteryStatsService: no controller energy info supplied
01-24 17:54:12.184   723   737 I zygote  : Background concurrent copying GC freed 6931(592KB) AllocSpace objects, 2(192KB) LOS objects, 24% free, 1974KB/2MB, paused 2.710ms total 112.653ms
01-24 17:54:16.411  7206  7251 I dailytrack: HealthSportDataCacheUtil::saveData(),currentThread4=handle_total_data
01-24 17:54:21.418  7206  7251 I dailytrack: HealthSportDataCacheUtil::saveData(),currentThread4=handle_total_data
01-24 17:54:23.840 31850 32286 I Checkin : [EventLogChimeraService] Opted in for usage reporting: false
01-24 17:54:23.841 31850 32286 I Checkin : [EventLogChimeraService] Aggregate from 1579883063007 (log), 1579883063007 (data)
01-24 17:54:12.017   434   756 I chatty  : uid=1000(system) Binder:434_6 identical 1 line
01-24 17:54:12.017   434   756 E BatteryStatsService: no controller energy info supplied
01-24 17:54:23.972   434   453 W BroadcastQueue: Background execution not allowed: receiving Intent { act=android.intent.action.DROPBOX_ENTRY_ADDED flg=0x10 (has extras) } to com.google.android.gms/.stats.service.DropBoxEntryAddedReceiver
01-24 17:54:23.974   434   453 W BroadcastQueue: Background execution not allowed: receiving Intent { act=android.intent.action.DROPBOX_ENTRY_ADDED flg=0x10 (has extras) } to com.google.android.gms/.chimera.GmsIntentOperationService$PersistentTrustedReceiver
01-24 17:54:23.998   434   453 W BroadcastQueue: Background execution not allowed: receiving Intent { act=android.intent.action.DROPBOX_ENTRY_ADDED flg=0x10 (has extras) } to com.google.android.gms/.stats.service.DropBoxEntryAddedReceiver
01-24 17:54:24.004   434   453 W BroadcastQueue: Background execution not allowed: receiving Intent { act=android.intent.action.DROPBOX_ENTRY_ADDED flg=0x10 (has extras) } to com.google.android.gms/.chimera.GmsIntentOperationService$PersistentTrustedReceiver
01-24 17:54:24.215 13109 13109 W BoundBrokerSvc: No bound-service is registered for action: com.google.android.gms.udc.service.START
01-24 17:54:24.215 13109 13109 E BoundBrokerSvc: Proxy without impl failing onBind(): Intent { act=com.google.android.gms.udc.service.START pkg=com.google.android.gms }
01-24 17:54:24.215 13109 13109 W GmsApiChimeraSvc: Failed in attempt to reload bound-service.
01-24 17:54:24.216 13109 13430 I GmsApiChimeraSvc: Using MissingApiServiceBroker for com.google.android.gms.udc.service.START due to missing BoundService implementation
01-24 17:54:24.252 13109 13109 W BoundBrokerSvc: No bound-service is registered for action: com.google.android.gms.udc.service.START
01-24 17:54:24.253 13109 13109 E BoundBrokerSvc: Proxy without impl failing onBind(): Intent { act=com.google.android.gms.udc.service.START pkg=com.google.android.gms }
01-24 17:54:24.253 13109 13109 W GmsApiChimeraSvc: Failed in attempt to reload bound-service.
01-24 17:54:24.253 13109 13430 I GmsApiChimeraSvc: Using MissingApiServiceBroker for com.google.android.gms.udc.service.START due to missing BoundService implementation
01-24 17:54:24.493 11212 11212 D AndroidRuntime: >>>>>> START com.android.internal.os.RuntimeInit uid 2000 <<<<<<
01-24 17:54:25.021 13109 13122 I zygote  : Background concurrent copying GC freed 30513(2000KB) AllocSpace objects, 0(0B) LOS objects, 20% free, 7MB/9MB, paused 1.628ms total 416.748ms
01-24 17:54:25.305  2732  2732 D sysproxy: [D:33e8] Look up play.googleapis.com.
01-24 17:54:25.461 11212 11212 D AndroidRuntime: Calling main entry com.android.commands.pm.Pm
01-24 17:54:25.492   434  4786 I ActivityManager: Force stopping com.bestweatherfor.bibleoffline_pt_ra appid=10059 user=0: clear data
01-24 17:54:25.494   434  4786 I ActivityManager: Killing 11191:com.bestweatherfor.bibleoffline_pt_ra/u0a59 (adj 0): stop com.bestweatherfor.bibleoffline_pt_ra
01-24 17:54:25.499   434  4786 W ActivityManager: Force removing ActivityRecord{cfc2eba u0 com.bestweatherfor.bibleoffline_pt_ra/.MainActivity t380}: app died, no saved state
01-24 17:54:25.590  2732  2732 D sysproxy: [D:33e8] Resolved play.googleapis.com to 172.217.168.10.
01-24 17:54:25.704  2732  2732 D sysproxy: [T:79] Establishing a new TCP stream to: 172.217.168.10:443 (uid=10009) (package=com.google.android.gms)
01-24 17:54:25.711   434   756 W InputMethodManagerService: Got RemoteException sending setActive(false) notification to pid 11191 uid 10059
01-24 17:54:25.791   434   453 I ActivityManager: Force stopping com.bestweatherfor.bibleoffline_pt_ra appid=10059 user=-1: clearApplicationUserData
01-24 17:54:25.805   434   454 W Looper  : Dispatch took 312ms on android.ui, h=Handler (com.android.server.am.ActivityManagerService$UiHandler) {dee4953} cb=null msg=53
01-24 17:54:25.840   434   453 W BroadcastQueue: Background execution not allowed: receiving Intent { act=android.os.UpdateLock.UPDATE_LOCK_CHANGED flg=0x4000010 (has extras) } to com.google.android.gms/.chimera.GmsIntentOperationService$PersistentTrustedReceiver
01-24 17:54:25.841   434   461 W ActivityManager: setHasOverlayUi called on unknown pid: 11191
01-24 17:54:25.865 15691 15691 E Watchface: CocosWatchFaceService::Handler msg: -5 0.0;--
01-24 17:54:25.883   434   536 E TaskPersister: File error accessing recents directory (directory doesn't exist?).
01-24 17:54:25.887 13109 30467 W Conscrypt: Could not set socket write timeout: java.net.SocketException: Socket closed
01-24 17:54:25.895 13109 30467 W Conscrypt: 	at com.google.android.gms.org.conscrypt.Platform.setSocketWriteTimeout(:com.google.android.gms@20104061@20.1.04 (050300-288960190):2)
01-24 17:54:25.895 13109 30467 W Conscrypt: 	at com.google.android.gms.org.conscrypt.ConscryptFileDescriptorSocket.setSoWriteTimeout(Unknown Source:3)
01-24 17:54:25.914   335   335 I keystore: clear_uid 10059
01-24 17:54:25.970 13109 13109 I GeofencerStateMachine: removeGeofences: removeRequest=RemoveGeofencingRequest[REMOVE_ALL packageName=com.bestweatherfor.bibleoffline_pt_ra]
01-24 17:54:25.976 31332 31332 D Avrcp   : AvrcpServiceBroadcastReceiver-> Action: android.intent.action.PACKAGE_DATA_CLEARED
01-24 17:54:25.976 31332 31332 D Avrcp   : packageName: com.bestweatherfor.bibleoffline_pt_ra removed: true
01-24 17:54:25.976 31332 31332 V Avrcp   : isBrowseSupported for com.bestweatherfor.bibleoffline_pt_ra: false
01-24 17:54:25.994 11212 11212 I app_process: System.exit called, status: 0
01-24 17:54:25.994 11212 11212 I AndroidRuntime: VM exiting with result code 0.
01-24 17:54:26.129   712   712 D RegisteredNfcFServicesCache: Service unchanged, not updating
01-24 17:54:26.149 13109 11218 I Fitness : Clearing all cached OAuth tokens for: com.bestweatherfor.bibleoffline_pt_ra [CONTEXT service_id=17 ]
01-24 17:54:26.156 13109 11218 I Fitness : Removing all subscriptions for: com.bestweatherfor.bibleoffline_pt_ra [CONTEXT service_id=17 ]
01-24 17:54:26.224 13109 11218 I Fitness : Clearing all cached OAuth tokens for: com.bestweatherfor.bibleoffline_pt_ra [CONTEXT service_id=17 ]
01-24 17:54:26.228 13109 11218 I Fitness : Removing all subscriptions for: com.bestweatherfor.bibleoffline_pt_ra [CONTEXT service_id=17 ]
01-24 17:54:26.274   712   726 I zygote  : Background concurrent copying GC freed 10231(400KB) AllocSpace objects, 0(0B) LOS objects, 29% free, 1250KB/1762KB, paused 1.065ms total 159.911ms
01-24 17:54:26.359 13109 30467 W Conscrypt: Could not set socket write timeout: java.net.SocketException: Socket closed
01-24 17:54:26.360 13109 30467 W Conscrypt: 	at com.google.android.gms.org.conscrypt.Platform.setSocketWriteTimeout(:com.google.android.gms@20104061@20.1.04 (050300-288960190):2)
01-24 17:54:26.360 13109 30467 W Conscrypt: 	at com.google.android.gms.org.conscrypt.ConscryptFileDescriptorSocket.setSoWriteTimeout(Unknown Source:3)
01-24 17:54:26.419  7206  7251 I dailytrack: HealthSportDataCacheUtil::saveData(),currentThread4=handle_total_data
01-24 17:54:26.593 13109 30467 W Uploader: nexus5blacklca1@gmail.com no longer exists, so no auth token.
01-24 17:54:26.647 13109 30467 W Uploader: nexus5blacklca1@gmail.com no longer exists, so no auth token.
01-24 17:54:26.700 13109 13109 W ChimeraUtils: Non Chimera context
01-24 17:54:26.700 13109 13109 W ChimeraUtils: Non Chimera context
01-24 17:54:26.815  2732  2732 D sysproxy: [T:80] Establishing a new TCP stream to: 172.217.168.10:443 (uid=10009) (package=com.google.android.gms)
01-24 17:54:26.828 13109 30467 W Conscrypt: Could not set socket write timeout: java.net.SocketException: Socket closed
01-24 17:54:26.829 13109 30467 W Conscrypt: 	at com.google.android.gms.org.conscrypt.Platform.setSocketWriteTimeout(:com.google.android.gms@20104061@20.1.04 (050300-288960190):2)
01-24 17:54:26.829 13109 30467 W Conscrypt: 	at com.google.android.gms.org.conscrypt.ConscryptFileDescriptorSocket.setSoWriteTimeout(Unknown Source:3)
01-24 17:54:26.998 13109 30467 W Conscrypt: Could not set socket write timeout: java.net.SocketException: Socket closed
01-24 17:54:26.999 13109 30467 W Conscrypt: 	at com.google.android.gms.org.conscrypt.Platform.setSocketWriteTimeout(:com.google.android.gms@20104061@20.1.04 (050300-288960190):2)
01-24 17:54:26.999 13109 30467 W Conscrypt: 	at com.google.android.gms.org.conscrypt.ConscryptFileDescriptorSocket.setSoWriteTimeout(Unknown Source:3)
01-24 17:54:27.168 13109 30467 W Uploader: none no longer exists, so no auth token.
01-24 17:54:27.184 13109 30467 I chatty  : uid=10009(u0_a9) lowpool[56] identical 12 lines
01-24 17:54:27.962 13109 13122 I chatty  : uid=10009(u0_a9) HeapTaskDaemon expire 1 line
01-24 17:54:31.318   434  4786 I ActivityManager: START u0 {act=api.android.category.MAIN cat=[api.android.intent.LAUNCHER] flg=0x10000000 cmp=com.bestweatherfor.bibleoffline_pt_ra/.MainActivity} from uid 2000
01-24 17:54:31.420  7206  7251 I dailytrack: HealthSportDataCacheUtil::saveData(),currentThread4=handle_total_data
01-24 17:54:31.424   434   756 I ActivityManager: Start proc 11243:com.bestweatherfor.bibleoffline_pt_ra/u0a59 for activity com.bestweatherfor.bibleoffline_pt_ra/.MainActivity
01-24 17:54:31.465   434   462 W ProcessCpuTracker: Skipping unknown process pid 11239
01-24 17:54:31.478   434   462 W ProcessCpuTracker: Skipping unknown process pid 11241
01-24 17:54:31.609   434   756 W ActivityManager: Slow operation: 85ms so far, now at attachApplicationLocked: after mServices.attachApplicationLocked
01-24 17:54:31.617   434   453 W BroadcastQueue: Background execution not allowed: receiving Intent { act=android.os.UpdateLock.UPDATE_LOCK_CHANGED flg=0x4000010 (has extras) } to com.google.android.gms/.chimera.GmsIntentOperationService$PersistentTrustedReceiver
01-24 17:54:31.677 11243 11243 I chatty  : uid=10059(u0_a59) expire 15 lines
01-24 17:54:31.878 11243 11253 I chatty  : uid=10059(u0_a59) expire 1 line
01-24 17:54:31.944 11243 11259 I chatty  : uid=10059(u0_a59) expire 9 lines
01-24 17:54:33.889 11259 11259 I chatty  : uid=10059(u0_a59) com.bestweatherfor.bibleoffline_pt_ra expire 1 line
01-24 17:54:34.117   434   461 I ActivityManager: Displayed com.bestweatherfor.bibleoffline_pt_ra/.MainActivity: +2s713ms
01-24 17:54:34.871   434   536 E TaskPersister: File error accessing recents directory (directory doesn't exist?).
