01-24 17:54:36.422  7206  7251 I dailytrack: HealthSportDataCacheUtil::saveData(),currentThread4=handle_total_data
01-24 17:54:41.428  7206  7251 I chatty  : uid=10025(u0_a25) handle_total_da identical 1 line
01-24 17:54:46.435  7206  7251 I dailytrack: HealthSportDataCacheUtil::saveData(),currentThread4=handle_total_data
01-24 17:54:48.535 11264 11264 D AndroidRuntime: >>>>>> START com.android.internal.os.RuntimeInit uid 2000 <<<<<<
01-24 17:54:49.440 11264 11264 D AndroidRuntime: Calling main entry com.android.commands.pm.Pm
01-24 17:54:49.472   434  4786 I ActivityManager: Force stopping com.bestweatherfor.bibleoffline_pt_ra appid=10059 user=0: clear data
01-24 17:54:49.473   434  4786 I ActivityManager: Killing 11243:com.bestweatherfor.bibleoffline_pt_ra/u0a59 (adj 0): stop com.bestweatherfor.bibleoffline_pt_ra
01-24 17:54:49.479   434  4786 W ActivityManager: Force removing ActivityRecord{76be5f6 u0 com.bestweatherfor.bibleoffline_pt_ra/.MainActivity t381}: app died, no saved state
01-24 17:54:49.673   434  7909 W InputMethodManagerService: Got RemoteException sending setActive(false) notification to pid 11243 uid 10059
01-24 17:54:49.752   434   461 W ActivityManager: setHasOverlayUi called on unknown pid: 11243
01-24 17:54:49.764   434   536 E TaskPersister: File error accessing recents directory (directory doesn't exist?).
01-24 17:54:49.781   434   454 W Looper  : Dispatch took 307ms on android.ui, h=Handler (com.android.server.am.ActivityManagerService$UiHandler) {dee4953} cb=null msg=53
01-24 17:54:49.802   434   453 W BroadcastQueue: Background execution not allowed: receiving Intent { act=android.os.UpdateLock.UPDATE_LOCK_CHANGED flg=0x4000010 (has extras) } to com.google.android.gms/.chimera.GmsIntentOperationService$PersistentTrustedReceiver
01-24 17:54:49.817   434   453 I ActivityManager: Force stopping com.bestweatherfor.bibleoffline_pt_ra appid=10059 user=-1: clearApplicationUserData
01-24 17:54:49.826 15691 15691 E Watchface: CocosWatchFaceService::Handler msg: -5 0.0;--
01-24 17:54:49.883   335   335 I keystore: clear_uid 10059
01-24 17:54:49.931 15691 15701 I zygote  : Background concurrent copying GC freed 4339(383KB) AllocSpace objects, 0(0B) LOS objects, 28% free, 1289KB/1801KB, paused 567us total 101.798ms
01-24 17:54:49.973 31332 31332 D Avrcp   : AvrcpServiceBroadcastReceiver-> Action: android.intent.action.PACKAGE_DATA_CLEARED
01-24 17:54:49.975 31332 31332 D Avrcp   : packageName: com.bestweatherfor.bibleoffline_pt_ra removed: true
01-24 17:54:49.975 31332 31332 V Avrcp   : isBrowseSupported for com.bestweatherfor.bibleoffline_pt_ra: false
01-24 17:54:49.977 13109 13109 I chatty  : uid=10009(u0_a9) com.google.android.gms.persistent expire 1 line
01-24 17:54:50.013 11264 11264 I app_process: System.exit called, status: 0
01-24 17:54:50.013 11264 11264 I AndroidRuntime: VM exiting with result code 0.
01-24 17:54:50.021 13109 11275 I chatty  : uid=10009(u0_a9) com.google.android.gms.persistent expire 4 lines
01-24 17:54:50.143   712   712 D RegisteredNfcFServicesCache: Service unchanged, not updating
01-24 17:54:50.657   434   443 I zygote  : Background concurrent copying GC freed 25859(1650KB) AllocSpace objects, 16(412KB) LOS objects, 15% free, 10MB/12MB, paused 8.973ms total 587.477ms
01-24 17:54:51.436  7206  7251 I dailytrack: HealthSportDataCacheUtil::saveData(),currentThread4=handle_total_data
01-24 17:54:55.402   434  7909 I ActivityManager: START u0 {act=api.android.category.MAIN cat=[api.android.intent.LAUNCHER] flg=0x10000000 cmp=com.bestweatherfor.bibleoffline_pt_ra/.MainActivity} from uid 2000
01-24 17:54:55.428   434   488 W ResourceType: ResTable_typeSpec entry count inconsistent: given 87, previously 90
01-24 17:54:55.429   434   488 W ResourceType: ResTable_typeSpec entry count inconsistent: given 59, previously 64
01-24 17:54:55.516   434 13083 I ActivityManager: Start proc 11291:com.bestweatherfor.bibleoffline_pt_ra/u0a59 for activity com.bestweatherfor.bibleoffline_pt_ra/.MainActivity
01-24 17:54:55.557   434   462 W ProcessCpuTracker: Skipping unknown process pid 11287
01-24 17:54:55.559   434   462 W ProcessCpuTracker: Skipping unknown process pid 11289
01-24 17:54:55.734   434  7909 W ActivityManager: Slow operation: 90ms so far, now at attachApplicationLocked: after mServices.attachApplicationLocked
01-24 17:54:55.767   434   453 W BroadcastQueue: Background execution not allowed: receiving Intent { act=android.os.UpdateLock.UPDATE_LOCK_CHANGED flg=0x4000010 (has extras) } to com.google.android.gms/.chimera.GmsIntentOperationService$PersistentTrustedReceiver
01-24 17:54:55.789 11291 11291 I chatty  : uid=10059(u0_a59) expire 16 lines
01-24 17:54:55.918 11291 11301 I chatty  : uid=10059(u0_a59) expire 1 line
01-24 17:54:56.021 11291 11307 I chatty  : uid=10059(u0_a59) expire 9 lines
01-24 17:54:56.451  7206  7251 I dailytrack: HealthSportDataCacheUtil::saveData(),currentThread4=handle_total_data
01-24 17:54:57.999 11307 11307 I chatty  : uid=10059(u0_a59) com.bestweatherfor.bibleoffline_pt_ra expire 1 line
01-24 17:54:58.253   434   461 I ActivityManager: Displayed com.bestweatherfor.bibleoffline_pt_ra/.MainActivity: +2s761ms
01-24 17:54:58.949   434   536 E TaskPersister: File error accessing recents directory (directory doesn't exist?).
01-24 17:55:00.016 15691 15691 D WallpaperUtil: InternalCache: available=1541M
01-24 17:55:00.033 15691 15691 E Watchface: WeatherManager::checkUpdateDisplayWeather() mWeatherInfo is null !
01-24 17:55:00.042 32131 32131 W OngoingChipController: Attempting to remove non-existent UI for chip [com.google.android.wearable.app, media_controls]
01-24 17:55:01.457  7206  7251 I dailytrack: HealthSportDataCacheUtil::saveData(),currentThread4=handle_total_data
01-24 17:55:06.463  7206  7251 I chatty  : uid=10025(u0_a25) handle_total_da identical 2 lines
01-24 17:55:11.466  7206  7251 I dailytrack: HealthSportDataCacheUtil::saveData(),currentThread4=handle_total_data
01-24 17:55:11.959   723   723 I battery : BatteryService: mInternalBatteryReceiver onReceive() action = android.intent.action.BATTERY_CHANGED
01-24 17:55:11.972 31787 31787 I ADVLog  : ADV.SensorService:/BatteryTemperature: 357  /isUsbOrAc: 1
01-24 17:55:12.004   319   319 D WifiHAL : In DebugCommand::handleResponse
01-24 17:55:12.005   319   319 D WifiHAL : len = 4, expected len = 4
01-24 17:55:12.071   434  4786 E BatteryStatsService: no controller energy info supplied
01-24 17:55:12.072   434  4786 I chatty  : uid=1000(system) Binder:434_14 identical 1 line
01-24 17:55:12.072   434  4786 E BatteryStatsService: no controller energy info supplied
01-24 17:55:12.669 11312 11312 D AndroidRuntime: >>>>>> START com.android.internal.os.RuntimeInit uid 2000 <<<<<<
01-24 17:55:13.842 11312 11312 D AndroidRuntime: Calling main entry com.android.commands.pm.Pm
01-24 17:55:13.866   434  4786 I ActivityManager: Force stopping com.bestweatherfor.bibleoffline_pt_ra appid=10059 user=0: clear data
01-24 17:55:13.868   434  4786 I ActivityManager: Killing 11291:com.bestweatherfor.bibleoffline_pt_ra/u0a59 (adj 0): stop com.bestweatherfor.bibleoffline_pt_ra
01-24 17:55:13.874   434  4786 W ActivityManager: Force removing ActivityRecord{815df19 u0 com.bestweatherfor.bibleoffline_pt_ra/.MainActivity t382}: app died, no saved state
01-24 17:55:14.039   434 13083 W InputMethodManagerService: Got RemoteException sending setActive(false) notification to pid 11291 uid 10059
01-24 17:55:14.075   551  3887 W InputMethodWrapper: Session is already finished: android.inputmethodservice.IInputMethodSessionWrapper@ff821a1
01-24 17:55:14.137   434   454 W Looper  : Dispatch took 270ms on android.ui, h=Handler (com.android.server.am.ActivityManagerService$UiHandler) {dee4953} cb=null msg=53
01-24 17:55:14.153   434   461 W ActivityManager: setHasOverlayUi called on unknown pid: 11291
01-24 17:55:14.162   434   453 I ActivityManager: Force stopping com.bestweatherfor.bibleoffline_pt_ra appid=10059 user=-1: clearApplicationUserData
01-24 17:55:14.202   434   453 W BroadcastQueue: Background execution not allowed: receiving Intent { act=android.os.UpdateLock.UPDATE_LOCK_CHANGED flg=0x4000010 (has extras) } to com.google.android.gms/.chimera.GmsIntentOperationService$PersistentTrustedReceiver
01-24 17:55:14.202 15691 15691 E Watchface: CocosWatchFaceService::Handler msg: -5 0.0;--
01-24 17:55:14.238   434   536 E TaskPersister: File error accessing recents directory (directory doesn't exist?).
01-24 17:55:14.444   335   335 I keystore: clear_uid 10059
01-24 17:55:14.503 13109 13109 I chatty  : uid=10009(u0_a9) com.google.android.gms.persistent expire 3 lines
01-24 17:55:14.510 31332 31332 D Avrcp   : AvrcpServiceBroadcastReceiver-> Action: android.intent.action.PACKAGE_DATA_CLEARED
01-24 17:55:14.510 31332 31332 D Avrcp   : packageName: com.bestweatherfor.bibleoffline_pt_ra removed: true
01-24 17:55:14.510 31332 31332 V Avrcp   : isBrowseSupported for com.bestweatherfor.bibleoffline_pt_ra: false
01-24 17:55:14.517 11312 11312 I app_process: System.exit called, status: 0
01-24 17:55:14.517 11312 11312 I AndroidRuntime: VM exiting with result code 0.
01-24 17:55:14.548   712   712 D RegisteredNfcFServicesCache: Service unchanged, not updating
01-24 17:55:14.605 13109 11323 I chatty  : uid=10009(u0_a9) com.google.android.gms.persistent expire 4 lines
01-24 17:55:16.470  7206  7251 I dailytrack: HealthSportDataCacheUtil::saveData(),currentThread4=handle_total_data
01-24 17:55:19.872   434   660 I ActivityManager: START u0 {act=api.android.category.MAIN cat=[api.android.intent.LAUNCHER] flg=0x10000000 cmp=com.bestweatherfor.bibleoffline_pt_ra/.MainActivity} from uid 2000
01-24 17:55:19.971   434  7909 I ActivityManager: Start proc 11337:com.bestweatherfor.bibleoffline_pt_ra/u0a59 for activity com.bestweatherfor.bibleoffline_pt_ra/.MainActivity
01-24 17:55:19.973   434   462 W ProcessCpuTracker: Skipping unknown process pid 11333
01-24 17:55:19.975   434   462 W ProcessCpuTracker: Skipping unknown process pid 11335
01-24 17:55:20.133   434  7909 W ActivityManager: Slow operation: 80ms so far, now at attachApplicationLocked: after mServices.attachApplicationLocked
01-24 17:55:20.166   434   453 W BroadcastQueue: Background execution not allowed: receiving Intent { act=android.os.UpdateLock.UPDATE_LOCK_CHANGED flg=0x4000010 (has extras) } to com.google.android.gms/.chimera.GmsIntentOperationService$PersistentTrustedReceiver
01-24 17:55:20.195 11337 11337 I chatty  : uid=10059(u0_a59) expire 15 lines
01-24 17:55:20.391 11337 11353 I chatty  : uid=10059(u0_a59) expire 9 lines
01-24 17:55:21.477  7206  7251 I dailytrack: HealthSportDataCacheUtil::saveData(),currentThread4=handle_total_data
01-24 17:55:22.319 11353 11353 I chatty  : uid=10059(u0_a59) com.bestweatherfor.bibleoffline_pt_ra expire 1 line
01-24 17:55:22.537   434   461 I ActivityManager: Displayed com.bestweatherfor.bibleoffline_pt_ra/.MainActivity: +2s592ms
01-24 17:55:23.424   434   536 E TaskPersister: File error accessing recents directory (directory doesn't exist?).
01-24 17:55:26.484  7206  7251 I dailytrack: HealthSportDataCacheUtil::saveData(),currentThread4=handle_total_data
01-24 17:55:36.497  7206  7251 I dailytrack: HealthSportDataCacheUtil::saveData(),currentThread4=handle_total_data
01-24 17:55:37.115 11358 11358 D AndroidRuntime: >>>>>> START com.android.internal.os.RuntimeInit uid 2000 <<<<<<
01-24 17:55:38.308 11358 11358 D AndroidRuntime: Calling main entry com.android.commands.pm.Pm
01-24 17:55:38.340   434  7909 I ActivityManager: Force stopping com.bestweatherfor.bibleoffline_pt_ra appid=10059 user=0: clear data
01-24 17:55:38.344   434  7909 I ActivityManager: Killing 11337:com.bestweatherfor.bibleoffline_pt_ra/u0a59 (adj 0): stop com.bestweatherfor.bibleoffline_pt_ra
01-24 17:55:38.350   434  7909 W ActivityManager: Force removing ActivityRecord{b826aa1 u0 com.bestweatherfor.bibleoffline_pt_ra/.MainActivity t383}: app died, no saved state
01-24 17:55:38.515   434  4786 W InputMethodManagerService: Got RemoteException sending setActive(false) notification to pid 11337 uid 10059
01-24 17:55:38.571   434   454 W Looper  : Dispatch took 229ms on android.ui, h=Handler (com.android.server.am.ActivityManagerService$UiHandler) {dee4953} cb=null msg=53
01-24 17:55:38.579   434   461 W ActivityManager: setHasOverlayUi called on unknown pid: 11337
01-24 17:55:38.586   434   453 W BroadcastQueue: Background execution not allowed: receiving Intent { act=android.os.UpdateLock.UPDATE_LOCK_CHANGED flg=0x4000010 (has extras) } to com.google.android.gms/.chimera.GmsIntentOperationService$PersistentTrustedReceiver
01-24 17:55:38.595 15691 15691 E Watchface: CocosWatchFaceService::Handler msg: -5 0.0;--
01-24 17:55:38.605   434   453 I ActivityManager: Force stopping com.bestweatherfor.bibleoffline_pt_ra appid=10059 user=-1: clearApplicationUserData
01-24 17:55:38.616   434   536 E TaskPersister: File error accessing recents directory (directory doesn't exist?).
01-24 17:55:38.634   335   335 I keystore: clear_uid 10059
01-24 17:55:38.733   434   462 W ProcessCpuTracker: Skipping unknown process pid 11337
01-24 17:55:39.013 31332 31332 D Avrcp   : AvrcpServiceBroadcastReceiver-> Action: android.intent.action.PACKAGE_DATA_CLEARED
01-24 17:55:39.013 31332 31332 D Avrcp   : packageName: com.bestweatherfor.bibleoffline_pt_ra removed: true
01-24 17:55:39.013 31332 31332 V Avrcp   : isBrowseSupported for com.bestweatherfor.bibleoffline_pt_ra: false
01-24 17:55:39.027 11358 11358 I app_process: System.exit called, status: 0
01-24 17:55:39.027 11358 11358 I AndroidRuntime: VM exiting with result code 0.
01-24 17:55:39.098 13109 11369 I chatty  : uid=10009(u0_a9) com.google.android.gms.persistent expire 4 lines
01-24 17:55:39.112   712   712 D RegisteredNfcFServicesCache: Service unchanged, not updating
01-24 17:55:39.450 32131 32141 I zygote  : Background concurrent copying GC freed 53103(2MB) AllocSpace objects, 0(0B) LOS objects, 24% free, 6MB/8MB, paused 53.263ms total 855.245ms
01-24 17:55:41.501  7206  7251 I dailytrack: HealthSportDataCacheUtil::saveData(),currentThread4=handle_total_data
01-24 17:55:44.445   434  2426 I ActivityManager: START u0 {act=api.android.category.MAIN cat=[api.android.intent.LAUNCHER] flg=0x10000000 cmp=com.bestweatherfor.bibleoffline_pt_ra/.MainActivity} from uid 2000
01-24 17:55:44.532   434  7909 I ActivityManager: Start proc 11384:com.bestweatherfor.bibleoffline_pt_ra/u0a59 for activity com.bestweatherfor.bibleoffline_pt_ra/.MainActivity
01-24 17:55:44.625   434   462 W ProcessCpuTracker: Skipping unknown process pid 11380
01-24 17:55:44.627   434   462 W ProcessCpuTracker: Skipping unknown process pid 11382
01-24 17:55:44.787   434  7909 W ActivityManager: Slow operation: 85ms so far, now at attachApplicationLocked: after mServices.attachApplicationLocked
01-24 17:55:44.792   434   453 W BroadcastQueue: Background execution not allowed: receiving Intent { act=android.os.UpdateLock.UPDATE_LOCK_CHANGED flg=0x4000010 (has extras) } to com.google.android.gms/.chimera.GmsIntentOperationService$PersistentTrustedReceiver
01-24 17:55:44.870 11384 11384 I chatty  : uid=10059(u0_a59) expire 15 lines
01-24 17:55:45.033 11384 11400 I chatty  : uid=10059(u0_a59) expire 9 lines
01-24 17:55:46.507  7206  7251 I dailytrack: HealthSportDataCacheUtil::saveData(),currentThread4=handle_total_data
01-24 17:55:46.969 11400 11400 I chatty  : uid=10059(u0_a59) com.bestweatherfor.bibleoffline_pt_ra expire 1 line
01-24 17:55:47.215   434   461 I ActivityManager: Displayed com.bestweatherfor.bibleoffline_pt_ra/.MainActivity: +2s683ms
01-24 17:55:47.899   434   443 I zygote  : Background concurrent copying GC freed 21475(1511KB) AllocSpace objects, 22(532KB) LOS objects, 15% free, 10MB/12MB, paused 4.960ms total 445.680ms
01-24 17:55:48.018   434   536 E TaskPersister: File error accessing recents directory (directory doesn't exist?).
01-24 17:55:51.512  7206  7251 I dailytrack: HealthSportDataCacheUtil::saveData(),currentThread4=handle_total_data
01-24 17:55:56.518  7206  7251 I dailytrack: HealthSportDataCacheUtil::saveData(),currentThread4=handle_total_data
01-24 17:56:00.013 15691 15691 D WallpaperUtil: InternalCache: available=1541M
01-24 17:56:00.053 15691 15691 E Watchface: WeatherManager::checkUpdateDisplayWeather() mWeatherInfo is null !
01-24 17:56:00.062 32131 32131 W OngoingChipController: Attempting to remove non-existent UI for chip [com.google.android.wearable.app, media_controls]
01-24 17:56:01.521  7206  7251 I dailytrack: HealthSportDataCacheUtil::saveData(),currentThread4=handle_total_data
01-24 17:56:01.690 11405 11405 D AndroidRuntime: >>>>>> START com.android.internal.os.RuntimeInit uid 2000 <<<<<<
01-24 17:56:03.042 11405 11405 D AndroidRuntime: Calling main entry com.android.commands.pm.Pm
01-24 17:56:03.075   434  4786 I ActivityManager: Force stopping com.bestweatherfor.bibleoffline_pt_ra appid=10059 user=0: clear data
01-24 17:56:03.079   434  4786 I ActivityManager: Killing 11384:com.bestweatherfor.bibleoffline_pt_ra/u0a59 (adj 0): stop com.bestweatherfor.bibleoffline_pt_ra
01-24 17:56:03.086   434  4786 W ActivityManager: Force removing ActivityRecord{11502b0 u0 com.bestweatherfor.bibleoffline_pt_ra/.MainActivity t384}: app died, no saved state
01-24 17:56:03.367   434   461 W ActivityManager: setHasOverlayUi called on unknown pid: 11384
01-24 17:56:03.383   434   454 W Looper  : Dispatch took 303ms on android.ui, h=Handler (com.android.server.am.ActivityManagerService$UiHandler) {dee4953} cb=null msg=53
01-24 17:56:03.392   434   453 I ActivityManager: Force stopping com.bestweatherfor.bibleoffline_pt_ra appid=10059 user=-1: clearApplicationUserData
01-24 17:56:03.401 15691 15691 E Watchface: CocosWatchFaceService::Handler msg: -5 0.0;--
01-24 17:56:03.460   434   453 W BroadcastQueue: Background execution not allowed: receiving Intent { act=android.os.UpdateLock.UPDATE_LOCK_CHANGED flg=0x4000010 (has extras) } to com.google.android.gms/.chimera.GmsIntentOperationService$PersistentTrustedReceiver
01-24 17:56:03.464   335   335 I keystore: clear_uid 10059
01-24 17:56:03.493   434   536 E TaskPersister: File error accessing recents directory (directory doesn't exist?).
01-24 17:56:03.596 31332 31332 D Avrcp   : AvrcpServiceBroadcastReceiver-> Action: android.intent.action.PACKAGE_DATA_CLEARED
01-24 17:56:03.597 31332 31332 D Avrcp   : packageName: com.bestweatherfor.bibleoffline_pt_ra removed: true
01-24 17:56:03.597 31332 31332 V Avrcp   : isBrowseSupported for com.bestweatherfor.bibleoffline_pt_ra: false
01-24 17:56:03.601 11405 11405 I app_process: System.exit called, status: 0
01-24 17:56:03.601 11405 11405 I AndroidRuntime: VM exiting with result code 0.
01-24 17:56:03.662 13109 11417 I chatty  : uid=10009(u0_a9) com.google.android.gms.persistent expire 1 line
01-24 17:56:03.665 13109 11417 I Fitness : Removing all subscriptions for: com.bestweatherfor.bibleoffline_pt_ra [CONTEXT service_id=17 ]
01-24 17:56:03.695   712   712 D RegisteredNfcFServicesCache: Service unchanged, not updating
01-24 17:56:03.775 13109 11417 I Fitness : Clearing all cached OAuth tokens for: com.bestweatherfor.bibleoffline_pt_ra [CONTEXT service_id=17 ]
01-24 17:56:03.783 13109 11417 I Fitness : Removing all subscriptions for: com.bestweatherfor.bibleoffline_pt_ra [CONTEXT service_id=17 ]
01-24 17:56:06.526  7206  7251 I dailytrack: HealthSportDataCacheUtil::saveData(),currentThread4=handle_total_data
01-24 17:56:08.972   434  4786 I ActivityManager: START u0 {act=api.android.category.MAIN cat=[api.android.intent.LAUNCHER] flg=0x10000000 cmp=com.bestweatherfor.bibleoffline_pt_ra/.MainActivity} from uid 2000
01-24 17:56:08.989   434   488 W ResourceType: ResTable_typeSpec entry count inconsistent: given 87, previously 90
01-24 17:56:08.990   434   488 W ResourceType: ResTable_typeSpec entry count inconsistent: given 59, previously 64
01-24 17:56:09.063   434  2021 I ActivityManager: Start proc 11431:com.bestweatherfor.bibleoffline_pt_ra/u0a59 for activity com.bestweatherfor.bibleoffline_pt_ra/.MainActivity
01-24 17:56:09.183   283 11435 I zygote  : Background concurrent copying GC freed 583(416KB) AllocSpace objects, 0(0B) LOS objects, 36% free, 876KB/1388KB, paused 9.281ms total 79.966ms
01-24 17:56:09.328   434  2021 W ActivityManager: Slow operation: 88ms so far, now at attachApplicationLocked: after mServices.attachApplicationLocked
01-24 17:56:09.338   434   453 W BroadcastQueue: Background execution not allowed: receiving Intent { act=android.os.UpdateLock.UPDATE_LOCK_CHANGED flg=0x4000010 (has extras) } to com.google.android.gms/.chimera.GmsIntentOperationService$PersistentTrustedReceiver
01-24 17:56:09.376 11431 11431 I chatty  : uid=10059(u0_a59) expire 15 lines
01-24 17:56:09.535 11431 11447 I chatty  : uid=10059(u0_a59) expire 9 lines
01-24 17:56:11.539 11447 11447 I chatty  : uid=10059(u0_a59) com.bestweatherfor.bibleoffline_pt_ra expire 1 line
01-24 17:56:11.542  7206  7251 I dailytrack: HealthSportDataCacheUtil::saveData(),currentThread4=handle_total_data
01-24 17:56:11.762   434   461 I ActivityManager: Displayed com.bestweatherfor.bibleoffline_pt_ra/.MainActivity: +2s719ms
01-24 17:56:11.933   723   723 I battery : BatteryService: mInternalBatteryReceiver onReceive() action = android.intent.action.BATTERY_CHANGED
01-24 17:56:11.937 31787 31787 I ADVLog  : ADV.SensorService:/BatteryTemperature: 355  /isUsbOrAc: 1
01-24 17:56:11.945   319   319 D WifiHAL : In DebugCommand::handleResponse
01-24 17:56:11.945   319   319 D WifiHAL : len = 4, expected len = 4
01-24 17:56:11.973   434 13083 E BatteryStatsService: no controller energy info supplied
01-24 17:56:11.973   434 13083 I chatty  : uid=1000(system) Binder:434_1F identical 1 line
01-24 17:56:11.973   434 13083 E BatteryStatsService: no controller energy info supplied
01-24 17:56:12.561   434   536 E TaskPersister: File error accessing recents directory (directory doesn't exist?).
01-24 17:56:16.546  7206  7251 I dailytrack: HealthSportDataCacheUtil::saveData(),currentThread4=handle_total_data
01-24 17:56:21.551  7206  7251 I dailytrack: HealthSportDataCacheUtil::saveData(),currentThread4=handle_total_data
01-24 17:56:26.208 11452 11452 D AndroidRuntime: >>>>>> START com.android.internal.os.RuntimeInit uid 2000 <<<<<<
01-24 17:56:26.556  7206  7251 I dailytrack: HealthSportDataCacheUtil::saveData(),currentThread4=handle_total_data
01-24 17:56:27.474 11452 11452 D AndroidRuntime: Calling main entry com.android.commands.pm.Pm
01-24 17:56:27.504   434  2021 I ActivityManager: Force stopping com.bestweatherfor.bibleoffline_pt_ra appid=10059 user=0: clear data
01-24 17:56:27.507   434  2021 I ActivityManager: Killing 11431:com.bestweatherfor.bibleoffline_pt_ra/u0a59 (adj 0): stop com.bestweatherfor.bibleoffline_pt_ra
01-24 17:56:27.511   434  2021 W ActivityManager: Force removing ActivityRecord{367bd58 u0 com.bestweatherfor.bibleoffline_pt_ra/.MainActivity t385}: app died, no saved state
01-24 17:56:27.741   434   461 W ActivityManager: setHasOverlayUi called on unknown pid: 11431
01-24 17:56:27.752   434   453 I ActivityManager: Force stopping com.bestweatherfor.bibleoffline_pt_ra appid=10059 user=-1: clearApplicationUserData
01-24 17:56:27.773   434   454 W Looper  : Dispatch took 268ms on android.ui, h=Handler (com.android.server.am.ActivityManagerService$UiHandler) {dee4953} cb=null msg=53
01-24 17:56:27.787   434   453 W BroadcastQueue: Background execution not allowed: receiving Intent { act=android.os.UpdateLock.UPDATE_LOCK_CHANGED flg=0x4000010 (has extras) } to com.google.android.gms/.chimera.GmsIntentOperationService$PersistentTrustedReceiver
01-24 17:56:27.788   434   536 E TaskPersister: File error accessing recents directory (directory doesn't exist?).
01-24 17:56:27.841 15691 15691 E Watchface: CocosWatchFaceService::Handler msg: -5 0.0;--
01-24 17:56:27.882   335   335 I keystore: clear_uid 10059
01-24 17:56:27.964 13109 13109 I GeofencerStateMachine: removeGeofences: removeRequest=RemoveGeofencingRequest[REMOVE_ALL packageName=com.bestweatherfor.bibleoffline_pt_ra]
01-24 17:56:27.971 31332 31332 D Avrcp   : AvrcpServiceBroadcastReceiver-> Action: android.intent.action.PACKAGE_DATA_CLEARED
01-24 17:56:27.971 31332 31332 D Avrcp   : packageName: com.bestweatherfor.bibleoffline_pt_ra removed: true
01-24 17:56:27.971 31332 31332 V Avrcp   : isBrowseSupported for com.bestweatherfor.bibleoffline_pt_ra: false
01-24 17:56:28.010 11452 11452 I app_process: System.exit called, status: 0
01-24 17:56:28.011 11452 11452 I AndroidRuntime: VM exiting with result code 0.
01-24 17:56:28.043 13109 11469 I Fitness : Clearing all cached OAuth tokens for: com.bestweatherfor.bibleoffline_pt_ra [CONTEXT service_id=17 ]
01-24 17:56:28.044   712   712 D RegisteredNfcFServicesCache: Service unchanged, not updating
01-24 17:56:28.066 13109 11469 I Fitness : Removing all subscriptions for: com.bestweatherfor.bibleoffline_pt_ra [CONTEXT service_id=17 ]
01-24 17:56:28.167 13109 11469 I Fitness : Clearing all cached OAuth tokens for: com.bestweatherfor.bibleoffline_pt_ra [CONTEXT service_id=17 ]
01-24 17:56:28.170 13109 11469 I Fitness : Removing all subscriptions for: com.bestweatherfor.bibleoffline_pt_ra [CONTEXT service_id=17 ]
01-24 17:56:31.557  7206  7251 I dailytrack: HealthSportDataCacheUtil::saveData(),currentThread4=handle_total_data
01-24 17:56:33.418   434  2021 I ActivityManager: START u0 {act=api.android.category.MAIN cat=[api.android.intent.LAUNCHER] flg=0x10000000 cmp=com.bestweatherfor.bibleoffline_pt_ra/.MainActivity} from uid 2000
01-24 17:56:33.531   434  2560 I ActivityManager: Start proc 11479:com.bestweatherfor.bibleoffline_pt_ra/u0a59 for activity com.bestweatherfor.bibleoffline_pt_ra/.MainActivity
01-24 17:56:33.715   434  2560 W ActivityManager: Slow operation: 76ms so far, now at attachApplicationLocked: after mServices.attachApplicationLocked
01-24 17:56:33.721   434   453 W BroadcastQueue: Background execution not allowed: receiving Intent { act=android.os.UpdateLock.UPDATE_LOCK_CHANGED flg=0x4000010 (has extras) } to com.google.android.gms/.chimera.GmsIntentOperationService$PersistentTrustedReceiver
01-24 17:56:33.791 11479 11479 I chatty  : uid=10059(u0_a59) expire 15 lines
01-24 17:56:33.959 11479 11495 I chatty  : uid=10059(u0_a59) expire 9 lines
01-24 17:56:35.003   323   403 W HWComposer: Ignoring duplicate VSYNC event from HWC (t=160864511934100)
01-24 17:56:35.909 11495 11495 I chatty  : uid=10059(u0_a59) com.bestweatherfor.bibleoffline_pt_ra expire 1 line
01-24 17:56:36.142   434   461 I ActivityManager: Displayed com.bestweatherfor.bibleoffline_pt_ra/.MainActivity: +2s631ms
01-24 17:56:36.557  7206  7251 I dailytrack: HealthSportDataCacheUtil::saveData(),currentThread4=handle_total_data
01-24 17:56:36.974   434   536 E TaskPersister: File error accessing recents directory (directory doesn't exist?).
01-24 17:56:41.563  7206  7251 I chatty  : uid=10025(u0_a25) handle_total_da identical 1 line
01-24 17:56:46.570  7206  7251 I dailytrack: HealthSportDataCacheUtil::saveData(),currentThread4=handle_total_data
01-24 17:56:50.715 11499 11499 D AndroidRuntime: >>>>>> START com.android.internal.os.RuntimeInit uid 2000 <<<<<<
01-24 17:56:51.576  7206  7251 I dailytrack: HealthSportDataCacheUtil::saveData(),currentThread4=handle_total_data
01-24 17:56:51.971 11499 11499 D AndroidRuntime: Calling main entry com.android.commands.pm.Pm
01-24 17:56:51.999   434  7909 I ActivityManager: Force stopping com.bestweatherfor.bibleoffline_pt_ra appid=10059 user=0: clear data
01-24 17:56:52.001   434  7909 I ActivityManager: Killing 11479:com.bestweatherfor.bibleoffline_pt_ra/u0a59 (adj 0): stop com.bestweatherfor.bibleoffline_pt_ra
01-24 17:56:52.007   434  7909 W ActivityManager: Force removing ActivityRecord{79e6583 u0 com.bestweatherfor.bibleoffline_pt_ra/.MainActivity t386}: app died, no saved state
01-24 17:56:52.290   434   454 W Looper  : Dispatch took 281ms on android.ui, h=Handler (com.android.server.am.ActivityManagerService$UiHandler) {dee4953} cb=null msg=53
01-24 17:56:52.316   434   453 W BroadcastQueue: Background execution not allowed: receiving Intent { act=android.os.UpdateLock.UPDATE_LOCK_CHANGED flg=0x4000010 (has extras) } to com.google.android.gms/.chimera.GmsIntentOperationService$PersistentTrustedReceiver
01-24 17:56:52.322   434   461 W ActivityManager: setHasOverlayUi called on unknown pid: 11479
01-24 17:56:52.348   434   453 I ActivityManager: Force stopping com.bestweatherfor.bibleoffline_pt_ra appid=10059 user=-1: clearApplicationUserData
01-24 17:56:52.359   434   536 E TaskPersister: File error accessing recents directory (directory doesn't exist?).
01-24 17:56:52.390 15691 15691 E Watchface: CocosWatchFaceService::Handler msg: -5 0.0;--
01-24 17:56:52.413   335   335 I keystore: clear_uid 10059
01-24 17:56:52.523 31332 31332 D Avrcp   : AvrcpServiceBroadcastReceiver-> Action: android.intent.action.PACKAGE_DATA_CLEARED
01-24 17:56:52.529 31332 31332 D Avrcp   : packageName: com.bestweatherfor.bibleoffline_pt_ra removed: true
01-24 17:56:52.529 31332 31332 V Avrcp   : isBrowseSupported for com.bestweatherfor.bibleoffline_pt_ra: false
01-24 17:56:52.530 13109 13109 I GeofencerStateMachine: removeGeofences: removeRequest=RemoveGeofencingRequest[REMOVE_ALL packageName=com.bestweatherfor.bibleoffline_pt_ra]
01-24 17:56:52.591 11499 11499 I app_process: System.exit called, status: 0
01-24 17:56:52.591 11499 11499 I AndroidRuntime: VM exiting with result code 0.
01-24 17:56:52.612 13109 11515 I Fitness : Clearing all cached OAuth tokens for: com.bestweatherfor.bibleoffline_pt_ra [CONTEXT service_id=17 ]
01-24 17:56:52.624   712   712 D RegisteredNfcFServicesCache: Service unchanged, not updating
01-24 17:56:52.636 13109 11515 I Fitness : Removing all subscriptions for: com.bestweatherfor.bibleoffline_pt_ra [CONTEXT service_id=17 ]
01-24 17:56:52.725 13109 11515 I Fitness : Clearing all cached OAuth tokens for: com.bestweatherfor.bibleoffline_pt_ra [CONTEXT service_id=17 ]
01-24 17:56:52.750 13109 11515 I Fitness : Removing all subscriptions for: com.bestweatherfor.bibleoffline_pt_ra [CONTEXT service_id=17 ]
01-24 17:56:53.197   434   443 I zygote  : Background concurrent copying GC freed 19150(1413KB) AllocSpace objects, 19(472KB) LOS objects, 15% free, 11MB/13MB, paused 7.002ms total 835.530ms
01-24 17:56:53.197 13109 13122 I zygote  : Background concurrent copying GC freed 33936(2MB) AllocSpace objects, 1(20KB) LOS objects, 20% free, 7MB/9MB, paused 1.563ms total 584.091ms
01-24 17:56:56.576  7206  7251 I dailytrack: HealthSportDataCacheUtil::saveData(),currentThread4=handle_total_data
01-24 17:56:57.981   434  7909 I ActivityManager: START u0 {act=api.android.category.MAIN cat=[api.android.intent.LAUNCHER] flg=0x10000000 cmp=com.bestweatherfor.bibleoffline_pt_ra/.MainActivity} from uid 2000
01-24 17:56:57.997   434   488 W ResourceType: ResTable_typeSpec entry count inconsistent: given 87, previously 90
01-24 17:56:57.998   434   488 W ResourceType: ResTable_typeSpec entry count inconsistent: given 59, previously 64
01-24 17:56:58.075   434  2560 I ActivityManager: Start proc 11526:com.bestweatherfor.bibleoffline_pt_ra/u0a59 for activity com.bestweatherfor.bibleoffline_pt_ra/.MainActivity
01-24 17:56:58.272   434  2560 W ActivityManager: Slow operation: 85ms so far, now at attachApplicationLocked: after mServices.attachApplicationLocked
01-24 17:56:58.275   434   453 W BroadcastQueue: Background execution not allowed: receiving Intent { act=android.os.UpdateLock.UPDATE_LOCK_CHANGED flg=0x4000010 (has extras) } to com.google.android.gms/.chimera.GmsIntentOperationService$PersistentTrustedReceiver
01-24 17:56:58.340 11526 11526 I chatty  : uid=10059(u0_a59) expire 10 lines
01-24 17:56:58.547 11526 11542 I chatty  : uid=10059(u0_a59) expire 1 line
01-24 17:56:58.666 11526 11536 I chatty  : uid=10059(u0_a59) expire 1 line
01-24 17:56:58.767 11526 11526 I chatty  : uid=10059(u0_a59) expire 5 lines
01-24 17:56:59.681   323   403 W HWComposer: Ignoring duplicate VSYNC event from HWC (t=160889192349142)
01-24 17:56:59.836   323   403 W HWComposer: Ignoring duplicate VSYNC event from HWC (t=160889346271278)
01-24 17:56:59.953   323   403 W HWComposer: Ignoring duplicate VSYNC event from HWC (t=160889448920236)
01-24 17:57:00.112 15691 15691 D WallpaperUtil: InternalCache: available=1541M
01-24 17:57:00.382 15691 15691 E Watchface: WeatherManager::checkUpdateDisplayWeather() mWeatherInfo is null !
01-24 17:57:00.401 32131 32131 W OngoingChipController: Attempting to remove non-existent UI for chip [com.google.android.wearable.app, media_controls]
01-24 17:57:00.459 11526 11542 I chatty  : uid=10059(u0_a59) expire 8 lines
01-24 17:57:00.509 11542 11542 I chatty  : uid=10059(u0_a59) com.bestweatherfor.bibleoffline_pt_ra expire 1 line
01-24 17:57:00.563   323   403 W HWComposer: Ignoring duplicate VSYNC event from HWC (t=160890064469194)
01-24 17:57:00.700   323   403 W HWComposer: Ignoring duplicate VSYNC event from HWC (t=160890201183621)
01-24 17:57:00.731   434   461 I ActivityManager: Displayed com.bestweatherfor.bibleoffline_pt_ra/.MainActivity: +2s673ms
01-24 17:57:01.542   434   536 E TaskPersister: File error accessing recents directory (directory doesn't exist?).
01-24 17:57:01.580  7206  7251 I dailytrack: HealthSportDataCacheUtil::saveData(),currentThread4=handle_total_data
01-24 17:57:06.588  7206  7251 I chatty  : uid=10025(u0_a25) handle_total_da identical 2 lines
01-24 17:57:11.595  7206  7251 I dailytrack: HealthSportDataCacheUtil::saveData(),currentThread4=handle_total_data
01-24 17:57:11.948   723   723 I battery : BatteryService: mInternalBatteryReceiver onReceive() action = android.intent.action.BATTERY_CHANGED
01-24 17:57:11.953 31787 31787 I ADVLog  : ADV.SensorService:/BatteryTemperature: 354  /isUsbOrAc: 1
01-24 17:57:11.967   319   319 D WifiHAL : In DebugCommand::handleResponse
01-24 17:57:11.967   319   319 D WifiHAL : len = 4, expected len = 4
01-24 17:57:12.001   434  7909 E BatteryStatsService: no controller energy info supplied
01-24 17:57:12.003   434  7909 I chatty  : uid=1000(system) Binder:434_1D identical 1 line
01-24 17:57:12.003   434  7909 E BatteryStatsService: no controller energy info supplied
01-24 17:57:15.235 11546 11546 D AndroidRuntime: >>>>>> START com.android.internal.os.RuntimeInit uid 2000 <<<<<<
01-24 17:57:16.501 11546 11546 D AndroidRuntime: Calling main entry com.android.commands.pm.Pm
01-24 17:57:16.529   434  2021 I ActivityManager: Force stopping com.bestweatherfor.bibleoffline_pt_ra appid=10059 user=0: clear data
01-24 17:57:16.531   434  2021 I ActivityManager: Killing 11526:com.bestweatherfor.bibleoffline_pt_ra/u0a59 (adj 0): stop com.bestweatherfor.bibleoffline_pt_ra
01-24 17:57:16.536   434  2021 W ActivityManager: Force removing ActivityRecord{dd6da9a u0 com.bestweatherfor.bibleoffline_pt_ra/.MainActivity t387}: app died, no saved state
01-24 17:57:16.600  7206  7251 I dailytrack: HealthSportDataCacheUtil::saveData(),currentThread4=handle_total_data
01-24 17:57:16.772   434   454 W Looper  : Dispatch took 241ms on android.ui, h=Handler (com.android.server.am.ActivityManagerService$UiHandler) {dee4953} cb=null msg=53
01-24 17:57:16.810   434   461 W ActivityManager: setHasOverlayUi called on unknown pid: 11526
01-24 17:57:16.840   434   453 W BroadcastQueue: Background execution not allowed: receiving Intent { act=android.os.UpdateLock.UPDATE_LOCK_CHANGED flg=0x4000010 (has extras) } to com.google.android.gms/.chimera.GmsIntentOperationService$PersistentTrustedReceiver
01-24 17:57:16.840   434   453 I ActivityManager: Force stopping com.bestweatherfor.bibleoffline_pt_ra appid=10059 user=-1: clearApplicationUserData
01-24 17:57:16.886   434   536 E TaskPersister: File error accessing recents directory (directory doesn't exist?).
01-24 17:57:16.906 15691 15691 E Watchface: CocosWatchFaceService::Handler msg: -5 0.0;--
01-24 17:57:16.910   335   335 I keystore: clear_uid 10059
01-24 17:57:17.192 13109 13109 I GeofencerStateMachine: removeGeofences: removeRequest=RemoveGeofencingRequest[REMOVE_ALL packageName=com.bestweatherfor.bibleoffline_pt_ra]
01-24 17:57:17.199 31332 31332 D Avrcp   : AvrcpServiceBroadcastReceiver-> Action: android.intent.action.PACKAGE_DATA_CLEARED
01-24 17:57:17.199 31332 31332 D Avrcp   : packageName: com.bestweatherfor.bibleoffline_pt_ra removed: true
01-24 17:57:17.199 31332 31332 V Avrcp   : isBrowseSupported for com.bestweatherfor.bibleoffline_pt_ra: false
01-24 17:57:17.245 11546 11546 I app_process: System.exit called, status: 0
01-24 17:57:17.245 11546 11546 I AndroidRuntime: VM exiting with result code 0.
01-24 17:57:17.336   712   712 D RegisteredNfcFServicesCache: Service unchanged, not updating
01-24 17:57:17.393 13109 11566 I Fitness : Clearing all cached OAuth tokens for: com.bestweatherfor.bibleoffline_pt_ra [CONTEXT service_id=17 ]
01-24 17:57:17.402 13109 11566 I Fitness : Removing all subscriptions for: com.bestweatherfor.bibleoffline_pt_ra [CONTEXT service_id=17 ]
01-24 17:57:17.441 13109 11566 I Fitness : Clearing all cached OAuth tokens for: com.bestweatherfor.bibleoffline_pt_ra [CONTEXT service_id=17 ]
01-24 17:57:17.447 13109 11566 I Fitness : Removing all subscriptions for: com.bestweatherfor.bibleoffline_pt_ra [CONTEXT service_id=17 ]
01-24 17:57:21.604  7206  7251 I dailytrack: HealthSportDataCacheUtil::saveData(),currentThread4=handle_total_data
01-24 17:57:22.654   434  2560 I ActivityManager: START u0 {act=api.android.category.MAIN cat=[api.android.intent.LAUNCHER] flg=0x10000000 cmp=com.bestweatherfor.bibleoffline_pt_ra/.MainActivity} from uid 2000
01-24 17:57:22.743   434   610 I ActivityManager: Start proc 11572:com.bestweatherfor.bibleoffline_pt_ra/u0a59 for activity com.bestweatherfor.bibleoffline_pt_ra/.MainActivity
01-24 17:57:22.909   434   610 W ActivityManager: Slow operation: 72ms so far, now at attachApplicationLocked: after mServices.attachApplicationLocked
01-24 17:57:22.958   434   453 W BroadcastQueue: Background execution not allowed: receiving Intent { act=android.os.UpdateLock.UPDATE_LOCK_CHANGED flg=0x4000010 (has extras) } to com.google.android.gms/.chimera.GmsIntentOperationService$PersistentTrustedReceiver
01-24 17:57:22.958 11572 11572 I chatty  : uid=10059(u0_a59) expire 15 lines
01-24 17:57:23.171 11572 11582 I chatty  : uid=10059(u0_a59) expire 1 line
01-24 17:57:23.178 11572 11588 I chatty  : uid=10059(u0_a59) expire 9 lines
01-24 17:57:25.139 11588 11588 I chatty  : uid=10059(u0_a59) com.bestweatherfor.bibleoffline_pt_ra expire 1 line
01-24 17:57:25.360   434   461 I ActivityManager: Displayed com.bestweatherfor.bibleoffline_pt_ra/.MainActivity: +2s645ms
01-24 17:57:26.223   434   536 E TaskPersister: File error accessing recents directory (directory doesn't exist?).
01-24 17:57:26.605  7206  7251 I dailytrack: HealthSportDataCacheUtil::saveData(),currentThread4=handle_total_data
01-24 17:57:36.618  7206  7251 I dailytrack: HealthSportDataCacheUtil::saveData(),currentThread4=handle_total_data
01-24 17:57:39.713 11593 11593 D AndroidRuntime: >>>>>> START com.android.internal.os.RuntimeInit uid 2000 <<<<<<
01-24 17:57:40.900 11593 11593 D AndroidRuntime: Calling main entry com.android.commands.pm.Pm
01-24 17:57:40.924   434 13233 I ActivityManager: Force stopping com.bestweatherfor.bibleoffline_pt_ra appid=10059 user=0: clear data
01-24 17:57:40.925   434 13233 I ActivityManager: Killing 11572:com.bestweatherfor.bibleoffline_pt_ra/u0a59 (adj 0): stop com.bestweatherfor.bibleoffline_pt_ra
01-24 17:57:40.935   434 13233 W ActivityManager: Force removing ActivityRecord{c8ba402 u0 com.bestweatherfor.bibleoffline_pt_ra/.MainActivity t388}: app died, no saved state
01-24 17:57:41.209   434   454 W Looper  : Dispatch took 284ms on android.ui, h=Handler (com.android.server.am.ActivityManagerService$UiHandler) {dee4953} cb=null msg=53
01-24 17:57:41.213   434   461 W ActivityManager: setHasOverlayUi called on unknown pid: 11572
01-24 17:57:41.250   434   453 I ActivityManager: Force stopping com.bestweatherfor.bibleoffline_pt_ra appid=10059 user=-1: clearApplicationUserData
01-24 17:57:41.269   434   453 W BroadcastQueue: Background execution not allowed: receiving Intent { act=android.os.UpdateLock.UPDATE_LOCK_CHANGED flg=0x4000010 (has extras) } to com.google.android.gms/.chimera.GmsIntentOperationService$PersistentTrustedReceiver
01-24 17:57:41.290 15691 15691 E Watchface: CocosWatchFaceService::Handler msg: -5 0.0;--
01-24 17:57:41.296   434   536 E TaskPersister: File error accessing recents directory (directory doesn't exist?).
01-24 17:57:41.330   335   335 I keystore: clear_uid 10059
01-24 17:57:41.376 15691 15701 I zygote  : Background concurrent copying GC freed 4284(401KB) AllocSpace objects, 0(0B) LOS objects, 28% free, 1307KB/1819KB, paused 15.165ms total 141.858ms
01-24 17:57:41.415 13109 13109 I GeofencerStateMachine: removeGeofences: removeRequest=RemoveGeofencingRequest[REMOVE_ALL packageName=com.bestweatherfor.bibleoffline_pt_ra]
01-24 17:57:41.417 31332 31332 D Avrcp   : AvrcpServiceBroadcastReceiver-> Action: android.intent.action.PACKAGE_DATA_CLEARED
01-24 17:57:41.417 31332 31332 D Avrcp   : packageName: com.bestweatherfor.bibleoffline_pt_ra removed: true
01-24 17:57:41.417 31332 31332 V Avrcp   : isBrowseSupported for com.bestweatherfor.bibleoffline_pt_ra: false
01-24 17:57:41.479   712   712 D RegisteredNfcFServicesCache: Service unchanged, not updating
01-24 17:57:41.489 11593 11593 I app_process: System.exit called, status: 0
01-24 17:57:41.489 11593 11593 I AndroidRuntime: VM exiting with result code 0.
01-24 17:57:41.515 13109 11604 I Fitness : Clearing all cached OAuth tokens for: com.bestweatherfor.bibleoffline_pt_ra [CONTEXT service_id=17 ]
01-24 17:57:41.520 13109 11604 I Fitness : Removing all subscriptions for: com.bestweatherfor.bibleoffline_pt_ra [CONTEXT service_id=17 ]
01-24 17:57:41.551 13109 11604 I Fitness : Clearing all cached OAuth tokens for: com.bestweatherfor.bibleoffline_pt_ra [CONTEXT service_id=17 ]
01-24 17:57:41.575 13109 11604 I Fitness : Removing all subscriptions for: com.bestweatherfor.bibleoffline_pt_ra [CONTEXT service_id=17 ]
01-24 17:57:41.625  7206  7251 I dailytrack: HealthSportDataCacheUtil::saveData(),currentThread4=handle_total_data
01-24 17:57:46.626  7206  7251 I dailytrack: HealthSportDataCacheUtil::saveData(),currentThread4=handle_total_data
01-24 17:57:47.018   434 13233 I ActivityManager: START u0 {act=api.android.category.MAIN cat=[api.android.intent.LAUNCHER] flg=0x10000000 cmp=com.bestweatherfor.bibleoffline_pt_ra/.MainActivity} from uid 2000
01-24 17:57:47.114   434  2560 I ActivityManager: Start proc 11619:com.bestweatherfor.bibleoffline_pt_ra/u0a59 for activity com.bestweatherfor.bibleoffline_pt_ra/.MainActivity
01-24 17:57:47.338   434  2560 W ActivityManager: Slow operation: 124ms so far, now at attachApplicationLocked: after mServices.attachApplicationLocked
01-24 17:57:47.384 11619 11619 I chatty  : uid=10059(u0_a59) expire 11 lines
01-24 17:57:47.392   434   453 W BroadcastQueue: Background execution not allowed: receiving Intent { act=android.os.UpdateLock.UPDATE_LOCK_CHANGED flg=0x4000010 (has extras) } to com.google.android.gms/.chimera.GmsIntentOperationService$PersistentTrustedReceiver
01-24 17:57:47.446   434   454 W Looper  : Dispatch took 169ms on android.ui, h=Handler (com.android.server.am.ActivityManagerService$UiHandler) {dee4953} cb=null msg=31
01-24 17:57:47.708 11619 11629 I chatty  : uid=10059(u0_a59) expire 1 line
01-24 17:57:47.716 11619 11635 I chatty  : uid=10059(u0_a59) expire 9 lines
01-24 17:57:47.901 11619 11619 I chatty  : uid=10059(u0_a59) expire 4 lines
01-24 17:57:48.022   434   443 I zygote  : Background concurrent copying GC freed 20555(1488KB) AllocSpace objects, 21(512KB) LOS objects, 15% free, 11MB/13MB, paused 2.712ms total 960.625ms
01-24 17:57:49.639 11635 11635 I chatty  : uid=10059(u0_a59) com.bestweatherfor.bibleoffline_pt_ra expire 1 line
01-24 17:57:49.837   434   461 I ActivityManager: Displayed com.bestweatherfor.bibleoffline_pt_ra/.MainActivity: +2s738ms
01-24 17:57:50.584   434   536 E TaskPersister: File error accessing recents directory (directory doesn't exist?).
01-24 17:57:51.632  7206  7251 I dailytrack: HealthSportDataCacheUtil::saveData(),currentThread4=handle_total_data
01-24 17:57:56.640  7206  7251 I dailytrack: HealthSportDataCacheUtil::saveData(),currentThread4=handle_total_data
01-24 17:58:00.013 15691 15691 D WallpaperUtil: InternalCache: available=1541M
01-24 17:58:00.028 15691 15691 E Watchface: WeatherManager::checkUpdateDisplayWeather() mWeatherInfo is null !
01-24 17:58:00.036 32131 32131 W OngoingChipController: Attempting to remove non-existent UI for chip [com.google.android.wearable.app, media_controls]
01-24 17:58:01.648  7206  7251 I dailytrack: HealthSportDataCacheUtil::saveData(),currentThread4=handle_total_data
01-24 17:58:04.253 11640 11640 D AndroidRuntime: >>>>>> START com.android.internal.os.RuntimeInit uid 2000 <<<<<<
01-24 17:58:05.540 11640 11640 D AndroidRuntime: Calling main entry com.android.commands.pm.Pm
01-24 17:58:05.573   434  4786 I ActivityManager: Force stopping com.bestweatherfor.bibleoffline_pt_ra appid=10059 user=0: clear data
01-24 17:58:05.575   434  4786 I ActivityManager: Killing 11619:com.bestweatherfor.bibleoffline_pt_ra/u0a59 (adj 0): stop com.bestweatherfor.bibleoffline_pt_ra
01-24 17:58:05.585   434  4786 W ActivityManager: Force removing ActivityRecord{aa8ce55 u0 com.bestweatherfor.bibleoffline_pt_ra/.MainActivity t389}: app died, no saved state
01-24 17:58:05.843   434   454 W Looper  : Dispatch took 268ms on android.ui, h=Handler (com.android.server.am.ActivityManagerService$UiHandler) {dee4953} cb=null msg=53
01-24 17:58:05.845   434   461 W ActivityManager: setHasOverlayUi called on unknown pid: 11619
01-24 17:58:05.850   434   453 W BroadcastQueue: Background execution not allowed: receiving Intent { act=android.os.UpdateLock.UPDATE_LOCK_CHANGED flg=0x4000010 (has extras) } to com.google.android.gms/.chimera.GmsIntentOperationService$PersistentTrustedReceiver
01-24 17:58:05.914   434   453 I ActivityManager: Force stopping com.bestweatherfor.bibleoffline_pt_ra appid=10059 user=-1: clearApplicationUserData
01-24 17:58:05.916 15691 15691 E Watchface: CocosWatchFaceService::Handler msg: -5 0.0;--
01-24 17:58:05.924   434   536 E TaskPersister: File error accessing recents directory (directory doesn't exist?).
01-24 17:58:05.929   335   335 I keystore: clear_uid 10059
01-24 17:58:06.035 31332 31332 D Avrcp   : AvrcpServiceBroadcastReceiver-> Action: android.intent.action.PACKAGE_DATA_CLEARED
01-24 17:58:06.035 31332 31332 D Avrcp   : packageName: com.bestweatherfor.bibleoffline_pt_ra removed: true
01-24 17:58:06.035 31332 31332 V Avrcp   : isBrowseSupported for com.bestweatherfor.bibleoffline_pt_ra: false
01-24 17:58:06.035 13109 13109 I GeofencerStateMachine: removeGeofences: removeRequest=RemoveGeofencingRequest[REMOVE_ALL packageName=com.bestweatherfor.bibleoffline_pt_ra]
01-24 17:58:06.061 11640 11640 I app_process: System.exit called, status: 0
01-24 17:58:06.061 11640 11640 I AndroidRuntime: VM exiting with result code 0.
01-24 17:58:06.102   712   712 D RegisteredNfcFServicesCache: Service unchanged, not updating
01-24 17:58:06.243 13109 11659 I Fitness : Clearing all cached OAuth tokens for: com.bestweatherfor.bibleoffline_pt_ra [CONTEXT service_id=17 ]
01-24 17:58:06.260 13109 11659 I Fitness : Removing all subscriptions for: com.bestweatherfor.bibleoffline_pt_ra [CONTEXT service_id=17 ]
01-24 17:58:06.322 13109 11659 I Fitness : Clearing all cached OAuth tokens for: com.bestweatherfor.bibleoffline_pt_ra [CONTEXT service_id=17 ]
01-24 17:58:06.326 13109 11659 I Fitness : Removing all subscriptions for: com.bestweatherfor.bibleoffline_pt_ra [CONTEXT service_id=17 ]
01-24 17:58:06.363   712   726 I zygote  : Background concurrent copying GC freed 10648(416KB) AllocSpace objects, 0(0B) LOS objects, 29% free, 1234KB/1746KB, paused 1.081ms total 264.543ms
01-24 17:58:06.653  7206  7251 I dailytrack: HealthSportDataCacheUtil::saveData(),currentThread4=handle_total_data
01-24 17:58:11.510   434 13233 I ActivityManager: START u0 {act=api.android.category.MAIN cat=[api.android.intent.LAUNCHER] flg=0x10000000 cmp=com.bestweatherfor.bibleoffline_pt_ra/.MainActivity} from uid 2000
01-24 17:58:11.605   434   756 I ActivityManager: Start proc 11666:com.bestweatherfor.bibleoffline_pt_ra/u0a59 for activity com.bestweatherfor.bibleoffline_pt_ra/.MainActivity
01-24 17:58:11.656  7206  7251 I dailytrack: HealthSportDataCacheUtil::saveData(),currentThread4=handle_total_data
01-24 17:58:11.743   434   756 W ActivityManager: Slow operation: 63ms so far, now at attachApplicationLocked: after mServices.attachApplicationLocked
01-24 17:58:11.751   434   453 W BroadcastQueue: Background execution not allowed: receiving Intent { act=android.os.UpdateLock.UPDATE_LOCK_CHANGED flg=0x4000010 (has extras) } to com.google.android.gms/.chimera.GmsIntentOperationService$PersistentTrustedReceiver
01-24 17:58:11.859 11666 11666 I chatty  : uid=10059(u0_a59) expire 15 lines
01-24 17:58:12.004 31787 31787 I ADVLog  : ADV.SensorService:/BatteryTemperature: 352  /isUsbOrAc: 1
01-24 17:58:12.005   723   723 I battery : BatteryService: mInternalBatteryReceiver onReceive() action = android.intent.action.BATTERY_CHANGED
01-24 17:58:12.017   319   319 D WifiHAL : In DebugCommand::handleResponse
01-24 17:58:12.017   319   319 D WifiHAL : len = 4, expected len = 4
01-24 17:58:12.084   434  4786 E BatteryStatsService: no controller energy info supplied
01-24 17:58:12.085   434  4786 I chatty  : uid=1000(system) Binder:434_14 identical 1 line
01-24 17:58:12.085   434  4786 E BatteryStatsService: no controller energy info supplied
01-24 17:58:12.125 11666 11676 I chatty  : uid=10059(u0_a59) expire 1 line
01-24 17:58:12.146 11666 11682 I chatty  : uid=10059(u0_a59) expire 9 lines
