--------- beginning of system
01-24 18:02:11.979   434  2093 I chatty  : uid=1000(system) Binder:434_E expire 1 line
01-24 18:02:11.979   434  2093 E BatteryStatsService: no controller energy info supplied
01-24 18:02:47.029   434  2093 I ActivityManager: START u0 {act=api.android.category.MAIN cat=[api.android.intent.LAUNCHER] flg=0x10000000 cmp=com.appsforall.athkaralsalah/.MainActivityWear} from uid 2000
01-24 18:02:47.198   434  7909 I ActivityManager: Start proc 11909:com.appsforall.athkaralsalah/u0a62 for activity com.appsforall.athkaralsalah/.MainActivityWear
01-24 18:02:47.407   434  7909 W ActivityManager: Slow operation: 88ms so far, now at attachApplicationLocked: after mServices.attachApplicationLocked
01-24 18:02:47.423   434   453 W BroadcastQueue: Background execution not allowed: receiving Intent { act=android.os.UpdateLock.UPDATE_LOCK_CHANGED flg=0x4000010 (has extras) } to com.google.android.gms/.chimera.GmsIntentOperationService$PersistentTrustedReceiver
--------- beginning of main
01-24 18:02:46.952  7206  7251 I dailytrack: HealthSportDataCacheUtil::saveData(),currentThread4=handle_total_data
01-24 18:02:47.903 11909 11919 I chatty  : uid=10062(u0_a62) expire 1 line
01-24 18:02:48.010 11909 11926 I chatty  : uid=10062(u0_a62) expire 9 lines
01-24 18:02:48.169 11926 11926 I chatty  : uid=10062(u0_a62) com.appsforall.athkaralsalah expire 1 line
01-24 18:02:48.759   434   461 I ActivityManager: Displayed com.appsforall.athkaralsalah/.MainActivityWear: +1s590ms
01-24 18:02:50.689   434   536 E TaskPersister: File error accessing recents directory (directory doesn't exist?).
01-24 18:02:51.959  7206  7251 I dailytrack: HealthSportDataCacheUtil::saveData(),currentThread4=handle_total_data
01-24 18:02:56.966  7206  7251 I dailytrack: HealthSportDataCacheUtil::saveData(),currentThread4=handle_total_data
01-24 18:03:00.014 15691 15691 D WallpaperUtil: InternalCache: available=1546M
01-24 18:03:00.029 15691 15691 E Watchface: WeatherManager::checkUpdateDisplayWeather() mWeatherInfo is null !
01-24 18:03:00.038 32131 32131 W OngoingChipController: Attempting to remove non-existent UI for chip [com.google.android.wearable.app, media_controls]
01-24 18:03:01.973  7206  7251 I dailytrack: HealthSportDataCacheUtil::saveData(),currentThread4=handle_total_data
01-24 18:03:04.246 11930 11930 D AndroidRuntime: >>>>>> START com.android.internal.os.RuntimeInit uid 2000 <<<<<<
01-24 18:03:05.753 11930 11930 D AndroidRuntime: Calling main entry com.android.commands.pm.Pm
01-24 18:03:05.793   434  7909 I ActivityManager: Force stopping com.appsforall.athkaralsalah appid=10062 user=0: clear data
01-24 18:03:05.797   434  7909 I ActivityManager: Killing 11909:com.appsforall.athkaralsalah/u0a62 (adj 0): stop com.appsforall.athkaralsalah
01-24 18:03:05.803   434  7909 W ActivityManager: Force removing ActivityRecord{3bd723d u0 com.appsforall.athkaralsalah/.MainActivityWear t395}: app died, no saved state
01-24 18:03:05.971   434  3945 W InputMethodManagerService: Got RemoteException sending setActive(false) notification to pid 11909 uid 10062
01-24 18:03:06.093   434   453 W BroadcastQueue: Background execution not allowed: receiving Intent { act=android.os.UpdateLock.UPDATE_LOCK_CHANGED flg=0x4000010 (has extras) } to com.google.android.gms/.chimera.GmsIntentOperationService$PersistentTrustedReceiver
01-24 18:03:06.099   434   454 W Looper  : Dispatch took 305ms on android.ui, h=Handler (com.android.server.am.ActivityManagerService$UiHandler) {dee4953} cb=null msg=53
01-24 18:03:06.101   434   461 W ActivityManager: setHasOverlayUi called on unknown pid: 11909
01-24 18:03:06.128 15691 15691 E Watchface: CocosWatchFaceService::Handler msg: -5 0.0;--
01-24 18:03:06.142   335   335 I keystore: clear_uid 10062
01-24 18:03:06.149   434   453 I ActivityManager: Force stopping com.appsforall.athkaralsalah appid=10062 user=-1: clearApplicationUserData
01-24 18:03:06.153   434   536 E TaskPersister: File error accessing recents directory (directory doesn't exist?).
01-24 18:03:06.254 31332 31332 D Avrcp   : AvrcpServiceBroadcastReceiver-> Action: android.intent.action.PACKAGE_DATA_CLEARED
01-24 18:03:06.254 31332 31332 D Avrcp   : packageName: com.appsforall.athkaralsalah removed: true
01-24 18:03:06.254 31332 31332 V Avrcp   : isBrowseSupported for com.appsforall.athkaralsalah: false
01-24 18:03:06.258 13109 13109 I GeofencerStateMachine: removeGeofences: removeRequest=RemoveGeofencingRequest[REMOVE_ALL packageName=com.appsforall.athkaralsalah]
01-24 18:03:06.287 11930 11930 I app_process: System.exit called, status: 0
01-24 18:03:06.287 11930 11930 I AndroidRuntime: VM exiting with result code 0.
01-24 18:03:06.341   712   712 D RegisteredNfcFServicesCache: Service unchanged, not updating
01-24 18:03:06.500 13109 11941 I Fitness : Clearing all cached OAuth tokens for: com.appsforall.athkaralsalah [CONTEXT service_id=17 ]
01-24 18:03:06.505 13109 11941 I Fitness : Removing all subscriptions for: com.appsforall.athkaralsalah [CONTEXT service_id=17 ]
01-24 18:03:06.548 13109 11941 I Fitness : Clearing all cached OAuth tokens for: com.appsforall.athkaralsalah [CONTEXT service_id=17 ]
01-24 18:03:06.551 13109 11941 I Fitness : Removing all subscriptions for: com.appsforall.athkaralsalah [CONTEXT service_id=17 ]
01-24 18:03:06.976  7206  7251 I dailytrack: HealthSportDataCacheUtil::saveData(),currentThread4=handle_total_data
01-24 18:03:11.647   434  7909 I ActivityManager: START u0 {act=api.android.category.MAIN cat=[api.android.intent.LAUNCHER] flg=0x10000000 cmp=com.appsforall.athkaralsalah/.MainActivityWear} from uid 2000
01-24 18:03:11.732   434  3945 I ActivityManager: Start proc 11957:com.appsforall.athkaralsalah/u0a62 for activity com.appsforall.athkaralsalah/.MainActivityWear
01-24 18:03:11.918   434  3945 W ActivityManager: Slow operation: 80ms so far, now at attachApplicationLocked: after mServices.attachApplicationLocked
01-24 18:03:11.925   434   453 W BroadcastQueue: Background execution not allowed: receiving Intent { act=android.os.UpdateLock.UPDATE_LOCK_CHANGED flg=0x4000010 (has extras) } to com.google.android.gms/.chimera.GmsIntentOperationService$PersistentTrustedReceiver
01-24 18:03:11.969   723   723 I battery : BatteryService: mInternalBatteryReceiver onReceive() action = android.intent.action.BATTERY_CHANGED
01-24 18:03:11.984  7206  7251 I dailytrack: HealthSportDataCacheUtil::saveData(),currentThread4=handle_total_data
01-24 18:03:11.985 31787 31787 I ADVLog  : ADV.SensorService:/BatteryTemperature: 353  /isUsbOrAc: 1
01-24 18:03:11.993   319   319 D WifiHAL : In DebugCommand::handleResponse
01-24 18:03:11.994   319   319 D WifiHAL : len = 4, expected len = 4
01-24 18:03:12.167   434  3945 E BatteryStatsService: no controller energy info supplied
01-24 18:03:12.167   434  3945 I chatty  : uid=1000(system) Binder:434_13 identical 1 line
01-24 18:03:12.167   434  3945 E BatteryStatsService: no controller energy info supplied
01-24 18:03:12.303   434  3945 D BatteryStatsImpl: Reading cpu stats took 134 ms
01-24 18:03:12.388 11957 11967 I chatty  : uid=10062(u0_a62) expire 1 line
01-24 18:03:12.395 11957 11972 I chatty  : uid=10062(u0_a62) expire 9 lines
01-24 18:03:12.519 11972 11972 I chatty  : uid=10062(u0_a62) com.appsforall.athkaralsalah expire 1 line
01-24 18:03:12.899   434   461 I ActivityManager: Displayed com.appsforall.athkaralsalah/.MainActivityWear: +1s200ms
01-24 18:03:14.547   434 11976 D NetworkMonitor/NetworkAgentInfo [WIFI () - 448]: PROBE_DNS www.google.com 55ms FAIL
01-24 18:03:14.547   434 11977 D NetworkMonitor/NetworkAgentInfo [WIFI () - 448]: PROBE_DNS connectivitycheck.gstatic.com 55ms FAIL
01-24 18:03:14.558   434 11976 D NetworkMonitor/NetworkAgentInfo [WIFI () - 448]: PROBE_HTTPS https://www.google.com/generate_204 Probably not a portal: exception java.net.UnknownHostException: Unable to resolve host "www.google.com": No address associated with hostname
01-24 18:03:14.558   434 11977 D NetworkMonitor/NetworkAgentInfo [WIFI () - 448]: PROBE_HTTP http://connectivitycheck.gstatic.com/generate_204 Probably not a portal: exception java.net.UnknownHostException: Unable to resolve host "connectivitycheck.gstatic.com": No address associated with hostname
01-24 18:03:14.599   434  1808 D NetworkMonitor/NetworkAgentInfo [WIFI () - 448]: PROBE_FALLBACK http://play.googleapis.com/generate_204 Probably not a portal: exception java.net.UnknownHostException: Unable to resolve host "play.googleapis.com": No address associated with hostname
01-24 18:03:14.602   434   517 D ConnectivityService: NetworkAgentInfo [WIFI () - 448] validation failed
01-24 18:03:14.603   434   514 D WifiStateMachine: NETWORK_STATUS_UNWANTED_VALIDATION_FAILED
01-24 18:03:15.163   434   443 I zygote  : Background concurrent copying GC freed 18018(1336KB) AllocSpace objects, 18(544KB) LOS objects, 15% free, 10MB/12MB, paused 8.139ms total 505.055ms
01-24 18:03:15.219   434   536 E TaskPersister: File error accessing recents directory (directory doesn't exist?).
01-24 18:03:16.988  7206  7251 I dailytrack: HealthSportDataCacheUtil::saveData(),currentThread4=handle_total_data
01-24 18:03:21.996  7206  7251 I chatty  : uid=10025(u0_a25) handle_total_da identical 4 lines
01-24 18:03:26.996  7206  7251 I dailytrack: HealthSportDataCacheUtil::saveData(),currentThread4=handle_total_data
01-24 18:03:28.805 11981 11981 D AndroidRuntime: >>>>>> START com.android.internal.os.RuntimeInit uid 2000 <<<<<<
01-24 18:03:29.980 11981 11981 D AndroidRuntime: Calling main entry com.android.commands.pm.Pm
01-24 18:03:30.008   434 13233 I ActivityManager: Force stopping com.appsforall.athkaralsalah appid=10062 user=0: clear data
01-24 18:03:30.010   434 13233 I ActivityManager: Killing 11957:com.appsforall.athkaralsalah/u0a62 (adj 0): stop com.appsforall.athkaralsalah
01-24 18:03:30.015   434 13233 W ActivityManager: Force removing ActivityRecord{40fcdbc u0 com.appsforall.athkaralsalah/.MainActivityWear t396}: app died, no saved state
01-24 18:03:30.314   434   454 W Looper  : Dispatch took 305ms on android.ui, h=Handler (com.android.server.am.ActivityManagerService$UiHandler) {dee4953} cb=null msg=53
01-24 18:03:30.331   434   461 W ActivityManager: setHasOverlayUi called on unknown pid: 11957
01-24 18:03:30.348   434   453 I ActivityManager: Force stopping com.appsforall.athkaralsalah appid=10062 user=-1: clearApplicationUserData
01-24 18:03:30.369 15691 15691 E Watchface: CocosWatchFaceService::Handler msg: -5 0.0;--
01-24 18:03:30.393   335   335 I keystore: clear_uid 10062
01-24 18:03:30.401   434   536 E TaskPersister: File error accessing recents directory (directory doesn't exist?).
01-24 18:03:30.478   434   453 W BroadcastQueue: Background execution not allowed: receiving Intent { act=android.os.UpdateLock.UPDATE_LOCK_CHANGED flg=0x4000010 (has extras) } to com.google.android.gms/.chimera.GmsIntentOperationService$PersistentTrustedReceiver
01-24 18:03:30.560 13109 13109 I GeofencerStateMachine: removeGeofences: removeRequest=RemoveGeofencingRequest[REMOVE_ALL packageName=com.appsforall.athkaralsalah]
01-24 18:03:30.561 31332 31332 D Avrcp   : AvrcpServiceBroadcastReceiver-> Action: android.intent.action.PACKAGE_DATA_CLEARED
01-24 18:03:30.561 31332 31332 D Avrcp   : packageName: com.appsforall.athkaralsalah removed: true
01-24 18:03:30.561 31332 31332 V Avrcp   : isBrowseSupported for com.appsforall.athkaralsalah: false
01-24 18:03:30.581 11981 11981 I app_process: System.exit called, status: 0
01-24 18:03:30.581 11981 11981 I AndroidRuntime: VM exiting with result code 0.
01-24 18:03:30.636   712   712 D RegisteredNfcFServicesCache: Service unchanged, not updating
01-24 18:03:30.639 13109 11994 I Fitness : Clearing all cached OAuth tokens for: com.appsforall.athkaralsalah [CONTEXT service_id=17 ]
01-24 18:03:30.664 13109 11994 I Fitness : Removing all subscriptions for: com.appsforall.athkaralsalah [CONTEXT service_id=17 ]
01-24 18:03:30.806 13109 11994 I Fitness : Clearing all cached OAuth tokens for: com.appsforall.athkaralsalah [CONTEXT service_id=17 ]
01-24 18:03:30.813 13109 11994 I Fitness : Removing all subscriptions for: com.appsforall.athkaralsalah [CONTEXT service_id=17 ]
01-24 18:03:31.065 13109 13122 I zygote  : Background concurrent copying GC freed 29487(1972KB) AllocSpace objects, 0(0B) LOS objects, 20% free, 7MB/9MB, paused 15.362ms total 420.175ms
01-24 18:03:32.000  7206  7251 I dailytrack: HealthSportDataCacheUtil::saveData(),currentThread4=handle_total_data
01-24 18:03:35.925   434 13233 I ActivityManager: START u0 {act=api.android.category.MAIN cat=[api.android.intent.LAUNCHER] flg=0x10000000 cmp=com.appsforall.athkaralsalah/.MainActivityWear} from uid 2000
01-24 18:03:35.996   434 13233 I ActivityManager: Start proc 12008:com.appsforall.athkaralsalah/u0a62 for activity com.appsforall.athkaralsalah/.MainActivityWear
01-24 18:03:36.175   434 13233 W ActivityManager: Slow operation: 100ms so far, now at attachApplicationLocked: after mServices.attachApplicationLocked
01-24 18:03:36.190   434   453 W BroadcastQueue: Background execution not allowed: receiving Intent { act=android.os.UpdateLock.UPDATE_LOCK_CHANGED flg=0x4000010 (has extras) } to com.google.android.gms/.chimera.GmsIntentOperationService$PersistentTrustedReceiver
01-24 18:03:36.428 12008 12018 I chatty  : uid=10062(u0_a62) expire 1 line
01-24 18:03:36.602 12008 12023 I chatty  : uid=10062(u0_a62) expire 9 lines
01-24 18:03:36.749 12023 12023 I chatty  : uid=10062(u0_a62) com.appsforall.athkaralsalah expire 1 line
01-24 18:03:37.006  7206  7251 I dailytrack: HealthSportDataCacheUtil::saveData(),currentThread4=handle_total_data
01-24 18:03:37.202   434   461 I ActivityManager: Displayed com.appsforall.athkaralsalah/.MainActivityWear: +1s237ms
01-24 18:03:39.508   434   536 E TaskPersister: File error accessing recents directory (directory doesn't exist?).
01-24 18:03:42.009  7206  7251 I dailytrack: HealthSportDataCacheUtil::saveData(),currentThread4=handle_total_data
01-24 18:03:52.021  7206  7251 I dailytrack: HealthSportDataCacheUtil::saveData(),currentThread4=handle_total_data
01-24 18:03:53.066 12028 12028 D AndroidRuntime: >>>>>> START com.android.internal.os.RuntimeInit uid 2000 <<<<<<
01-24 18:03:54.265 12028 12028 D AndroidRuntime: Calling main entry com.android.commands.pm.Pm
01-24 18:03:54.295   434   610 I ActivityManager: Force stopping com.appsforall.athkaralsalah appid=10062 user=0: clear data
01-24 18:03:54.297   434   610 I ActivityManager: Killing 12008:com.appsforall.athkaralsalah/u0a62 (adj 0): stop com.appsforall.athkaralsalah
01-24 18:03:54.305   434   610 W ActivityManager: Force removing ActivityRecord{b99f738 u0 com.appsforall.athkaralsalah/.MainActivityWear t397}: app died, no saved state
01-24 18:03:54.597   434   454 W Looper  : Dispatch took 299ms on android.ui, h=Handler (com.android.server.am.ActivityManagerService$UiHandler) {dee4953} cb=null msg=53
01-24 18:03:54.604   434   453 I ActivityManager: Force stopping com.appsforall.athkaralsalah appid=10062 user=-1: clearApplicationUserData
01-24 18:03:54.608   335   335 I keystore: clear_uid 10062
01-24 18:03:54.620   434   453 W BroadcastQueue: Background execution not allowed: receiving Intent { act=android.os.UpdateLock.UPDATE_LOCK_CHANGED flg=0x4000010 (has extras) } to com.google.android.gms/.chimera.GmsIntentOperationService$PersistentTrustedReceiver
01-24 18:03:54.624   434   461 W ActivityManager: setHasOverlayUi called on unknown pid: 12008
01-24 18:03:54.654 15691 15691 E Watchface: CocosWatchFaceService::Handler msg: -5 0.0;--
01-24 18:03:54.674   434   536 E TaskPersister: File error accessing recents directory (directory doesn't exist?).
01-24 18:03:54.801 13109 13109 I GeofencerStateMachine: removeGeofences: removeRequest=RemoveGeofencingRequest[REMOVE_ALL packageName=com.appsforall.athkaralsalah]
01-24 18:03:54.806 31332 31332 D Avrcp   : AvrcpServiceBroadcastReceiver-> Action: android.intent.action.PACKAGE_DATA_CLEARED
01-24 18:03:54.806 31332 31332 D Avrcp   : packageName: com.appsforall.athkaralsalah removed: true
01-24 18:03:54.806 31332 31332 V Avrcp   : isBrowseSupported for com.appsforall.athkaralsalah: false
01-24 18:03:54.828 12028 12028 I app_process: System.exit called, status: 0
01-24 18:03:54.829 12028 12028 I AndroidRuntime: VM exiting with result code 0.
01-24 18:03:54.949   712   712 D RegisteredNfcFServicesCache: Service unchanged, not updating
01-24 18:03:54.991 13109 12047 I Fitness : Clearing all cached OAuth tokens for: com.appsforall.athkaralsalah [CONTEXT service_id=17 ]
01-24 18:03:55.007 13109 12047 I Fitness : Removing all subscriptions for: com.appsforall.athkaralsalah [CONTEXT service_id=17 ]
01-24 18:03:55.098 13109 12047 I Fitness : Clearing all cached OAuth tokens for: com.appsforall.athkaralsalah [CONTEXT service_id=17 ]
01-24 18:03:55.104 13109 12047 I Fitness : Removing all subscriptions for: com.appsforall.athkaralsalah [CONTEXT service_id=17 ]
01-24 18:03:57.024  7206  7251 I dailytrack: HealthSportDataCacheUtil::saveData(),currentThread4=handle_total_data
01-24 18:04:00.028 15691 15691 D WallpaperUtil: InternalCache: available=1546M
01-24 18:04:00.040 15691 15691 E Watchface: WeatherManager::checkUpdateDisplayWeather() mWeatherInfo is null !
01-24 18:04:00.044 32131 32131 W OngoingChipController: Attempting to remove non-existent UI for chip [com.google.android.wearable.app, media_controls]
01-24 18:04:00.293   434   874 I ActivityManager: START u0 {act=api.android.category.MAIN cat=[api.android.intent.LAUNCHER] flg=0x10000000 cmp=com.appsforall.athkaralsalah/.MainActivityWear} from uid 2000
01-24 18:04:00.366   434 13083 I ActivityManager: Start proc 12055:com.appsforall.athkaralsalah/u0a62 for activity com.appsforall.athkaralsalah/.MainActivityWear
01-24 18:04:00.577   434 13083 W ActivityManager: Slow operation: 73ms so far, now at attachApplicationLocked: after mServices.attachApplicationLocked
01-24 18:04:00.593   434   453 W BroadcastQueue: Background execution not allowed: receiving Intent { act=android.os.UpdateLock.UPDATE_LOCK_CHANGED flg=0x4000010 (has extras) } to com.google.android.gms/.chimera.GmsIntentOperationService$PersistentTrustedReceiver
01-24 18:04:00.801 12055 12065 I chatty  : uid=10062(u0_a62) expire 1 line
01-24 18:04:00.987 12055 12070 I chatty  : uid=10062(u0_a62) expire 9 lines
01-24 18:04:01.084 15691 15701 I zygote  : Background concurrent copying GC freed 4138(385KB) AllocSpace objects, 0(0B) LOS objects, 28% free, 1256KB/1768KB, paused 793us total 152.184ms
01-24 18:04:01.179 12070 12070 I chatty  : uid=10062(u0_a62) com.appsforall.athkaralsalah expire 1 line
01-24 18:04:01.564   434   461 I ActivityManager: Displayed com.appsforall.athkaralsalah/.MainActivityWear: +1s209ms
01-24 18:04:02.028  7206  7251 I dailytrack: HealthSportDataCacheUtil::saveData(),currentThread4=handle_total_data
01-24 18:04:03.939   434   536 E TaskPersister: File error accessing recents directory (directory doesn't exist?).
01-24 18:04:07.033  7206  7251 I dailytrack: HealthSportDataCacheUtil::saveData(),currentThread4=handle_total_data
01-24 18:04:11.961   723   723 I battery : BatteryService: mInternalBatteryReceiver onReceive() action = android.intent.action.BATTERY_CHANGED
01-24 18:04:11.963 31787 31787 I ADVLog  : ADV.SensorService:/BatteryTemperature: 350  /isUsbOrAc: 1
01-24 18:04:11.984   319   319 D WifiHAL : In DebugCommand::handleResponse
01-24 18:04:11.984   319   319 D WifiHAL : len = 4, expected len = 4
01-24 18:04:12.011   434 13233 E BatteryStatsService: no controller energy info supplied
01-24 18:04:12.036  7206  7251 I dailytrack: HealthSportDataCacheUtil::saveData(),currentThread4=handle_total_data
01-24 18:04:12.183   723   737 I zygote  : Background concurrent copying GC freed 8114(679KB) AllocSpace objects, 2(192KB) LOS objects, 25% free, 1970KB/2MB, paused 3.534ms total 111.987ms
01-24 18:04:17.041  7206  7251 I dailytrack: HealthSportDataCacheUtil::saveData(),currentThread4=handle_total_data
01-24 18:04:17.450 12075 12075 D AndroidRuntime: >>>>>> START com.android.internal.os.RuntimeInit uid 2000 <<<<<<
01-24 18:04:18.643 12075 12075 D AndroidRuntime: Calling main entry com.android.commands.pm.Pm
01-24 18:04:12.011   434 13233 I chatty  : uid=1000(system) Binder:434_20 identical 1 line
01-24 18:04:12.011   434 13233 E BatteryStatsService: no controller energy info supplied
01-24 18:04:18.674   434  7909 I ActivityManager: Force stopping com.appsforall.athkaralsalah appid=10062 user=0: clear data
01-24 18:04:18.678   434  7909 I ActivityManager: Killing 12055:com.appsforall.athkaralsalah/u0a62 (adj 0): stop com.appsforall.athkaralsalah
01-24 18:04:18.689   434  7909 W ActivityManager: Force removing ActivityRecord{4e5b69d u0 com.appsforall.athkaralsalah/.MainActivityWear t398}: app died, no saved state
01-24 18:04:18.833   434 13233 W InputMethodManagerService: Got RemoteException sending setActive(false) notification to pid 12055 uid 10062
01-24 18:04:18.977   434 13233 I zygote  : IncrementDisableThreadFlip blocked for 22.479ms
01-24 18:04:18.998   434   454 W Looper  : Dispatch took 323ms on android.ui, h=Handler (com.android.server.am.ActivityManagerService$UiHandler) {dee4953} cb=null msg=53
01-24 18:04:19.003   434   453 I ActivityManager: Force stopping com.appsforall.athkaralsalah appid=10062 user=-1: clearApplicationUserData
01-24 18:04:19.009   335   335 I keystore: clear_uid 10062
01-24 18:04:19.039   434   453 W BroadcastQueue: Background execution not allowed: receiving Intent { act=android.os.UpdateLock.UPDATE_LOCK_CHANGED flg=0x4000010 (has extras) } to com.google.android.gms/.chimera.GmsIntentOperationService$PersistentTrustedReceiver
01-24 18:04:19.068   434   536 E TaskPersister: File error accessing recents directory (directory doesn't exist?).
01-24 18:04:19.084 15691 15691 E Watchface: CocosWatchFaceService::Handler msg: -5 0.0;--
01-24 18:04:19.105   434   461 W ActivityManager: setHasOverlayUi called on unknown pid: 12055
01-24 18:04:19.217 31332 31332 D Avrcp   : AvrcpServiceBroadcastReceiver-> Action: android.intent.action.PACKAGE_DATA_CLEARED
01-24 18:04:19.217 31332 31332 D Avrcp   : packageName: com.appsforall.athkaralsalah removed: true
01-24 18:04:19.217 31332 31332 V Avrcp   : isBrowseSupported for com.appsforall.athkaralsalah: false
01-24 18:04:19.221 13109 13109 I GeofencerStateMachine: removeGeofences: removeRequest=RemoveGeofencingRequest[REMOVE_ALL packageName=com.appsforall.athkaralsalah]
01-24 18:04:19.247 12075 12075 I app_process: System.exit called, status: 0
01-24 18:04:19.247 12075 12075 I AndroidRuntime: VM exiting with result code 0.
01-24 18:04:19.331 13109 12086 I Fitness : Clearing all cached OAuth tokens for: com.appsforall.athkaralsalah [CONTEXT service_id=17 ]
01-24 18:04:19.334 13109 12086 I Fitness : Removing all subscriptions for: com.appsforall.athkaralsalah [CONTEXT service_id=17 ]
01-24 18:04:19.376   712   712 D RegisteredNfcFServicesCache: Service unchanged, not updating
01-24 18:04:19.461 13109 12086 I Fitness : Clearing all cached OAuth tokens for: com.appsforall.athkaralsalah [CONTEXT service_id=17 ]
01-24 18:04:19.494 13109 12086 I Fitness : Removing all subscriptions for: com.appsforall.athkaralsalah [CONTEXT service_id=17 ]
01-24 18:04:19.574   712   726 I zygote  : Background concurrent copying GC freed 9836(405KB) AllocSpace objects, 0(0B) LOS objects, 28% free, 1261KB/1773KB, paused 991us total 335.260ms
01-24 18:04:19.888   434   443 I zygote  : Background concurrent copying GC freed 20920(1506KB) AllocSpace objects, 19(472KB) LOS objects, 15% free, 11MB/13MB, paused 27.746ms total 939.977ms
01-24 18:04:22.046  7206  7251 I dailytrack: HealthSportDataCacheUtil::saveData(),currentThread4=handle_total_data
01-24 18:04:24.656   434  7909 I ActivityManager: START u0 {act=api.android.category.MAIN cat=[api.android.intent.LAUNCHER] flg=0x10000000 cmp=com.appsforall.athkaralsalah/.MainActivityWear} from uid 2000
01-24 18:04:24.762   434 13233 I ActivityManager: Start proc 12101:com.appsforall.athkaralsalah/u0a62 for activity com.appsforall.athkaralsalah/.MainActivityWear
01-24 18:04:24.893 12101 12111 I chatty  : uid=10062(u0_a62) expire 2 lines
01-24 18:04:24.959   434 13233 W ActivityManager: Slow operation: 97ms so far, now at attachApplicationLocked: after mServices.attachApplicationLocked
01-24 18:04:24.970   434   453 W BroadcastQueue: Background execution not allowed: receiving Intent { act=android.os.UpdateLock.UPDATE_LOCK_CHANGED flg=0x4000010 (has extras) } to com.google.android.gms/.chimera.GmsIntentOperationService$PersistentTrustedReceiver
01-24 18:04:25.400 12101 12116 I chatty  : uid=10062(u0_a62) expire 9 lines
01-24 18:04:25.529 12116 12116 I chatty  : uid=10062(u0_a62) com.appsforall.athkaralsalah expire 1 line
01-24 18:04:25.578   323   403 W HWComposer: Ignoring duplicate VSYNC event from HWC (t=161335068446889)
01-24 18:04:25.913   434   461 I ActivityManager: Displayed com.appsforall.athkaralsalah/.MainActivityWear: +1s192ms
01-24 18:04:27.048  7206  7251 I dailytrack: HealthSportDataCacheUtil::saveData(),currentThread4=handle_total_data
01-24 18:04:28.210   434   536 E TaskPersister: File error accessing recents directory (directory doesn't exist?).
01-24 18:04:42.066  7206  7251 I dailytrack: HealthSportDataCacheUtil::saveData(),currentThread4=handle_total_data
01-24 18:04:42.075 12121 12121 D AndroidRuntime: >>>>>> START com.android.internal.os.RuntimeInit uid 2000 <<<<<<
01-24 18:04:43.328 12121 12121 D AndroidRuntime: Calling main entry com.android.commands.pm.Pm
01-24 18:04:43.363   434 13233 I ActivityManager: Force stopping com.appsforall.athkaralsalah appid=10062 user=0: clear data
01-24 18:04:43.365   434 13233 I ActivityManager: Killing 12101:com.appsforall.athkaralsalah/u0a62 (adj 0): stop com.appsforall.athkaralsalah
01-24 18:04:43.374   434 13233 W ActivityManager: Force removing ActivityRecord{655d7e9 u0 com.appsforall.athkaralsalah/.MainActivityWear t399}: app died, no saved state
01-24 18:04:43.648   434   453 I ActivityManager: Force stopping com.appsforall.athkaralsalah appid=10062 user=-1: clearApplicationUserData
01-24 18:04:43.666   335   335 I keystore: clear_uid 10062
01-24 18:04:43.683   434   454 W Looper  : Dispatch took 318ms on android.ui, h=Handler (com.android.server.am.ActivityManagerService$UiHandler) {dee4953} cb=null msg=53
01-24 18:04:43.689   434   461 W ActivityManager: setHasOverlayUi called on unknown pid: 12101
01-24 18:04:43.703 15691 15691 E Watchface: CocosWatchFaceService::Handler msg: -5 0.0;--
01-24 18:04:43.721   434   453 W BroadcastQueue: Background execution not allowed: receiving Intent { act=android.os.UpdateLock.UPDATE_LOCK_CHANGED flg=0x4000010 (has extras) } to com.google.android.gms/.chimera.GmsIntentOperationService$PersistentTrustedReceiver
01-24 18:04:43.752   434   536 E TaskPersister: File error accessing recents directory (directory doesn't exist?).
01-24 18:04:43.796 31332 31332 D Avrcp   : AvrcpServiceBroadcastReceiver-> Action: android.intent.action.PACKAGE_DATA_CLEARED
01-24 18:04:43.796 31332 31332 D Avrcp   : packageName: com.appsforall.athkaralsalah removed: true
01-24 18:04:43.796 31332 31332 V Avrcp   : isBrowseSupported for com.appsforall.athkaralsalah: false
01-24 18:04:43.806 13109 13109 I GeofencerStateMachine: removeGeofences: removeRequest=RemoveGeofencingRequest[REMOVE_ALL packageName=com.appsforall.athkaralsalah]
01-24 18:04:43.841 12121 12121 I app_process: System.exit called, status: 0
01-24 18:04:43.842 12121 12121 I AndroidRuntime: VM exiting with result code 0.
01-24 18:04:43.878 13109 12133 I Fitness : Clearing all cached OAuth tokens for: com.appsforall.athkaralsalah [CONTEXT service_id=17 ]
01-24 18:04:43.893 13109 12133 I Fitness : Removing all subscriptions for: com.appsforall.athkaralsalah [CONTEXT service_id=17 ]
01-24 18:04:43.937   712   712 D RegisteredNfcFServicesCache: Service unchanged, not updating
01-24 18:04:44.004 13109 12133 I Fitness : Clearing all cached OAuth tokens for: com.appsforall.athkaralsalah [CONTEXT service_id=17 ]
01-24 18:04:44.007 13109 12133 I Fitness : Removing all subscriptions for: com.appsforall.athkaralsalah [CONTEXT service_id=17 ]
01-24 18:04:47.071  7206  7251 I dailytrack: HealthSportDataCacheUtil::saveData(),currentThread4=handle_total_data
01-24 18:04:49.220   434   660 I ActivityManager: START u0 {act=api.android.category.MAIN cat=[api.android.intent.LAUNCHER] flg=0x10000000 cmp=com.appsforall.athkaralsalah/.MainActivityWear} from uid 2000
01-24 18:04:49.303   434  1099 I ActivityManager: Start proc 12147:com.appsforall.athkaralsalah/u0a62 for activity com.appsforall.athkaralsalah/.MainActivityWear
01-24 18:04:49.486   434  1099 W ActivityManager: Slow operation: 75ms so far, now at attachApplicationLocked: after mServices.attachApplicationLocked
01-24 18:04:49.497   434   453 W BroadcastQueue: Background execution not allowed: receiving Intent { act=android.os.UpdateLock.UPDATE_LOCK_CHANGED flg=0x4000010 (has extras) } to com.google.android.gms/.chimera.GmsIntentOperationService$PersistentTrustedReceiver
01-24 18:04:49.866 12147 12157 I chatty  : uid=10062(u0_a62) expire 1 line
01-24 18:04:49.892 12147 12163 I chatty  : uid=10062(u0_a62) expire 9 lines
01-24 18:04:49.952   323   403 W HWComposer: Ignoring duplicate VSYNC event from HWC (t=161359450697244)
01-24 18:04:50.019 12163 12163 I chatty  : uid=10062(u0_a62) com.appsforall.athkaralsalah expire 1 line
01-24 18:04:50.392   434   461 I ActivityManager: Displayed com.appsforall.athkaralsalah/.MainActivityWear: +1s113ms
01-24 18:04:52.078  7206  7251 I dailytrack: HealthSportDataCacheUtil::saveData(),currentThread4=handle_total_data
01-24 18:04:52.812   434   536 E TaskPersister: File error accessing recents directory (directory doesn't exist?).
01-24 18:04:57.084  7206  7251 I dailytrack: HealthSportDataCacheUtil::saveData(),currentThread4=handle_total_data
01-24 18:05:00.012 15691 15691 D WallpaperUtil: InternalCache: available=1546M
01-24 18:05:00.028 15691 15691 E Watchface: WeatherManager::checkUpdateDisplayWeather() mWeatherInfo is null !
01-24 18:05:00.037 32131 32131 W OngoingChipController: Attempting to remove non-existent UI for chip [com.google.android.wearable.app, media_controls]
01-24 18:05:02.086  7206  7251 I dailytrack: HealthSportDataCacheUtil::saveData(),currentThread4=handle_total_data
01-24 18:05:06.418 12167 12167 D AndroidRuntime: >>>>>> START com.android.internal.os.RuntimeInit uid 2000 <<<<<<
01-24 18:05:07.092  7206  7251 I dailytrack: HealthSportDataCacheUtil::saveData(),currentThread4=handle_total_data
01-24 18:05:07.631 12167 12167 D AndroidRuntime: Calling main entry com.android.commands.pm.Pm
01-24 18:05:07.660   434 13083 I ActivityManager: Force stopping com.appsforall.athkaralsalah appid=10062 user=0: clear data
01-24 18:05:07.662   434 13083 I ActivityManager: Killing 12147:com.appsforall.athkaralsalah/u0a62 (adj 0): stop com.appsforall.athkaralsalah
01-24 18:05:07.666   434 13083 W ActivityManager: Force removing ActivityRecord{768d2f5 u0 com.appsforall.athkaralsalah/.MainActivityWear t400}: app died, no saved state
01-24 18:05:07.974   434   461 W ActivityManager: setHasOverlayUi called on unknown pid: 12147
01-24 18:05:07.977   434   454 W Looper  : Dispatch took 312ms on android.ui, h=Handler (com.android.server.am.ActivityManagerService$UiHandler) {dee4953} cb=null msg=53
01-24 18:05:08.013   434   453 I ActivityManager: Force stopping com.appsforall.athkaralsalah appid=10062 user=-1: clearApplicationUserData
01-24 18:05:08.016   434   453 W BroadcastQueue: Background execution not allowed: receiving Intent { act=android.os.UpdateLock.UPDATE_LOCK_CHANGED flg=0x4000010 (has extras) } to com.google.android.gms/.chimera.GmsIntentOperationService$PersistentTrustedReceiver
01-24 18:05:08.036 15691 15691 E Watchface: CocosWatchFaceService::Handler msg: -5 0.0;--
01-24 18:05:08.050   434   536 E TaskPersister: File error accessing recents directory (directory doesn't exist?).
01-24 18:05:08.062   335   335 I keystore: clear_uid 10062
01-24 18:05:08.178 13109 13109 I GeofencerStateMachine: removeGeofences: removeRequest=RemoveGeofencingRequest[REMOVE_ALL packageName=com.appsforall.athkaralsalah]
01-24 18:05:08.193 31332 31332 D Avrcp   : AvrcpServiceBroadcastReceiver-> Action: android.intent.action.PACKAGE_DATA_CLEARED
01-24 18:05:08.194 31332 31332 D Avrcp   : packageName: com.appsforall.athkaralsalah removed: true
01-24 18:05:08.194 31332 31332 V Avrcp   : isBrowseSupported for com.appsforall.athkaralsalah: false
01-24 18:05:08.200 12167 12167 I app_process: System.exit called, status: 0
01-24 18:05:08.200 12167 12167 I AndroidRuntime: VM exiting with result code 0.
01-24 18:05:08.288 13109 12178 I Fitness : Clearing all cached OAuth tokens for: com.appsforall.athkaralsalah [CONTEXT service_id=17 ]
01-24 18:05:08.301 13109 12178 I Fitness : Removing all subscriptions for: com.appsforall.athkaralsalah [CONTEXT service_id=17 ]
01-24 18:05:08.308   712   712 D RegisteredNfcFServicesCache: Service unchanged, not updating
01-24 18:05:08.383 13109 12178 I Fitness : Clearing all cached OAuth tokens for: com.appsforall.athkaralsalah [CONTEXT service_id=17 ]
01-24 18:05:08.385 13109 12178 I Fitness : Removing all subscriptions for: com.appsforall.athkaralsalah [CONTEXT service_id=17 ]
01-24 18:05:11.932 31787 31787 I ADVLog  : ADV.SensorService:/BatteryTemperature: 348  /isUsbOrAc: 1
01-24 18:05:11.938   723   723 I battery : BatteryService: mInternalBatteryReceiver onReceive() action = android.intent.action.BATTERY_CHANGED
01-24 18:05:11.949   319   319 D WifiHAL : In DebugCommand::handleResponse
01-24 18:05:11.950   319   319 D WifiHAL : len = 4, expected len = 4
01-24 18:05:11.974   434  1099 E BatteryStatsService: no controller energy info supplied
01-24 18:05:11.976   434  1099 I chatty  : uid=1000(system) Binder:434_9 identical 1 line
01-24 18:05:11.977   434  1099 E BatteryStatsService: no controller energy info supplied
01-24 18:05:12.097  7206  7251 I dailytrack: HealthSportDataCacheUtil::saveData(),currentThread4=handle_total_data
01-24 18:05:13.610   434  5328 I ActivityManager: START u0 {act=api.android.category.MAIN cat=[api.android.intent.LAUNCHER] flg=0x10000000 cmp=com.appsforall.athkaralsalah/.MainActivityWear} from uid 2000
01-24 18:05:13.708   434  1099 I ActivityManager: Start proc 12193:com.appsforall.athkaralsalah/u0a62 for activity com.appsforall.athkaralsalah/.MainActivityWear
01-24 18:05:13.868   283 12198 I zygote  : Background concurrent copying GC freed 576(416KB) AllocSpace objects, 0(0B) LOS objects, 36% free, 876KB/1388KB, paused 734us total 129.140ms
01-24 18:05:13.930 12193 12203 I chatty  : uid=10062(u0_a62) expire 2 lines
01-24 18:05:13.941   434  1099 W ActivityManager: Slow operation: 118ms so far, now at attachApplicationLocked: after mServices.attachApplicationLocked
01-24 18:05:13.999   434   453 W BroadcastQueue: Background execution not allowed: receiving Intent { act=android.os.UpdateLock.UPDATE_LOCK_CHANGED flg=0x4000010 (has extras) } to com.google.android.gms/.chimera.GmsIntentOperationService$PersistentTrustedReceiver
01-24 18:05:14.381 12193 12208 I chatty  : uid=10062(u0_a62) expire 2 lines
01-24 18:05:14.499 12193 12208 I vndksupport: sphal namespace is not configured for this process. Loading /vendor/lib/hw/gralloc.msm8909.so from the current namespace instead.
01-24 18:05:14.513 12193 12208 I OpenGLRenderer: Initialized EGL, version 1.4
01-24 18:05:14.514 12193 12208 D OpenGLRenderer: Swap behavior 1
01-24 18:05:14.519 12208 12208 W RenderThread: type=1400 audit(0.0:484): avc: denied { read } for name="gpuclk" dev="sysfs" ino=18862 scontext=u:r:untrusted_app:s0:c512,c768 tcontext=u:object_r:sysfs:s0 tclass=file permissive=0
01-24 18:05:14.531 12193 12208 W Adreno-ES20: <get_gpu_clk:229>: open failed: errno 13
01-24 18:05:14.542 12193 12208 W Adreno-EGL: <qeglDrvAPI_eglGetConfigAttrib:612>: EGL_BAD_ATTRIBUTE
01-24 18:05:14.546 12193 12208 I vndksupport: sphal namespace is not configured for this process. Loading /vendor/lib/hw/gralloc.msm8909.so from the current namespace instead.
01-24 18:05:14.696 12193 12208 I vndksupport: sphal namespace is not configured for this process. Loading /vendor/lib/hw/gralloc.msm8909.so from the current namespace instead.
01-24 18:05:14.808   434   443 I zygote  : Background concurrent copying GC freed 20089(1491KB) AllocSpace objects, 21(512KB) LOS objects, 15% free, 11MB/13MB, paused 2.933ms total 1.163s
01-24 18:05:14.899   434   461 I ActivityManager: Displayed com.appsforall.athkaralsalah/.MainActivityWear: +1s244ms
01-24 18:05:17.102  7206  7251 I dailytrack: HealthSportDataCacheUtil::saveData(),currentThread4=handle_total_data
01-24 18:05:17.257   434   536 E TaskPersister: File error accessing recents directory (directory doesn't exist?).
01-24 18:05:22.106  7206  7251 I chatty  : uid=10025(u0_a25) handle_total_da identical 1 line
01-24 18:05:27.112  7206  7251 I dailytrack: HealthSportDataCacheUtil::saveData(),currentThread4=handle_total_data
01-24 18:05:30.762 12212 12212 D AndroidRuntime: >>>>>> START com.android.internal.os.RuntimeInit uid 2000 <<<<<<
01-24 18:05:32.010 12212 12212 D AndroidRuntime: Calling main entry com.android.commands.pm.Pm
01-24 18:05:32.046   434  5328 I ActivityManager: Force stopping com.appsforall.athkaralsalah appid=10062 user=0: clear data
01-24 18:05:32.048   434  5328 I ActivityManager: Killing 12193:com.appsforall.athkaralsalah/u0a62 (adj 0): stop com.appsforall.athkaralsalah
01-24 18:05:32.054   434  5328 W ActivityManager: Force removing ActivityRecord{c2ba766 u0 com.appsforall.athkaralsalah/.MainActivityWear t401}: app died, no saved state
01-24 18:05:32.121  7206  7251 I dailytrack: HealthSportDataCacheUtil::saveData(),currentThread4=handle_total_data
01-24 18:05:32.346   434   461 W ActivityManager: setHasOverlayUi called on unknown pid: 12193
01-24 18:05:32.348   434   454 W Looper  : Dispatch took 301ms on android.ui, h=Handler (com.android.server.am.ActivityManagerService$UiHandler) {dee4953} cb=null msg=53
01-24 18:05:32.348   434   453 I ActivityManager: Force stopping com.appsforall.athkaralsalah appid=10062 user=-1: clearApplicationUserData
01-24 18:05:32.353   434   453 W BroadcastQueue: Background execution not allowed: receiving Intent { act=android.os.UpdateLock.UPDATE_LOCK_CHANGED flg=0x4000010 (has extras) } to com.google.android.gms/.chimera.GmsIntentOperationService$PersistentTrustedReceiver
01-24 18:05:32.364 15691 15691 E Watchface: CocosWatchFaceService::Handler msg: -5 0.0;--
01-24 18:05:32.419   335   335 I keystore: clear_uid 10062
01-24 18:05:32.429   434   536 E TaskPersister: File error accessing recents directory (directory doesn't exist?).
01-24 18:05:32.520 13109 13109 I GeofencerStateMachine: removeGeofences: removeRequest=RemoveGeofencingRequest[REMOVE_ALL packageName=com.appsforall.athkaralsalah]
01-24 18:05:32.521 31332 31332 D Avrcp   : AvrcpServiceBroadcastReceiver-> Action: android.intent.action.PACKAGE_DATA_CLEARED
01-24 18:05:32.521 31332 31332 D Avrcp   : packageName: com.appsforall.athkaralsalah removed: true
01-24 18:05:32.521 31332 31332 V Avrcp   : isBrowseSupported for com.appsforall.athkaralsalah: false
01-24 18:05:32.534 12212 12212 I app_process: System.exit called, status: 0
01-24 18:05:32.534 12212 12212 I AndroidRuntime: VM exiting with result code 0.
01-24 18:05:32.606   712   712 D RegisteredNfcFServicesCache: Service unchanged, not updating
01-24 18:05:32.649 13109 12231 I Fitness : Clearing all cached OAuth tokens for: com.appsforall.athkaralsalah [CONTEXT service_id=17 ]
01-24 18:05:32.660 13109 12231 I Fitness : Removing all subscriptions for: com.appsforall.athkaralsalah [CONTEXT service_id=17 ]
01-24 18:05:32.733 13109 12231 I Fitness : Clearing all cached OAuth tokens for: com.appsforall.athkaralsalah [CONTEXT service_id=17 ]
01-24 18:05:32.741 13109 12231 I Fitness : Removing all subscriptions for: com.appsforall.athkaralsalah [CONTEXT service_id=17 ]
01-24 18:05:37.123  7206  7251 I dailytrack: HealthSportDataCacheUtil::saveData(),currentThread4=handle_total_data
01-24 18:05:37.985   434  2560 I ActivityManager: START u0 {act=api.android.category.MAIN cat=[api.android.intent.LAUNCHER] flg=0x10000000 cmp=com.appsforall.athkaralsalah/.MainActivityWear} from uid 2000
01-24 18:05:38.065   434 13083 I ActivityManager: Start proc 12239:com.appsforall.athkaralsalah/u0a62 for activity com.appsforall.athkaralsalah/.MainActivityWear
01-24 18:05:38.239   434 13083 W ActivityManager: Slow operation: 84ms so far, now at attachApplicationLocked: after mServices.attachApplicationLocked
01-24 18:05:38.269   434   453 W BroadcastQueue: Background execution not allowed: receiving Intent { act=android.os.UpdateLock.UPDATE_LOCK_CHANGED flg=0x4000010 (has extras) } to com.google.android.gms/.chimera.GmsIntentOperationService$PersistentTrustedReceiver
01-24 18:05:38.340   323   403 W HWComposer: Ignoring duplicate VSYNC event from HWC (t=161407841405767)
01-24 18:05:38.587 12239 12249 I zygote  : Background concurrent copying GC freed 860(262KB) AllocSpace objects, 0(0B) LOS objects, 29% free, 1241KB/1753KB, paused 3.706ms total 147.987ms
01-24 18:05:38.625 12239 12254 D OpenGLRenderer: HWUI GL Pipeline
01-24 18:05:38.747 12239 12254 I Adreno-EGL: <qeglDrvAPI_eglInitialize:379>: EGL 1.4 QUALCOMM build:  (I7af58d6928)
01-24 18:05:38.747 12239 12254 I Adreno-EGL: OpenGL ES Shader Compiler Version: E031.35.01.00
01-24 18:05:38.747 12239 12254 I Adreno-EGL: Build Date: 09/14/17 Thu
01-24 18:05:38.747 12239 12254 I Adreno-EGL: Local Branch: gfx-adreno.lnx.1.0
01-24 18:05:38.747 12239 12254 I Adreno-EGL: Remote Branch: 
01-24 18:05:38.747 12239 12254 I Adreno-EGL: Local Patches: 
01-24 18:05:38.747 12239 12254 I Adreno-EGL: Reconstruct Branch: 
01-24 18:05:38.752 12239 12254 I vndksupport: sphal namespace is not configured for this process. Loading /vendor/lib/hw/gralloc.msm8909.so from the current namespace instead.
01-24 18:05:38.767 12239 12254 I OpenGLRenderer: Initialized EGL, version 1.4
01-24 18:05:38.767 12239 12254 D OpenGLRenderer: Swap behavior 1
01-24 18:05:38.769 12254 12254 W RenderThread: type=1400 audit(0.0:485): avc: denied { read } for name="gpuclk" dev="sysfs" ino=18862 scontext=u:r:untrusted_app:s0:c512,c768 tcontext=u:object_r:sysfs:s0 tclass=file permissive=0
01-24 18:05:38.778 12239 12254 W Adreno-ES20: <get_gpu_clk:229>: open failed: errno 13
01-24 18:05:38.790 12239 12254 W Adreno-EGL: <qeglDrvAPI_eglGetConfigAttrib:612>: EGL_BAD_ATTRIBUTE
01-24 18:05:38.792 12239 12254 I vndksupport: sphal namespace is not configured for this process. Loading /vendor/lib/hw/gralloc.msm8909.so from the current namespace instead.
01-24 18:05:38.952 12239 12254 I vndksupport: sphal namespace is not configured for this process. Loading /vendor/lib/hw/gralloc.msm8909.so from the current namespace instead.
01-24 18:05:39.156   434   461 I ActivityManager: Displayed com.appsforall.athkaralsalah/.MainActivityWear: +1s104ms
01-24 18:05:41.573   434   536 E TaskPersister: File error accessing recents directory (directory doesn't exist?).
01-24 18:05:42.129  7206  7251 I dailytrack: HealthSportDataCacheUtil::saveData(),currentThread4=handle_total_data
01-24 18:05:47.136  7206  7251 I chatty  : uid=10025(u0_a25) handle_total_da identical 1 line
01-24 18:05:52.144  7206  7251 I dailytrack: HealthSportDataCacheUtil::saveData(),currentThread4=handle_total_data
01-24 18:05:55.263 12260 12260 D AndroidRuntime: >>>>>> START com.android.internal.os.RuntimeInit uid 2000 <<<<<<
01-24 18:05:56.442 12260 12260 D AndroidRuntime: Calling main entry com.android.commands.pm.Pm
01-24 18:05:56.468   434  2560 I ActivityManager: Force stopping com.appsforall.athkaralsalah appid=10062 user=0: clear data
01-24 18:05:56.469   434  2560 I ActivityManager: Killing 12239:com.appsforall.athkaralsalah/u0a62 (adj 0): stop com.appsforall.athkaralsalah
01-24 18:05:56.474   434  2560 W ActivityManager: Force removing ActivityRecord{e731502 u0 com.appsforall.athkaralsalah/.MainActivityWear t402}: app died, no saved state
01-24 18:05:56.758   434   454 W Looper  : Dispatch took 289ms on android.ui, h=Handler (com.android.server.am.ActivityManagerService$UiHandler) {dee4953} cb=null msg=53
01-24 18:05:56.761   434   453 I ActivityManager: Force stopping com.appsforall.athkaralsalah appid=10062 user=-1: clearApplicationUserData
01-24 18:05:56.784   335   335 I keystore: clear_uid 10062
01-24 18:05:56.801   434   453 W BroadcastQueue: Background execution not allowed: receiving Intent { act=android.os.UpdateLock.UPDATE_LOCK_CHANGED flg=0x4000010 (has extras) } to com.google.android.gms/.chimera.GmsIntentOperationService$PersistentTrustedReceiver
01-24 18:05:56.802   434   461 W ActivityManager: setHasOverlayUi called on unknown pid: 12239
01-24 18:05:56.824 15691 15691 E Watchface: CocosWatchFaceService::Handler msg: -5 0.0;--
01-24 18:05:56.831   434   536 E TaskPersister: File error accessing recents directory (directory doesn't exist?).
01-24 18:05:56.944 13109 13109 I GeofencerStateMachine: removeGeofences: removeRequest=RemoveGeofencingRequest[REMOVE_ALL packageName=com.appsforall.athkaralsalah]
01-24 18:05:56.947 31332 31332 D Avrcp   : AvrcpServiceBroadcastReceiver-> Action: android.intent.action.PACKAGE_DATA_CLEARED
01-24 18:05:56.947 31332 31332 D Avrcp   : packageName: com.appsforall.athkaralsalah removed: true
01-24 18:05:56.947 31332 31332 V Avrcp   : isBrowseSupported for com.appsforall.athkaralsalah: false
01-24 18:05:56.998 12260 12260 I app_process: System.exit called, status: 0
01-24 18:05:56.998 12260 12260 I AndroidRuntime: VM exiting with result code 0.
01-24 18:05:57.022   712   712 D RegisteredNfcFServicesCache: Service unchanged, not updating
01-24 18:05:57.041 13109 12271 I Fitness : Clearing all cached OAuth tokens for: com.appsforall.athkaralsalah [CONTEXT service_id=17 ]
01-24 18:05:57.051 13109 12271 I Fitness : Removing all subscriptions for: com.appsforall.athkaralsalah [CONTEXT service_id=17 ]
01-24 18:05:57.123 13109 12271 I Fitness : Clearing all cached OAuth tokens for: com.appsforall.athkaralsalah [CONTEXT service_id=17 ]
01-24 18:05:57.133 13109 12271 I Fitness : Removing all subscriptions for: com.appsforall.athkaralsalah [CONTEXT service_id=17 ]
01-24 18:05:57.150  7206  7251 I dailytrack: HealthSportDataCacheUtil::saveData(),currentThread4=handle_total_data
01-24 18:05:57.480 13109 13122 I zygote  : Background concurrent copying GC freed 30590(2034KB) AllocSpace objects, 0(0B) LOS objects, 20% free, 7MB/9MB, paused 1.267ms total 362.844ms
01-24 18:06:00.017 15691 15691 D WallpaperUtil: InternalCache: available=1546M
01-24 18:06:00.025 15691 15691 E Watchface: WeatherManager::checkUpdateDisplayWeather() mWeatherInfo is null !
01-24 18:06:00.029 32131 32131 W OngoingChipController: Attempting to remove non-existent UI for chip [com.google.android.wearable.app, media_controls]
01-24 18:06:02.156  7206  7251 I dailytrack: HealthSportDataCacheUtil::saveData(),currentThread4=handle_total_data
01-24 18:06:02.338   434   874 I ActivityManager: START u0 {act=api.android.category.MAIN cat=[api.android.intent.LAUNCHER] flg=0x10000000 cmp=com.appsforall.athkaralsalah/.MainActivityWear} from uid 2000
01-24 18:06:02.453   434  2560 I ActivityManager: Start proc 12286:com.appsforall.athkaralsalah/u0a62 for activity com.appsforall.athkaralsalah/.MainActivityWear
01-24 18:06:02.647   434  2560 W ActivityManager: Slow operation: 98ms so far, now at attachApplicationLocked: after mServices.attachApplicationLocked
01-24 18:06:02.652   434   453 W BroadcastQueue: Background execution not allowed: receiving Intent { act=android.os.UpdateLock.UPDATE_LOCK_CHANGED flg=0x4000010 (has extras) } to com.google.android.gms/.chimera.GmsIntentOperationService$PersistentTrustedReceiver
01-24 18:06:02.999 12286 12296 I zygote  : Background concurrent copying GC freed 895(278KB) AllocSpace objects, 0(0B) LOS objects, 29% free, 1232KB/1744KB, paused 1.470ms total 155.136ms
01-24 18:06:03.087 12286 12301 D OpenGLRenderer: HWUI GL Pipeline
01-24 18:06:03.191 12286 12301 I Adreno-EGL: <qeglDrvAPI_eglInitialize:379>: EGL 1.4 QUALCOMM build:  (I7af58d6928)
01-24 18:06:03.191 12286 12301 I Adreno-EGL: OpenGL ES Shader Compiler Version: E031.35.01.00
01-24 18:06:03.191 12286 12301 I Adreno-EGL: Build Date: 09/14/17 Thu
01-24 18:06:03.191 12286 12301 I Adreno-EGL: Local Branch: gfx-adreno.lnx.1.0
01-24 18:06:03.191 12286 12301 I Adreno-EGL: Remote Branch: 
01-24 18:06:03.191 12286 12301 I Adreno-EGL: Local Patches: 
01-24 18:06:03.191 12286 12301 I Adreno-EGL: Reconstruct Branch: 
01-24 18:06:03.199 12286 12301 I vndksupport: sphal namespace is not configured for this process. Loading /vendor/lib/hw/gralloc.msm8909.so from the current namespace instead.
01-24 18:06:03.209 12301 12301 W RenderThread: type=1400 audit(0.0:486): avc: denied { read } for name="gpuclk" dev="sysfs" ino=18862 scontext=u:r:untrusted_app:s0:c512,c768 tcontext=u:object_r:sysfs:s0 tclass=file permissive=0
01-24 18:06:03.213 12286 12301 I OpenGLRenderer: Initialized EGL, version 1.4
01-24 18:06:03.213 12286 12301 D OpenGLRenderer: Swap behavior 1
01-24 18:06:03.221 12286 12301 W Adreno-ES20: <get_gpu_clk:229>: open failed: errno 13
01-24 18:06:03.232 12286 12301 W Adreno-EGL: <qeglDrvAPI_eglGetConfigAttrib:612>: EGL_BAD_ATTRIBUTE
01-24 18:06:03.234 12286 12301 I vndksupport: sphal namespace is not configured for this process. Loading /vendor/lib/hw/gralloc.msm8909.so from the current namespace instead.
01-24 18:06:03.399 12286 12301 I vndksupport: sphal namespace is not configured for this process. Loading /vendor/lib/hw/gralloc.msm8909.so from the current namespace instead.
01-24 18:06:03.589   434   461 I ActivityManager: Displayed com.appsforall.athkaralsalah/.MainActivityWear: +1s191ms
01-24 18:06:05.995   434   536 E TaskPersister: File error accessing recents directory (directory doesn't exist?).
