01-24 18:06:07.162  7206  7251 I dailytrack: HealthSportDataCacheUtil::saveData(),currentThread4=handle_total_data
01-24 18:06:11.960   723   723 I battery : BatteryService: mInternalBatteryReceiver onReceive() action = android.intent.action.BATTERY_CHANGED
01-24 18:06:11.966 31787 31787 I ADVLog  : ADV.SensorService:/BatteryTemperature: 347  /isUsbOrAc: 1
01-24 18:06:11.984   319   319 D WifiHAL : In DebugCommand::handleResponse
01-24 18:06:11.985   319   319 D WifiHAL : len = 4, expected len = 4
01-24 18:06:12.028   434  2560 E BatteryStatsService: no controller energy info supplied
01-24 18:06:12.167  7206  7251 I dailytrack: HealthSportDataCacheUtil::saveData(),currentThread4=handle_total_data
01-24 18:06:17.173  7206  7251 I dailytrack: HealthSportDataCacheUtil::saveData(),currentThread4=handle_total_data
01-24 18:06:19.632 12306 12306 D AndroidRuntime: >>>>>> START com.android.internal.os.RuntimeInit uid 2000 <<<<<<
01-24 18:06:20.807 12306 12306 D AndroidRuntime: Calling main entry com.android.commands.pm.Pm
01-24 18:06:12.031   434  2560 I chatty  : uid=1000(system) Binder:434_10 identical 1 line
01-24 18:06:12.031   434  2560 E BatteryStatsService: no controller energy info supplied
01-24 18:06:20.833   434  2560 I ActivityManager: Force stopping com.appsforall.athkaralsalah appid=10062 user=0: clear data
01-24 18:06:20.835   434  2560 I ActivityManager: Killing 12286:com.appsforall.athkaralsalah/u0a62 (adj 0): stop com.appsforall.athkaralsalah
01-24 18:06:20.840   434  2560 W ActivityManager: Force removing ActivityRecord{319a53f u0 com.appsforall.athkaralsalah/.MainActivityWear t403}: app died, no saved state
01-24 18:06:21.124   434   461 W ActivityManager: setHasOverlayUi called on unknown pid: 12286
01-24 18:06:21.142   434   536 E TaskPersister: File error accessing recents directory (directory doesn't exist?).
01-24 18:06:21.151   434   454 W Looper  : Dispatch took 317ms on android.ui, h=Handler (com.android.server.am.ActivityManagerService$UiHandler) {dee4953} cb=null msg=53
01-24 18:06:21.159   434   453 I ActivityManager: Force stopping com.appsforall.athkaralsalah appid=10062 user=-1: clearApplicationUserData
01-24 18:06:21.162 15691 15691 E Watchface: CocosWatchFaceService::Handler msg: -5 0.0;--
01-24 18:06:21.176   335   335 I keystore: clear_uid 10062
01-24 18:06:21.230   434   453 W BroadcastQueue: Background execution not allowed: receiving Intent { act=android.os.UpdateLock.UPDATE_LOCK_CHANGED flg=0x4000010 (has extras) } to com.google.android.gms/.chimera.GmsIntentOperationService$PersistentTrustedReceiver
01-24 18:06:21.365 13109 13109 I GeofencerStateMachine: removeGeofences: removeRequest=RemoveGeofencingRequest[REMOVE_ALL packageName=com.appsforall.athkaralsalah]
01-24 18:06:21.369 31332 31332 D Avrcp   : AvrcpServiceBroadcastReceiver-> Action: android.intent.action.PACKAGE_DATA_CLEARED
01-24 18:06:21.369 31332 31332 D Avrcp   : packageName: com.appsforall.athkaralsalah removed: true
01-24 18:06:21.369 31332 31332 V Avrcp   : isBrowseSupported for com.appsforall.athkaralsalah: false
01-24 18:06:21.388 12306 12306 I app_process: System.exit called, status: 0
01-24 18:06:21.388 12306 12306 I AndroidRuntime: VM exiting with result code 0.
01-24 18:06:21.412   712   712 D RegisteredNfcFServicesCache: Service unchanged, not updating
01-24 18:06:21.461 13109 12318 I Fitness : Clearing all cached OAuth tokens for: com.appsforall.athkaralsalah [CONTEXT service_id=17 ]
01-24 18:06:21.471 13109 12318 I Fitness : Removing all subscriptions for: com.appsforall.athkaralsalah [CONTEXT service_id=17 ]
01-24 18:06:21.554 13109 12318 I Fitness : Clearing all cached OAuth tokens for: com.appsforall.athkaralsalah [CONTEXT service_id=17 ]
01-24 18:06:21.560 13109 12318 I Fitness : Removing all subscriptions for: com.appsforall.athkaralsalah [CONTEXT service_id=17 ]
01-24 18:06:21.892   434   443 I zygote  : Background concurrent copying GC freed 21703(1544KB) AllocSpace objects, 22(532KB) LOS objects, 15% free, 11MB/13MB, paused 4.268ms total 785.061ms
01-24 18:06:22.176  7206  7251 I dailytrack: HealthSportDataCacheUtil::saveData(),currentThread4=handle_total_data
01-24 18:06:26.824   434 13083 I ActivityManager: START u0 {act=api.android.category.MAIN cat=[api.android.intent.LAUNCHER] flg=0x10000000 cmp=com.appsforall.athkaralsalah/.MainActivityWear} from uid 2000
01-24 18:06:26.902   434   874 I ActivityManager: Start proc 12332:com.appsforall.athkaralsalah/u0a62 for activity com.appsforall.athkaralsalah/.MainActivityWear
01-24 18:06:27.078   434   874 W ActivityManager: Slow operation: 87ms so far, now at attachApplicationLocked: after mServices.attachApplicationLocked
01-24 18:06:27.084   434   453 W BroadcastQueue: Background execution not allowed: receiving Intent { act=android.os.UpdateLock.UPDATE_LOCK_CHANGED flg=0x4000010 (has extras) } to com.google.android.gms/.chimera.GmsIntentOperationService$PersistentTrustedReceiver
01-24 18:06:27.155   323   403 W HWComposer: Ignoring duplicate VSYNC event from HWC (t=161456654985436)
01-24 18:06:27.178  7206  7251 I dailytrack: HealthSportDataCacheUtil::saveData(),currentThread4=handle_total_data
01-24 18:06:27.360   323   403 W HWComposer: Ignoring duplicate VSYNC event from HWC (t=161456860281843)
01-24 18:06:27.482 12332 12347 D OpenGLRenderer: HWUI GL Pipeline
01-24 18:06:27.618 12332 12347 I Adreno-EGL: <qeglDrvAPI_eglInitialize:379>: EGL 1.4 QUALCOMM build:  (I7af58d6928)
01-24 18:06:27.618 12332 12347 I Adreno-EGL: OpenGL ES Shader Compiler Version: E031.35.01.00
01-24 18:06:27.618 12332 12347 I Adreno-EGL: Build Date: 09/14/17 Thu
01-24 18:06:27.618 12332 12347 I Adreno-EGL: Local Branch: gfx-adreno.lnx.1.0
01-24 18:06:27.618 12332 12347 I Adreno-EGL: Remote Branch: 
01-24 18:06:27.618 12332 12347 I Adreno-EGL: Local Patches: 
01-24 18:06:27.618 12332 12347 I Adreno-EGL: Reconstruct Branch: 
01-24 18:06:27.623 12332 12347 I vndksupport: sphal namespace is not configured for this process. Loading /vendor/lib/hw/gralloc.msm8909.so from the current namespace instead.
01-24 18:06:27.639 12347 12347 W RenderThread: type=1400 audit(0.0:487): avc: denied { read } for name="gpuclk" dev="sysfs" ino=18862 scontext=u:r:untrusted_app:s0:c512,c768 tcontext=u:object_r:sysfs:s0 tclass=file permissive=0
01-24 18:06:27.641 12332 12347 I OpenGLRenderer: Initialized EGL, version 1.4
01-24 18:06:27.641 12332 12347 D OpenGLRenderer: Swap behavior 1
01-24 18:06:27.648 12332 12347 W Adreno-ES20: <get_gpu_clk:229>: open failed: errno 13
01-24 18:06:27.659 12332 12347 W Adreno-EGL: <qeglDrvAPI_eglGetConfigAttrib:612>: EGL_BAD_ATTRIBUTE
01-24 18:06:27.661 12332 12347 I vndksupport: sphal namespace is not configured for this process. Loading /vendor/lib/hw/gralloc.msm8909.so from the current namespace instead.
01-24 18:06:27.828 12332 12347 I vndksupport: sphal namespace is not configured for this process. Loading /vendor/lib/hw/gralloc.msm8909.so from the current namespace instead.
01-24 18:06:28.020   434   461 I ActivityManager: Displayed com.appsforall.athkaralsalah/.MainActivityWear: +1s151ms
01-24 18:06:30.394   434   536 E TaskPersister: File error accessing recents directory (directory doesn't exist?).
01-24 18:06:32.186  7206  7251 I dailytrack: HealthSportDataCacheUtil::saveData(),currentThread4=handle_total_data
01-24 18:06:37.187  7206  7251 I chatty  : uid=10025(u0_a25) handle_total_da identical 1 line
01-24 18:06:42.192  7206  7251 I dailytrack: HealthSportDataCacheUtil::saveData(),currentThread4=handle_total_data
01-24 18:06:44.057 12351 12351 D AndroidRuntime: >>>>>> START com.android.internal.os.RuntimeInit uid 2000 <<<<<<
01-24 18:06:44.325 15691 15701 I zygote  : Background concurrent copying GC freed 4025(383KB) AllocSpace objects, 0(0B) LOS objects, 28% free, 1258KB/1770KB, paused 1.195ms total 107.278ms
01-24 18:06:45.231 12351 12351 D AndroidRuntime: Calling main entry com.android.commands.pm.Pm
01-24 18:06:45.260   434  2021 I ActivityManager: Force stopping com.appsforall.athkaralsalah appid=10062 user=0: clear data
01-24 18:06:45.261   434  2021 I ActivityManager: Killing 12332:com.appsforall.athkaralsalah/u0a62 (adj 0): stop com.appsforall.athkaralsalah
01-24 18:06:45.271   434  2021 W ActivityManager: Force removing ActivityRecord{dee0c2b u0 com.appsforall.athkaralsalah/.MainActivityWear t404}: app died, no saved state
01-24 18:06:45.521   434   454 W Looper  : Dispatch took 260ms on android.ui, h=Handler (com.android.server.am.ActivityManagerService$UiHandler) {dee4953} cb=null msg=53
01-24 18:06:45.547   434   461 W ActivityManager: setHasOverlayUi called on unknown pid: 12332
01-24 18:06:45.569   434   453 W BroadcastQueue: Background execution not allowed: receiving Intent { act=android.os.UpdateLock.UPDATE_LOCK_CHANGED flg=0x4000010 (has extras) } to com.google.android.gms/.chimera.GmsIntentOperationService$PersistentTrustedReceiver
01-24 18:06:45.570   434   453 I ActivityManager: Force stopping com.appsforall.athkaralsalah appid=10062 user=-1: clearApplicationUserData
01-24 18:06:45.590 15691 15691 E Watchface: CocosWatchFaceService::Handler msg: -5 0.0;--
01-24 18:06:45.634   434   536 E TaskPersister: File error accessing recents directory (directory doesn't exist?).
01-24 18:06:45.636   335   335 I keystore: clear_uid 10062
01-24 18:06:45.740 31332 31332 D Avrcp   : AvrcpServiceBroadcastReceiver-> Action: android.intent.action.PACKAGE_DATA_CLEARED
01-24 18:06:45.740 31332 31332 D Avrcp   : packageName: com.appsforall.athkaralsalah removed: true
01-24 18:06:45.740 31332 31332 V Avrcp   : isBrowseSupported for com.appsforall.athkaralsalah: false
01-24 18:06:45.741 13109 13109 I GeofencerStateMachine: removeGeofences: removeRequest=RemoveGeofencingRequest[REMOVE_ALL packageName=com.appsforall.athkaralsalah]
01-24 18:06:45.754 12351 12351 I app_process: System.exit called, status: 0
01-24 18:06:45.754 12351 12351 I AndroidRuntime: VM exiting with result code 0.
01-24 18:06:45.840   712   712 D RegisteredNfcFServicesCache: Service unchanged, not updating
01-24 18:06:45.858 13109 12362 I Fitness : Clearing all cached OAuth tokens for: com.appsforall.athkaralsalah [CONTEXT service_id=17 ]
01-24 18:06:45.889 13109 12362 I Fitness : Removing all subscriptions for: com.appsforall.athkaralsalah [CONTEXT service_id=17 ]
01-24 18:06:45.949 13109 12362 I Fitness : Clearing all cached OAuth tokens for: com.appsforall.athkaralsalah [CONTEXT service_id=17 ]
01-24 18:06:45.954 13109 12362 I Fitness : Removing all subscriptions for: com.appsforall.athkaralsalah [CONTEXT service_id=17 ]
01-24 18:06:47.197  7206  7251 I dailytrack: HealthSportDataCacheUtil::saveData(),currentThread4=handle_total_data
01-24 18:06:51.044   434  7909 I ActivityManager: START u0 {act=api.android.category.MAIN cat=[api.android.intent.LAUNCHER] flg=0x10000000 cmp=com.appsforall.athkaralsalah/.MainActivityWear} from uid 2000
01-24 18:06:51.174   434  2021 I ActivityManager: Start proc 12378:com.appsforall.athkaralsalah/u0a62 for activity com.appsforall.athkaralsalah/.MainActivityWear
01-24 18:06:51.366   434  2021 W ActivityManager: Slow operation: 76ms so far, now at attachApplicationLocked: after mServices.attachApplicationLocked
01-24 18:06:51.389   434   453 W BroadcastQueue: Background execution not allowed: receiving Intent { act=android.os.UpdateLock.UPDATE_LOCK_CHANGED flg=0x4000010 (has extras) } to com.google.android.gms/.chimera.GmsIntentOperationService$PersistentTrustedReceiver
01-24 18:06:51.628 12378 12388 I zygote  : Background concurrent copying GC freed 961(333KB) AllocSpace objects, 0(0B) LOS objects, 31% free, 1111KB/1623KB, paused 7.910ms total 74.858ms
01-24 18:06:51.752 12378 12393 D OpenGLRenderer: HWUI GL Pipeline
01-24 18:06:51.858 12378 12393 I Adreno-EGL: <qeglDrvAPI_eglInitialize:379>: EGL 1.4 QUALCOMM build:  (I7af58d6928)
01-24 18:06:51.858 12378 12393 I Adreno-EGL: OpenGL ES Shader Compiler Version: E031.35.01.00
01-24 18:06:51.858 12378 12393 I Adreno-EGL: Build Date: 09/14/17 Thu
01-24 18:06:51.858 12378 12393 I Adreno-EGL: Local Branch: gfx-adreno.lnx.1.0
01-24 18:06:51.858 12378 12393 I Adreno-EGL: Remote Branch: 
01-24 18:06:51.858 12378 12393 I Adreno-EGL: Local Patches: 
01-24 18:06:51.858 12378 12393 I Adreno-EGL: Reconstruct Branch: 
01-24 18:06:51.866 12378 12393 I vndksupport: sphal namespace is not configured for this process. Loading /vendor/lib/hw/gralloc.msm8909.so from the current namespace instead.
01-24 18:06:51.879 12393 12393 W RenderThread: type=1400 audit(0.0:488): avc: denied { read } for name="gpuclk" dev="sysfs" ino=18862 scontext=u:r:untrusted_app:s0:c512,c768 tcontext=u:object_r:sysfs:s0 tclass=file permissive=0
01-24 18:06:51.882 12378 12393 I OpenGLRenderer: Initialized EGL, version 1.4
01-24 18:06:51.883 12378 12393 D OpenGLRenderer: Swap behavior 1
01-24 18:06:51.892 12378 12393 W Adreno-ES20: <get_gpu_clk:229>: open failed: errno 13
01-24 18:06:51.906 12378 12393 W Adreno-EGL: <qeglDrvAPI_eglGetConfigAttrib:612>: EGL_BAD_ATTRIBUTE
01-24 18:06:51.909 12378 12393 I vndksupport: sphal namespace is not configured for this process. Loading /vendor/lib/hw/gralloc.msm8909.so from the current namespace instead.
01-24 18:06:51.963 12378 12388 I zygote  : Background concurrent copying GC freed 1379(317KB) AllocSpace objects, 0(0B) LOS objects, 28% free, 1261KB/1773KB, paused 599us total 102.615ms
01-24 18:06:52.069 12378 12393 I vndksupport: sphal namespace is not configured for this process. Loading /vendor/lib/hw/gralloc.msm8909.so from the current namespace instead.
01-24 18:06:52.203  7206  7251 I dailytrack: HealthSportDataCacheUtil::saveData(),currentThread4=handle_total_data
01-24 18:06:52.269   434   461 I ActivityManager: Displayed com.appsforall.athkaralsalah/.MainActivityWear: +1s142ms
01-24 18:06:54.695   434   536 E TaskPersister: File error accessing recents directory (directory doesn't exist?).
01-24 18:06:57.208  7206  7251 I dailytrack: HealthSportDataCacheUtil::saveData(),currentThread4=handle_total_data
01-24 18:07:00.014 15691 15691 D WallpaperUtil: InternalCache: available=1546M
01-24 18:07:00.028 15691 15691 E Watchface: WeatherManager::checkUpdateDisplayWeather() mWeatherInfo is null !
01-24 18:07:00.036 32131 32131 W OngoingChipController: Attempting to remove non-existent UI for chip [com.google.android.wearable.app, media_controls]
01-24 18:07:02.213  7206  7251 I dailytrack: HealthSportDataCacheUtil::saveData(),currentThread4=handle_total_data
01-24 18:07:07.219  7206  7251 I dailytrack: HealthSportDataCacheUtil::saveData(),currentThread4=handle_total_data
01-24 18:07:08.302 12398 12398 D AndroidRuntime: >>>>>> START com.android.internal.os.RuntimeInit uid 2000 <<<<<<
01-24 18:07:09.569 12398 12398 D AndroidRuntime: Calling main entry com.android.commands.pm.Pm
01-24 18:07:09.593   434   874 I ActivityManager: Force stopping com.appsforall.athkaralsalah appid=10062 user=0: clear data
01-24 18:07:09.594   434   874 I ActivityManager: Killing 12378:com.appsforall.athkaralsalah/u0a62 (adj 0): stop com.appsforall.athkaralsalah
01-24 18:07:09.599   434   874 W ActivityManager: Force removing ActivityRecord{ef7ed7 u0 com.appsforall.athkaralsalah/.MainActivityWear t405}: app died, no saved state
01-24 18:07:09.902   434   461 W ActivityManager: setHasOverlayUi called on unknown pid: 12378
01-24 18:07:09.904   434   454 W Looper  : Dispatch took 307ms on android.ui, h=Handler (com.android.server.am.ActivityManagerService$UiHandler) {dee4953} cb=null msg=53
01-24 18:07:09.914   434   453 I ActivityManager: Force stopping com.appsforall.athkaralsalah appid=10062 user=-1: clearApplicationUserData
01-24 18:07:09.946   434   453 W BroadcastQueue: Background execution not allowed: receiving Intent { act=android.os.UpdateLock.UPDATE_LOCK_CHANGED flg=0x4000010 (has extras) } to com.google.android.gms/.chimera.GmsIntentOperationService$PersistentTrustedReceiver
01-24 18:07:09.961   434   536 E TaskPersister: File error accessing recents directory (directory doesn't exist?).
01-24 18:07:09.965   335   335 I keystore: clear_uid 10062
01-24 18:07:09.982 15691 15691 E Watchface: CocosWatchFaceService::Handler msg: -5 0.0;--
01-24 18:07:10.123 31332 31332 D Avrcp   : AvrcpServiceBroadcastReceiver-> Action: android.intent.action.PACKAGE_DATA_CLEARED
01-24 18:07:10.123 13109 13109 I GeofencerStateMachine: removeGeofences: removeRequest=RemoveGeofencingRequest[REMOVE_ALL packageName=com.appsforall.athkaralsalah]
01-24 18:07:10.123 31332 31332 D Avrcp   : packageName: com.appsforall.athkaralsalah removed: true
01-24 18:07:10.123 31332 31332 V Avrcp   : isBrowseSupported for com.appsforall.athkaralsalah: false
01-24 18:07:10.144   712   712 D RegisteredNfcFServicesCache: Service unchanged, not updating
01-24 18:07:10.145 12398 12398 I app_process: System.exit called, status: 0
01-24 18:07:10.145 12398 12398 I AndroidRuntime: VM exiting with result code 0.
01-24 18:07:10.345 13109 12409 I Fitness : Clearing all cached OAuth tokens for: com.appsforall.athkaralsalah [CONTEXT service_id=17 ]
01-24 18:07:10.348 13109 12409 I Fitness : Removing all subscriptions for: com.appsforall.athkaralsalah [CONTEXT service_id=17 ]
01-24 18:07:10.388 13109 12409 I Fitness : Clearing all cached OAuth tokens for: com.appsforall.athkaralsalah [CONTEXT service_id=17 ]
01-24 18:07:10.394 13109 12409 I Fitness : Removing all subscriptions for: com.appsforall.athkaralsalah [CONTEXT service_id=17 ]
01-24 18:07:11.934   723   723 I battery : BatteryService: mInternalBatteryReceiver onReceive() action = android.intent.action.BATTERY_CHANGED
01-24 18:07:11.937 31787 31787 I ADVLog  : ADV.SensorService:/BatteryTemperature: 346  /isUsbOrAc: 1
01-24 18:07:11.944   319   319 D WifiHAL : In DebugCommand::handleResponse
01-24 18:07:11.944   319   319 D WifiHAL : len = 4, expected len = 4
01-24 18:07:11.962   434   874 E BatteryStatsService: no controller energy info supplied
01-24 18:07:11.963   434   874 I chatty  : uid=1000(system) Binder:434_7 identical 1 line
01-24 18:07:11.963   434   874 E BatteryStatsService: no controller energy info supplied
01-24 18:07:12.223  7206  7251 I dailytrack: HealthSportDataCacheUtil::saveData(),currentThread4=handle_total_data
01-24 18:07:15.561   434  7909 I ActivityManager: START u0 {act=api.android.category.MAIN cat=[api.android.intent.LAUNCHER] flg=0x10000000 cmp=com.appsforall.athkaralsalah/.MainActivityWear} from uid 2000
01-24 18:07:15.679   434   874 I ActivityManager: Start proc 12424:com.appsforall.athkaralsalah/u0a62 for activity com.appsforall.athkaralsalah/.MainActivityWear
01-24 18:07:15.911   434   874 W ActivityManager: Slow operation: 104ms so far, now at attachApplicationLocked: after mServices.attachApplicationLocked
01-24 18:07:15.917   434   453 W BroadcastQueue: Background execution not allowed: receiving Intent { act=android.os.UpdateLock.UPDATE_LOCK_CHANGED flg=0x4000010 (has extras) } to com.google.android.gms/.chimera.GmsIntentOperationService$PersistentTrustedReceiver
01-24 18:07:16.335 12424 12439 D OpenGLRenderer: HWUI GL Pipeline
01-24 18:07:16.455 12424 12434 I zygote  : Background concurrent copying GC freed 913(246KB) AllocSpace objects, 0(0B) LOS objects, 29% free, 1242KB/1754KB, paused 444us total 123.925ms
01-24 18:07:16.483 12424 12439 I Adreno-EGL: <qeglDrvAPI_eglInitialize:379>: EGL 1.4 QUALCOMM build:  (I7af58d6928)
01-24 18:07:16.483 12424 12439 I Adreno-EGL: OpenGL ES Shader Compiler Version: E031.35.01.00
01-24 18:07:16.483 12424 12439 I Adreno-EGL: Build Date: 09/14/17 Thu
01-24 18:07:16.483 12424 12439 I Adreno-EGL: Local Branch: gfx-adreno.lnx.1.0
01-24 18:07:16.483 12424 12439 I Adreno-EGL: Remote Branch: 
01-24 18:07:16.483 12424 12439 I Adreno-EGL: Local Patches: 
01-24 18:07:16.483 12424 12439 I Adreno-EGL: Reconstruct Branch: 
01-24 18:07:16.490 12424 12439 I vndksupport: sphal namespace is not configured for this process. Loading /vendor/lib/hw/gralloc.msm8909.so from the current namespace instead.
01-24 18:07:16.499 12439 12439 W RenderThread: type=1400 audit(0.0:489): avc: denied { read } for name="gpuclk" dev="sysfs" ino=18862 scontext=u:r:untrusted_app:s0:c512,c768 tcontext=u:object_r:sysfs:s0 tclass=file permissive=0
01-24 18:07:16.503 12424 12439 I OpenGLRenderer: Initialized EGL, version 1.4
01-24 18:07:16.503 12424 12439 D OpenGLRenderer: Swap behavior 1
01-24 18:07:16.510 12424 12439 W Adreno-ES20: <get_gpu_clk:229>: open failed: errno 13
01-24 18:07:16.522 12424 12439 W Adreno-EGL: <qeglDrvAPI_eglGetConfigAttrib:612>: EGL_BAD_ATTRIBUTE
01-24 18:07:16.525 12424 12439 I vndksupport: sphal namespace is not configured for this process. Loading /vendor/lib/hw/gralloc.msm8909.so from the current namespace instead.
01-24 18:07:16.541   323   403 W HWComposer: Ignoring duplicate VSYNC event from HWC (t=161506043933751)
01-24 18:07:16.701 12424 12439 I vndksupport: sphal namespace is not configured for this process. Loading /vendor/lib/hw/gralloc.msm8909.so from the current namespace instead.
01-24 18:07:16.921   434   461 I ActivityManager: Displayed com.appsforall.athkaralsalah/.MainActivityWear: +1s271ms
01-24 18:07:17.135  7585  7595 I zygote  : Background concurrent copying GC freed 76855(2MB) AllocSpace objects, 6(468KB) LOS objects, 21% free, 7MB/9MB, paused 51.559ms total 1.519s
01-24 18:07:17.226  7206  7251 I dailytrack: HealthSportDataCacheUtil::saveData(),currentThread4=handle_total_data
01-24 18:07:17.230   434   443 I zygote  : Background concurrent copying GC freed 21142(1531KB) AllocSpace objects, 21(512KB) LOS objects, 15% free, 11MB/13MB, paused 4.258ms total 1.649s
01-24 18:07:19.203   434   536 E TaskPersister: File error accessing recents directory (directory doesn't exist?).
01-24 18:07:22.233  7206  7251 I dailytrack: HealthSportDataCacheUtil::saveData(),currentThread4=handle_total_data
01-24 18:07:23.981   434   452 I UsageStatsService: User[0] Flushing usage stats to disk
01-24 18:07:27.239  7206  7251 I chatty  : uid=10025(u0_a25) handle_total_da identical 1 line
01-24 18:07:32.245  7206  7251 I dailytrack: HealthSportDataCacheUtil::saveData(),currentThread4=handle_total_data
01-24 18:07:32.809 12443 12443 D AndroidRuntime: >>>>>> START com.android.internal.os.RuntimeInit uid 2000 <<<<<<
01-24 18:07:34.021 12443 12443 D AndroidRuntime: Calling main entry com.android.commands.pm.Pm
01-24 18:07:34.054   434  3482 I ActivityManager: Force stopping com.appsforall.athkaralsalah appid=10062 user=0: clear data
01-24 18:07:34.057   434  3482 I ActivityManager: Killing 12424:com.appsforall.athkaralsalah/u0a62 (adj 0): stop com.appsforall.athkaralsalah
01-24 18:07:34.060   434  3482 W ActivityManager: Force removing ActivityRecord{232cbc0 u0 com.appsforall.athkaralsalah/.MainActivityWear t406}: app died, no saved state
01-24 18:07:34.219   434  4786 W InputMethodManagerService: Got RemoteException sending setActive(false) notification to pid 12424 uid 10062
01-24 18:07:34.227   551 14197 W InputMethodWrapper: Session is already finished: android.inputmethodservice.IInputMethodSessionWrapper@a6b8fc6
01-24 18:07:34.270   434   454 W Looper  : Dispatch took 213ms on android.ui, h=Handler (com.android.server.am.ActivityManagerService$UiHandler) {dee4953} cb=null msg=53
01-24 18:07:34.305   434   461 W ActivityManager: setHasOverlayUi called on unknown pid: 12424
01-24 18:07:34.316   434   453 I ActivityManager: Force stopping com.appsforall.athkaralsalah appid=10062 user=-1: clearApplicationUserData
01-24 18:07:34.333   335   335 I keystore: clear_uid 10062
01-24 18:07:34.362   434   536 E TaskPersister: File error accessing recents directory (directory doesn't exist?).
01-24 18:07:34.365   434   453 W BroadcastQueue: Background execution not allowed: receiving Intent { act=android.os.UpdateLock.UPDATE_LOCK_CHANGED flg=0x4000010 (has extras) } to com.google.android.gms/.chimera.GmsIntentOperationService$PersistentTrustedReceiver
01-24 18:07:34.372 15691 15691 E Watchface: CocosWatchFaceService::Handler msg: -5 0.0;--
01-24 18:07:34.475 13109 13109 I GeofencerStateMachine: removeGeofences: removeRequest=RemoveGeofencingRequest[REMOVE_ALL packageName=com.appsforall.athkaralsalah]
01-24 18:07:34.480 31332 31332 D Avrcp   : AvrcpServiceBroadcastReceiver-> Action: android.intent.action.PACKAGE_DATA_CLEARED
01-24 18:07:34.480 31332 31332 D Avrcp   : packageName: com.appsforall.athkaralsalah removed: true
01-24 18:07:34.480 31332 31332 V Avrcp   : isBrowseSupported for com.appsforall.athkaralsalah: false
01-24 18:07:34.490 12443 12443 I app_process: System.exit called, status: 0
01-24 18:07:34.491 12443 12443 I AndroidRuntime: VM exiting with result code 0.
01-24 18:07:34.551   712   712 D RegisteredNfcFServicesCache: Service unchanged, not updating
01-24 18:07:34.578 13109 12455 I Fitness : Clearing all cached OAuth tokens for: com.appsforall.athkaralsalah [CONTEXT service_id=17 ]
01-24 18:07:34.583 13109 12455 I Fitness : Removing all subscriptions for: com.appsforall.athkaralsalah [CONTEXT service_id=17 ]
01-24 18:07:34.681 13109 12455 I Fitness : Clearing all cached OAuth tokens for: com.appsforall.athkaralsalah [CONTEXT service_id=17 ]
01-24 18:07:34.685 13109 12455 I Fitness : Removing all subscriptions for: com.appsforall.athkaralsalah [CONTEXT service_id=17 ]
01-24 18:07:37.251  7206  7251 I dailytrack: HealthSportDataCacheUtil::saveData(),currentThread4=handle_total_data
01-24 18:07:40.019   434  3482 I ActivityManager: START u0 {act=api.android.category.MAIN cat=[api.android.intent.LAUNCHER] flg=0x10000000 cmp=com.appsforall.athkaralsalah/.MainActivityWear} from uid 2000
01-24 18:07:40.102   434  7888 I ActivityManager: Start proc 12469:com.appsforall.athkaralsalah/u0a62 for activity com.appsforall.athkaralsalah/.MainActivityWear
01-24 18:07:40.297   434  7888 W ActivityManager: Slow operation: 88ms so far, now at attachApplicationLocked: after mServices.attachApplicationLocked
01-24 18:07:40.310   434   453 W BroadcastQueue: Background execution not allowed: receiving Intent { act=android.os.UpdateLock.UPDATE_LOCK_CHANGED flg=0x4000010 (has extras) } to com.google.android.gms/.chimera.GmsIntentOperationService$PersistentTrustedReceiver
01-24 18:07:40.710 12469 12484 D OpenGLRenderer: HWUI GL Pipeline
01-24 18:07:40.827 12469 12484 I Adreno-EGL: <qeglDrvAPI_eglInitialize:379>: EGL 1.4 QUALCOMM build:  (I7af58d6928)
01-24 18:07:40.827 12469 12484 I Adreno-EGL: OpenGL ES Shader Compiler Version: E031.35.01.00
01-24 18:07:40.827 12469 12484 I Adreno-EGL: Build Date: 09/14/17 Thu
01-24 18:07:40.827 12469 12484 I Adreno-EGL: Local Branch: gfx-adreno.lnx.1.0
01-24 18:07:40.827 12469 12484 I Adreno-EGL: Remote Branch: 
01-24 18:07:40.827 12469 12484 I Adreno-EGL: Local Patches: 
01-24 18:07:40.827 12469 12484 I Adreno-EGL: Reconstruct Branch: 
01-24 18:07:40.833 12469 12484 I vndksupport: sphal namespace is not configured for this process. Loading /vendor/lib/hw/gralloc.msm8909.so from the current namespace instead.
01-24 18:07:40.849 12484 12484 W RenderThread: type=1400 audit(0.0:490): avc: denied { read } for name="gpuclk" dev="sysfs" ino=18862 scontext=u:r:untrusted_app:s0:c512,c768 tcontext=u:object_r:sysfs:s0 tclass=file permissive=0
01-24 18:07:40.851 12469 12484 I OpenGLRenderer: Initialized EGL, version 1.4
01-24 18:07:40.851 12469 12484 D OpenGLRenderer: Swap behavior 1
01-24 18:07:40.858 12469 12484 W Adreno-ES20: <get_gpu_clk:229>: open failed: errno 13
01-24 18:07:40.872 12469 12484 W Adreno-EGL: <qeglDrvAPI_eglGetConfigAttrib:612>: EGL_BAD_ATTRIBUTE
01-24 18:07:40.874 12469 12484 I vndksupport: sphal namespace is not configured for this process. Loading /vendor/lib/hw/gralloc.msm8909.so from the current namespace instead.
01-24 18:07:41.026 12469 12484 I vndksupport: sphal namespace is not configured for this process. Loading /vendor/lib/hw/gralloc.msm8909.so from the current namespace instead.
01-24 18:07:41.218   434   461 I ActivityManager: Displayed com.appsforall.athkaralsalah/.MainActivityWear: +1s136ms
01-24 18:07:42.258  7206  7251 I dailytrack: HealthSportDataCacheUtil::saveData(),currentThread4=handle_total_data
01-24 18:07:43.676   434   536 E TaskPersister: File error accessing recents directory (directory doesn't exist?).
01-24 18:07:47.261  7206  7251 I chatty  : uid=10025(u0_a25) handle_total_da identical 1 line
01-24 18:07:52.264  7206  7251 I dailytrack: HealthSportDataCacheUtil::saveData(),currentThread4=handle_total_data
01-24 18:07:57.077 12489 12489 D AndroidRuntime: >>>>>> START com.android.internal.os.RuntimeInit uid 2000 <<<<<<
01-24 18:07:57.267  7206  7251 I dailytrack: HealthSportDataCacheUtil::saveData(),currentThread4=handle_total_data
01-24 18:07:58.260 12489 12489 D AndroidRuntime: Calling main entry com.android.commands.pm.Pm
01-24 18:07:58.290   434  3482 I ActivityManager: Force stopping com.appsforall.athkaralsalah appid=10062 user=0: clear data
01-24 18:07:58.291   434  3482 I ActivityManager: Killing 12469:com.appsforall.athkaralsalah/u0a62 (adj 0): stop com.appsforall.athkaralsalah
01-24 18:07:58.295   434  3482 W ActivityManager: Force removing ActivityRecord{498dc7c u0 com.appsforall.athkaralsalah/.MainActivityWear t407}: app died, no saved state
01-24 18:07:58.567   434   454 W Looper  : Dispatch took 276ms on android.ui, h=Handler (com.android.server.am.ActivityManagerService$UiHandler) {dee4953} cb=null msg=53
01-24 18:07:58.580   434   453 I ActivityManager: Force stopping com.appsforall.athkaralsalah appid=10062 user=-1: clearApplicationUserData
01-24 18:07:58.585   335   335 I keystore: clear_uid 10062
01-24 18:07:58.605   434   461 W ActivityManager: setHasOverlayUi called on unknown pid: 12469
01-24 18:07:58.639   434   453 W BroadcastQueue: Background execution not allowed: receiving Intent { act=android.os.UpdateLock.UPDATE_LOCK_CHANGED flg=0x4000010 (has extras) } to com.google.android.gms/.chimera.GmsIntentOperationService$PersistentTrustedReceiver
01-24 18:07:58.645 15691 15691 E Watchface: CocosWatchFaceService::Handler msg: -5 0.0;--
01-24 18:07:58.662   434   536 E TaskPersister: File error accessing recents directory (directory doesn't exist?).
01-24 18:07:58.767 31332 31332 D Avrcp   : AvrcpServiceBroadcastReceiver-> Action: android.intent.action.PACKAGE_DATA_CLEARED
01-24 18:07:58.767 31332 31332 D Avrcp   : packageName: com.appsforall.athkaralsalah removed: true
01-24 18:07:58.767 31332 31332 V Avrcp   : isBrowseSupported for com.appsforall.athkaralsalah: false
01-24 18:07:58.767 13109 13109 I GeofencerStateMachine: removeGeofences: removeRequest=RemoveGeofencingRequest[REMOVE_ALL packageName=com.appsforall.athkaralsalah]
01-24 18:07:58.828 12489 12489 I app_process: System.exit called, status: 0
01-24 18:07:58.829 12489 12489 I AndroidRuntime: VM exiting with result code 0.
01-24 18:07:58.837   712   712 D RegisteredNfcFServicesCache: Service unchanged, not updating
01-24 18:07:58.875 13109 12502 I Fitness : Clearing all cached OAuth tokens for: com.appsforall.athkaralsalah [CONTEXT service_id=17 ]
01-24 18:07:58.893 13109 12502 I Fitness : Removing all subscriptions for: com.appsforall.athkaralsalah [CONTEXT service_id=17 ]
01-24 18:07:58.981 13109 12502 I Fitness : Clearing all cached OAuth tokens for: com.appsforall.athkaralsalah [CONTEXT service_id=17 ]
01-24 18:07:59.002 13109 12502 I Fitness : Removing all subscriptions for: com.appsforall.athkaralsalah [CONTEXT service_id=17 ]
01-24 18:07:59.063   712   726 I zygote  : Background concurrent copying GC freed 11051(428KB) AllocSpace objects, 0(0B) LOS objects, 29% free, 1232KB/1744KB, paused 1.349ms total 228.075ms
01-24 18:08:00.008 15691 15691 D WallpaperUtil: InternalCache: available=1546M
01-24 18:08:00.042 15691 15691 E Watchface: WeatherManager::checkUpdateDisplayWeather() mWeatherInfo is null !
01-24 18:08:00.047 32131 32131 W OngoingChipController: Attempting to remove non-existent UI for chip [com.google.android.wearable.app, media_controls]
01-24 18:08:02.268  7206  7251 I dailytrack: HealthSportDataCacheUtil::saveData(),currentThread4=handle_total_data
01-24 18:08:04.200   434  3945 I ActivityManager: START u0 {act=api.android.category.MAIN cat=[api.android.intent.LAUNCHER] flg=0x10000000 cmp=com.appsforall.athkaralsalah/.MainActivityWear} from uid 2000
01-24 18:08:04.322   434   756 I ActivityManager: Start proc 12516:com.appsforall.athkaralsalah/u0a62 for activity com.appsforall.athkaralsalah/.MainActivityWear
01-24 18:08:04.609   434   756 W ActivityManager: Slow operation: 102ms so far, now at attachApplicationLocked: after mServices.attachApplicationLocked
01-24 18:08:04.612   434   453 W BroadcastQueue: Background execution not allowed: receiving Intent { act=android.os.UpdateLock.UPDATE_LOCK_CHANGED flg=0x4000010 (has extras) } to com.google.android.gms/.chimera.GmsIntentOperationService$PersistentTrustedReceiver
01-24 18:08:04.681 12516 12526 I zygote  : Background concurrent copying GC freed 533(406KB) AllocSpace objects, 0(0B) LOS objects, 35% free, 934KB/1446KB, paused 11.160ms total 204.087ms
01-24 18:08:05.062 12516 12531 D OpenGLRenderer: HWUI GL Pipeline
01-24 18:08:05.119 15691 15701 I zygote  : Background concurrent copying GC freed 4256(385KB) AllocSpace objects, 0(0B) LOS objects, 29% free, 1240KB/1752KB, paused 1.137ms total 194.080ms
01-24 18:08:05.154   323   403 W HWComposer: Ignoring duplicate VSYNC event from HWC (t=161554656652326)
01-24 18:08:05.190 12516 12531 I Adreno-EGL: <qeglDrvAPI_eglInitialize:379>: EGL 1.4 QUALCOMM build:  (I7af58d6928)
01-24 18:08:05.190 12516 12531 I Adreno-EGL: OpenGL ES Shader Compiler Version: E031.35.01.00
01-24 18:08:05.190 12516 12531 I Adreno-EGL: Build Date: 09/14/17 Thu
01-24 18:08:05.190 12516 12531 I Adreno-EGL: Local Branch: gfx-adreno.lnx.1.0
01-24 18:08:05.190 12516 12531 I Adreno-EGL: Remote Branch: 
01-24 18:08:05.190 12516 12531 I Adreno-EGL: Local Patches: 
01-24 18:08:05.190 12516 12531 I Adreno-EGL: Reconstruct Branch: 
01-24 18:08:05.196 12516 12531 I vndksupport: sphal namespace is not configured for this process. Loading /vendor/lib/hw/gralloc.msm8909.so from the current namespace instead.
01-24 18:08:05.209 12531 12531 W RenderThread: type=1400 audit(0.0:491): avc: denied { read } for name="gpuclk" dev="sysfs" ino=18862 scontext=u:r:untrusted_app:s0:c512,c768 tcontext=u:object_r:sysfs:s0 tclass=file permissive=0
01-24 18:08:05.216 12516 12531 I OpenGLRenderer: Initialized EGL, version 1.4
01-24 18:08:05.216 12516 12531 D OpenGLRenderer: Swap behavior 1
01-24 18:08:05.218   323   403 W HWComposer: Ignoring duplicate VSYNC event from HWC (t=161554725015816)
01-24 18:08:05.225 12516 12531 W Adreno-ES20: <get_gpu_clk:229>: open failed: errno 13
01-24 18:08:05.237 12516 12531 W Adreno-EGL: <qeglDrvAPI_eglGetConfigAttrib:612>: EGL_BAD_ATTRIBUTE
01-24 18:08:05.239 12516 12531 I vndksupport: sphal namespace is not configured for this process. Loading /vendor/lib/hw/gralloc.msm8909.so from the current namespace instead.
01-24 18:08:05.351   434   443 I zygote  : Background concurrent copying GC freed 21526(1567KB) AllocSpace objects, 19(380KB) LOS objects, 15% free, 11MB/13MB, paused 4.874ms total 1.157s
01-24 18:08:05.367 12516 12526 I zygote  : Background concurrent copying GC freed 965(251KB) AllocSpace objects, 0(0B) LOS objects, 25% free, 1461KB/1973KB, paused 582us total 447.984ms
01-24 18:08:05.408 12516 12531 I vndksupport: sphal namespace is not configured for this process. Loading /vendor/lib/hw/gralloc.msm8909.so from the current namespace instead.
01-24 18:08:05.622   434   461 I ActivityManager: Displayed com.appsforall.athkaralsalah/.MainActivityWear: +1s333ms
01-24 18:08:07.274  7206  7251 I dailytrack: HealthSportDataCacheUtil::saveData(),currentThread4=handle_total_data
01-24 18:08:07.782   434   536 E TaskPersister: File error accessing recents directory (directory doesn't exist?).
01-24 18:08:11.959   723   723 I battery : BatteryService: mInternalBatteryReceiver onReceive() action = android.intent.action.BATTERY_CHANGED
01-24 18:08:11.965 31787 31787 I ADVLog  : ADV.SensorService:/BatteryTemperature: 344  /isUsbOrAc: 1
01-24 18:08:11.978   319   319 D WifiHAL : In DebugCommand::handleResponse
01-24 18:08:11.978   319   319 D WifiHAL : len = 4, expected len = 4
01-24 18:08:12.016   434  2021 E BatteryStatsService: no controller energy info supplied
01-24 18:08:12.237   723   737 I zygote  : Background concurrent copying GC freed 7125(633KB) AllocSpace objects, 2(192KB) LOS objects, 24% free, 2025KB/2MB, paused 3.910ms total 151ms
01-24 18:08:12.277  7206  7251 I dailytrack: HealthSportDataCacheUtil::saveData(),currentThread4=handle_total_data
01-24 18:08:17.285  7206  7251 I dailytrack: HealthSportDataCacheUtil::saveData(),currentThread4=handle_total_data
01-24 18:08:21.334 12535 12535 D AndroidRuntime: >>>>>> START com.android.internal.os.RuntimeInit uid 2000 <<<<<<
01-24 18:08:22.287  7206  7251 I dailytrack: HealthSportDataCacheUtil::saveData(),currentThread4=handle_total_data
01-24 18:08:22.485 12535 12535 D AndroidRuntime: Calling main entry com.android.commands.pm.Pm
01-24 18:08:12.020   434  2021 I chatty  : uid=1000(system) Binder:434_D identical 1 line
01-24 18:08:12.021   434  2021 E BatteryStatsService: no controller energy info supplied
01-24 18:08:22.512   434  2560 I ActivityManager: Force stopping com.appsforall.athkaralsalah appid=10062 user=0: clear data
01-24 18:08:22.514   434  2560 I ActivityManager: Killing 12516:com.appsforall.athkaralsalah/u0a62 (adj 0): stop com.appsforall.athkaralsalah
01-24 18:08:22.522   434  2560 W ActivityManager: Force removing ActivityRecord{34d56d1 u0 com.appsforall.athkaralsalah/.MainActivityWear t408}: app died, no saved state
01-24 18:08:22.661   434   756 W InputMethodManagerService: Got RemoteException sending setActive(false) notification to pid 12516 uid 10062
01-24 18:08:22.770   434   461 W ActivityManager: setHasOverlayUi called on unknown pid: 12516
01-24 18:08:22.781   434   453 W BroadcastQueue: Background execution not allowed: receiving Intent { act=android.os.UpdateLock.UPDATE_LOCK_CHANGED flg=0x4000010 (has extras) } to com.google.android.gms/.chimera.GmsIntentOperationService$PersistentTrustedReceiver
01-24 18:08:22.785   434   453 I ActivityManager: Force stopping com.appsforall.athkaralsalah appid=10062 user=-1: clearApplicationUserData
01-24 18:08:22.802   434   454 W Looper  : Dispatch took 288ms on android.ui, h=Handler (com.android.server.am.ActivityManagerService$UiHandler) {dee4953} cb=null msg=53
01-24 18:08:22.855 15691 15691 E Watchface: CocosWatchFaceService::Handler msg: -5 0.0;--
01-24 18:08:22.857   434   536 E TaskPersister: File error accessing recents directory (directory doesn't exist?).
01-24 18:08:22.861   335   335 I keystore: clear_uid 10062
01-24 18:08:22.973 31332 31332 D Avrcp   : AvrcpServiceBroadcastReceiver-> Action: android.intent.action.PACKAGE_DATA_CLEARED
01-24 18:08:22.974 31332 31332 D Avrcp   : packageName: com.appsforall.athkaralsalah removed: true
01-24 18:08:22.974 31332 31332 V Avrcp   : isBrowseSupported for com.appsforall.athkaralsalah: false
01-24 18:08:22.974 13109 13109 I GeofencerStateMachine: removeGeofences: removeRequest=RemoveGeofencingRequest[REMOVE_ALL packageName=com.appsforall.athkaralsalah]
01-24 18:08:23.018 12535 12535 I app_process: System.exit called, status: 0
01-24 18:08:23.018 12535 12535 I AndroidRuntime: VM exiting with result code 0.
01-24 18:08:23.086 13109 12546 I Fitness : Clearing all cached OAuth tokens for: com.appsforall.athkaralsalah [CONTEXT service_id=17 ]
01-24 18:08:23.093   712   712 D RegisteredNfcFServicesCache: Service unchanged, not updating
01-24 18:08:23.108 13109 12546 I Fitness : Removing all subscriptions for: com.appsforall.athkaralsalah [CONTEXT service_id=17 ]
01-24 18:08:23.207 13109 12546 I Fitness : Clearing all cached OAuth tokens for: com.appsforall.athkaralsalah [CONTEXT service_id=17 ]
01-24 18:08:23.213 13109 12546 I Fitness : Removing all subscriptions for: com.appsforall.athkaralsalah [CONTEXT service_id=17 ]
01-24 18:08:23.469 13109 13122 I zygote  : Background concurrent copying GC freed 35713(2MB) AllocSpace objects, 0(0B) LOS objects, 20% free, 7MB/9MB, paused 3.266ms total 371.807ms
01-24 18:08:27.290  7206  7251 I dailytrack: HealthSportDataCacheUtil::saveData(),currentThread4=handle_total_data
01-24 18:08:28.479   434 13233 I ActivityManager: START u0 {act=api.android.category.MAIN cat=[api.android.intent.LAUNCHER] flg=0x10000000 cmp=com.appsforall.athkaralsalah/.MainActivityWear} from uid 2000
01-24 18:08:28.561   434 13233 I ActivityManager: Start proc 12560:com.appsforall.athkaralsalah/u0a62 for activity com.appsforall.athkaralsalah/.MainActivityWear
01-24 18:08:28.668   283 12564 I zygote  : Background concurrent copying GC freed 605(416KB) AllocSpace objects, 0(0B) LOS objects, 36% free, 876KB/1388KB, paused 1.182ms total 104.059ms
01-24 18:08:28.797   434 13233 W ActivityManager: Slow operation: 72ms so far, now at attachApplicationLocked: after mServices.attachApplicationLocked
01-24 18:08:28.810   434   453 W BroadcastQueue: Background execution not allowed: receiving Intent { act=android.os.UpdateLock.UPDATE_LOCK_CHANGED flg=0x4000010 (has extras) } to com.google.android.gms/.chimera.GmsIntentOperationService$PersistentTrustedReceiver
01-24 18:08:29.180 12560 12570 I zygote  : Background concurrent copying GC freed 1000(260KB) AllocSpace objects, 0(0B) LOS objects, 29% free, 1197KB/1709KB, paused 2.347ms total 117.173ms
01-24 18:08:29.191 12560 12575 D OpenGLRenderer: HWUI GL Pipeline
01-24 18:08:29.305 12560 12575 I Adreno-EGL: <qeglDrvAPI_eglInitialize:379>: EGL 1.4 QUALCOMM build:  (I7af58d6928)
01-24 18:08:29.305 12560 12575 I Adreno-EGL: OpenGL ES Shader Compiler Version: E031.35.01.00
01-24 18:08:29.305 12560 12575 I Adreno-EGL: Build Date: 09/14/17 Thu
01-24 18:08:29.305 12560 12575 I Adreno-EGL: Local Branch: gfx-adreno.lnx.1.0
01-24 18:08:29.305 12560 12575 I Adreno-EGL: Remote Branch: 
01-24 18:08:29.305 12560 12575 I Adreno-EGL: Local Patches: 
01-24 18:08:29.305 12560 12575 I Adreno-EGL: Reconstruct Branch: 
01-24 18:08:29.311 12560 12575 I vndksupport: sphal namespace is not configured for this process. Loading /vendor/lib/hw/gralloc.msm8909.so from the current namespace instead.
01-24 18:08:29.319 12575 12575 W RenderThread: type=1400 audit(0.0:492): avc: denied { read } for name="gpuclk" dev="sysfs" ino=18862 scontext=u:r:untrusted_app:s0:c512,c768 tcontext=u:object_r:sysfs:s0 tclass=file permissive=0
01-24 18:08:29.326 12560 12575 I OpenGLRenderer: Initialized EGL, version 1.4
01-24 18:08:29.326 12560 12575 D OpenGLRenderer: Swap behavior 1
01-24 18:08:29.333 12560 12575 W Adreno-ES20: <get_gpu_clk:229>: open failed: errno 13
01-24 18:08:29.347 12560 12575 W Adreno-EGL: <qeglDrvAPI_eglGetConfigAttrib:612>: EGL_BAD_ATTRIBUTE
01-24 18:08:29.350 12560 12575 I vndksupport: sphal namespace is not configured for this process. Loading /vendor/lib/hw/gralloc.msm8909.so from the current namespace instead.
01-24 18:08:29.543 12560 12575 I vndksupport: sphal namespace is not configured for this process. Loading /vendor/lib/hw/gralloc.msm8909.so from the current namespace instead.
01-24 18:08:29.756   434   461 I ActivityManager: Displayed com.appsforall.athkaralsalah/.MainActivityWear: +1s212ms
01-24 18:08:32.117   434   536 E TaskPersister: File error accessing recents directory (directory doesn't exist?).
01-24 18:08:32.296  7206  7251 I dailytrack: HealthSportDataCacheUtil::saveData(),currentThread4=handle_total_data
01-24 18:08:37.303  7206  7251 I chatty  : uid=10025(u0_a25) handle_total_da identical 1 line
01-24 18:08:42.309  7206  7251 I dailytrack: HealthSportDataCacheUtil::saveData(),currentThread4=handle_total_data
01-24 18:08:45.714 12579 12579 D AndroidRuntime: >>>>>> START com.android.internal.os.RuntimeInit uid 2000 <<<<<<
01-24 18:08:46.908 12579 12579 D AndroidRuntime: Calling main entry com.android.commands.pm.Pm
01-24 18:08:46.939   434  3945 I ActivityManager: Force stopping com.appsforall.athkaralsalah appid=10062 user=0: clear data
01-24 18:08:46.941   434  3945 I ActivityManager: Killing 12560:com.appsforall.athkaralsalah/u0a62 (adj 0): stop com.appsforall.athkaralsalah
01-24 18:08:46.944   434  3945 W ActivityManager: Force removing ActivityRecord{5f9565d u0 com.appsforall.athkaralsalah/.MainActivityWear t409}: app died, no saved state
01-24 18:08:47.202   434   454 W Looper  : Dispatch took 245ms on android.ui, h=Handler (com.android.server.am.ActivityManagerService$UiHandler) {dee4953} cb=null msg=53
01-24 18:08:47.219   434   453 I ActivityManager: Force stopping com.appsforall.athkaralsalah appid=10062 user=-1: clearApplicationUserData
01-24 18:08:47.257   434   461 W ActivityManager: setHasOverlayUi called on unknown pid: 12560
01-24 18:08:47.262   335   335 I keystore: clear_uid 10062
01-24 18:08:47.272   434   453 W BroadcastQueue: Background execution not allowed: receiving Intent { act=android.os.UpdateLock.UPDATE_LOCK_CHANGED flg=0x4000010 (has extras) } to com.google.android.gms/.chimera.GmsIntentOperationService$PersistentTrustedReceiver
01-24 18:08:47.298   434   536 E TaskPersister: File error accessing recents directory (directory doesn't exist?).
01-24 18:08:47.315  7206  7251 I dailytrack: HealthSportDataCacheUtil::saveData(),currentThread4=handle_total_data
01-24 18:08:47.322 15691 15691 E Watchface: CocosWatchFaceService::Handler msg: -5 0.0;--
01-24 18:08:47.418 31332 31332 D Avrcp   : AvrcpServiceBroadcastReceiver-> Action: android.intent.action.PACKAGE_DATA_CLEARED
01-24 18:08:47.418 31332 31332 D Avrcp   : packageName: com.appsforall.athkaralsalah removed: true
01-24 18:08:47.418 31332 31332 V Avrcp   : isBrowseSupported for com.appsforall.athkaralsalah: false
01-24 18:08:47.419 13109 13109 I GeofencerStateMachine: removeGeofences: removeRequest=RemoveGeofencingRequest[REMOVE_ALL packageName=com.appsforall.athkaralsalah]
01-24 18:08:47.473 12579 12579 I app_process: System.exit called, status: 0
01-24 18:08:47.473 12579 12579 I AndroidRuntime: VM exiting with result code 0.
01-24 18:08:47.481   712   712 D RegisteredNfcFServicesCache: Service unchanged, not updating
01-24 18:08:47.509 13109 12590 I Fitness : Clearing all cached OAuth tokens for: com.appsforall.athkaralsalah [CONTEXT service_id=17 ]
01-24 18:08:47.519 13109 12590 I Fitness : Removing all subscriptions for: com.appsforall.athkaralsalah [CONTEXT service_id=17 ]
01-24 18:08:47.611 13109 12590 I Fitness : Clearing all cached OAuth tokens for: com.appsforall.athkaralsalah [CONTEXT service_id=17 ]
01-24 18:08:47.615 13109 12590 I Fitness : Removing all subscriptions for: com.appsforall.athkaralsalah [CONTEXT service_id=17 ]
01-24 18:08:52.319  7206  7251 I dailytrack: HealthSportDataCacheUtil::saveData(),currentThread4=handle_total_data
01-24 18:08:52.837   434  3945 I ActivityManager: START u0 {act=api.android.category.MAIN cat=[api.android.intent.LAUNCHER] flg=0x10000000 cmp=com.appsforall.athkaralsalah/.MainActivityWear} from uid 2000
01-24 18:08:52.925   434   756 I ActivityManager: Start proc 12604:com.appsforall.athkaralsalah/u0a62 for activity com.appsforall.athkaralsalah/.MainActivityWear
01-24 18:08:53.107   434   756 W ActivityManager: Slow operation: 92ms so far, now at attachApplicationLocked: after mServices.attachApplicationLocked
01-24 18:08:53.110   434   453 W BroadcastQueue: Background execution not allowed: receiving Intent { act=android.os.UpdateLock.UPDATE_LOCK_CHANGED flg=0x4000010 (has extras) } to com.google.android.gms/.chimera.GmsIntentOperationService$PersistentTrustedReceiver
01-24 18:08:53.549 12604 12614 I zygote  : Background concurrent copying GC freed 852(262KB) AllocSpace objects, 0(0B) LOS objects, 28% free, 1288KB/1800KB, paused 10.032ms total 211.089ms
01-24 18:08:53.561 12604 12619 D OpenGLRenderer: HWUI GL Pipeline
01-24 18:08:53.665 12604 12619 I Adreno-EGL: <qeglDrvAPI_eglInitialize:379>: EGL 1.4 QUALCOMM build:  (I7af58d6928)
01-24 18:08:53.665 12604 12619 I Adreno-EGL: OpenGL ES Shader Compiler Version: E031.35.01.00
01-24 18:08:53.665 12604 12619 I Adreno-EGL: Build Date: 09/14/17 Thu
01-24 18:08:53.665 12604 12619 I Adreno-EGL: Local Branch: gfx-adreno.lnx.1.0
01-24 18:08:53.665 12604 12619 I Adreno-EGL: Remote Branch: 
01-24 18:08:53.665 12604 12619 I Adreno-EGL: Local Patches: 
01-24 18:08:53.665 12604 12619 I Adreno-EGL: Reconstruct Branch: 
01-24 18:08:53.672 12604 12619 I vndksupport: sphal namespace is not configured for this process. Loading /vendor/lib/hw/gralloc.msm8909.so from the current namespace instead.
01-24 18:08:53.679 12619 12619 W RenderThread: type=1400 audit(0.0:493): avc: denied { read } for name="gpuclk" dev="sysfs" ino=18862 scontext=u:r:untrusted_app:s0:c512,c768 tcontext=u:object_r:sysfs:s0 tclass=file permissive=0
01-24 18:08:53.686 12604 12619 I OpenGLRenderer: Initialized EGL, version 1.4
01-24 18:08:53.686 12604 12619 D OpenGLRenderer: Swap behavior 1
01-24 18:08:53.695 12604 12619 W Adreno-ES20: <get_gpu_clk:229>: open failed: errno 13
01-24 18:08:53.705 12604 12619 W Adreno-EGL: <qeglDrvAPI_eglGetConfigAttrib:612>: EGL_BAD_ATTRIBUTE
01-24 18:08:53.708 12604 12619 I vndksupport: sphal namespace is not configured for this process. Loading /vendor/lib/hw/gralloc.msm8909.so from the current namespace instead.
01-24 18:08:53.866 12604 12619 I vndksupport: sphal namespace is not configured for this process. Loading /vendor/lib/hw/gralloc.msm8909.so from the current namespace instead.
01-24 18:08:54.074   434   461 I ActivityManager: Displayed com.appsforall.athkaralsalah/.MainActivityWear: +1s179ms
01-24 18:08:56.417   434   536 E TaskPersister: File error accessing recents directory (directory doesn't exist?).
01-24 18:08:56.902   434   443 I zygote  : Background concurrent copying GC freed 19256(1462KB) AllocSpace objects, 22(532KB) LOS objects, 15% free, 10MB/12MB, paused 7.768ms total 528.045ms
01-24 18:08:57.322  7206  7251 I dailytrack: HealthSportDataCacheUtil::saveData(),currentThread4=handle_total_data
