01-24 18:09:00.014 15691 15691 D WallpaperUtil: InternalCache: available=1546M
01-24 18:09:00.027 15691 15691 E Watchface: WeatherManager::checkUpdateDisplayWeather() mWeatherInfo is null !
01-24 18:09:00.035 32131 32131 W OngoingChipController: Attempting to remove non-existent UI for chip [com.google.android.wearable.app, media_controls]
01-24 18:09:02.329  7206  7251 I dailytrack: HealthSportDataCacheUtil::saveData(),currentThread4=handle_total_data
01-24 18:09:07.335  7206  7251 I dailytrack: HealthSportDataCacheUtil::saveData(),currentThread4=handle_total_data
01-24 18:09:10.088 12623 12623 D AndroidRuntime: >>>>>> START com.android.internal.os.RuntimeInit uid 2000 <<<<<<
01-24 18:09:11.361 12623 12623 D AndroidRuntime: Calling main entry com.android.commands.pm.Pm
01-24 18:09:11.393   434   874 I ActivityManager: Force stopping com.appsforall.athkaralsalah appid=10062 user=0: clear data
01-24 18:09:11.395   434   874 I ActivityManager: Killing 12604:com.appsforall.athkaralsalah/u0a62 (adj 0): stop com.appsforall.athkaralsalah
01-24 18:09:11.401   434   874 W ActivityManager: Force removing ActivityRecord{40303a9 u0 com.appsforall.athkaralsalah/.MainActivityWear t410}: app died, no saved state
01-24 18:09:11.445   323   635 E SurfaceFlinger: Failed to find layer (com.appsforall.athkaralsalah/com.appsforall.athkaralsalah.MainActivityWear#0) in layer parent (no-parent).
01-24 18:09:11.541   434 13233 W InputMethodManagerService: Got RemoteException sending setActive(false) notification to pid 12604 uid 10062
01-24 18:09:11.656   434   453 I ActivityManager: Force stopping com.appsforall.athkaralsalah appid=10062 user=-1: clearApplicationUserData
01-24 18:09:11.660   434   454 W Looper  : Dispatch took 266ms on android.ui, h=Handler (com.android.server.am.ActivityManagerService$UiHandler) {dee4953} cb=null msg=53
01-24 18:09:11.690   434   453 W BroadcastQueue: Background execution not allowed: receiving Intent { act=android.os.UpdateLock.UPDATE_LOCK_CHANGED flg=0x4000010 (has extras) } to com.google.android.gms/.chimera.GmsIntentOperationService$PersistentTrustedReceiver
01-24 18:09:11.691   434   461 W ActivityManager: setHasOverlayUi called on unknown pid: 12604
01-24 18:09:11.693 15691 15691 E Watchface: CocosWatchFaceService::Handler msg: -5 0.0;--
01-24 18:09:11.724   434   536 E TaskPersister: File error accessing recents directory (directory doesn't exist?).
01-24 18:09:11.744   335   335 I keystore: clear_uid 10062
01-24 18:09:11.843 13109 13109 I GeofencerStateMachine: removeGeofences: removeRequest=RemoveGeofencingRequest[REMOVE_ALL packageName=com.appsforall.athkaralsalah]
01-24 18:09:11.857 31332 31332 D Avrcp   : AvrcpServiceBroadcastReceiver-> Action: android.intent.action.PACKAGE_DATA_CLEARED
01-24 18:09:11.857 31332 31332 D Avrcp   : packageName: com.appsforall.athkaralsalah removed: true
01-24 18:09:11.857 31332 31332 V Avrcp   : isBrowseSupported for com.appsforall.athkaralsalah: false
01-24 18:09:11.859   712   712 D RegisteredNfcFServicesCache: Service unchanged, not updating
01-24 18:09:11.863 12623 12623 I app_process: System.exit called, status: 0
01-24 18:09:11.863 12623 12623 I AndroidRuntime: VM exiting with result code 0.
01-24 18:09:11.938 13109 12634 I Fitness : Clearing all cached OAuth tokens for: com.appsforall.athkaralsalah [CONTEXT service_id=17 ]
01-24 18:09:11.941 13109 12634 I Fitness : Removing all subscriptions for: com.appsforall.athkaralsalah [CONTEXT service_id=17 ]
01-24 18:09:11.943   723   723 I battery : BatteryService: mInternalBatteryReceiver onReceive() action = android.intent.action.BATTERY_CHANGED
01-24 18:09:11.946 31787 31787 I ADVLog  : ADV.SensorService:/BatteryTemperature: 343  /isUsbOrAc: 1
01-24 18:09:11.952   319   319 D WifiHAL : In DebugCommand::handleResponse
01-24 18:09:11.952   319   319 D WifiHAL : len = 4, expected len = 4
01-24 18:09:11.992   434 13233 E BatteryStatsService: no controller energy info supplied
01-24 18:09:11.992   434 13233 I chatty  : uid=1000(system) Binder:434_20 identical 1 line
01-24 18:09:11.992   434 13233 E BatteryStatsService: no controller energy info supplied
01-24 18:09:12.017 13109 12634 I Fitness : Clearing all cached OAuth tokens for: com.appsforall.athkaralsalah [CONTEXT service_id=17 ]
01-24 18:09:12.020 13109 12634 I Fitness : Removing all subscriptions for: com.appsforall.athkaralsalah [CONTEXT service_id=17 ]
01-24 18:09:12.336  7206  7251 I dailytrack: HealthSportDataCacheUtil::saveData(),currentThread4=handle_total_data
01-24 18:09:17.317   434 13233 I ActivityManager: START u0 {act=api.android.category.MAIN cat=[api.android.intent.LAUNCHER] flg=0x10000000 cmp=com.appsforall.athkaralsalah/.MainActivityWear} from uid 2000
01-24 18:09:17.342  7206  7251 I dailytrack: HealthSportDataCacheUtil::saveData(),currentThread4=handle_total_data
01-24 18:09:17.420   434   874 I ActivityManager: Start proc 12649:com.appsforall.athkaralsalah/u0a62 for activity com.appsforall.athkaralsalah/.MainActivityWear
01-24 18:09:17.593   434   874 W ActivityManager: Slow operation: 86ms so far, now at attachApplicationLocked: after mServices.attachApplicationLocked
01-24 18:09:17.615   434   453 W BroadcastQueue: Background execution not allowed: receiving Intent { act=android.os.UpdateLock.UPDATE_LOCK_CHANGED flg=0x4000010 (has extras) } to com.google.android.gms/.chimera.GmsIntentOperationService$PersistentTrustedReceiver
01-24 18:09:17.649   434   454 W Looper  : Dispatch took 112ms on android.ui, h=Handler (com.android.server.am.ActivityManagerService$UiHandler) {dee4953} cb=null msg=31
01-24 18:09:17.910 12649 12659 I zygote  : Background concurrent copying GC freed 883(275KB) AllocSpace objects, 0(0B) LOS objects, 30% free, 1171KB/1683KB, paused 7.887ms total 134.582ms
01-24 18:09:18.002 12649 12664 D OpenGLRenderer: HWUI GL Pipeline
01-24 18:09:18.117 12649 12664 I Adreno-EGL: <qeglDrvAPI_eglInitialize:379>: EGL 1.4 QUALCOMM build:  (I7af58d6928)
01-24 18:09:18.117 12649 12664 I Adreno-EGL: OpenGL ES Shader Compiler Version: E031.35.01.00
01-24 18:09:18.117 12649 12664 I Adreno-EGL: Build Date: 09/14/17 Thu
01-24 18:09:18.117 12649 12664 I Adreno-EGL: Local Branch: gfx-adreno.lnx.1.0
01-24 18:09:18.117 12649 12664 I Adreno-EGL: Remote Branch: 
01-24 18:09:18.117 12649 12664 I Adreno-EGL: Local Patches: 
01-24 18:09:18.117 12649 12664 I Adreno-EGL: Reconstruct Branch: 
01-24 18:09:18.124 12649 12664 I vndksupport: sphal namespace is not configured for this process. Loading /vendor/lib/hw/gralloc.msm8909.so from the current namespace instead.
01-24 18:09:18.139 12664 12664 W RenderThread: type=1400 audit(0.0:494): avc: denied { read } for name="gpuclk" dev="sysfs" ino=18862 scontext=u:r:untrusted_app:s0:c512,c768 tcontext=u:object_r:sysfs:s0 tclass=file permissive=0
01-24 18:09:18.140 12649 12664 I OpenGLRenderer: Initialized EGL, version 1.4
01-24 18:09:18.140 12649 12664 D OpenGLRenderer: Swap behavior 1
01-24 18:09:18.148 12649 12664 W Adreno-ES20: <get_gpu_clk:229>: open failed: errno 13
01-24 18:09:18.158 12649 12664 W Adreno-EGL: <qeglDrvAPI_eglGetConfigAttrib:612>: EGL_BAD_ATTRIBUTE
01-24 18:09:18.161 12649 12664 I vndksupport: sphal namespace is not configured for this process. Loading /vendor/lib/hw/gralloc.msm8909.so from the current namespace instead.
01-24 18:09:18.334 12649 12664 I vndksupport: sphal namespace is not configured for this process. Loading /vendor/lib/hw/gralloc.msm8909.so from the current namespace instead.
01-24 18:09:18.477   323   403 W HWComposer: Ignoring duplicate VSYNC event from HWC (t=161627968384954)
01-24 18:09:18.543   434   461 I ActivityManager: Displayed com.appsforall.athkaralsalah/.MainActivityWear: +1s151ms
01-24 18:09:20.957   434   536 E TaskPersister: File error accessing recents directory (directory doesn't exist?).
01-24 18:09:22.349  7206  7251 I dailytrack: HealthSportDataCacheUtil::saveData(),currentThread4=handle_total_data
01-24 18:09:27.356  7206  7251 I chatty  : uid=10025(u0_a25) handle_total_da identical 1 line
01-24 18:09:32.363  7206  7251 I dailytrack: HealthSportDataCacheUtil::saveData(),currentThread4=handle_total_data
01-24 18:09:34.523 12668 12668 D AndroidRuntime: >>>>>> START com.android.internal.os.RuntimeInit uid 2000 <<<<<<
01-24 18:09:35.715 12668 12668 D AndroidRuntime: Calling main entry com.android.commands.pm.Pm
01-24 18:09:35.740   434 13233 I ActivityManager: Force stopping com.appsforall.athkaralsalah appid=10062 user=0: clear data
01-24 18:09:35.742   434 13233 I ActivityManager: Killing 12649:com.appsforall.athkaralsalah/u0a62 (adj 0): stop com.appsforall.athkaralsalah
01-24 18:09:35.747   434 13233 W ActivityManager: Force removing ActivityRecord{d1a254a u0 com.appsforall.athkaralsalah/.MainActivityWear t411}: app died, no saved state
01-24 18:09:36.036   434   454 W Looper  : Dispatch took 295ms on android.ui, h=Handler (com.android.server.am.ActivityManagerService$UiHandler) {dee4953} cb=null msg=53
01-24 18:09:36.049   335   335 I keystore: clear_uid 10062
01-24 18:09:36.063   434   453 I ActivityManager: Force stopping com.appsforall.athkaralsalah appid=10062 user=-1: clearApplicationUserData
01-24 18:09:36.072 15691 15691 E Watchface: CocosWatchFaceService::Handler msg: -5 0.0;--
01-24 18:09:36.098   434   461 W ActivityManager: setHasOverlayUi called on unknown pid: 12649
01-24 18:09:36.143   434   453 W BroadcastQueue: Background execution not allowed: receiving Intent { act=android.os.UpdateLock.UPDATE_LOCK_CHANGED flg=0x4000010 (has extras) } to com.google.android.gms/.chimera.GmsIntentOperationService$PersistentTrustedReceiver
01-24 18:09:36.158   434   536 E TaskPersister: File error accessing recents directory (directory doesn't exist?).
01-24 18:09:36.384 31332 31332 D Avrcp   : AvrcpServiceBroadcastReceiver-> Action: android.intent.action.PACKAGE_DATA_CLEARED
01-24 18:09:36.384 31332 31332 D Avrcp   : packageName: com.appsforall.athkaralsalah removed: true
01-24 18:09:36.384 31332 31332 V Avrcp   : isBrowseSupported for com.appsforall.athkaralsalah: false
01-24 18:09:36.385 13109 13109 I GeofencerStateMachine: removeGeofences: removeRequest=RemoveGeofencingRequest[REMOVE_ALL packageName=com.appsforall.athkaralsalah]
01-24 18:09:36.411 12668 12668 I app_process: System.exit called, status: 0
01-24 18:09:36.412 12668 12668 I AndroidRuntime: VM exiting with result code 0.
01-24 18:09:36.465   712   712 D RegisteredNfcFServicesCache: Service unchanged, not updating
01-24 18:09:36.501 13109 12687 I Fitness : Clearing all cached OAuth tokens for: com.appsforall.athkaralsalah [CONTEXT service_id=17 ]
01-24 18:09:36.517 13109 12687 I Fitness : Removing all subscriptions for: com.appsforall.athkaralsalah [CONTEXT service_id=17 ]
01-24 18:09:36.600 13109 12687 I Fitness : Clearing all cached OAuth tokens for: com.appsforall.athkaralsalah [CONTEXT service_id=17 ]
01-24 18:09:36.603 13109 12687 I Fitness : Removing all subscriptions for: com.appsforall.athkaralsalah [CONTEXT service_id=17 ]
01-24 18:09:37.369  7206  7251 I dailytrack: HealthSportDataCacheUtil::saveData(),currentThread4=handle_total_data
01-24 18:09:39.758 30846 30867 I Finsky  : [1245] jwq.run(3): Stats for Executor: BlockingExecutor jyi@923c909[Running, pool size = 0, active threads = 0, queued tasks = 0, completed tasks = 289]
01-24 18:09:39.760 30846 30867 I Finsky  : [1245] jwq.run(3): Stats for Executor: LightweightExecutor jyi@173870e[Running, pool size = 3, active threads = 0, queued tasks = 0, completed tasks = 64]
01-24 18:09:41.738 30846 30867 I Finsky  : [1245] jwq.run(3): Stats for Executor: bgExecutor jyi@5e72822[Running, pool size = 4, active threads = 0, queued tasks = 0, completed tasks = 1073]
01-24 18:09:41.788   434 13233 I ActivityManager: START u0 {act=api.android.category.MAIN cat=[api.android.intent.LAUNCHER] flg=0x10000000 cmp=com.appsforall.athkaralsalah/.MainActivityWear} from uid 2000
01-24 18:09:41.877   434   660 I ActivityManager: Start proc 12695:com.appsforall.athkaralsalah/u0a62 for activity com.appsforall.athkaralsalah/.MainActivityWear
01-24 18:09:42.006   434 13233 W ActivityManager: Slow operation: 71ms so far, now at attachApplicationLocked: after mServices.attachApplicationLocked
01-24 18:09:42.013   434   453 W BroadcastQueue: Background execution not allowed: receiving Intent { act=android.os.UpdateLock.UPDATE_LOCK_CHANGED flg=0x4000010 (has extras) } to com.google.android.gms/.chimera.GmsIntentOperationService$PersistentTrustedReceiver
01-24 18:09:42.374  7206  7251 I dailytrack: HealthSportDataCacheUtil::saveData(),currentThread4=handle_total_data
01-24 18:09:42.395 12695 12705 I zygote  : Background concurrent copying GC freed 909(311KB) AllocSpace objects, 0(0B) LOS objects, 30% free, 1151KB/1663KB, paused 1.032ms total 169.286ms
01-24 18:09:42.493 12695 12710 D OpenGLRenderer: HWUI GL Pipeline
01-24 18:09:42.590 12695 12710 I Adreno-EGL: <qeglDrvAPI_eglInitialize:379>: EGL 1.4 QUALCOMM build:  (I7af58d6928)
01-24 18:09:42.590 12695 12710 I Adreno-EGL: OpenGL ES Shader Compiler Version: E031.35.01.00
01-24 18:09:42.590 12695 12710 I Adreno-EGL: Build Date: 09/14/17 Thu
01-24 18:09:42.590 12695 12710 I Adreno-EGL: Local Branch: gfx-adreno.lnx.1.0
01-24 18:09:42.590 12695 12710 I Adreno-EGL: Remote Branch: 
01-24 18:09:42.590 12695 12710 I Adreno-EGL: Local Patches: 
01-24 18:09:42.590 12695 12710 I Adreno-EGL: Reconstruct Branch: 
01-24 18:09:42.595 12695 12710 I vndksupport: sphal namespace is not configured for this process. Loading /vendor/lib/hw/gralloc.msm8909.so from the current namespace instead.
01-24 18:09:42.609 12710 12710 W RenderThread: type=1400 audit(0.0:495): avc: denied { read } for name="gpuclk" dev="sysfs" ino=18862 scontext=u:r:untrusted_app:s0:c512,c768 tcontext=u:object_r:sysfs:s0 tclass=file permissive=0
01-24 18:09:42.618 12695 12710 I OpenGLRenderer: Initialized EGL, version 1.4
01-24 18:09:42.618 12695 12710 D OpenGLRenderer: Swap behavior 1
01-24 18:09:42.624 12695 12710 W Adreno-ES20: <get_gpu_clk:229>: open failed: errno 13
01-24 18:09:42.635 12695 12710 W Adreno-EGL: <qeglDrvAPI_eglGetConfigAttrib:612>: EGL_BAD_ATTRIBUTE
01-24 18:09:42.637 12695 12710 I vndksupport: sphal namespace is not configured for this process. Loading /vendor/lib/hw/gralloc.msm8909.so from the current namespace instead.
01-24 18:09:42.804 12695 12710 I vndksupport: sphal namespace is not configured for this process. Loading /vendor/lib/hw/gralloc.msm8909.so from the current namespace instead.
01-24 18:09:43.015   434   461 I ActivityManager: Displayed com.appsforall.athkaralsalah/.MainActivityWear: +1s159ms
01-24 18:09:45.359   434   536 E TaskPersister: File error accessing recents directory (directory doesn't exist?).
01-24 18:09:47.380  7206  7251 I dailytrack: HealthSportDataCacheUtil::saveData(),currentThread4=handle_total_data
01-24 18:09:52.386  7206  7251 I chatty  : uid=10025(u0_a25) handle_total_da identical 1 line
01-24 18:09:57.392  7206  7251 I dailytrack: HealthSportDataCacheUtil::saveData(),currentThread4=handle_total_data
01-24 18:09:59.179 12716 12716 D AndroidRuntime: >>>>>> START com.android.internal.os.RuntimeInit uid 2000 <<<<<<
01-24 18:10:00.015 15691 15691 D WallpaperUtil: InternalCache: available=1546M
01-24 18:10:00.033 15691 15691 E Watchface: WeatherManager::checkUpdateDisplayWeather() mWeatherInfo is null !
01-24 18:10:00.053 32131 32131 W OngoingChipController: Attempting to remove non-existent UI for chip [com.google.android.wearable.app, media_controls]
01-24 18:10:00.564 12716 12716 D AndroidRuntime: Calling main entry com.android.commands.pm.Pm
01-24 18:10:00.590   434 13233 I ActivityManager: Force stopping com.appsforall.athkaralsalah appid=10062 user=0: clear data
01-24 18:10:00.592   434 13233 I ActivityManager: Killing 12695:com.appsforall.athkaralsalah/u0a62 (adj 0): stop com.appsforall.athkaralsalah
01-24 18:10:00.600   434 13233 W ActivityManager: Force removing ActivityRecord{1994026 u0 com.appsforall.athkaralsalah/.MainActivityWear t412}: app died, no saved state
01-24 18:10:00.807   434   454 W Looper  : Dispatch took 215ms on android.ui, h=Handler (com.android.server.am.ActivityManagerService$UiHandler) {dee4953} cb=null msg=53
01-24 18:10:00.880   434   461 W ActivityManager: setHasOverlayUi called on unknown pid: 12695
01-24 18:10:00.882   434   453 I ActivityManager: Force stopping com.appsforall.athkaralsalah appid=10062 user=-1: clearApplicationUserData
01-24 18:10:00.914   434   453 W BroadcastQueue: Background execution not allowed: receiving Intent { act=android.os.UpdateLock.UPDATE_LOCK_CHANGED flg=0x4000010 (has extras) } to com.google.android.gms/.chimera.GmsIntentOperationService$PersistentTrustedReceiver
01-24 18:10:00.940 15691 15691 E Watchface: CocosWatchFaceService::Handler msg: -5 0.0;--
01-24 18:10:00.946   434   536 E TaskPersister: File error accessing recents directory (directory doesn't exist?).
01-24 18:10:00.951   335   335 I keystore: clear_uid 10062
01-24 18:10:01.060 31332 31332 D Avrcp   : AvrcpServiceBroadcastReceiver-> Action: android.intent.action.PACKAGE_DATA_CLEARED
01-24 18:10:01.061 31332 31332 D Avrcp   : packageName: com.appsforall.athkaralsalah removed: true
01-24 18:10:01.061 31332 31332 V Avrcp   : isBrowseSupported for com.appsforall.athkaralsalah: false
01-24 18:10:01.069 12716 12716 I app_process: System.exit called, status: 0
01-24 18:10:01.069 12716 12716 I AndroidRuntime: VM exiting with result code 0.
01-24 18:10:01.070 13109 13109 I GeofencerStateMachine: removeGeofences: removeRequest=RemoveGeofencingRequest[REMOVE_ALL packageName=com.appsforall.athkaralsalah]
01-24 18:10:01.246   712   712 D RegisteredNfcFServicesCache: Service unchanged, not updating
01-24 18:10:01.277 13109 12731 I Fitness : Clearing all cached OAuth tokens for: com.appsforall.athkaralsalah [CONTEXT service_id=17 ]
01-24 18:10:01.281 13109 12731 I Fitness : Removing all subscriptions for: com.appsforall.athkaralsalah [CONTEXT service_id=17 ]
01-24 18:10:01.328 13109 12731 I Fitness : Clearing all cached OAuth tokens for: com.appsforall.athkaralsalah [CONTEXT service_id=17 ]
01-24 18:10:01.336 13109 12731 I Fitness : Removing all subscriptions for: com.appsforall.athkaralsalah [CONTEXT service_id=17 ]
01-24 18:10:01.669   434   443 I zygote  : Background concurrent copying GC freed 19540(1555KB) AllocSpace objects, 18(452KB) LOS objects, 15% free, 11MB/13MB, paused 4.691ms total 812.084ms
01-24 18:10:02.396  7206  7251 I dailytrack: HealthSportDataCacheUtil::saveData(),currentThread4=handle_total_data
01-24 18:10:06.375   434  3945 I ActivityManager: START u0 {act=api.android.category.MAIN cat=[api.android.intent.LAUNCHER] flg=0x10000000 cmp=com.appsforall.athkaralsalah/.MainActivityWear} from uid 2000
01-24 18:10:06.453   434  2560 I ActivityManager: Start proc 12742:com.appsforall.athkaralsalah/u0a62 for activity com.appsforall.athkaralsalah/.MainActivityWear
01-24 18:10:06.677   434  2560 W ActivityManager: Slow operation: 96ms so far, now at attachApplicationLocked: after mServices.attachApplicationLocked
01-24 18:10:06.682   434   453 W BroadcastQueue: Background execution not allowed: receiving Intent { act=android.os.UpdateLock.UPDATE_LOCK_CHANGED flg=0x4000010 (has extras) } to com.google.android.gms/.chimera.GmsIntentOperationService$PersistentTrustedReceiver
01-24 18:10:06.934 12742 12752 I zygote  : Background concurrent copying GC freed 813(338KB) AllocSpace objects, 0(0B) LOS objects, 32% free, 1059KB/1571KB, paused 3.880ms total 121.400ms
01-24 18:10:07.134 12742 12757 D OpenGLRenderer: HWUI GL Pipeline
01-24 18:10:07.238 12742 12757 I Adreno-EGL: <qeglDrvAPI_eglInitialize:379>: EGL 1.4 QUALCOMM build:  (I7af58d6928)
01-24 18:10:07.238 12742 12757 I Adreno-EGL: OpenGL ES Shader Compiler Version: E031.35.01.00
01-24 18:10:07.238 12742 12757 I Adreno-EGL: Build Date: 09/14/17 Thu
01-24 18:10:07.238 12742 12757 I Adreno-EGL: Local Branch: gfx-adreno.lnx.1.0
01-24 18:10:07.238 12742 12757 I Adreno-EGL: Remote Branch: 
01-24 18:10:07.238 12742 12757 I Adreno-EGL: Local Patches: 
01-24 18:10:07.238 12742 12757 I Adreno-EGL: Reconstruct Branch: 
01-24 18:10:07.246 12742 12757 I vndksupport: sphal namespace is not configured for this process. Loading /vendor/lib/hw/gralloc.msm8909.so from the current namespace instead.
01-24 18:10:07.259 12757 12757 W RenderThread: type=1400 audit(0.0:496): avc: denied { read } for name="gpuclk" dev="sysfs" ino=18862 scontext=u:r:untrusted_app:s0:c512,c768 tcontext=u:object_r:sysfs:s0 tclass=file permissive=0
01-24 18:10:07.265 12742 12757 I OpenGLRenderer: Initialized EGL, version 1.4
01-24 18:10:07.265 12742 12757 D OpenGLRenderer: Swap behavior 1
01-24 18:10:07.273 12742 12757 W Adreno-ES20: <get_gpu_clk:229>: open failed: errno 13
01-24 18:10:07.284 12742 12757 W Adreno-EGL: <qeglDrvAPI_eglGetConfigAttrib:612>: EGL_BAD_ATTRIBUTE
01-24 18:10:07.287 12742 12757 I vndksupport: sphal namespace is not configured for this process. Loading /vendor/lib/hw/gralloc.msm8909.so from the current namespace instead.
01-24 18:10:07.396  7206  7251 I dailytrack: HealthSportDataCacheUtil::saveData(),currentThread4=handle_total_data
01-24 18:10:07.443 12742 12757 I vndksupport: sphal namespace is not configured for this process. Loading /vendor/lib/hw/gralloc.msm8909.so from the current namespace instead.
01-24 18:10:07.639   434   461 I ActivityManager: Displayed com.appsforall.athkaralsalah/.MainActivityWear: +1s209ms
01-24 18:10:09.970   434   536 E TaskPersister: File error accessing recents directory (directory doesn't exist?).
01-24 18:10:11.952   723   723 I battery : BatteryService: mInternalBatteryReceiver onReceive() action = android.intent.action.BATTERY_CHANGED
01-24 18:10:11.952 31787 31787 I ADVLog  : ADV.SensorService:/BatteryTemperature: 342  /isUsbOrAc: 1
01-24 18:10:11.970   319   319 D WifiHAL : In DebugCommand::handleResponse
01-24 18:10:11.970   319   319 D WifiHAL : len = 4, expected len = 4
01-24 18:10:11.996   434  2021 E BatteryStatsService: no controller energy info supplied
01-24 18:10:12.168   723   737 I zygote  : Background concurrent copying GC freed 7643(667KB) AllocSpace objects, 2(192KB) LOS objects, 25% free, 1981KB/2MB, paused 2.969ms total 106.697ms
01-24 18:10:12.401  7206  7251 I dailytrack: HealthSportDataCacheUtil::saveData(),currentThread4=handle_total_data
01-24 18:10:17.409  7206  7251 I chatty  : uid=10025(u0_a25) handle_total_da identical 1 line
01-24 18:10:22.414  7206  7251 I dailytrack: HealthSportDataCacheUtil::saveData(),currentThread4=handle_total_data
01-24 18:10:23.572 12762 12762 D AndroidRuntime: >>>>>> START com.android.internal.os.RuntimeInit uid 2000 <<<<<<
01-24 18:10:24.741 12762 12762 D AndroidRuntime: Calling main entry com.android.commands.pm.Pm
01-24 18:10:11.998   434  2021 I chatty  : uid=1000(system) Binder:434_D identical 1 line
01-24 18:10:11.998   434  2021 E BatteryStatsService: no controller energy info supplied
01-24 18:10:24.772   434  2021 I ActivityManager: Force stopping com.appsforall.athkaralsalah appid=10062 user=0: clear data
01-24 18:10:24.775   434  2021 I ActivityManager: Killing 12742:com.appsforall.athkaralsalah/u0a62 (adj 0): stop com.appsforall.athkaralsalah
01-24 18:10:24.786   434  2021 W ActivityManager: Force removing ActivityRecord{ca8f3d3 u0 com.appsforall.athkaralsalah/.MainActivityWear t413}: app died, no saved state
01-24 18:10:25.061   434   461 W ActivityManager: setHasOverlayUi called on unknown pid: 12742
01-24 18:10:25.062   434   454 W Looper  : Dispatch took 288ms on android.ui, h=Handler (com.android.server.am.ActivityManagerService$UiHandler) {dee4953} cb=null msg=53
01-24 18:10:25.098   434   453 W BroadcastQueue: Background execution not allowed: receiving Intent { act=android.os.UpdateLock.UPDATE_LOCK_CHANGED flg=0x4000010 (has extras) } to com.google.android.gms/.chimera.GmsIntentOperationService$PersistentTrustedReceiver
01-24 18:10:25.099   434   453 I ActivityManager: Force stopping com.appsforall.athkaralsalah appid=10062 user=-1: clearApplicationUserData
01-24 18:10:25.102   335   335 I keystore: clear_uid 10062
01-24 18:10:25.122 15691 15691 E Watchface: CocosWatchFaceService::Handler msg: -5 0.0;--
01-24 18:10:25.132   434   536 E TaskPersister: File error accessing recents directory (directory doesn't exist?).
01-24 18:10:25.232 31332 31332 D Avrcp   : AvrcpServiceBroadcastReceiver-> Action: android.intent.action.PACKAGE_DATA_CLEARED
01-24 18:10:25.232 31332 31332 D Avrcp   : packageName: com.appsforall.athkaralsalah removed: true
01-24 18:10:25.232 31332 31332 V Avrcp   : isBrowseSupported for com.appsforall.athkaralsalah: false
01-24 18:10:25.234 13109 13109 I GeofencerStateMachine: removeGeofences: removeRequest=RemoveGeofencingRequest[REMOVE_ALL packageName=com.appsforall.athkaralsalah]
01-24 18:10:25.255 12762 12762 I app_process: System.exit called, status: 0
01-24 18:10:25.255 12762 12762 I AndroidRuntime: VM exiting with result code 0.
01-24 18:10:25.337   712   712 D RegisteredNfcFServicesCache: Service unchanged, not updating
01-24 18:10:25.344 13109 12774 I Fitness : Clearing all cached OAuth tokens for: com.appsforall.athkaralsalah [CONTEXT service_id=17 ]
01-24 18:10:25.356 13109 12774 I Fitness : Removing all subscriptions for: com.appsforall.athkaralsalah [CONTEXT service_id=17 ]
01-24 18:10:25.414 13109 12774 I Fitness : Clearing all cached OAuth tokens for: com.appsforall.athkaralsalah [CONTEXT service_id=17 ]
01-24 18:10:25.417 13109 12774 I Fitness : Removing all subscriptions for: com.appsforall.athkaralsalah [CONTEXT service_id=17 ]
01-24 18:10:27.416  7206  7251 I dailytrack: HealthSportDataCacheUtil::saveData(),currentThread4=handle_total_data
01-24 18:10:30.628   434  3945 I ActivityManager: START u0 {act=api.android.category.MAIN cat=[api.android.intent.LAUNCHER] flg=0x10000000 cmp=com.appsforall.athkaralsalah/.MainActivityWear} from uid 2000
01-24 18:10:30.705   434  2021 I ActivityManager: Start proc 12788:com.appsforall.athkaralsalah/u0a62 for activity com.appsforall.athkaralsalah/.MainActivityWear
01-24 18:10:30.841   434   660 W ActivityManager: Slow operation: 67ms so far, now at attachApplicationLocked: after mServices.attachApplicationLocked
01-24 18:10:30.863   434   453 W BroadcastQueue: Background execution not allowed: receiving Intent { act=android.os.UpdateLock.UPDATE_LOCK_CHANGED flg=0x4000010 (has extras) } to com.google.android.gms/.chimera.GmsIntentOperationService$PersistentTrustedReceiver
01-24 18:10:31.252 12788 12803 D OpenGLRenderer: HWUI GL Pipeline
01-24 18:10:31.326   323   403 W HWComposer: Ignoring duplicate VSYNC event from HWC (t=161700829086020)
01-24 18:10:31.362 12788 12798 I zygote  : Background concurrent copying GC freed 833(248KB) AllocSpace objects, 0(0B) LOS objects, 28% free, 1300KB/1812KB, paused 489us total 143.614ms
01-24 18:10:31.380 12788 12803 I Adreno-EGL: <qeglDrvAPI_eglInitialize:379>: EGL 1.4 QUALCOMM build:  (I7af58d6928)
01-24 18:10:31.380 12788 12803 I Adreno-EGL: OpenGL ES Shader Compiler Version: E031.35.01.00
01-24 18:10:31.380 12788 12803 I Adreno-EGL: Build Date: 09/14/17 Thu
01-24 18:10:31.380 12788 12803 I Adreno-EGL: Local Branch: gfx-adreno.lnx.1.0
01-24 18:10:31.380 12788 12803 I Adreno-EGL: Remote Branch: 
01-24 18:10:31.380 12788 12803 I Adreno-EGL: Local Patches: 
01-24 18:10:31.380 12788 12803 I Adreno-EGL: Reconstruct Branch: 
01-24 18:10:31.386 12788 12803 I vndksupport: sphal namespace is not configured for this process. Loading /vendor/lib/hw/gralloc.msm8909.so from the current namespace instead.
01-24 18:10:31.399 12803 12803 W RenderThread: type=1400 audit(0.0:497): avc: denied { read } for name="gpuclk" dev="sysfs" ino=18862 scontext=u:r:untrusted_app:s0:c512,c768 tcontext=u:object_r:sysfs:s0 tclass=file permissive=0
01-24 18:10:31.403 12788 12803 I OpenGLRenderer: Initialized EGL, version 1.4
01-24 18:10:31.403 12788 12803 D OpenGLRenderer: Swap behavior 1
01-24 18:10:31.410 12788 12803 W Adreno-ES20: <get_gpu_clk:229>: open failed: errno 13
01-24 18:10:31.421 12788 12803 W Adreno-EGL: <qeglDrvAPI_eglGetConfigAttrib:612>: EGL_BAD_ATTRIBUTE
01-24 18:10:31.424 12788 12803 I vndksupport: sphal namespace is not configured for this process. Loading /vendor/lib/hw/gralloc.msm8909.so from the current namespace instead.
01-24 18:10:31.582 12788 12803 I vndksupport: sphal namespace is not configured for this process. Loading /vendor/lib/hw/gralloc.msm8909.so from the current namespace instead.
01-24 18:10:31.714   323   403 W HWComposer: Ignoring duplicate VSYNC event from HWC (t=161701222734770)
01-24 18:10:31.788   434   461 I ActivityManager: Displayed com.appsforall.athkaralsalah/.MainActivityWear: +1s103ms
01-24 18:10:32.423  7206  7251 I dailytrack: HealthSportDataCacheUtil::saveData(),currentThread4=handle_total_data
01-24 18:10:34.188   434   536 E TaskPersister: File error accessing recents directory (directory doesn't exist?).
01-24 18:10:42.435  7206  7251 I chatty  : uid=10025(u0_a25) handle_total_da identical 2 lines
01-24 18:10:47.440  7206  7251 I dailytrack: HealthSportDataCacheUtil::saveData(),currentThread4=handle_total_data
01-24 18:10:47.844 12807 12807 D AndroidRuntime: >>>>>> START com.android.internal.os.RuntimeInit uid 2000 <<<<<<
01-24 18:10:49.085 12807 12807 D AndroidRuntime: Calling main entry com.android.commands.pm.Pm
01-24 18:10:49.113   434  2021 I ActivityManager: Force stopping com.appsforall.athkaralsalah appid=10062 user=0: clear data
01-24 18:10:49.114   434  2021 I ActivityManager: Killing 12788:com.appsforall.athkaralsalah/u0a62 (adj 0): stop com.appsforall.athkaralsalah
01-24 18:10:49.120   434  2021 W ActivityManager: Force removing ActivityRecord{f5946ff u0 com.appsforall.athkaralsalah/.MainActivityWear t414}: app died, no saved state
01-24 18:10:49.399   335   335 I keystore: clear_uid 10062
01-24 18:10:49.415   434   461 W ActivityManager: setHasOverlayUi called on unknown pid: 12788
01-24 18:10:49.416   434   454 W Looper  : Dispatch took 302ms on android.ui, h=Handler (com.android.server.am.ActivityManagerService$UiHandler) {dee4953} cb=null msg=53
01-24 18:10:49.425   434   453 I ActivityManager: Force stopping com.appsforall.athkaralsalah appid=10062 user=-1: clearApplicationUserData
01-24 18:10:49.456 15691 15691 E Watchface: CocosWatchFaceService::Handler msg: -5 0.0;--
01-24 18:10:49.460   434   536 E TaskPersister: File error accessing recents directory (directory doesn't exist?).
01-24 18:10:49.541   434   453 W BroadcastQueue: Background execution not allowed: receiving Intent { act=android.os.UpdateLock.UPDATE_LOCK_CHANGED flg=0x4000010 (has extras) } to com.google.android.gms/.chimera.GmsIntentOperationService$PersistentTrustedReceiver
01-24 18:10:49.598 13109 13109 I GeofencerStateMachine: removeGeofences: removeRequest=RemoveGeofencingRequest[REMOVE_ALL packageName=com.appsforall.athkaralsalah]
01-24 18:10:49.600 31332 31332 D Avrcp   : AvrcpServiceBroadcastReceiver-> Action: android.intent.action.PACKAGE_DATA_CLEARED
01-24 18:10:49.600 31332 31332 D Avrcp   : packageName: com.appsforall.athkaralsalah removed: true
01-24 18:10:49.600 31332 31332 V Avrcp   : isBrowseSupported for com.appsforall.athkaralsalah: false
01-24 18:10:49.649 12807 12807 I app_process: System.exit called, status: 0
01-24 18:10:49.649 12807 12807 I AndroidRuntime: VM exiting with result code 0.
01-24 18:10:49.710   712   712 D RegisteredNfcFServicesCache: Service unchanged, not updating
01-24 18:10:49.870 13109 12819 I Fitness : Clearing all cached OAuth tokens for: com.appsforall.athkaralsalah [CONTEXT service_id=17 ]
01-24 18:10:49.887 13109 12819 I Fitness : Removing all subscriptions for: com.appsforall.athkaralsalah [CONTEXT service_id=17 ]
01-24 18:10:49.932 13109 12819 I Fitness : Clearing all cached OAuth tokens for: com.appsforall.athkaralsalah [CONTEXT service_id=17 ]
01-24 18:10:49.935 13109 12819 I Fitness : Removing all subscriptions for: com.appsforall.athkaralsalah [CONTEXT service_id=17 ]
01-24 18:10:50.122 13109 13122 I zygote  : Background concurrent copying GC freed 29674(1993KB) AllocSpace objects, 0(0B) LOS objects, 20% free, 7MB/9MB, paused 1.280ms total 370.876ms
01-24 18:10:52.442  7206  7251 I dailytrack: HealthSportDataCacheUtil::saveData(),currentThread4=handle_total_data


