--------- beginning of system
01-24 19:55:40.572   434   610 I ActivityManager: START u0 {act=api.android.category.MAIN cat=[api.android.intent.LAUNCHER] flg=0x10000000 cmp=com.calm.android/.activities.MainWearActivity} from uid 2000
01-24 19:55:40.715   434   874 I ActivityManager: Start proc 15883:com.calm.android/u0a69 for activity com.calm.android/.activities.MainWearActivity
01-24 19:55:40.759   434   462 W ProcessCpuTracker: Skipping unknown process pid 15879
01-24 19:55:40.760   434   462 W ProcessCpuTracker: Skipping unknown process pid 15881
01-24 19:55:40.919   434   874 W ActivityManager: Slow operation: 68ms so far, now at attachApplicationLocked: after mServices.attachApplicationLocked
01-24 19:55:40.922   434   453 W BroadcastQueue: Background execution not allowed: receiving Intent { act=android.os.UpdateLock.UPDATE_LOCK_CHANGED flg=0x4000010 (has extras) } to com.google.android.gms/.chimera.GmsIntentOperationService$PersistentTrustedReceiver
--------- beginning of main
01-24 19:55:38.216  7206  7251 I dailytrack: HealthSportDataCacheUtil::saveData(),currentThread4=handle_total_data
01-24 19:55:41.213 15883 15893 I chatty  : uid=10069(u0_a69) expire 1 line
01-24 19:55:41.350 15883 15904 I chatty  : uid=10069(u0_a69) expire 9 lines
01-24 19:55:41.449 15904 15904 I chatty  : uid=10069(u0_a69) com.calm.android expire 1 line
01-24 19:55:41.650   434   461 I chatty  : uid=1000(system) android.display expire 10 lines
01-24 19:55:41.666 15883 15902 I chatty  : uid=10069(u0_a69) expire 2 lines
01-24 19:55:41.704 15883 15908 I chatty  : uid=10069(u0_a69) expire 2 lines
01-24 19:55:43.217  7206  7251 I dailytrack: HealthSportDataCacheUtil::saveData(),currentThread4=handle_total_data
01-24 19:55:44.144   434   536 E TaskPersister: File error accessing recents directory (directory doesn't exist?).
01-24 19:55:48.222  7206  7251 I chatty  : uid=10025(u0_a25) handle_total_da identical 8 lines
01-24 19:55:53.226  7206  7251 I dailytrack: HealthSportDataCacheUtil::saveData(),currentThread4=handle_total_data
01-24 19:55:57.868 15909 15909 D AndroidRuntime: >>>>>> START com.android.internal.os.RuntimeInit uid 2000 <<<<<<
01-24 19:55:58.231  7206  7251 I dailytrack: HealthSportDataCacheUtil::saveData(),currentThread4=handle_total_data
01-24 19:55:58.929 15909 15909 D AndroidRuntime: Calling main entry com.android.commands.pm.Pm
01-24 19:55:58.959   434  2426 I ActivityManager: Force stopping com.calm.android appid=10069 user=0: clear data
01-24 19:55:58.961   434  2426 I ActivityManager: Killing 15883:com.calm.android/u0a69 (adj 0): stop com.calm.android
01-24 19:55:58.967   434  2426 W ActivityManager: Force removing ActivityRecord{278e870 u0 com.calm.android/.activities.MainWearActivity t462}: app died, no saved state
01-24 19:55:59.231   434   454 W Looper  : Dispatch took 270ms on android.ui, h=Handler (com.android.server.am.ActivityManagerService$UiHandler) {dee4953} cb=null msg=53
01-24 19:55:59.273   434   453 W BroadcastQueue: Background execution not allowed: receiving Intent { act=android.os.UpdateLock.UPDATE_LOCK_CHANGED flg=0x4000010 (has extras) } to com.google.android.gms/.chimera.GmsIntentOperationService$PersistentTrustedReceiver
01-24 19:55:59.299   434   453 I ActivityManager: Force stopping com.calm.android appid=10069 user=-1: clearApplicationUserData
01-24 19:55:59.311   434   461 W ActivityManager: setHasOverlayUi called on unknown pid: 15883
01-24 19:55:59.314 15691 15691 E Watchface: CocosWatchFaceService::Handler msg: -5 0.0;--
01-24 19:55:59.321   434   536 E TaskPersister: File error accessing recents directory (directory doesn't exist?).
01-24 19:55:59.367   335   335 I keystore: clear_uid 10069
01-24 19:55:59.449 31332 31332 D Avrcp   : AvrcpServiceBroadcastReceiver-> Action: android.intent.action.PACKAGE_DATA_CLEARED
01-24 19:55:59.449 31332 31332 D Avrcp   : packageName: com.calm.android removed: true
01-24 19:55:59.449 31332 31332 V Avrcp   : isBrowseSupported for com.calm.android: false
01-24 19:55:59.451 13109 13109 I GeofencerStateMachine: removeGeofences: removeRequest=RemoveGeofencingRequest[REMOVE_ALL packageName=com.calm.android]
01-24 19:55:59.458 15909 15909 I app_process: System.exit called, status: 0
01-24 19:55:59.458 15909 15909 I AndroidRuntime: VM exiting with result code 0.
01-24 19:55:59.554   712   712 D RegisteredNfcFServicesCache: Service unchanged, not updating
01-24 19:55:59.557 13109 15924 I Fitness : Clearing all cached OAuth tokens for: com.calm.android [CONTEXT service_id=17 ]
01-24 19:55:59.566 13109 15924 I Fitness : Removing all subscriptions for: com.calm.android [CONTEXT service_id=17 ]
01-24 19:55:59.620 13109 15924 I Fitness : Clearing all cached OAuth tokens for: com.calm.android [CONTEXT service_id=17 ]
01-24 19:55:59.628 13109 15924 I Fitness : Removing all subscriptions for: com.calm.android [CONTEXT service_id=17 ]
01-24 19:56:00.006 15691 15691 D WallpaperUtil: InternalCache: available=1546M
01-24 19:56:00.033 15691 15691 E Watchface: WeatherManager::checkUpdateDisplayWeather() mWeatherInfo is null !
01-24 19:56:00.035 32131 32131 W OngoingChipController: Attempting to remove non-existent UI for chip [com.google.android.wearable.app, media_controls]
01-24 19:56:03.237  7206  7251 I dailytrack: HealthSportDataCacheUtil::saveData(),currentThread4=handle_total_data
01-24 19:56:04.859   434 13233 I ActivityManager: START u0 {act=api.android.category.MAIN cat=[api.android.intent.LAUNCHER] flg=0x10000000 cmp=com.calm.android/.activities.MainWearActivity} from uid 2000
01-24 19:56:04.939   434  2426 I ActivityManager: Start proc 15935:com.calm.android/u0a69 for activity com.calm.android/.activities.MainWearActivity
01-24 19:56:05.134 15935 15945 I chatty  : uid=10069(u0_a69) expire 2 lines
01-24 19:56:05.153   434  2426 W ActivityManager: Slow operation: 90ms so far, now at attachApplicationLocked: after mServices.attachApplicationLocked
01-24 19:56:05.243   434   453 W BroadcastQueue: Background execution not allowed: receiving Intent { act=android.os.UpdateLock.UPDATE_LOCK_CHANGED flg=0x4000010 (has extras) } to com.google.android.gms/.chimera.GmsIntentOperationService$PersistentTrustedReceiver
01-24 19:56:05.554 15935 15954 I chatty  : uid=10069(u0_a69) expire 9 lines
01-24 19:56:05.669 15954 15954 I chatty  : uid=10069(u0_a69) com.calm.android expire 1 line
01-24 19:56:05.891 15935 15952 I chatty  : uid=10069(u0_a69) expire 2 lines
01-24 19:56:05.940 15935 15958 I chatty  : uid=10069(u0_a69) expire 2 lines
01-24 19:56:08.242  7206  7251 I dailytrack: HealthSportDataCacheUtil::saveData(),currentThread4=handle_total_data
01-24 19:56:08.432   434   536 E TaskPersister: File error accessing recents directory (directory doesn't exist?).
01-24 19:56:08.964   434   443 I chatty  : uid=1000(system) HeapTaskDaemon expire 6 lines
01-24 19:56:11.952   723   723 I battery : BatteryService: mInternalBatteryReceiver onReceive() action = android.intent.action.BATTERY_CHANGED
01-24 19:56:11.957 31787 31787 I ADVLog  : ADV.SensorService:/BatteryTemperature: 350  /isUsbOrAc: 1
01-24 19:56:11.978   319   319 D WifiHAL : In DebugCommand::handleResponse
01-24 19:56:11.979   319   319 D WifiHAL : len = 4, expected len = 4
01-24 19:56:12.012   434  2093 E BatteryStatsService: no controller energy info supplied
01-24 19:56:13.248  7206  7251 I dailytrack: HealthSportDataCacheUtil::saveData(),currentThread4=handle_total_data
01-24 19:56:18.252  7206  7251 I dailytrack: HealthSportDataCacheUtil::saveData(),currentThread4=handle_total_data
01-24 19:56:22.133 15959 15959 D AndroidRuntime: >>>>>> START com.android.internal.os.RuntimeInit uid 2000 <<<<<<
01-24 19:56:23.257  7206  7251 I dailytrack: HealthSportDataCacheUtil::saveData(),currentThread4=handle_total_data
01-24 19:56:23.377 15959 15959 D AndroidRuntime: Calling main entry com.android.commands.pm.Pm
01-24 19:56:12.017   434  2093 I chatty  : uid=1000(system) Binder:434_E identical 1 line
01-24 19:56:12.017   434  2093 E BatteryStatsService: no controller energy info supplied
01-24 19:56:23.404   434  2093 I ActivityManager: Force stopping com.calm.android appid=10069 user=0: clear data
01-24 19:56:23.407   434  2093 I ActivityManager: Killing 15935:com.calm.android/u0a69 (adj 0): stop com.calm.android
01-24 19:56:23.414   434  2093 W ActivityManager: Force removing ActivityRecord{7507fd7 u0 com.calm.android/.activities.MainWearActivity t463}: app died, no saved state
01-24 19:56:23.709   434   454 W Looper  : Dispatch took 304ms on android.ui, h=Handler (com.android.server.am.ActivityManagerService$UiHandler) {dee4953} cb=null msg=53
01-24 19:56:23.748   335   335 I keystore: clear_uid 10069
01-24 19:56:23.764   434   453 I ActivityManager: Force stopping com.calm.android appid=10069 user=-1: clearApplicationUserData
01-24 19:56:23.784   434   453 W BroadcastQueue: Background execution not allowed: receiving Intent { act=android.os.UpdateLock.UPDATE_LOCK_CHANGED flg=0x4000010 (has extras) } to com.google.android.gms/.chimera.GmsIntentOperationService$PersistentTrustedReceiver
01-24 19:56:23.815 15691 15691 E Watchface: CocosWatchFaceService::Handler msg: -5 0.0;--
01-24 19:56:23.818   434   461 W ActivityManager: setHasOverlayUi called on unknown pid: 15935
01-24 19:56:23.823   434   536 E TaskPersister: File error accessing recents directory (directory doesn't exist?).
01-24 19:56:23.870 31332 31332 D Avrcp   : AvrcpServiceBroadcastReceiver-> Action: android.intent.action.PACKAGE_DATA_CLEARED
01-24 19:56:23.870 31332 31332 D Avrcp   : packageName: com.calm.android removed: true
01-24 19:56:23.870 31332 31332 V Avrcp   : isBrowseSupported for com.calm.android: false
01-24 19:56:23.872 13109 13109 I GeofencerStateMachine: removeGeofences: removeRequest=RemoveGeofencingRequest[REMOVE_ALL packageName=com.calm.android]
01-24 19:56:23.892 15959 15959 I app_process: System.exit called, status: 0
01-24 19:56:23.893 15959 15959 I AndroidRuntime: VM exiting with result code 0.
01-24 19:56:23.958 13109 15974 I Fitness : Clearing all cached OAuth tokens for: com.calm.android [CONTEXT service_id=17 ]
01-24 19:56:23.960 13109 15974 I Fitness : Removing all subscriptions for: com.calm.android [CONTEXT service_id=17 ]
01-24 19:56:24.014   712   712 D RegisteredNfcFServicesCache: Service unchanged, not updating
01-24 19:56:24.042 13109 15974 I Fitness : Clearing all cached OAuth tokens for: com.calm.android [CONTEXT service_id=17 ]
01-24 19:56:24.047 13109 15974 I Fitness : Removing all subscriptions for: com.calm.android [CONTEXT service_id=17 ]
01-24 19:56:26.415 13109  2805 E WakeLock: GCM_HB_ALARM release without a matched acquire!
01-24 19:56:26.946 13109 13122 I zygote  : Background concurrent copying GC freed 30211(2007KB) AllocSpace objects, 0(0B) LOS objects, 20% free, 7MB/9MB, paused 757us total 270.488ms
01-24 19:56:27.043  2732  2732 D sysproxy: [D:a438] Look up play.googleapis.com.
01-24 19:56:27.080  2732  2732 D sysproxy: [D:a438] Resolved play.googleapis.com to 216.58.215.234.
01-24 19:56:27.099  2732  2732 D sysproxy: [T:137] Establishing a new TCP stream to: 216.58.215.234:443 (uid=10009) (package=com.google.android.gms)
01-24 19:56:27.114 13109  3354 W Conscrypt: Could not set socket write timeout: java.net.SocketException: Socket closed
01-24 19:56:27.115 13109  3354 W Conscrypt: 	at com.google.android.gms.org.conscrypt.Platform.setSocketWriteTimeout(:com.google.android.gms@20104061@20.1.04 (050300-288960190):2)
01-24 19:56:27.115 13109  3354 W Conscrypt: 	at com.google.android.gms.org.conscrypt.ConscryptFileDescriptorSocket.setSoWriteTimeout(Unknown Source:3)
01-24 19:56:27.237 13109  3354 W Conscrypt: Could not set socket write timeout: java.net.SocketException: Socket closed
01-24 19:56:27.238 13109  3354 W Conscrypt: 	at com.google.android.gms.org.conscrypt.Platform.setSocketWriteTimeout(:com.google.android.gms@20104061@20.1.04 (050300-288960190):2)
01-24 19:56:27.238 13109  3354 W Conscrypt: 	at com.google.android.gms.org.conscrypt.ConscryptFileDescriptorSocket.setSoWriteTimeout(Unknown Source:3)
01-24 19:56:27.412 13109  3354 W Uploader: nexus5blacklca1@gmail.com no longer exists, so no auth token.
01-24 19:56:27.452 13109  3354 W Uploader: nexus5blacklca1@gmail.com no longer exists, so no auth token.
01-24 19:56:27.508  2732  2732 D sysproxy: [T:138] Establishing a new TCP stream to: 216.58.215.234:443 (uid=10009) (package=com.google.android.gms)
01-24 19:56:27.520 13109  3354 W Conscrypt: Could not set socket write timeout: java.net.SocketException: Socket closed
01-24 19:56:27.522 13109  3354 W Conscrypt: 	at com.google.android.gms.org.conscrypt.Platform.setSocketWriteTimeout(:com.google.android.gms@20104061@20.1.04 (050300-288960190):2)
01-24 19:56:27.522 13109  3354 W Conscrypt: 	at com.google.android.gms.org.conscrypt.ConscryptFileDescriptorSocket.setSoWriteTimeout(Unknown Source:3)
01-24 19:56:27.716 13109  3354 W Conscrypt: Could not set socket write timeout: java.net.SocketException: Socket closed
01-24 19:56:27.717 13109  3354 W Conscrypt: 	at com.google.android.gms.org.conscrypt.Platform.setSocketWriteTimeout(:com.google.android.gms@20104061@20.1.04 (050300-288960190):2)
01-24 19:56:27.717 13109  3354 W Conscrypt: 	at com.google.android.gms.org.conscrypt.ConscryptFileDescriptorSocket.setSoWriteTimeout(Unknown Source:3)
01-24 19:56:27.878 13109 13109 W ChimeraUtils: Non Chimera context
01-24 19:56:27.878 13109 13109 W ChimeraUtils: Non Chimera context
01-24 19:56:28.144 13109  3354 W Uploader: none no longer exists, so no auth token.
01-24 19:56:28.160 13109  3354 I chatty  : uid=10009(u0_a9) lowpool[63] identical 4 lines
01-24 19:56:28.180 13109  3354 W Uploader: none no longer exists, so no auth token.
01-24 19:56:28.203 13109  3354 W Uploader: nexus5blacklca1@gmail.com no longer exists, so no auth token.
01-24 19:56:28.224 13109  3354 W Uploader: none no longer exists, so no auth token.
01-24 19:56:28.261 13109  3354 W Uploader: none no longer exists, so no auth token.
01-24 19:56:28.261  7206  7251 I dailytrack: HealthSportDataCacheUtil::saveData(),currentThread4=handle_total_data
01-24 19:56:28.297 13109  3354 W Uploader: none no longer exists, so no auth token.
01-24 19:56:28.364 13109  3354 W Uploader: none no longer exists, so no auth token.
01-24 19:56:28.402 13109  3354 W Uploader: nexus5blacklca1@gmail.com no longer exists, so no auth token.
01-24 19:56:28.438 13109  3354 W Uploader: none no longer exists, so no auth token.
01-24 19:56:28.455 13109  3354 W Uploader: none no longer exists, so no auth token.
01-24 19:56:29.333   434   756 I ActivityManager: START u0 {act=api.android.category.MAIN cat=[api.android.intent.LAUNCHER] flg=0x10000000 cmp=com.calm.android/.activities.MainWearActivity} from uid 2000
01-24 19:56:29.427   434 13233 I ActivityManager: Start proc 15989:com.calm.android/u0a69 for activity com.calm.android/.activities.MainWearActivity
01-24 19:56:29.582 15989 15999 I chatty  : uid=10069(u0_a69) expire 2 lines
01-24 19:56:29.668   434 13233 W ActivityManager: Slow operation: 90ms so far, now at attachApplicationLocked: after mServices.attachApplicationLocked
01-24 19:56:29.672   434   453 W BroadcastQueue: Background execution not allowed: receiving Intent { act=android.os.UpdateLock.UPDATE_LOCK_CHANGED flg=0x4000010 (has extras) } to com.google.android.gms/.chimera.GmsIntentOperationService$PersistentTrustedReceiver
01-24 19:56:30.159 15989 16008 I chatty  : uid=10069(u0_a69) expire 9 lines
01-24 19:56:30.239 16008 16008 I chatty  : uid=10069(u0_a69) com.calm.android expire 1 line
01-24 19:56:30.480 15989 16006 I chatty  : uid=10069(u0_a69) expire 2 lines
01-24 19:56:30.523 15989 16012 I chatty  : uid=10069(u0_a69) expire 2 lines
01-24 19:56:32.977   434   536 E TaskPersister: File error accessing recents directory (directory doesn't exist?).
01-24 19:56:33.266  7206  7251 I dailytrack: HealthSportDataCacheUtil::saveData(),currentThread4=handle_total_data
01-24 19:56:35.576 31332 31384 E bt_btif : bta_dm_pm_btm_status hci_status=35
01-24 19:56:38.273  7206  7251 I dailytrack: HealthSportDataCacheUtil::saveData(),currentThread4=handle_total_data
01-24 19:56:43.281  7206  7251 I dailytrack: HealthSportDataCacheUtil::saveData(),currentThread4=handle_total_data
01-24 19:56:46.628 16013 16013 D AndroidRuntime: >>>>>> START com.android.internal.os.RuntimeInit uid 2000 <<<<<<
01-24 19:56:47.917 16013 16013 D AndroidRuntime: Calling main entry com.android.commands.pm.Pm
01-24 19:56:47.946   434   756 I ActivityManager: Force stopping com.calm.android appid=10069 user=0: clear data
01-24 19:56:47.947   434   756 I ActivityManager: Killing 15989:com.calm.android/u0a69 (adj 0): stop com.calm.android
01-24 19:56:47.955   434   756 W ActivityManager: Force removing ActivityRecord{a0d6efa u0 com.calm.android/.activities.MainWearActivity t464}: app died, no saved state
01-24 19:56:48.248   434   454 W Looper  : Dispatch took 291ms on android.ui, h=Handler (com.android.server.am.ActivityManagerService$UiHandler) {dee4953} cb=null msg=53
01-24 19:56:48.256   434   461 W ActivityManager: setHasOverlayUi called on unknown pid: 15989
01-24 19:56:48.283   434   453 I ActivityManager: Force stopping com.calm.android appid=10069 user=-1: clearApplicationUserData
01-24 19:56:48.286  7206  7251 I dailytrack: HealthSportDataCacheUtil::saveData(),currentThread4=handle_total_data
01-24 19:56:48.289 15691 15691 E Watchface: CocosWatchFaceService::Handler msg: -5 0.0;--
01-24 19:56:48.322   335   335 I keystore: clear_uid 10069
01-24 19:56:48.330   434   536 E TaskPersister: File error accessing recents directory (directory doesn't exist?).
01-24 19:56:48.404   434   453 W BroadcastQueue: Background execution not allowed: receiving Intent { act=android.os.UpdateLock.UPDATE_LOCK_CHANGED flg=0x4000010 (has extras) } to com.google.android.gms/.chimera.GmsIntentOperationService$PersistentTrustedReceiver
01-24 19:56:48.461 31332 31332 D Avrcp   : AvrcpServiceBroadcastReceiver-> Action: android.intent.action.PACKAGE_DATA_CLEARED
01-24 19:56:48.461 31332 31332 D Avrcp   : packageName: com.calm.android removed: true
01-24 19:56:48.461 31332 31332 V Avrcp   : isBrowseSupported for com.calm.android: false
01-24 19:56:48.464 13109 13109 I GeofencerStateMachine: removeGeofences: removeRequest=RemoveGeofencingRequest[REMOVE_ALL packageName=com.calm.android]
01-24 19:56:48.495 16013 16013 I app_process: System.exit called, status: 0
01-24 19:56:48.496 16013 16013 I AndroidRuntime: VM exiting with result code 0.
01-24 19:56:48.550   712   712 D RegisteredNfcFServicesCache: Service unchanged, not updating
01-24 19:56:48.725 13109 16033 I Fitness : Clearing all cached OAuth tokens for: com.calm.android [CONTEXT service_id=17 ]
01-24 19:56:48.738 13109 16033 I Fitness : Removing all subscriptions for: com.calm.android [CONTEXT service_id=17 ]
01-24 19:56:48.788 13109 16033 I Fitness : Clearing all cached OAuth tokens for: com.calm.android [CONTEXT service_id=17 ]
01-24 19:56:48.797 13109 16033 I Fitness : Removing all subscriptions for: com.calm.android [CONTEXT service_id=17 ]
01-24 19:56:49.052 13109 13122 I zygote  : Background concurrent copying GC freed 36471(2MB) AllocSpace objects, 4(80KB) LOS objects, 20% free, 7MB/9MB, paused 38.422ms total 508.863ms
01-24 19:56:53.292  7206  7251 I dailytrack: HealthSportDataCacheUtil::saveData(),currentThread4=handle_total_data
01-24 19:56:53.915   434  4786 I ActivityManager: START u0 {act=api.android.category.MAIN cat=[api.android.intent.LAUNCHER] flg=0x10000000 cmp=com.calm.android/.activities.MainWearActivity} from uid 2000
01-24 19:56:54.001   434 13233 I ActivityManager: Start proc 16040:com.calm.android/u0a69 for activity com.calm.android/.activities.MainWearActivity
01-24 19:56:54.205   434 13233 W ActivityManager: Slow operation: 75ms so far, now at attachApplicationLocked: after mServices.attachApplicationLocked
01-24 19:56:54.213   434   453 W BroadcastQueue: Background execution not allowed: receiving Intent { act=android.os.UpdateLock.UPDATE_LOCK_CHANGED flg=0x4000010 (has extras) } to com.google.android.gms/.chimera.GmsIntentOperationService$PersistentTrustedReceiver
01-24 19:56:54.501   323   403 W HWComposer: Ignoring duplicate VSYNC event from HWC (t=168084014400929)
01-24 19:56:54.653 16040 16059 I chatty  : uid=10069(u0_a69) expire 9 lines
01-24 19:56:54.729 16059 16059 I chatty  : uid=10069(u0_a69) com.calm.android expire 1 line
01-24 19:56:54.741 16040 16050 I chatty  : uid=10069(u0_a69) expire 1 line
01-24 19:56:54.978 16040 16057 I chatty  : uid=10069(u0_a69) expire 2 lines
01-24 19:56:55.014 16040 16064 I chatty  : uid=10069(u0_a69) expire 2 lines
01-24 19:56:57.522   434   536 E TaskPersister: File error accessing recents directory (directory doesn't exist?).
01-24 19:56:58.299  7206  7251 I dailytrack: HealthSportDataCacheUtil::saveData(),currentThread4=handle_total_data
01-24 19:57:00.015 15691 15691 D WallpaperUtil: InternalCache: available=1546M
01-24 19:57:00.030 15691 15691 E Watchface: WeatherManager::checkUpdateDisplayWeather() mWeatherInfo is null !
01-24 19:57:00.037 32131 32131 W OngoingChipController: Attempting to remove non-existent UI for chip [com.google.android.wearable.app, media_controls]
01-24 19:57:03.305  7206  7251 I dailytrack: HealthSportDataCacheUtil::saveData(),currentThread4=handle_total_data
01-24 19:57:08.310  7206  7251 I dailytrack: HealthSportDataCacheUtil::saveData(),currentThread4=handle_total_data
01-24 19:57:11.182 16065 16065 D AndroidRuntime: >>>>>> START com.android.internal.os.RuntimeInit uid 2000 <<<<<<
01-24 19:57:11.963   723   723 I battery : BatteryService: mInternalBatteryReceiver onReceive() action = android.intent.action.BATTERY_CHANGED
01-24 19:57:11.967 31787 31787 I ADVLog  : ADV.SensorService:/BatteryTemperature: 349  /isUsbOrAc: 1
01-24 19:57:11.984   319   319 D WifiHAL : In DebugCommand::handleResponse
01-24 19:57:11.984   319   319 D WifiHAL : len = 4, expected len = 4
01-24 19:57:12.030   434 13233 E BatteryStatsService: no controller energy info supplied
01-24 19:57:12.036   434 13233 I chatty  : uid=1000(system) Binder:434_20 identical 1 line
01-24 19:57:12.036   434 13233 E BatteryStatsService: no controller energy info supplied
01-24 19:57:12.331   723   737 I zygote  : Background concurrent copying GC freed 7230(615KB) AllocSpace objects, 2(192KB) LOS objects, 24% free, 1985KB/2MB, paused 3.599ms total 215.360ms
01-24 19:57:12.541 16065 16065 D AndroidRuntime: Calling main entry com.android.commands.pm.Pm
01-24 19:57:12.568   434 13233 I ActivityManager: Force stopping com.calm.android appid=10069 user=0: clear data
01-24 19:57:12.569   434 13233 I ActivityManager: Killing 16040:com.calm.android/u0a69 (adj 0): stop com.calm.android
01-24 19:57:12.575   434 13233 W ActivityManager: Force removing ActivityRecord{49eb1f3 u0 com.calm.android/.activities.MainWearActivity t465}: app died, no saved state
01-24 19:57:12.718   434  7888 W InputMethodManagerService: Got RemoteException sending setActive(false) notification to pid 16040 uid 10069
01-24 19:57:12.786   434   454 W Looper  : Dispatch took 217ms on android.ui, h=Handler (com.android.server.am.ActivityManagerService$UiHandler) {dee4953} cb=null msg=53
01-24 19:57:12.820   434   461 W ActivityManager: setHasOverlayUi called on unknown pid: 16040
01-24 19:57:12.864 15691 15691 E Watchface: CocosWatchFaceService::Handler msg: -5 0.0;--
01-24 19:57:12.886   335   335 I keystore: clear_uid 10069
01-24 19:57:12.890   434   453 W BroadcastQueue: Background execution not allowed: receiving Intent { act=android.os.UpdateLock.UPDATE_LOCK_CHANGED flg=0x4000010 (has extras) } to com.google.android.gms/.chimera.GmsIntentOperationService$PersistentTrustedReceiver
01-24 19:57:12.891   434   453 I ActivityManager: Force stopping com.calm.android appid=10069 user=-1: clearApplicationUserData
01-24 19:57:12.907   434   536 E TaskPersister: File error accessing recents directory (directory doesn't exist?).
01-24 19:57:13.019 31332 31332 D Avrcp   : AvrcpServiceBroadcastReceiver-> Action: android.intent.action.PACKAGE_DATA_CLEARED
01-24 19:57:13.019 31332 31332 D Avrcp   : packageName: com.calm.android removed: true
01-24 19:57:13.020 31332 31332 V Avrcp   : isBrowseSupported for com.calm.android: false
01-24 19:57:13.027 13109 13109 I GeofencerStateMachine: removeGeofences: removeRequest=RemoveGeofencingRequest[REMOVE_ALL packageName=com.calm.android]
01-24 19:57:13.072 16065 16065 I app_process: System.exit called, status: 0
01-24 19:57:13.073 16065 16065 I AndroidRuntime: VM exiting with result code 0.
01-24 19:57:13.102 13109 16076 I Fitness : Clearing all cached OAuth tokens for: com.calm.android [CONTEXT service_id=17 ]
01-24 19:57:13.106 13109 16076 I Fitness : Removing all subscriptions for: com.calm.android [CONTEXT service_id=17 ]
01-24 19:57:13.149   712   712 D RegisteredNfcFServicesCache: Service unchanged, not updating
01-24 19:57:13.187 13109 16076 I Fitness : Clearing all cached OAuth tokens for: com.calm.android [CONTEXT service_id=17 ]
01-24 19:57:13.199 13109 16076 I Fitness : Removing all subscriptions for: com.calm.android [CONTEXT service_id=17 ]
01-24 19:57:13.315  7206  7251 I dailytrack: HealthSportDataCacheUtil::saveData(),currentThread4=handle_total_data
01-24 19:57:18.316  7206  7251 I dailytrack: HealthSportDataCacheUtil::saveData(),currentThread4=handle_total_data
01-24 19:57:18.417   434  2093 I ActivityManager: START u0 {act=api.android.category.MAIN cat=[api.android.intent.LAUNCHER] flg=0x10000000 cmp=com.calm.android/.activities.MainWearActivity} from uid 2000
01-24 19:57:18.514   434  2560 I ActivityManager: Start proc 16092:com.calm.android/u0a69 for activity com.calm.android/.activities.MainWearActivity
01-24 19:57:18.680   434  2560 W ActivityManager: Slow operation: 66ms so far, now at attachApplicationLocked: after mServices.attachApplicationLocked
01-24 19:57:18.712   434   453 W BroadcastQueue: Background execution not allowed: receiving Intent { act=android.os.UpdateLock.UPDATE_LOCK_CHANGED flg=0x4000010 (has extras) } to com.google.android.gms/.chimera.GmsIntentOperationService$PersistentTrustedReceiver
01-24 19:57:19.149 16092 16111 I chatty  : uid=10069(u0_a69) expire 9 lines
01-24 19:57:19.194 16092 16102 I chatty  : uid=10069(u0_a69) expire 1 line
01-24 19:57:19.229 16111 16111 I chatty  : uid=10069(u0_a69) com.calm.android expire 1 line
01-24 19:57:19.467 16092 16109 I chatty  : uid=10069(u0_a69) expire 2 lines
01-24 19:57:19.507 16092 16116 I chatty  : uid=10069(u0_a69) expire 2 lines
01-24 19:57:22.059   434   536 E TaskPersister: File error accessing recents directory (directory doesn't exist?).
01-24 19:57:23.319  7206  7251 I dailytrack: HealthSportDataCacheUtil::saveData(),currentThread4=handle_total_data
01-24 19:57:24.732 31332 31384 E bt_btif : bta_dm_pm_btm_status hci_status=35
01-24 19:57:28.324  7206  7251 I dailytrack: HealthSportDataCacheUtil::saveData(),currentThread4=handle_total_data
01-24 19:57:33.329  7206  7251 I dailytrack: HealthSportDataCacheUtil::saveData(),currentThread4=handle_total_data
01-24 19:57:35.639 16118 16118 D AndroidRuntime: >>>>>> START com.android.internal.os.RuntimeInit uid 2000 <<<<<<
01-24 19:57:36.903 16118 16118 D AndroidRuntime: Calling main entry com.android.commands.pm.Pm
01-24 19:57:36.933   434  2560 I ActivityManager: Force stopping com.calm.android appid=10069 user=0: clear data
01-24 19:57:36.934   434  2560 I ActivityManager: Killing 16092:com.calm.android/u0a69 (adj 0): stop com.calm.android
01-24 19:57:36.939   434  2560 W ActivityManager: Force removing ActivityRecord{74c6ab1 u0 com.calm.android/.activities.MainWearActivity t466}: app died, no saved state
01-24 19:57:37.108   434 13233 W InputMethodManagerService: Got RemoteException sending setActive(false) notification to pid 16092 uid 10069
01-24 19:57:37.235   335   335 I keystore: clear_uid 10069
01-24 19:57:37.237   434   461 W ActivityManager: setHasOverlayUi called on unknown pid: 16092
01-24 19:57:37.250   434   454 W Looper  : Dispatch took 316ms on android.ui, h=Handler (com.android.server.am.ActivityManagerService$UiHandler) {dee4953} cb=null msg=53
01-24 19:57:37.279 15691 15691 E Watchface: CocosWatchFaceService::Handler msg: -5 0.0;--
01-24 19:57:37.280   434   453 I ActivityManager: Force stopping com.calm.android appid=10069 user=-1: clearApplicationUserData
01-24 19:57:37.294   434   453 W BroadcastQueue: Background execution not allowed: receiving Intent { act=android.os.UpdateLock.UPDATE_LOCK_CHANGED flg=0x4000010 (has extras) } to com.google.android.gms/.chimera.GmsIntentOperationService$PersistentTrustedReceiver
01-24 19:57:37.323   434   536 E TaskPersister: File error accessing recents directory (directory doesn't exist?).
01-24 19:57:37.403 16118 16118 I app_process: System.exit called, status: 0
01-24 19:57:37.403 16118 16118 I AndroidRuntime: VM exiting with result code 0.
01-24 19:57:37.413 31332 31332 D Avrcp   : AvrcpServiceBroadcastReceiver-> Action: android.intent.action.PACKAGE_DATA_CLEARED
01-24 19:57:37.413 31332 31332 D Avrcp   : packageName: com.calm.android removed: true
01-24 19:57:37.413 31332 31332 V Avrcp   : isBrowseSupported for com.calm.android: false
01-24 19:57:37.429 13109 13109 I GeofencerStateMachine: removeGeofences: removeRequest=RemoveGeofencingRequest[REMOVE_ALL packageName=com.calm.android]
01-24 19:57:37.514   712   712 D RegisteredNfcFServicesCache: Service unchanged, not updating
01-24 19:57:37.531 13109 16130 I Fitness : Clearing all cached OAuth tokens for: com.calm.android [CONTEXT service_id=17 ]
01-24 19:57:37.534 13109 16130 I Fitness : Removing all subscriptions for: com.calm.android [CONTEXT service_id=17 ]
01-24 19:57:37.615 13109 16130 I Fitness : Clearing all cached OAuth tokens for: com.calm.android [CONTEXT service_id=17 ]
01-24 19:57:37.619 13109 16130 I Fitness : Removing all subscriptions for: com.calm.android [CONTEXT service_id=17 ]
01-24 19:57:38.335  7206  7251 I dailytrack: HealthSportDataCacheUtil::saveData(),currentThread4=handle_total_data
01-24 19:57:42.843   434  2560 I ActivityManager: START u0 {act=api.android.category.MAIN cat=[api.android.intent.LAUNCHER] flg=0x10000000 cmp=com.calm.android/.activities.MainWearActivity} from uid 2000
01-24 19:57:42.921   434   610 I ActivityManager: Start proc 16142:com.calm.android/u0a69 for activity com.calm.android/.activities.MainWearActivity
01-24 19:57:43.133   434   610 W ActivityManager: Slow operation: 83ms so far, now at attachApplicationLocked: after mServices.attachApplicationLocked
01-24 19:57:43.144   434   453 W BroadcastQueue: Background execution not allowed: receiving Intent { act=android.os.UpdateLock.UPDATE_LOCK_CHANGED flg=0x4000010 (has extras) } to com.google.android.gms/.chimera.GmsIntentOperationService$PersistentTrustedReceiver
01-24 19:57:43.340  7206  7251 I dailytrack: HealthSportDataCacheUtil::saveData(),currentThread4=handle_total_data
01-24 19:57:43.552 16142 16161 I chatty  : uid=10069(u0_a69) expire 9 lines
01-24 19:57:43.639 16161 16161 W RenderThread: type=1400 audit(0.0:550): avc: denied { read } for name="gpuclk" dev="sysfs" ino=18862 scontext=u:r:untrusted_app:s0:c512,c768 tcontext=u:object_r:sysfs:s0 tclass=file permissive=0
01-24 19:57:43.869 16142 16159 I chatty  : uid=10069(u0_a69) expire 2 lines
01-24 19:57:43.922 16142 16166 I chatty  : uid=10069(u0_a69) expire 2 lines
01-24 19:57:46.410   434   536 E TaskPersister: File error accessing recents directory (directory doesn't exist?).
01-24 19:57:48.346  7206  7251 I dailytrack: HealthSportDataCacheUtil::saveData(),currentThread4=handle_total_data
01-24 19:57:58.360  7206  7251 I dailytrack: HealthSportDataCacheUtil::saveData(),currentThread4=handle_total_data
01-24 19:58:00.012 15691 15691 D WallpaperUtil: InternalCache: available=1546M
01-24 19:58:00.043 15691 15691 E Watchface: WeatherManager::checkUpdateDisplayWeather() mWeatherInfo is null !
01-24 19:58:00.051 32131 32131 W OngoingChipController: Attempting to remove non-existent UI for chip [com.google.android.wearable.app, media_controls]
01-24 19:58:00.193 16167 16167 D AndroidRuntime: >>>>>> START com.android.internal.os.RuntimeInit uid 2000 <<<<<<
01-24 19:58:01.053 16167 16167 D AndroidRuntime: Calling main entry com.android.commands.pm.Pm
01-24 19:58:01.081   434  7888 I ActivityManager: Force stopping com.calm.android appid=10069 user=0: clear data
01-24 19:58:01.083   434  7888 I ActivityManager: Killing 16142:com.calm.android/u0a69 (adj 0): stop com.calm.android
01-24 19:58:01.087   434  7888 W ActivityManager: Force removing ActivityRecord{ded02df u0 com.calm.android/.activities.MainWearActivity t467}: app died, no saved state
01-24 19:58:01.255   434   610 W InputMethodManagerService: Got RemoteException sending setActive(false) notification to pid 16142 uid 10069
01-24 19:58:01.377   434   454 W Looper  : Dispatch took 294ms on android.ui, h=Handler (com.android.server.am.ActivityManagerService$UiHandler) {dee4953} cb=null msg=53
01-24 19:58:01.404   335   335 I keystore: clear_uid 10069
01-24 19:58:01.415   434   453 W BroadcastQueue: Background execution not allowed: receiving Intent { act=android.os.UpdateLock.UPDATE_LOCK_CHANGED flg=0x4000010 (has extras) } to com.google.android.gms/.chimera.GmsIntentOperationService$PersistentTrustedReceiver
01-24 19:58:01.421 15691 15691 E Watchface: CocosWatchFaceService::Handler msg: -5 0.0;--
01-24 19:58:01.426   434   453 I ActivityManager: Force stopping com.calm.android appid=10069 user=-1: clearApplicationUserData
01-24 19:58:01.461   434   536 E TaskPersister: File error accessing recents directory (directory doesn't exist?).
01-24 19:58:01.461   434   461 W ActivityManager: setHasOverlayUi called on unknown pid: 16142
01-24 19:58:01.635 31332 31332 D Avrcp   : AvrcpServiceBroadcastReceiver-> Action: android.intent.action.PACKAGE_DATA_CLEARED
01-24 19:58:01.635 13109 13109 I GeofencerStateMachine: removeGeofences: removeRequest=RemoveGeofencingRequest[REMOVE_ALL packageName=com.calm.android]
01-24 19:58:01.635 31332 31332 D Avrcp   : packageName: com.calm.android removed: true
01-24 19:58:01.635 31332 31332 V Avrcp   : isBrowseSupported for com.calm.android: false
01-24 19:58:01.685 16167 16167 I app_process: System.exit called, status: 0
01-24 19:58:01.685 16167 16167 I AndroidRuntime: VM exiting with result code 0.
01-24 19:58:01.692   712   712 D RegisteredNfcFServicesCache: Service unchanged, not updating
01-24 19:58:01.747 13109 16179 I Fitness : Clearing all cached OAuth tokens for: com.calm.android [CONTEXT service_id=17 ]
01-24 19:58:01.757 13109 16179 I Fitness : Removing all subscriptions for: com.calm.android [CONTEXT service_id=17 ]
01-24 19:58:01.853 13109 16179 I Fitness : Clearing all cached OAuth tokens for: com.calm.android [CONTEXT service_id=17 ]
01-24 19:58:01.874 13109 16179 I Fitness : Removing all subscriptions for: com.calm.android [CONTEXT service_id=17 ]
01-24 19:58:03.365  7206  7251 I dailytrack: HealthSportDataCacheUtil::saveData(),currentThread4=handle_total_data
01-24 19:58:07.134   434  2560 I ActivityManager: START u0 {act=api.android.category.MAIN cat=[api.android.intent.LAUNCHER] flg=0x10000000 cmp=com.calm.android/.activities.MainWearActivity} from uid 2000
01-24 19:58:07.194   434  7888 I ActivityManager: Start proc 16193:com.calm.android/u0a69 for activity com.calm.android/.activities.MainWearActivity
01-24 19:58:07.376   434  2560 W ActivityManager: Slow operation: 83ms so far, now at attachApplicationLocked: after mServices.attachApplicationLocked
01-24 19:58:07.381   434   453 W BroadcastQueue: Background execution not allowed: receiving Intent { act=android.os.UpdateLock.UPDATE_LOCK_CHANGED flg=0x4000010 (has extras) } to com.google.android.gms/.chimera.GmsIntentOperationService$PersistentTrustedReceiver
01-24 19:58:07.446   323   403 W HWComposer: Ignoring duplicate VSYNC event from HWC (t=168156947008141)
01-24 19:58:07.659 16193 16203 I chatty  : uid=10069(u0_a69) expire 1 line
01-24 19:58:07.847 16193 16212 I chatty  : uid=10069(u0_a69) expire 9 lines
01-24 19:58:07.919 16212 16212 I chatty  : uid=10069(u0_a69) com.calm.android expire 1 line
01-24 19:58:08.148 16193 16210 I chatty  : uid=10069(u0_a69) expire 2 lines
01-24 19:58:08.191 16193 16216 I chatty  : uid=10069(u0_a69) expire 2 lines
01-24 19:58:08.370  7206  7251 I dailytrack: HealthSportDataCacheUtil::saveData(),currentThread4=handle_total_data
01-24 19:58:10.721   434   536 E TaskPersister: File error accessing recents directory (directory doesn't exist?).
01-24 19:58:11.959 31787 31787 I ADVLog  : ADV.SensorService:/BatteryTemperature: 347  /isUsbOrAc: 1
01-24 19:58:11.961   723   723 I battery : BatteryService: mInternalBatteryReceiver onReceive() action = android.intent.action.BATTERY_CHANGED
01-24 19:58:11.982   319   319 D WifiHAL : In DebugCommand::handleResponse
01-24 19:58:11.982   319   319 D WifiHAL : len = 4, expected len = 4
01-24 19:58:12.007   434  7888 E BatteryStatsService: no controller energy info supplied
01-24 19:58:13.377  7206  7251 I dailytrack: HealthSportDataCacheUtil::saveData(),currentThread4=handle_total_data
01-24 19:58:23.391  7206  7251 I dailytrack: HealthSportDataCacheUtil::saveData(),currentThread4=handle_total_data
01-24 19:58:24.403 16217 16217 D AndroidRuntime: >>>>>> START com.android.internal.os.RuntimeInit uid 2000 <<<<<<
01-24 19:58:25.691 16217 16217 D AndroidRuntime: Calling main entry com.android.commands.pm.Pm
01-24 19:58:12.008   434  7888 I chatty  : uid=1000(system) Binder:434_1C identical 1 line
01-24 19:58:12.009   434  7888 E BatteryStatsService: no controller energy info supplied
01-24 19:58:25.721   434  2560 I ActivityManager: Force stopping com.calm.android appid=10069 user=0: clear data
01-24 19:58:25.725   434  2560 I ActivityManager: Killing 16193:com.calm.android/u0a69 (adj 0): stop com.calm.android
01-24 19:58:25.733   434  2560 W ActivityManager: Force removing ActivityRecord{18f21fd u0 com.calm.android/.activities.MainWearActivity t468}: app died, no saved state
01-24 19:58:25.981   434   454 W Looper  : Dispatch took 256ms on android.ui, h=Handler (com.android.server.am.ActivityManagerService$UiHandler) {dee4953} cb=null msg=53
01-24 19:58:26.010   434   453 W BroadcastQueue: Background execution not allowed: receiving Intent { act=android.os.UpdateLock.UPDATE_LOCK_CHANGED flg=0x4000010 (has extras) } to com.google.android.gms/.chimera.GmsIntentOperationService$PersistentTrustedReceiver
01-24 19:58:26.010   434   453 I ActivityManager: Force stopping com.calm.android appid=10069 user=-1: clearApplicationUserData
01-24 19:58:26.033 15691 15691 E Watchface: CocosWatchFaceService::Handler msg: -5 0.0;--
01-24 19:58:26.047   434   461 W ActivityManager: setHasOverlayUi called on unknown pid: 16193
01-24 19:58:26.070   434   536 E TaskPersister: File error accessing recents directory (directory doesn't exist?).
01-24 19:58:26.074   335   335 I keystore: clear_uid 10069
01-24 19:58:26.148 31332 31332 D Avrcp   : AvrcpServiceBroadcastReceiver-> Action: android.intent.action.PACKAGE_DATA_CLEARED
01-24 19:58:26.149 31332 31332 D Avrcp   : packageName: com.calm.android removed: true
01-24 19:58:26.149 31332 31332 V Avrcp   : isBrowseSupported for com.calm.android: false
01-24 19:58:26.152 13109 13109 I GeofencerStateMachine: removeGeofences: removeRequest=RemoveGeofencingRequest[REMOVE_ALL packageName=com.calm.android]
01-24 19:58:26.172 16217 16217 I app_process: System.exit called, status: 0
01-24 19:58:26.172 16217 16217 I AndroidRuntime: VM exiting with result code 0.
01-24 19:58:26.243 13109 16228 I Fitness : Clearing all cached OAuth tokens for: com.calm.android [CONTEXT service_id=17 ]
01-24 19:58:26.252   712   712 D RegisteredNfcFServicesCache: Service unchanged, not updating
01-24 19:58:26.265 13109 16228 I Fitness : Removing all subscriptions for: com.calm.android [CONTEXT service_id=17 ]
01-24 19:58:26.332 13109 16228 I Fitness : Clearing all cached OAuth tokens for: com.calm.android [CONTEXT service_id=17 ]
01-24 19:58:26.335 13109 16228 I Fitness : Removing all subscriptions for: com.calm.android [CONTEXT service_id=17 ]
01-24 19:58:28.395  7206  7251 I dailytrack: HealthSportDataCacheUtil::saveData(),currentThread4=handle_total_data
01-24 19:58:31.593   434  2560 I ActivityManager: START u0 {act=api.android.category.MAIN cat=[api.android.intent.LAUNCHER] flg=0x10000000 cmp=com.calm.android/.activities.MainWearActivity} from uid 2000
01-24 19:58:31.677   434  5002 I ActivityManager: Start proc 16243:com.calm.android/u0a69 for activity com.calm.android/.activities.MainWearActivity
01-24 19:58:31.907   434  5002 W ActivityManager: Slow operation: 86ms so far, now at attachApplicationLocked: after mServices.attachApplicationLocked
01-24 19:58:31.934   434   453 W BroadcastQueue: Background execution not allowed: receiving Intent { act=android.os.UpdateLock.UPDATE_LOCK_CHANGED flg=0x4000010 (has extras) } to com.google.android.gms/.chimera.GmsIntentOperationService$PersistentTrustedReceiver
01-24 19:58:32.076 16243 16243 I chatty  : uid=10069(u0_a69) expire 1 line
01-24 19:58:32.202 16243 16253 I chatty  : uid=10069(u0_a69) expire 1 line
01-24 19:58:32.335 16243 16262 I chatty  : uid=10069(u0_a69) expire 9 lines
01-24 19:58:32.429 16262 16262 I chatty  : uid=10069(u0_a69) com.calm.android expire 1 line
01-24 19:58:32.643 16243 16260 I chatty  : uid=10069(u0_a69) expire 2 lines
01-24 19:58:32.690 16243 16266 I chatty  : uid=10069(u0_a69) expire 2 lines
01-24 19:58:33.399  7206  7251 I dailytrack: HealthSportDataCacheUtil::saveData(),currentThread4=handle_total_data
01-24 19:58:35.147   434   536 E TaskPersister: File error accessing recents directory (directory doesn't exist?).
01-24 19:58:48.416  7206  7251 I dailytrack: HealthSportDataCacheUtil::saveData(),currentThread4=handle_total_data
01-24 19:58:48.824 16267 16267 D AndroidRuntime: >>>>>> START com.android.internal.os.RuntimeInit uid 2000 <<<<<<
01-24 19:58:50.032 16267 16267 D AndroidRuntime: Calling main entry com.android.commands.pm.Pm
01-24 19:58:50.063   434  2560 I ActivityManager: Force stopping com.calm.android appid=10069 user=0: clear data
01-24 19:58:50.065   434  2560 I ActivityManager: Killing 16243:com.calm.android/u0a69 (adj 0): stop com.calm.android
01-24 19:58:50.073   434  2560 W ActivityManager: Force removing ActivityRecord{4f6cd5a u0 com.calm.android/.activities.MainWearActivity t469}: app died, no saved state
01-24 19:58:50.381   434   454 W Looper  : Dispatch took 316ms on android.ui, h=Handler (com.android.server.am.ActivityManagerService$UiHandler) {dee4953} cb=null msg=53
01-24 19:58:50.385   434   461 W ActivityManager: setHasOverlayUi called on unknown pid: 16243
01-24 19:58:50.417   434   453 I ActivityManager: Force stopping com.calm.android appid=10069 user=-1: clearApplicationUserData
01-24 19:58:50.435   335   335 I keystore: clear_uid 10069
01-24 19:58:50.436   434   453 W BroadcastQueue: Background execution not allowed: receiving Intent { act=android.os.UpdateLock.UPDATE_LOCK_CHANGED flg=0x4000010 (has extras) } to com.google.android.gms/.chimera.GmsIntentOperationService$PersistentTrustedReceiver
01-24 19:58:50.440 15691 15691 E Watchface: CocosWatchFaceService::Handler msg: -5 0.0;--
01-24 19:58:50.467   434   536 E TaskPersister: File error accessing recents directory (directory doesn't exist?).
01-24 19:58:50.569 31332 31332 D Avrcp   : AvrcpServiceBroadcastReceiver-> Action: android.intent.action.PACKAGE_DATA_CLEARED
01-24 19:58:50.570 31332 31332 D Avrcp   : packageName: com.calm.android removed: true
01-24 19:58:50.570 31332 31332 V Avrcp   : isBrowseSupported for com.calm.android: false
01-24 19:58:50.571 13109 13109 I GeofencerStateMachine: removeGeofences: removeRequest=RemoveGeofencingRequest[REMOVE_ALL packageName=com.calm.android]
01-24 19:58:50.595 16267 16267 I app_process: System.exit called, status: 0
01-24 19:58:50.595 16267 16267 I AndroidRuntime: VM exiting with result code 0.
01-24 19:58:50.666 13109 16278 I Fitness : Clearing all cached OAuth tokens for: com.calm.android [CONTEXT service_id=17 ]
01-24 19:58:50.675   712   712 D RegisteredNfcFServicesCache: Service unchanged, not updating
01-24 19:58:50.677 13109 16278 I Fitness : Removing all subscriptions for: com.calm.android [CONTEXT service_id=17 ]
01-24 19:58:50.793 13109 16278 I Fitness : Clearing all cached OAuth tokens for: com.calm.android [CONTEXT service_id=17 ]
01-24 19:58:50.799 13109 16278 I Fitness : Removing all subscriptions for: com.calm.android [CONTEXT service_id=17 ]
01-24 19:58:50.906   712   726 I zygote  : Background concurrent copying GC freed 10462(410KB) AllocSpace objects, 0(0B) LOS objects, 29% free, 1235KB/1747KB, paused 842us total 253.644ms
01-24 19:58:51.168 13109 13122 I zygote  : Background concurrent copying GC freed 33819(2MB) AllocSpace objects, 0(0B) LOS objects, 20% free, 7MB/9MB, paused 7.177ms total 502.450ms
01-24 19:58:53.421  7206  7251 I dailytrack: HealthSportDataCacheUtil::saveData(),currentThread4=handle_total_data
01-24 19:58:56.069   434  2560 I ActivityManager: START u0 {act=api.android.category.MAIN cat=[api.android.intent.LAUNCHER] flg=0x10000000 cmp=com.calm.android/.activities.MainWearActivity} from uid 2000
01-24 19:58:56.164   434 13233 I ActivityManager: Start proc 16294:com.calm.android/u0a69 for activity com.calm.android/.activities.MainWearActivity
01-24 19:58:56.338   434 13233 W ActivityManager: Slow operation: 88ms so far, now at attachApplicationLocked: after mServices.attachApplicationLocked
01-24 19:58:56.440   434   453 W BroadcastQueue: Background execution not allowed: receiving Intent { act=android.os.UpdateLock.UPDATE_LOCK_CHANGED flg=0x4000010 (has extras) } to com.google.android.gms/.chimera.GmsIntentOperationService$PersistentTrustedReceiver
01-24 19:58:56.672 16294 16304 I chatty  : uid=10069(u0_a69) expire 1 line
01-24 19:58:56.766   323   403 W HWComposer: Ignoring duplicate VSYNC event from HWC (t=168206278344684)
01-24 19:58:56.811 16294 16313 I chatty  : uid=10069(u0_a69) expire 9 lines
01-24 19:58:56.879 16313 16313 I chatty  : uid=10069(u0_a69) com.calm.android expire 1 line
01-24 19:58:57.083   434 13233 I chatty  : uid=1000(system) Binder:434_20 expire 1 line
01-24 19:58:57.223 16294 16311 I chatty  : uid=10069(u0_a69) expire 2 lines
01-24 19:58:57.324 16294 16318 I chatty  : uid=10069(u0_a69) expire 2 lines
01-24 19:58:58.427  7206  7251 I dailytrack: HealthSportDataCacheUtil::saveData(),currentThread4=handle_total_data
01-24 19:58:59.730   434   536 E TaskPersister: File error accessing recents directory (directory doesn't exist?).
01-24 19:59:00.014 15691 15691 D WallpaperUtil: InternalCache: available=1546M
01-24 19:59:00.026 15691 15691 E Watchface: WeatherManager::checkUpdateDisplayWeather() mWeatherInfo is null !
01-24 19:59:00.037 32131 32131 W OngoingChipController: Attempting to remove non-existent UI for chip [com.google.android.wearable.app, media_controls]
01-24 19:59:03.433  7206  7251 I dailytrack: HealthSportDataCacheUtil::saveData(),currentThread4=handle_total_data
01-24 19:59:08.440  7206  7251 I dailytrack: HealthSportDataCacheUtil::saveData(),currentThread4=handle_total_data
01-24 19:59:11.950   723   723 I battery : BatteryService: mInternalBatteryReceiver onReceive() action = android.intent.action.BATTERY_CHANGED
01-24 19:59:11.954 31787 31787 I ADVLog  : ADV.SensorService:/BatteryTemperature: 346  /isUsbOrAc: 1
01-24 19:59:11.971   319   319 D WifiHAL : In DebugCommand::handleResponse
01-24 19:59:11.971   319   319 D WifiHAL : len = 4, expected len = 4
01-24 19:59:12.009   434  5002 E BatteryStatsService: no controller energy info supplied
01-24 19:59:12.013   434  5002 I chatty  : uid=1000(system) Binder:434_17 identical 1 line
01-24 19:59:12.013   434  5002 E BatteryStatsService: no controller energy info supplied
01-24 19:59:12.307   723   737 I zygote  : Background concurrent copying GC freed 6867(614KB) AllocSpace objects, 2(192KB) LOS objects, 25% free, 1994KB/2MB, paused 2.428ms total 221.754ms
01-24 19:59:13.381 16320 16320 D AndroidRuntime: >>>>>> START com.android.internal.os.RuntimeInit uid 2000 <<<<<<
01-24 19:59:13.446  7206  7251 I dailytrack: HealthSportDataCacheUtil::saveData(),currentThread4=handle_total_data
01-24 19:59:14.644 16320 16320 D AndroidRuntime: Calling main entry com.android.commands.pm.Pm
01-24 19:59:14.672   434  5002 I ActivityManager: Force stopping com.calm.android appid=10069 user=0: clear data
01-24 19:59:14.673   434  5002 I ActivityManager: Killing 16294:com.calm.android/u0a69 (adj 0): stop com.calm.android
01-24 19:59:14.679   434  5002 W ActivityManager: Force removing ActivityRecord{1cb84d3 u0 com.calm.android/.activities.MainWearActivity t470}: app died, no saved state
01-24 19:59:14.928   434   454 W Looper  : Dispatch took 255ms on android.ui, h=Handler (com.android.server.am.ActivityManagerService$UiHandler) {dee4953} cb=null msg=53
01-24 19:59:14.936   335   335 I keystore: clear_uid 10069
01-24 19:59:14.942 15691 15691 E Watchface: CocosWatchFaceService::Handler msg: -5 0.0;--
01-24 19:59:14.957   434   461 W ActivityManager: setHasOverlayUi called on unknown pid: 16294
01-24 19:59:14.958   434   536 E TaskPersister: File error accessing recents directory (directory doesn't exist?).
01-24 19:59:14.962   434   453 I ActivityManager: Force stopping com.calm.android appid=10069 user=-1: clearApplicationUserData
01-24 19:59:14.965   434   453 W BroadcastQueue: Background execution not allowed: receiving Intent { act=android.os.UpdateLock.UPDATE_LOCK_CHANGED flg=0x4000010 (has extras) } to com.google.android.gms/.chimera.GmsIntentOperationService$PersistentTrustedReceiver
01-24 19:59:15.139 13109 13109 I GeofencerStateMachine: removeGeofences: removeRequest=RemoveGeofencingRequest[REMOVE_ALL packageName=com.calm.android]
01-24 19:59:15.141 31332 31332 D Avrcp   : AvrcpServiceBroadcastReceiver-> Action: android.intent.action.PACKAGE_DATA_CLEARED
