01-24 19:59:15.141 31332 31332 D Avrcp   : packageName: com.calm.android removed: true
01-24 19:59:15.141 31332 31332 V Avrcp   : isBrowseSupported for com.calm.android: false
01-24 19:59:15.153 16320 16320 I app_process: System.exit called, status: 0
01-24 19:59:15.160 16320 16320 I AndroidRuntime: VM exiting with result code 0.
01-24 19:59:15.219 13109 16332 I Fitness : Clearing all cached OAuth tokens for: com.calm.android [CONTEXT service_id=17 ]
01-24 19:59:15.221 13109 16332 I Fitness : Removing all subscriptions for: com.calm.android [CONTEXT service_id=17 ]
01-24 19:59:15.288   712   712 D RegisteredNfcFServicesCache: Service unchanged, not updating
01-24 19:59:15.301 13109 16332 I Fitness : Clearing all cached OAuth tokens for: com.calm.android [CONTEXT service_id=17 ]
01-24 19:59:15.313 13109 16332 I Fitness : Removing all subscriptions for: com.calm.android [CONTEXT service_id=17 ]
01-24 19:59:18.452  7206  7251 I dailytrack: HealthSportDataCacheUtil::saveData(),currentThread4=handle_total_data
01-24 19:59:20.548   434   874 I ActivityManager: START u0 {act=api.android.category.MAIN cat=[api.android.intent.LAUNCHER] flg=0x10000000 cmp=com.calm.android/.activities.MainWearActivity} from uid 2000
01-24 19:59:20.619   434  7888 I ActivityManager: Start proc 16346:com.calm.android/u0a69 for activity com.calm.android/.activities.MainWearActivity
01-24 19:59:20.819   434  7888 W ActivityManager: Slow operation: 76ms so far, now at attachApplicationLocked: after mServices.attachApplicationLocked
01-24 19:59:20.822   434   453 W BroadcastQueue: Background execution not allowed: receiving Intent { act=android.os.UpdateLock.UPDATE_LOCK_CHANGED flg=0x4000010 (has extras) } to com.google.android.gms/.chimera.GmsIntentOperationService$PersistentTrustedReceiver
01-24 19:59:20.894 16346 16362 I chatty  : uid=10069(u0_a69) expire 2 lines
01-24 19:59:21.214 16346 16372 I chatty  : uid=10069(u0_a69) expire 8 lines
01-24 19:59:21.299 16372 16372 I chatty  : uid=10069(u0_a69) com.calm.android expire 1 line
01-24 19:59:21.451 16346 16372 I vndksupport: sphal namespace is not configured for this process. Loading /vendor/lib/hw/gralloc.msm8909.so from the current namespace instead.
01-24 19:59:21.518 16346 16370 D SyncApi : Node name and ID: Pixel 2 | 1f79a19
01-24 19:59:21.544 16346 16370 D SyncApi : Message sent: 17265
01-24 19:59:21.557 16346 16376 D SyncApi : Node name and ID: Pixel 2 | 1f79a19 | /stats
01-24 19:59:21.576 16346 16376 D SyncApi : Message sent: 17266
01-24 19:59:23.458  7206  7251 I dailytrack: HealthSportDataCacheUtil::saveData(),currentThread4=handle_total_data
01-24 19:59:24.097   434   536 E TaskPersister: File error accessing recents directory (directory doesn't exist?).
01-24 19:59:33.470  7206  7251 I dailytrack: HealthSportDataCacheUtil::saveData(),currentThread4=handle_total_data
01-24 19:59:37.684 16377 16377 D AndroidRuntime: >>>>>> START com.android.internal.os.RuntimeInit uid 2000 <<<<<<
01-24 19:59:38.476  7206  7251 I dailytrack: HealthSportDataCacheUtil::saveData(),currentThread4=handle_total_data
01-24 19:59:38.868 16377 16377 D AndroidRuntime: Calling main entry com.android.commands.pm.Pm
01-24 19:59:38.897   434  2560 I ActivityManager: Force stopping com.calm.android appid=10069 user=0: clear data
01-24 19:59:38.899   434  2560 I ActivityManager: Killing 16346:com.calm.android/u0a69 (adj 0): stop com.calm.android
01-24 19:59:38.904   434  2560 W ActivityManager: Force removing ActivityRecord{cf02c91 u0 com.calm.android/.activities.MainWearActivity t471}: app died, no saved state
01-24 19:59:39.203   434   454 W Looper  : Dispatch took 305ms on android.ui, h=Handler (com.android.server.am.ActivityManagerService$UiHandler) {dee4953} cb=null msg=53
01-24 19:59:39.204   434   461 W ActivityManager: setHasOverlayUi called on unknown pid: 16346
01-24 19:59:39.217   434   453 I ActivityManager: Force stopping com.calm.android appid=10069 user=-1: clearApplicationUserData
01-24 19:59:39.218   335   335 I keystore: clear_uid 10069
01-24 19:59:39.232   434   536 E TaskPersister: File error accessing recents directory (directory doesn't exist?).
01-24 19:59:39.234   434   453 W BroadcastQueue: Background execution not allowed: receiving Intent { act=android.os.UpdateLock.UPDATE_LOCK_CHANGED flg=0x4000010 (has extras) } to com.google.android.gms/.chimera.GmsIntentOperationService$PersistentTrustedReceiver
01-24 19:59:39.257 15691 15691 E Watchface: CocosWatchFaceService::Handler msg: -5 0.0;--
01-24 19:59:39.405 13109 13109 I GeofencerStateMachine: removeGeofences: removeRequest=RemoveGeofencingRequest[REMOVE_ALL packageName=com.calm.android]
01-24 19:59:39.414 16377 16377 I app_process: System.exit called, status: 0
01-24 19:59:39.414 16377 16377 I AndroidRuntime: VM exiting with result code 0.
01-24 19:59:39.422 31332 31332 D Avrcp   : AvrcpServiceBroadcastReceiver-> Action: android.intent.action.PACKAGE_DATA_CLEARED
01-24 19:59:39.422 31332 31332 D Avrcp   : packageName: com.calm.android removed: true
01-24 19:59:39.422 31332 31332 V Avrcp   : isBrowseSupported for com.calm.android: false
01-24 19:59:39.487   712   712 D RegisteredNfcFServicesCache: Service unchanged, not updating
01-24 19:59:39.495 13109 16389 I Fitness : Clearing all cached OAuth tokens for: com.calm.android [CONTEXT service_id=17 ]
01-24 19:59:39.519 13109 16389 I Fitness : Removing all subscriptions for: com.calm.android [CONTEXT service_id=17 ]
01-24 19:59:39.595 13109 16389 I Fitness : Clearing all cached OAuth tokens for: com.calm.android [CONTEXT service_id=17 ]
01-24 19:59:39.606 13109 16389 I Fitness : Removing all subscriptions for: com.calm.android [CONTEXT service_id=17 ]
01-24 19:59:39.797 30846 30867 I Finsky  : [1245] jwq.run(3): Stats for Executor: BlockingExecutor jyi@923c909[Running, pool size = 0, active threads = 0, queued tasks = 0, completed tasks = 289]
01-24 19:59:39.799 30846 30867 I Finsky  : [1245] jwq.run(3): Stats for Executor: LightweightExecutor jyi@173870e[Running, pool size = 3, active threads = 0, queued tasks = 0, completed tasks = 64]
01-24 19:59:41.769 30846 30867 I Finsky  : [1245] jwq.run(3): Stats for Executor: bgExecutor jyi@5e72822[Running, pool size = 4, active threads = 0, queued tasks = 0, completed tasks = 1095]
01-24 19:59:43.482  7206  7251 I dailytrack: HealthSportDataCacheUtil::saveData(),currentThread4=handle_total_data
01-24 19:59:44.824   434 13081 I ActivityManager: START u0 {act=api.android.category.MAIN cat=[api.android.intent.LAUNCHER] flg=0x10000000 cmp=com.calm.android/.activities.MainWearActivity} from uid 2000
01-24 19:59:44.914   434  5002 I ActivityManager: Start proc 16403:com.calm.android/u0a69 for activity com.calm.android/.activities.MainWearActivity
01-24 19:59:45.065 16403 16413 I zygote  : Background concurrent copying GC freed 495(396KB) AllocSpace objects, 0(0B) LOS objects, 35% free, 928KB/1440KB, paused 1.212ms total 100.583ms
01-24 19:59:45.149   434  5002 W ActivityManager: Slow operation: 86ms so far, now at attachApplicationLocked: after mServices.attachApplicationLocked
01-24 19:59:45.172   434   453 W BroadcastQueue: Background execution not allowed: receiving Intent { act=android.os.UpdateLock.UPDATE_LOCK_CHANGED flg=0x4000010 (has extras) } to com.google.android.gms/.chimera.GmsIntentOperationService$PersistentTrustedReceiver
01-24 19:59:45.553 16403 16423 D OpenGLRenderer: HWUI GL Pipeline
01-24 19:59:45.621 16403 16423 I Adreno-EGL: <qeglDrvAPI_eglInitialize:379>: EGL 1.4 QUALCOMM build:  (I7af58d6928)
01-24 19:59:45.621 16403 16423 I Adreno-EGL: OpenGL ES Shader Compiler Version: E031.35.01.00
01-24 19:59:45.621 16403 16423 I Adreno-EGL: Build Date: 09/14/17 Thu
01-24 19:59:45.621 16403 16423 I Adreno-EGL: Local Branch: gfx-adreno.lnx.1.0
01-24 19:59:45.621 16403 16423 I Adreno-EGL: Remote Branch: 
01-24 19:59:45.621 16403 16423 I Adreno-EGL: Local Patches: 
01-24 19:59:45.621 16403 16423 I Adreno-EGL: Reconstruct Branch: 
01-24 19:59:45.627 16403 16423 I vndksupport: sphal namespace is not configured for this process. Loading /vendor/lib/hw/gralloc.msm8909.so from the current namespace instead.
01-24 19:59:45.639 16423 16423 W RenderThread: type=1400 audit(0.0:555): avc: denied { read } for name="gpuclk" dev="sysfs" ino=18862 scontext=u:r:untrusted_app:s0:c512,c768 tcontext=u:object_r:sysfs:s0 tclass=file permissive=0
01-24 19:59:45.640 16403 16423 I OpenGLRenderer: Initialized EGL, version 1.4
01-24 19:59:45.641 16403 16423 D OpenGLRenderer: Swap behavior 1
01-24 19:59:45.655 16403 16423 W Adreno-ES20: <get_gpu_clk:229>: open failed: errno 13
01-24 19:59:45.688 16403 16423 W Adreno-EGL: <qeglDrvAPI_eglGetConfigAttrib:612>: EGL_BAD_ATTRIBUTE
01-24 19:59:45.691 16403 16423 I vndksupport: sphal namespace is not configured for this process. Loading /vendor/lib/hw/gralloc.msm8909.so from the current namespace instead.
01-24 19:59:45.698 16403 16413 I zygote  : Background concurrent copying GC freed 1460(287KB) AllocSpace objects, 0(0B) LOS objects, 30% free, 1182KB/1694KB, paused 1.693ms total 214.022ms
01-24 19:59:45.814 16403 16423 I vndksupport: sphal namespace is not configured for this process. Loading /vendor/lib/hw/gralloc.msm8909.so from the current namespace instead.
01-24 19:59:45.849   434   461 I chatty  : uid=1000(system) android.display expire 4 lines
01-24 19:59:45.908 16403 16421 D SyncApi : Node name and ID: Pixel 2 | 1f79a19
01-24 19:59:45.927 16403 16421 D SyncApi : Message sent: 17267
01-24 19:59:45.951 16403 16427 D SyncApi : Node name and ID: Pixel 2 | 1f79a19 | /stats
01-24 19:59:45.967 16403 16427 D SyncApi : Message sent: 17268
01-24 19:59:48.404   434   536 E TaskPersister: File error accessing recents directory (directory doesn't exist?).
01-24 19:59:48.489  7206  7251 I dailytrack: HealthSportDataCacheUtil::saveData(),currentThread4=handle_total_data
01-24 19:59:58.498  7206  7251 I dailytrack: HealthSportDataCacheUtil::saveData(),currentThread4=handle_total_data
01-24 20:00:00.023 15691 15691 D WallpaperUtil: InternalCache: available=1546M
01-24 20:00:00.050 15691 15691 E Watchface: WeatherManager::checkUpdateDisplayWeather() mWeatherInfo is null !
01-24 20:00:00.061 32131 32131 W OngoingChipController: Attempting to remove non-existent UI for chip [com.google.android.wearable.app, media_controls]
01-24 20:00:02.133 16428 16428 D AndroidRuntime: >>>>>> START com.android.internal.os.RuntimeInit uid 2000 <<<<<<
01-24 20:00:03.327 16428 16428 D AndroidRuntime: Calling main entry com.android.commands.pm.Pm
01-24 20:00:03.356   434 13081 I ActivityManager: Force stopping com.calm.android appid=10069 user=0: clear data
01-24 20:00:03.358   434 13081 I ActivityManager: Killing 16403:com.calm.android/u0a69 (adj 0): stop com.calm.android
01-24 20:00:03.372   434 13081 W ActivityManager: Force removing ActivityRecord{87efdde u0 com.calm.android/.activities.MainWearActivity t472}: app died, no saved state
01-24 20:00:03.502  7206  7251 I dailytrack: HealthSportDataCacheUtil::saveData(),currentThread4=handle_total_data
01-24 20:00:03.615   434   454 W Looper  : Dispatch took 258ms on android.ui, h=Handler (com.android.server.am.ActivityManagerService$UiHandler) {dee4953} cb=null msg=53
01-24 20:00:03.646   434   461 W ActivityManager: setHasOverlayUi called on unknown pid: 16403
01-24 20:00:03.650   434   536 E TaskPersister: File error accessing recents directory (directory doesn't exist?).
01-24 20:00:03.652   434   453 W BroadcastQueue: Background execution not allowed: receiving Intent { act=android.os.UpdateLock.UPDATE_LOCK_CHANGED flg=0x4000010 (has extras) } to com.google.android.gms/.chimera.GmsIntentOperationService$PersistentTrustedReceiver
01-24 20:00:03.652   434   453 I ActivityManager: Force stopping com.calm.android appid=10069 user=-1: clearApplicationUserData
01-24 20:00:03.722   335   335 I keystore: clear_uid 10069
01-24 20:00:03.730 15691 15691 E Watchface: CocosWatchFaceService::Handler msg: -5 0.0;--
01-24 20:00:03.884 31332 31332 D Avrcp   : AvrcpServiceBroadcastReceiver-> Action: android.intent.action.PACKAGE_DATA_CLEARED
01-24 20:00:03.884 31332 31332 D Avrcp   : packageName: com.calm.android removed: true
01-24 20:00:03.884 31332 31332 V Avrcp   : isBrowseSupported for com.calm.android: false
01-24 20:00:03.887 13109 13109 I GeofencerStateMachine: removeGeofences: removeRequest=RemoveGeofencingRequest[REMOVE_ALL packageName=com.calm.android]
01-24 20:00:03.920 16428 16428 I app_process: System.exit called, status: 0
01-24 20:00:03.920 16428 16428 I AndroidRuntime: VM exiting with result code 0.
01-24 20:00:03.967   712   712 D RegisteredNfcFServicesCache: Service unchanged, not updating
01-24 20:00:04.002 13109 16441 I Fitness : Clearing all cached OAuth tokens for: com.calm.android [CONTEXT service_id=17 ]
01-24 20:00:04.004 13109 16441 I Fitness : Removing all subscriptions for: com.calm.android [CONTEXT service_id=17 ]
01-24 20:00:04.079 13109 16441 I Fitness : Clearing all cached OAuth tokens for: com.calm.android [CONTEXT service_id=17 ]
01-24 20:00:04.081 13109 16441 I Fitness : Removing all subscriptions for: com.calm.android [CONTEXT service_id=17 ]
01-24 20:00:08.506  7206  7251 I dailytrack: HealthSportDataCacheUtil::saveData(),currentThread4=handle_total_data
01-24 20:00:09.299   434  5002 I ActivityManager: START u0 {act=api.android.category.MAIN cat=[api.android.intent.LAUNCHER] flg=0x10000000 cmp=com.calm.android/.activities.MainWearActivity} from uid 2000
01-24 20:00:09.378   434 13081 I ActivityManager: Start proc 16455:com.calm.android/u0a69 for activity com.calm.android/.activities.MainWearActivity
01-24 20:00:09.506   283 16459 I zygote  : Background concurrent copying GC freed 591(416KB) AllocSpace objects, 0(0B) LOS objects, 36% free, 876KB/1388KB, paused 1.009ms total 103.334ms
01-24 20:00:09.636   434 13081 W ActivityManager: Slow operation: 91ms so far, now at attachApplicationLocked: after mServices.attachApplicationLocked
01-24 20:00:09.652   434   453 W BroadcastQueue: Background execution not allowed: receiving Intent { act=android.os.UpdateLock.UPDATE_LOCK_CHANGED flg=0x4000010 (has extras) } to com.google.android.gms/.chimera.GmsIntentOperationService$PersistentTrustedReceiver
01-24 20:00:10.084 16455 16474 D OpenGLRenderer: HWUI GL Pipeline
01-24 20:00:10.140 16455 16465 I zygote  : Background concurrent copying GC freed 1485(289KB) AllocSpace objects, 0(0B) LOS objects, 30% free, 1164KB/1676KB, paused 2.314ms total 150.014ms
01-24 20:00:10.150 16455 16474 I Adreno-EGL: <qeglDrvAPI_eglInitialize:379>: EGL 1.4 QUALCOMM build:  (I7af58d6928)
01-24 20:00:10.150 16455 16474 I Adreno-EGL: OpenGL ES Shader Compiler Version: E031.35.01.00
01-24 20:00:10.150 16455 16474 I Adreno-EGL: Build Date: 09/14/17 Thu
01-24 20:00:10.150 16455 16474 I Adreno-EGL: Local Branch: gfx-adreno.lnx.1.0
01-24 20:00:10.150 16455 16474 I Adreno-EGL: Remote Branch: 
01-24 20:00:10.150 16455 16474 I Adreno-EGL: Local Patches: 
01-24 20:00:10.150 16455 16474 I Adreno-EGL: Reconstruct Branch: 
01-24 20:00:10.156 16455 16474 I vndksupport: sphal namespace is not configured for this process. Loading /vendor/lib/hw/gralloc.msm8909.so from the current namespace instead.
01-24 20:00:10.179 16474 16474 W RenderThread: type=1400 audit(0.0:556): avc: denied { read } for name="gpuclk" dev="sysfs" ino=18862 scontext=u:r:untrusted_app:s0:c512,c768 tcontext=u:object_r:sysfs:s0 tclass=file permissive=0
01-24 20:00:10.184 16455 16474 I OpenGLRenderer: Initialized EGL, version 1.4
01-24 20:00:10.184 16455 16474 D OpenGLRenderer: Swap behavior 1
01-24 20:00:10.190 16455 16474 W Adreno-ES20: <get_gpu_clk:229>: open failed: errno 13
01-24 20:00:10.204 16455 16474 W Adreno-EGL: <qeglDrvAPI_eglGetConfigAttrib:612>: EGL_BAD_ATTRIBUTE
01-24 20:00:10.206 16455 16474 I vndksupport: sphal namespace is not configured for this process. Loading /vendor/lib/hw/gralloc.msm8909.so from the current namespace instead.
01-24 20:00:10.328 16455 16474 I vndksupport: sphal namespace is not configured for this process. Loading /vendor/lib/hw/gralloc.msm8909.so from the current namespace instead.
01-24 20:00:10.397 16455 16472 D SyncApi : Node name and ID: Pixel 2 | 1f79a19
01-24 20:00:10.413 16455 16472 D SyncApi : Message sent: 17269
01-24 20:00:10.432 16455 16478 D SyncApi : Node name and ID: Pixel 2 | 1f79a19 | /stats
01-24 20:00:10.445 16455 16478 D SyncApi : Message sent: 17270
01-24 20:00:11.958   723   723 I battery : BatteryService: mInternalBatteryReceiver onReceive() action = android.intent.action.BATTERY_CHANGED
01-24 20:00:11.977 31787 31787 I ADVLog  : ADV.SensorService:/BatteryTemperature: 345  /isUsbOrAc: 1
01-24 20:00:11.996   319   319 D WifiHAL : In DebugCommand::handleResponse
01-24 20:00:11.996   319   319 D WifiHAL : len = 4, expected len = 4
01-24 20:00:12.035   434  1099 E BatteryStatsService: no controller energy info supplied
01-24 20:00:12.039   434  1099 I chatty  : uid=1000(system) Binder:434_9 identical 1 line
01-24 20:00:12.039   434  1099 E BatteryStatsService: no controller energy info supplied
01-24 20:00:12.953   434   536 E TaskPersister: File error accessing recents directory (directory doesn't exist?).
01-24 20:00:13.513  7206  7251 I dailytrack: HealthSportDataCacheUtil::saveData(),currentThread4=handle_total_data
01-24 20:00:23.520  7206  7251 I dailytrack: HealthSportDataCacheUtil::saveData(),currentThread4=handle_total_data
01-24 20:00:26.433 16480 16480 D AndroidRuntime: >>>>>> START com.android.internal.os.RuntimeInit uid 2000 <<<<<<
01-24 20:00:27.630 16480 16480 D AndroidRuntime: Calling main entry com.android.commands.pm.Pm
01-24 20:00:27.665   434  1099 I ActivityManager: Force stopping com.calm.android appid=10069 user=0: clear data
01-24 20:00:27.667   434  1099 I ActivityManager: Killing 16455:com.calm.android/u0a69 (adj 0): stop com.calm.android
01-24 20:00:27.673   434  1099 W ActivityManager: Force removing ActivityRecord{d3009b4 u0 com.calm.android/.activities.MainWearActivity t473}: app died, no saved state
01-24 20:00:27.788  2732  2732 D sysproxy: [T:137] Closed stream. RX/TX: 2365/4568
01-24 20:00:27.896   434   454 W Looper  : Dispatch took 230ms on android.ui, h=Handler (com.android.server.am.ActivityManagerService$UiHandler) {dee4953} cb=null msg=53
01-24 20:00:27.910   434   461 W ActivityManager: setHasOverlayUi called on unknown pid: 16455
01-24 20:00:27.963   434   453 I ActivityManager: Force stopping com.calm.android appid=10069 user=-1: clearApplicationUserData
01-24 20:00:27.970   335   335 I keystore: clear_uid 10069
01-24 20:00:27.982   434   453 W BroadcastQueue: Background execution not allowed: receiving Intent { act=android.os.UpdateLock.UPDATE_LOCK_CHANGED flg=0x4000010 (has extras) } to com.google.android.gms/.chimera.GmsIntentOperationService$PersistentTrustedReceiver
01-24 20:00:27.988 15691 15691 E Watchface: CocosWatchFaceService::Handler msg: -5 0.0;--
01-24 20:00:27.998   434   536 E TaskPersister: File error accessing recents directory (directory doesn't exist?).
01-24 20:00:28.105  2732  2732 D sysproxy: [T:138] Closed stream. RX/TX: 3487/4884
01-24 20:00:28.131 31332 31332 D Avrcp   : AvrcpServiceBroadcastReceiver-> Action: android.intent.action.PACKAGE_DATA_CLEARED
01-24 20:00:28.131 31332 31332 D Avrcp   : packageName: com.calm.android removed: true
01-24 20:00:28.131 31332 31332 V Avrcp   : isBrowseSupported for com.calm.android: false
01-24 20:00:28.135 13109 13109 I GeofencerStateMachine: removeGeofences: removeRequest=RemoveGeofencingRequest[REMOVE_ALL packageName=com.calm.android]
01-24 20:00:28.145 16480 16480 I app_process: System.exit called, status: 0
01-24 20:00:28.145 16480 16480 I AndroidRuntime: VM exiting with result code 0.
01-24 20:00:28.217 13109 16496 I Fitness : Clearing all cached OAuth tokens for: com.calm.android [CONTEXT service_id=17 ]
01-24 20:00:28.219 13109 16496 I Fitness : Removing all subscriptions for: com.calm.android [CONTEXT service_id=17 ]
01-24 20:00:28.243   712   712 D RegisteredNfcFServicesCache: Service unchanged, not updating
01-24 20:00:28.302 13109 16496 I Fitness : Clearing all cached OAuth tokens for: com.calm.android [CONTEXT service_id=17 ]
01-24 20:00:28.307 13109 16496 I Fitness : Removing all subscriptions for: com.calm.android [CONTEXT service_id=17 ]
01-24 20:00:28.524  7206  7251 I dailytrack: HealthSportDataCacheUtil::saveData(),currentThread4=handle_total_data
01-24 20:00:33.527  7206  7251 I dailytrack: HealthSportDataCacheUtil::saveData(),currentThread4=handle_total_data
01-24 20:00:33.558   434  7909 I ActivityManager: START u0 {act=api.android.category.MAIN cat=[api.android.intent.LAUNCHER] flg=0x10000000 cmp=com.calm.android/.activities.MainWearActivity} from uid 2000
01-24 20:00:33.633   434  5002 I ActivityManager: Start proc 16506:com.calm.android/u0a69 for activity com.calm.android/.activities.MainWearActivity
01-24 20:00:33.821   434  7909 W ActivityManager: Slow operation: 99ms so far, now at attachApplicationLocked: after mServices.attachApplicationLocked
01-24 20:00:33.828   434   453 W BroadcastQueue: Background execution not allowed: receiving Intent { act=android.os.UpdateLock.UPDATE_LOCK_CHANGED flg=0x4000010 (has extras) } to com.google.android.gms/.chimera.GmsIntentOperationService$PersistentTrustedReceiver
01-24 20:00:34.205 16506 16516 I zygote  : Background concurrent copying GC freed 1099(278KB) AllocSpace objects, 0(0B) LOS objects, 31% free, 1106KB/1618KB, paused 3.261ms total 119.953ms
01-24 20:00:34.271 16506 16525 D OpenGLRenderer: HWUI GL Pipeline
01-24 20:00:34.326 16506 16525 I Adreno-EGL: <qeglDrvAPI_eglInitialize:379>: EGL 1.4 QUALCOMM build:  (I7af58d6928)
01-24 20:00:34.326 16506 16525 I Adreno-EGL: OpenGL ES Shader Compiler Version: E031.35.01.00
01-24 20:00:34.326 16506 16525 I Adreno-EGL: Build Date: 09/14/17 Thu
01-24 20:00:34.326 16506 16525 I Adreno-EGL: Local Branch: gfx-adreno.lnx.1.0
01-24 20:00:34.326 16506 16525 I Adreno-EGL: Remote Branch: 
01-24 20:00:34.326 16506 16525 I Adreno-EGL: Local Patches: 
01-24 20:00:34.326 16506 16525 I Adreno-EGL: Reconstruct Branch: 
01-24 20:00:34.331 16506 16525 I vndksupport: sphal namespace is not configured for this process. Loading /vendor/lib/hw/gralloc.msm8909.so from the current namespace instead.
01-24 20:00:34.339 16525 16525 W RenderThread: type=1400 audit(0.0:557): avc: denied { read } for name="gpuclk" dev="sysfs" ino=18862 scontext=u:r:untrusted_app:s0:c512,c768 tcontext=u:object_r:sysfs:s0 tclass=file permissive=0
01-24 20:00:34.346 16506 16525 I OpenGLRenderer: Initialized EGL, version 1.4
01-24 20:00:34.346 16506 16525 D OpenGLRenderer: Swap behavior 1
01-24 20:00:34.353 16506 16525 W Adreno-ES20: <get_gpu_clk:229>: open failed: errno 13
01-24 20:00:34.364 16506 16525 W Adreno-EGL: <qeglDrvAPI_eglGetConfigAttrib:612>: EGL_BAD_ATTRIBUTE
01-24 20:00:34.366 16506 16525 I vndksupport: sphal namespace is not configured for this process. Loading /vendor/lib/hw/gralloc.msm8909.so from the current namespace instead.
01-24 20:00:34.493 16506 16525 I vndksupport: sphal namespace is not configured for this process. Loading /vendor/lib/hw/gralloc.msm8909.so from the current namespace instead.
01-24 20:00:34.573 16506 16523 D SyncApi : Node name and ID: Pixel 2 | 1f79a19
01-24 20:00:34.595 16506 16523 D SyncApi : Message sent: 17271
01-24 20:00:34.614 16506 16529 D SyncApi : Node name and ID: Pixel 2 | 1f79a19 | /stats
01-24 20:00:34.626 16506 16529 D SyncApi : Message sent: 17272
01-24 20:00:37.121   434   536 E TaskPersister: File error accessing recents directory (directory doesn't exist?).
01-24 20:00:38.535  7206  7251 I dailytrack: HealthSportDataCacheUtil::saveData(),currentThread4=handle_total_data
01-24 20:00:40.313 31332 31384 E bt_btif : bta_dm_pm_btm_status hci_status=35
01-24 20:00:43.537  7206  7251 I dailytrack: HealthSportDataCacheUtil::saveData(),currentThread4=handle_total_data
01-24 20:00:48.543  7206  7251 I dailytrack: HealthSportDataCacheUtil::saveData(),currentThread4=handle_total_data
01-24 20:00:50.621 16530 16530 D AndroidRuntime: >>>>>> START com.android.internal.os.RuntimeInit uid 2000 <<<<<<
01-24 20:00:51.819 16530 16530 D AndroidRuntime: Calling main entry com.android.commands.pm.Pm
01-24 20:00:51.844   434  7909 I ActivityManager: Force stopping com.calm.android appid=10069 user=0: clear data
01-24 20:00:51.847   434  7909 I ActivityManager: Killing 16506:com.calm.android/u0a69 (adj 0): stop com.calm.android
01-24 20:00:51.855   434  7909 W ActivityManager: Force removing ActivityRecord{6cd94e5 u0 com.calm.android/.activities.MainWearActivity t474}: app died, no saved state
01-24 20:00:52.108   434   453 I ActivityManager: Force stopping com.calm.android appid=10069 user=-1: clearApplicationUserData
01-24 20:00:52.121   434   454 W Looper  : Dispatch took 275ms on android.ui, h=Handler (com.android.server.am.ActivityManagerService$UiHandler) {dee4953} cb=null msg=53
01-24 20:00:52.127   434   461 W ActivityManager: setHasOverlayUi called on unknown pid: 16506
01-24 20:00:52.148   434   453 W BroadcastQueue: Background execution not allowed: receiving Intent { act=android.os.UpdateLock.UPDATE_LOCK_CHANGED flg=0x4000010 (has extras) } to com.google.android.gms/.chimera.GmsIntentOperationService$PersistentTrustedReceiver
01-24 20:00:52.187 15691 15691 E Watchface: CocosWatchFaceService::Handler msg: -5 0.0;--
01-24 20:00:52.192   434   536 E TaskPersister: File error accessing recents directory (directory doesn't exist?).
01-24 20:00:52.207   335   335 I keystore: clear_uid 10069
01-24 20:00:52.307 31332 31332 D Avrcp   : AvrcpServiceBroadcastReceiver-> Action: android.intent.action.PACKAGE_DATA_CLEARED
01-24 20:00:52.307 31332 31332 D Avrcp   : packageName: com.calm.android removed: true
01-24 20:00:52.307 31332 31332 V Avrcp   : isBrowseSupported for com.calm.android: false
01-24 20:00:52.308 13109 13109 I GeofencerStateMachine: removeGeofences: removeRequest=RemoveGeofencingRequest[REMOVE_ALL packageName=com.calm.android]
01-24 20:00:52.323 16530 16530 I app_process: System.exit called, status: 0
01-24 20:00:52.324 16530 16530 I AndroidRuntime: VM exiting with result code 0.
01-24 20:00:52.402   712   712 D RegisteredNfcFServicesCache: Service unchanged, not updating
01-24 20:00:52.445 13109 16545 I Fitness : Clearing all cached OAuth tokens for: com.calm.android [CONTEXT service_id=17 ]
01-24 20:00:52.456 13109 16545 I Fitness : Removing all subscriptions for: com.calm.android [CONTEXT service_id=17 ]
01-24 20:00:52.536 13109 16545 I Fitness : Clearing all cached OAuth tokens for: com.calm.android [CONTEXT service_id=17 ]
01-24 20:00:52.544 13109 16545 I Fitness : Removing all subscriptions for: com.calm.android [CONTEXT service_id=17 ]
01-24 20:00:52.813 13109 13122 I zygote  : Background concurrent copying GC freed 31370(2042KB) AllocSpace objects, 0(0B) LOS objects, 20% free, 7MB/9MB, paused 1.395ms total 366.729ms
01-24 20:00:53.546  7206  7251 I dailytrack: HealthSportDataCacheUtil::saveData(),currentThread4=handle_total_data
01-24 20:00:57.725   434  2021 I ActivityManager: START u0 {act=api.android.category.MAIN cat=[api.android.intent.LAUNCHER] flg=0x10000000 cmp=com.calm.android/.activities.MainWearActivity} from uid 2000
01-24 20:00:57.847   434   610 I ActivityManager: Start proc 16556:com.calm.android/u0a69 for activity com.calm.android/.activities.MainWearActivity
01-24 20:00:58.045   434  2021 W ActivityManager: Slow operation: 118ms so far, now at attachApplicationLocked: after mServices.attachApplicationLocked
01-24 20:00:58.056   434   453 W BroadcastQueue: Background execution not allowed: receiving Intent { act=android.os.UpdateLock.UPDATE_LOCK_CHANGED flg=0x4000010 (has extras) } to com.google.android.gms/.chimera.GmsIntentOperationService$PersistentTrustedReceiver
01-24 20:00:58.361 16556 16566 I zygote  : Background concurrent copying GC freed 1040(306KB) AllocSpace objects, 0(0B) LOS objects, 32% free, 1046KB/1558KB, paused 1.386ms total 107.402ms
01-24 20:00:58.508 16556 16575 D OpenGLRenderer: HWUI GL Pipeline
01-24 20:00:58.552  7206  7251 I dailytrack: HealthSportDataCacheUtil::saveData(),currentThread4=handle_total_data
01-24 20:00:58.570 16556 16575 I Adreno-EGL: <qeglDrvAPI_eglInitialize:379>: EGL 1.4 QUALCOMM build:  (I7af58d6928)
01-24 20:00:58.570 16556 16575 I Adreno-EGL: OpenGL ES Shader Compiler Version: E031.35.01.00
01-24 20:00:58.570 16556 16575 I Adreno-EGL: Build Date: 09/14/17 Thu
01-24 20:00:58.570 16556 16575 I Adreno-EGL: Local Branch: gfx-adreno.lnx.1.0
01-24 20:00:58.570 16556 16575 I Adreno-EGL: Remote Branch: 
01-24 20:00:58.570 16556 16575 I Adreno-EGL: Local Patches: 
01-24 20:00:58.570 16556 16575 I Adreno-EGL: Reconstruct Branch: 
01-24 20:00:58.574 16556 16575 I vndksupport: sphal namespace is not configured for this process. Loading /vendor/lib/hw/gralloc.msm8909.so from the current namespace instead.
01-24 20:00:58.589 16575 16575 W RenderThread: type=1400 audit(0.0:558): avc: denied { read } for name="gpuclk" dev="sysfs" ino=18862 scontext=u:r:untrusted_app:s0:c512,c768 tcontext=u:object_r:sysfs:s0 tclass=file permissive=0
01-24 20:00:58.591 16556 16575 I OpenGLRenderer: Initialized EGL, version 1.4
01-24 20:00:58.592 16556 16575 D OpenGLRenderer: Swap behavior 1
01-24 20:00:58.599 16556 16575 W Adreno-ES20: <get_gpu_clk:229>: open failed: errno 13
01-24 20:00:58.610 16556 16575 W Adreno-EGL: <qeglDrvAPI_eglGetConfigAttrib:612>: EGL_BAD_ATTRIBUTE
01-24 20:00:58.613 16556 16575 I vndksupport: sphal namespace is not configured for this process. Loading /vendor/lib/hw/gralloc.msm8909.so from the current namespace instead.
01-24 20:00:58.745 16556 16575 I vndksupport: sphal namespace is not configured for this process. Loading /vendor/lib/hw/gralloc.msm8909.so from the current namespace instead.
01-24 20:00:58.838 16556 16573 D SyncApi : Node name and ID: Pixel 2 | 1f79a19
01-24 20:00:58.872 16556 16573 D SyncApi : Message sent: 17273
01-24 20:00:58.902 16556 16579 D SyncApi : Node name and ID: Pixel 2 | 1f79a19 | /stats
01-24 20:00:58.918 16556 16579 D SyncApi : Message sent: 17274
01-24 20:01:00.015 15691 15691 D WallpaperUtil: InternalCache: available=1546M
01-24 20:01:00.029 15691 15691 E Watchface: WeatherManager::checkUpdateDisplayWeather() mWeatherInfo is null !
01-24 20:01:00.037 32131 32131 W OngoingChipController: Attempting to remove non-existent UI for chip [com.google.android.wearable.app, media_controls]
01-24 20:01:00.349   434  7909 I chatty  : uid=1000(system) Binder:434_1D expire 1 line
01-24 20:01:00.351   434   452 I chatty  : uid=1000(system) android.bg expire 7 lines
01-24 20:01:00.360   434   614 I chatty  : uid=1000(system) Thread-12 expire 44 lines
01-24 20:01:00.361   328   328 D shd     : ProcessSensorActive sensor:0xa, handle:37, option:0
01-24 20:01:01.173   434   611 I chatty  : uid=1000 system_server expire 2 lines
01-24 20:01:01.178   434 16580 I chatty  : uid=1000 system_server expire 4 lines
01-24 20:01:01.182   434   614 I chatty  : uid=1000(system) Thread-12 expire 5 lines
01-24 20:01:01.190   434   452 I chatty  : uid=1000(system) android.bg expire 1 line
01-24 20:01:01.219   434   611 I chatty  : uid=1000 system_server expire 141 lines
01-24 20:01:01.281   434   536 E TaskPersister: File error accessing recents directory (directory doesn't exist?).
01-24 20:01:03.041   434   614 I chatty  : uid=1000(system) Thread-12 expire 4 lines
01-24 20:01:03.194   434   611 I chatty  : uid=1000 system_server expire 182 lines
01-24 20:01:03.555  7206  7251 I dailytrack: HealthSportDataCacheUtil::saveData(),currentThread4=handle_total_data
01-24 20:01:05.046   434   614 I chatty  : uid=1000(system) Thread-12 expire 2 lines
01-24 20:01:05.510   434   611 I chatty  : uid=1000 system_server expire 52 lines
01-24 20:01:06.045   434   614 I chatty  : uid=1000(system) Thread-12 expire 2 lines
01-24 20:01:06.156   434   611 E u-blox  : CUbxGpsState::printErr: MGA: Time Transfer finished unsuccessfully! Action failed!
01-24 20:01:06.156   434   611 E u-blox  : CUbxGpsState::finished: Transfer of Time data failed!
01-24 20:01:06.156   434   611 W u-blox  : CUbxGpsState::getAppRuntimeStatus: runtime_flag=64, isEntryPsm=0
01-24 20:01:06.156   434   611 V u-blox  : CUbxGpsState::checkFinish: start check Time of Transfer status, runtime_state(0x40)!
01-24 20:01:06.156   434   611 E u-blox  : CUbxGpsState::finished: Maximum consecutive failures while trying to transfer reached (0). Transfer will not be rescheduled
01-24 20:01:07.040   434   614 W u-blox  : CProtocolUBX::ProcessNavPvt: psmState=0, fixType=0, gnssFixOk=0, numSV=0, pDOP=999, hACC=4294967, vACC=3750000
01-24 20:01:07.041   434   614 V u-blox  : CAndroidDatabase::Commit: ignore location report, lat long alt invalid
01-24 20:01:08.046   434   614 W u-blox  : CProtocolUBX::ProcessNavPvt: psmState=0, fixType=0, gnssFixOk=0, numSV=0, pDOP=999, hACC=4294967, vACC=3750000
01-24 20:01:08.048   434   614 V u-blox  : CAndroidDatabase::Commit: ignore location report, lat long alt invalid
01-24 20:01:08.562  7206  7251 I dailytrack: HealthSportDataCacheUtil::saveData(),currentThread4=handle_total_data
01-24 20:01:09.045   434   614 W u-blox  : CProtocolUBX::ProcessNavPvt: psmState=0, fixType=0, gnssFixOk=0, numSV=0, pDOP=999, hACC=4294967, vACC=3750000
01-24 20:01:09.047   434   614 V u-blox  : CAndroidDatabase::Commit: ignore location report, lat long alt invalid
01-24 20:01:10.044   434   614 W u-blox  : CProtocolUBX::ProcessNavPvt: psmState=0, fixType=0, gnssFixOk=0, numSV=0, pDOP=999, hACC=4294967, vACC=3750000
01-24 20:01:10.046   434   614 V u-blox  : CAndroidDatabase::Commit: ignore location report, lat long alt invalid
01-24 20:01:11.044   434   614 W u-blox  : CProtocolUBX::ProcessNavPvt: psmState=0, fixType=0, gnssFixOk=0, numSV=0, pDOP=999, hACC=4294967, vACC=3750000
01-24 20:01:11.045   434   614 V u-blox  : CAndroidDatabase::Commit: ignore location report, lat long alt invalid
01-24 20:01:11.950   723   723 I battery : BatteryService: mInternalBatteryReceiver onReceive() action = android.intent.action.BATTERY_CHANGED
01-24 20:01:11.956 31787 31787 I ADVLog  : ADV.SensorService:/BatteryTemperature: 344  /isUsbOrAc: 1
01-24 20:01:11.972   319   319 D WifiHAL : In DebugCommand::handleResponse
01-24 20:01:11.972   319   319 D WifiHAL : len = 4, expected len = 4
01-24 20:01:12.000   434 13083 E BatteryStatsService: no controller energy info supplied
01-24 20:01:12.003   434 13083 I chatty  : uid=1000(system) Binder:434_1F identical 1 line
01-24 20:01:12.003   434 13083 E BatteryStatsService: no controller energy info supplied
01-24 20:01:12.040   434   614 W u-blox  : CProtocolUBX::ProcessNavPvt: psmState=0, fixType=0, gnssFixOk=0, numSV=0, pDOP=999, hACC=4294967, vACC=3750000
01-24 20:01:12.042   434   614 V u-blox  : CAndroidDatabase::Commit: ignore location report, lat long alt invalid
01-24 20:01:13.041   434   614 W u-blox  : CProtocolUBX::ProcessNavPvt: psmState=0, fixType=0, gnssFixOk=0, numSV=0, pDOP=999, hACC=4294967, vACC=3750000
01-24 20:01:13.043   434   614 V u-blox  : CAndroidDatabase::Commit: ignore location report, lat long alt invalid
01-24 20:01:13.568  7206  7251 I dailytrack: HealthSportDataCacheUtil::saveData(),currentThread4=handle_total_data
01-24 20:01:14.044   434   614 W u-blox  : CProtocolUBX::ProcessNavPvt: psmState=0, fixType=0, gnssFixOk=0, numSV=0, pDOP=999, hACC=4294967, vACC=3750000
01-24 20:01:14.046   434   614 V u-blox  : CAndroidDatabase::Commit: ignore location report, lat long alt invalid
01-24 20:01:14.909 16581 16581 D AndroidRuntime: >>>>>> START com.android.internal.os.RuntimeInit uid 2000 <<<<<<
01-24 20:01:15.040   434   614 W u-blox  : CProtocolUBX::ProcessNavPvt: psmState=0, fixType=0, gnssFixOk=0, numSV=0, pDOP=999, hACC=4294967, vACC=3750000
01-24 20:01:15.042   434   614 V u-blox  : CAndroidDatabase::Commit: ignore location report, lat long alt invalid
01-24 20:01:16.039   434   614 W u-blox  : CProtocolUBX::ProcessNavPvt: psmState=0, fixType=0, gnssFixOk=0, numSV=0, pDOP=999, hACC=4294967, vACC=3750000
01-24 20:01:16.044   434   614 V u-blox  : CAndroidDatabase::Commit: ignore location report, lat long alt invalid
01-24 20:01:16.118 16581 16581 D AndroidRuntime: Calling main entry com.android.commands.pm.Pm
01-24 20:01:16.145   434 13083 I ActivityManager: Force stopping com.calm.android appid=10069 user=0: clear data
01-24 20:01:16.148   434 13083 I ActivityManager: Killing 16556:com.calm.android/u0a69 (adj 0): stop com.calm.android
01-24 20:01:16.152   434 13083 W ActivityManager: Force removing ActivityRecord{28cc122 u0 com.calm.android/.activities.MainWearActivity t475}: app died, no saved state
01-24 20:01:16.391   434   454 W Looper  : Dispatch took 232ms on android.ui, h=Handler (com.android.server.am.ActivityManagerService$UiHandler) {dee4953} cb=null msg=53
01-24 20:01:16.397   335   335 I keystore: clear_uid 10069
01-24 20:01:16.440   434   453 I ActivityManager: Force stopping com.calm.android appid=10069 user=-1: clearApplicationUserData
01-24 20:01:16.482   434   461 W ActivityManager: setHasOverlayUi called on unknown pid: 16556
01-24 20:01:16.483   434   453 W BroadcastQueue: Background execution not allowed: receiving Intent { act=android.os.UpdateLock.UPDATE_LOCK_CHANGED flg=0x4000010 (has extras) } to com.google.android.gms/.chimera.GmsIntentOperationService$PersistentTrustedReceiver
01-24 20:01:16.490 15691 15691 E Watchface: CocosWatchFaceService::Handler msg: -5 0.0;--
01-24 20:01:16.500   434   536 E TaskPersister: File error accessing recents directory (directory doesn't exist?).
01-24 20:01:16.625 13109 13109 I GeofencerStateMachine: removeGeofences: removeRequest=RemoveGeofencingRequest[REMOVE_ALL packageName=com.calm.android]
01-24 20:01:16.626 31332 31332 D Avrcp   : AvrcpServiceBroadcastReceiver-> Action: android.intent.action.PACKAGE_DATA_CLEARED
01-24 20:01:16.626 31332 31332 D Avrcp   : packageName: com.calm.android removed: true
01-24 20:01:16.626 31332 31332 V Avrcp   : isBrowseSupported for com.calm.android: false
01-24 20:01:16.647 16581 16581 I app_process: System.exit called, status: 0
01-24 20:01:16.647 16581 16581 I AndroidRuntime: VM exiting with result code 0.
01-24 20:01:16.679 13109 16593 I Fitness : Clearing all cached OAuth tokens for: com.calm.android [CONTEXT service_id=17 ]
01-24 20:01:16.681 13109 16593 I Fitness : Removing all subscriptions for: com.calm.android [CONTEXT service_id=17 ]
01-24 20:01:16.702 13109 16593 I Fitness : Clearing all cached OAuth tokens for: com.calm.android [CONTEXT service_id=17 ]
01-24 20:01:16.704 13109 16593 I Fitness : Removing all subscriptions for: com.calm.android [CONTEXT service_id=17 ]
01-24 20:01:16.767   712   712 D RegisteredNfcFServicesCache: Service unchanged, not updating
01-24 20:01:17.043   434   614 W u-blox  : CProtocolUBX::ProcessNavPvt: psmState=0, fixType=0, gnssFixOk=0, numSV=0, pDOP=999, hACC=4294967, vACC=3750000
01-24 20:01:17.044   434   614 V u-blox  : CAndroidDatabase::Commit: ignore location report, lat long alt invalid
01-24 20:01:18.045   434   614 W u-blox  : CProtocolUBX::ProcessNavPvt: psmState=0, fixType=0, gnssFixOk=0, numSV=0, pDOP=999, hACC=4294967, vACC=3750000
01-24 20:01:18.047   434   614 V u-blox  : CAndroidDatabase::Commit: ignore location report, lat long alt invalid
01-24 20:01:18.253  7206  7206 I dailytrack: HealthSensorService::onReceive() mTimeReceiver,action=android.intent.action.CALIBRATION_ALARM_BROADCAST
01-24 20:01:18.253  7206  7206 I dailytrack: HealthSensorService::onReceive(), the calibration alarm time coming
01-24 20:01:18.293   328   328 D shd     : ProcessNonStandardSensor type:32 cmd:11
01-24 20:01:18.294   328   328 D shd     : ProcessNonStandardSensor type:36 cmd:11
01-24 20:01:18.295  7206  7251 I dailytrack: HealthSportDataCacheUtil::saveData(),currentThread4=handle_total_data
01-24 20:01:18.429   739   754 I EseService: EseService::setSystemTimeToMcu() bRet = true
01-24 20:01:18.437   328   328 D shd     : ProcessNonStandardSensor type:32 cmd:11
01-24 20:01:18.437   328   328 D shd     : ProcessNonStandardSensor type:36 cmd:11
01-24 20:01:18.438  7206  7251 I dailytrack: HealthSportDataCacheUtil::saveData(),currentThread4=handle_total_data
01-24 20:01:18.440   328   328 D shd     : ProcessSensorDeactive sensor:0x60, handle:27 
01-24 20:01:18.446   328   328 D shd     : ProcessNonStandardSensor type:32 cmd:1
01-24 20:01:18.454   328   328 D shd     : ProcessNonStandardSensor type:36 cmd:1
01-24 20:01:18.568  7206  7251 I dailytrack: HealthSportDataCacheUtil::saveData(),currentThread4=handle_total_data
01-24 20:01:19.038   434   614 W u-blox  : CProtocolUBX::ProcessNavPvt: psmState=0, fixType=0, gnssFixOk=0, numSV=0, pDOP=999, hACC=4294967, vACC=3750000
01-24 20:01:19.039   434   614 V u-blox  : CAndroidDatabase::Commit: ignore location report, lat long alt invalid
01-24 20:01:20.039   434   614 W u-blox  : CProtocolUBX::ProcessNavPvt: psmState=0, fixType=0, gnssFixOk=0, numSV=0, pDOP=999, hACC=4294967, vACC=3750000
01-24 20:01:20.040   434   614 V u-blox  : CAndroidDatabase::Commit: ignore location report, lat long alt invalid
01-24 20:01:21.041   434   614 W u-blox  : CProtocolUBX::ProcessNavPvt: psmState=0, fixType=0, gnssFixOk=0, numSV=0, pDOP=999, hACC=4294967, vACC=3750000
01-24 20:01:21.041   434   614 V u-blox  : CAndroidDatabase::Commit: ignore location report, lat long alt invalid
01-24 20:01:22.038   434   614 W u-blox  : CProtocolUBX::ProcessNavPvt: psmState=0, fixType=0, gnssFixOk=0, numSV=0, pDOP=999, hACC=4294967, vACC=3750000
01-24 20:01:22.040   434   614 V u-blox  : CAndroidDatabase::Commit: ignore location report, lat long alt invalid
01-24 20:01:22.105   434  2021 I ActivityManager: START u0 {act=api.android.category.MAIN cat=[api.android.intent.LAUNCHER] flg=0x10000000 cmp=com.calm.android/.activities.MainWearActivity} from uid 2000
01-24 20:01:22.187   434  2560 I ActivityManager: Start proc 16607:com.calm.android/u0a69 for activity com.calm.android/.activities.MainWearActivity
01-24 20:01:22.379   434  2560 W ActivityManager: Slow operation: 73ms so far, now at attachApplicationLocked: after mServices.attachApplicationLocked
01-24 20:01:22.418   434   453 W BroadcastQueue: Background execution not allowed: receiving Intent { act=android.os.UpdateLock.UPDATE_LOCK_CHANGED flg=0x4000010 (has extras) } to com.google.android.gms/.chimera.GmsIntentOperationService$PersistentTrustedReceiver
01-24 20:01:22.803 16607 16626 D OpenGLRenderer: HWUI GL Pipeline
01-24 20:01:22.882 16607 16626 I Adreno-EGL: <qeglDrvAPI_eglInitialize:379>: EGL 1.4 QUALCOMM build:  (I7af58d6928)
01-24 20:01:22.882 16607 16626 I Adreno-EGL: OpenGL ES Shader Compiler Version: E031.35.01.00
01-24 20:01:22.882 16607 16626 I Adreno-EGL: Build Date: 09/14/17 Thu
01-24 20:01:22.882 16607 16626 I Adreno-EGL: Local Branch: gfx-adreno.lnx.1.0
01-24 20:01:22.882 16607 16626 I Adreno-EGL: Remote Branch: 
01-24 20:01:22.882 16607 16626 I Adreno-EGL: Local Patches: 
01-24 20:01:22.882 16607 16626 I Adreno-EGL: Reconstruct Branch: 
01-24 20:01:22.886 16607 16626 I vndksupport: sphal namespace is not configured for this process. Loading /vendor/lib/hw/gralloc.msm8909.so from the current namespace instead.
01-24 20:01:22.899 16626 16626 W RenderThread: type=1400 audit(0.0:559): avc: denied { read } for name="gpuclk" dev="sysfs" ino=18862 scontext=u:r:untrusted_app:s0:c512,c768 tcontext=u:object_r:sysfs:s0 tclass=file permissive=0
01-24 20:01:22.904 16607 16626 I OpenGLRenderer: Initialized EGL, version 1.4
01-24 20:01:22.904 16607 16626 D OpenGLRenderer: Swap behavior 1
01-24 20:01:22.911 16607 16626 W Adreno-ES20: <get_gpu_clk:229>: open failed: errno 13
01-24 20:01:22.924 16607 16626 W Adreno-EGL: <qeglDrvAPI_eglGetConfigAttrib:612>: EGL_BAD_ATTRIBUTE
01-24 20:01:22.926 16607 16626 I vndksupport: sphal namespace is not configured for this process. Loading /vendor/lib/hw/gralloc.msm8909.so from the current namespace instead.
01-24 20:01:23.039   434   614 W u-blox  : CProtocolUBX::ProcessNavPvt: psmState=0, fixType=0, gnssFixOk=0, numSV=0, pDOP=999, hACC=4294967, vACC=3750000
01-24 20:01:23.040   434   614 V u-blox  : CAndroidDatabase::Commit: ignore location report, lat long alt invalid
01-24 20:01:23.051 16607 16626 I vndksupport: sphal namespace is not configured for this process. Loading /vendor/lib/hw/gralloc.msm8909.so from the current namespace instead.
01-24 20:01:23.095   434   461 I ActivityManager: Displayed com.calm.android/.activities.MainWearActivity: +942ms
01-24 20:01:23.132 16607 16624 D SyncApi : Node name and ID: Pixel 2 | 1f79a19
01-24 20:01:23.150 16607 16624 D SyncApi : Message sent: 17275
01-24 20:01:23.171 16607 16633 D SyncApi : Node name and ID: Pixel 2 | 1f79a19 | /stats
01-24 20:01:23.189 16607 16633 D SyncApi : Message sent: 17276
01-24 20:01:23.466  7206  7250 I dailytrack: HealthSensorService::InitMcuHandler handleMessage(),init mcu, mRegister = false, mIsEnterUlpmUpload = false
01-24 20:01:23.483   739   754 I EseService: EseService::setSystemTimeToMcu() bRet = true
01-24 20:01:23.574  7206  7251 I dailytrack: HealthSportDataCacheUtil::saveData(),currentThread4=handle_total_data
01-24 20:01:23.688   739   754 I EseService: EseService::setHumanParaToMcu() bRet = true
01-24 20:01:23.689  7206  7250 I dailytrack: HealthSportDataCacheUtil::saveDataWhenTimeChanged(),dataMap.size=0
01-24 20:01:23.702  7206  7250 E dailytrack: CommonUtil::isCursorValid() return, query count = 0
01-24 20:01:23.702  7206  7250 I dailytrack: SportTotalDataHandler::updateNativeAllDataToDB() don't get start sport, get default data
01-24 20:01:23.715  7206  7250 E dailytrack: CommonUtil::isCursorValid() return, query count = 0
01-24 20:01:23.715  7206  7250 I dailytrack: SportTotalDataHandler::updateNativeAllDataToDB() don't get end sport, get default data
01-24 20:01:24.041   434   614 W u-blox  : CProtocolUBX::ProcessNavPvt: psmState=0, fixType=0, gnssFixOk=0, numSV=0, pDOP=999, hACC=4294967, vACC=3750000
01-24 20:01:24.043   434   614 V u-blox  : CAndroidDatabase::Commit: ignore location report, lat long alt invalid
01-24 20:01:24.235  7206  7250 E dailytrack: SportTotalDataHandler::updateSportTotal() return, the table is null
01-24 20:01:24.254  7206  7250 I dailytrack: HealthSensorService::sendTotalStepsToMcu() totalSteps = 0,mIsTimeChanged=false
01-24 20:01:24.257   739   754 D shd_lib : sensorhubDispatch: cmd =6
01-24 20:01:24.270   739   754 I EseService: EseService::setMotionTotalDataToMcu() bRet = true
01-24 20:01:24.274   739   754 D shd_lib : sensorhubDispatch: cmd =6
01-24 20:01:24.283   328   328 D shd     : ProcessSensorSetParameter backup heart rate para {1,1,0,0}
01-24 20:01:24.284   739   754 I EseService: EseService::setHeartRateSensorParameter() bRet = true
01-24 20:01:24.345   328   328 D shd     : Process sensor Batch sensor:27, period:5000, batch:0
01-24 20:01:24.346   328   328 D shd     : ProcessSensorActive sensor:0x60, handle:27, option:0
01-24 20:01:24.359   328   328 D shd     : ProcessNonStandardSensor type:32 cmd:10
01-24 20:01:24.360   328   328 D shd     : ProcessNonStandardSensor type:32 cmd:0
01-24 20:01:24.369   328   328 D shd     : ProcessNonStandardSensor type:36 cmd:10
01-24 20:01:24.371   328   328 D shd     : ProcessNonStandardSensor type:36 cmd:0
01-24 20:01:25.041   434   614 W u-blox  : CProtocolUBX::ProcessNavPvt: psmState=0, fixType=0, gnssFixOk=0, numSV=0, pDOP=999, hACC=4294967, vACC=3750000
01-24 20:01:25.043   434   614 V u-blox  : CAndroidDatabase::Commit: ignore location report, lat long alt invalid
01-24 20:01:25.672   434   536 E TaskPersister: File error accessing recents directory (directory doesn't exist?).
01-24 20:01:26.049   434   614 W u-blox  : CProtocolUBX::ProcessNavPvt: psmState=0, fixType=0, gnssFixOk=0, numSV=0, pDOP=999, hACC=4294967, vACC=3750000
01-24 20:01:26.051   434   614 V u-blox  : CAndroidDatabase::Commit: ignore location report, lat long alt invalid
01-24 20:01:27.045   434   614 W u-blox  : CProtocolUBX::ProcessNavPvt: psmState=0, fixType=0, gnssFixOk=0, numSV=0, pDOP=999, hACC=4294967, vACC=3750000
01-24 20:01:27.047   434   614 V u-blox  : CAndroidDatabase::Commit: ignore location report, lat long alt invalid
01-24 20:01:28.044   434   614 W u-blox  : CProtocolUBX::ProcessNavPvt: psmState=0, fixType=0, gnssFixOk=0, numSV=0, pDOP=999, hACC=4294967, vACC=3750000
01-24 20:01:28.045   434   614 V u-blox  : CAndroidDatabase::Commit: ignore location report, lat long alt invalid
01-24 20:01:28.579  7206  7251 I dailytrack: HealthSportDataCacheUtil::saveData(),currentThread4=handle_total_data
01-24 20:01:29.042   434   614 W u-blox  : CProtocolUBX::ProcessNavPvt: psmState=0, fixType=0, gnssFixOk=0, numSV=0, pDOP=999, hACC=4294967, vACC=3750000
01-24 20:01:29.044   434   614 V u-blox  : CAndroidDatabase::Commit: ignore location report, lat long alt invalid
01-24 20:01:30.041   434   614 W u-blox  : CProtocolUBX::ProcessNavPvt: psmState=0, fixType=0, gnssFixOk=0, numSV=0, pDOP=999, hACC=4294967, vACC=3750000
01-24 20:01:30.042   434   614 V u-blox  : CAndroidDatabase::Commit: ignore location report, lat long alt invalid
01-24 20:01:30.360   434  2560 I GnssLocationProvider: WakeLock acquired by sendMessage(SET_REQUEST, 0, com.android.server.location.GnssLocationProvider$GpsRequest@e5089bc)
01-24 20:01:30.361   434   452 V u-blox  : CGpsIf::stop: (2610518384):
01-24 20:01:30.361   434   452 W u-blox  : CUbxGpsState::getAppRuntimeStatus: runtime_flag=64, isEntryPsm=0
01-24 20:01:30.362   434   614 V u-blox  : handleCmdInput: (2504894832): Cmd received (2)
01-24 20:01:30.362   434   614 V u-blox  : handle_cmd: command 2
01-24 20:01:30.362   434   614 V u-blox  : CAndroidDatabase::decPublish: count now 0
01-24 20:01:30.362   434   614 V u-blox  : engineStop: (Begin) Client count 1
01-24 20:01:30.362   434   614 I GnssHAL_GnssInterface: updateWakelock: GNSS HAL Wakelock released
01-24 20:01:30.362   434   614 V u-blox  : engineStop: (End) Client count 0
