01-24 20:01:30.363   434   614 V u-blox  : checkShutdownState: Command the receiver to turn off!
01-24 20:01:30.363   434   614 V u-blox  : CUbxGpsState::changeState: A receiver state change has been detected. Turn receiver Off!
01-24 20:01:30.363   434   614 W u-blox  : CUbxGpsState::getAppRuntimeStatus: runtime_flag=0, isEntryPsm=0
01-24 20:01:30.363   434   614 V u-blox  : CUbxGpsState::printStd: MGA: Successfully scheduled Poll of Receiver Aiding State data
01-24 20:01:30.367   434   452 I GnssLocationProvider: WakeLock released by handleMessage(SET_REQUEST, 0, com.android.server.location.GnssLocationProvider$GpsRequest@e5089bc)
01-24 20:01:31.043   434   614 W u-blox  : CProtocolUBX::ProcessNavPvt: psmState=0, fixType=0, gnssFixOk=0, numSV=0, pDOP=999, hACC=4294967, vACC=3750000
01-24 20:01:31.046   434   611 V u-blox  : CUbxGpsState::printStd: MGA: Starting Receiver Aiding State Poll!
01-24 20:01:32.048   434   614 W u-blox  : CProtocolUBX::ProcessNavPvt: psmState=0, fixType=0, gnssFixOk=0, numSV=0, pDOP=999, hACC=4294967, vACC=3750000
01-24 20:01:33.045   434   614 W u-blox  : CProtocolUBX::ProcessNavPvt: psmState=0, fixType=0, gnssFixOk=0, numSV=0, pDOP=999, hACC=4294967, vACC=3750000
01-24 20:01:33.059   434   611 E u-blox  : CUbxGpsState::printErr: MGA: Receiver Aiding State Poll finished unsuccessfully! Action failed!
01-24 20:01:33.059   434   611 E u-blox  : CUbxGpsState::finished: Poll of Receiver Aiding State data failed!
01-24 20:01:33.582  7206  7251 I dailytrack: HealthSportDataCacheUtil::saveData(),currentThread4=handle_total_data
01-24 20:01:34.046   434   614 W u-blox  : CProtocolUBX::ProcessNavPvt: psmState=0, fixType=0, gnssFixOk=0, numSV=0, pDOP=999, hACC=4294967, vACC=3750000
01-24 20:01:37.042   434   614 I chatty  : uid=1000(system) Thread-12 identical 3 lines
01-24 20:01:38.044   434   614 W u-blox  : CProtocolUBX::ProcessNavPvt: psmState=0, fixType=0, gnssFixOk=0, numSV=0, pDOP=999, hACC=4294967, vACC=3750000
01-24 20:01:38.588  7206  7251 I dailytrack: HealthSportDataCacheUtil::saveData(),currentThread4=handle_total_data
01-24 20:01:39.043   434   614 W u-blox  : CProtocolUBX::ProcessNavPvt: psmState=0, fixType=0, gnssFixOk=0, numSV=0, pDOP=999, hACC=4294967, vACC=3750000
01-24 20:01:39.307 16634 16634 D AndroidRuntime: >>>>>> START com.android.internal.os.RuntimeInit uid 2000 <<<<<<
01-24 20:01:40.042   434   614 W u-blox  : CProtocolUBX::ProcessNavPvt: psmState=0, fixType=0, gnssFixOk=0, numSV=0, pDOP=999, hACC=4294967, vACC=3750000
01-24 20:01:40.659 16634 16634 D AndroidRuntime: Calling main entry com.android.commands.pm.Pm
01-24 20:01:40.699   434 13083 I ActivityManager: Force stopping com.calm.android appid=10069 user=0: clear data
01-24 20:01:40.702   434 13083 I ActivityManager: Killing 16607:com.calm.android/u0a69 (adj 0): stop com.calm.android
01-24 20:01:40.710   434 13083 W ActivityManager: Force removing ActivityRecord{1ba69c4 u0 com.calm.android/.activities.MainWearActivity t476}: app died, no saved state
01-24 20:01:41.001   434   454 W Looper  : Dispatch took 300ms on android.ui, h=Handler (com.android.server.am.ActivityManagerService$UiHandler) {dee4953} cb=null msg=53
01-24 20:01:41.008   434   461 W ActivityManager: setHasOverlayUi called on unknown pid: 16607
01-24 20:01:41.029   434   453 W BroadcastQueue: Background execution not allowed: receiving Intent { act=android.os.UpdateLock.UPDATE_LOCK_CHANGED flg=0x4000010 (has extras) } to com.google.android.gms/.chimera.GmsIntentOperationService$PersistentTrustedReceiver
01-24 20:01:41.030   434   453 I ActivityManager: Force stopping com.calm.android appid=10069 user=-1: clearApplicationUserData
01-24 20:01:41.046   434   614 W u-blox  : CUbxGpsState::onNewMsg: Time for preparing the shutdown run out. Stopping the receiver...
01-24 20:01:41.053 15691 15691 E Watchface: CocosWatchFaceService::Handler msg: -5 0.0;--
01-24 20:01:41.065   335   335 I keystore: clear_uid 10069
01-24 20:01:41.096   434   536 E TaskPersister: File error accessing recents directory (directory doesn't exist?).
01-24 20:01:41.146   434   614 V u-blox  : CUbxGpsState::forceTurnOff: The receiver output is disabled!
01-24 20:01:41.147   328   328 D shd     : ProcessSensorDeactive sensor:0xa, handle:37 
01-24 20:01:41.155   434   614 V u-blox  : DeActive sensor OK
01-24 20:01:41.156   434   614 V u-blox  : CUbxGpsState::powerOff: placeholder for power OFF function
01-24 20:01:41.156   434   614 V u-blox  : CUbxGpsState::forceTurnOff: The receiver is powered off!
01-24 20:01:41.156   434   614 V u-blox  : CUbxGpsState::changeState: The receiver is now turned Off
01-24 20:01:41.156   434   614 W u-blox  : CProtocolUBX::ProcessNavPvt: psmState=0, fixType=0, gnssFixOk=0, numSV=0, pDOP=999, hACC=4294967, vACC=3750000
01-24 20:01:41.161   434   614 V u-blox  : checkShutdownState: (Begin)
01-24 20:01:41.162   434   614 V u-blox  : changeSessionStatus:  State = 3
01-24 20:01:41.162   434   614 V u-blox  : CGpsIf::gpsStatus: current GPS status: (still) 4 (GPS_STATUS_ENGINE_OFF)
01-24 20:01:41.162   434   614 V u-blox  : checkShutdownState: (End)
01-24 20:01:41.207 31332 31332 D Avrcp   : AvrcpServiceBroadcastReceiver-> Action: android.intent.action.PACKAGE_DATA_CLEARED
01-24 20:01:41.208 31332 31332 D Avrcp   : packageName: com.calm.android removed: true
01-24 20:01:41.208 31332 31332 V Avrcp   : isBrowseSupported for com.calm.android: false
01-24 20:01:41.215 13109 13109 I GeofencerStateMachine: removeGeofences: removeRequest=RemoveGeofencingRequest[REMOVE_ALL packageName=com.calm.android]
01-24 20:01:41.240 16634 16634 I app_process: System.exit called, status: 0
01-24 20:01:41.240 16634 16634 I AndroidRuntime: VM exiting with result code 0.
01-24 20:01:41.294 13109 16646 I Fitness : Clearing all cached OAuth tokens for: com.calm.android [CONTEXT service_id=17 ]
01-24 20:01:41.296 13109 16646 I Fitness : Removing all subscriptions for: com.calm.android [CONTEXT service_id=17 ]
01-24 20:01:41.319   712   712 D RegisteredNfcFServicesCache: Service unchanged, not updating
01-24 20:01:41.370 13109 16646 I Fitness : Clearing all cached OAuth tokens for: com.calm.android [CONTEXT service_id=17 ]
01-24 20:01:41.372 13109 16646 I Fitness : Removing all subscriptions for: com.calm.android [CONTEXT service_id=17 ]
01-24 20:01:43.594  7206  7251 I dailytrack: HealthSportDataCacheUtil::saveData(),currentThread4=handle_total_data
01-24 20:01:44.746   434   452 I UsageStatsService: User[0] Flushing usage stats to disk
01-24 20:01:45.298   434   443 I zygote  : Background concurrent copying GC freed 27963(1699KB) AllocSpace objects, 20(492KB) LOS objects, 15% free, 11MB/13MB, paused 7.294ms total 440.460ms
01-24 20:01:46.668   434  2560 I ActivityManager: START u0 {act=api.android.category.MAIN cat=[api.android.intent.LAUNCHER] flg=0x10000000 cmp=com.calm.android/.activities.MainWearActivity} from uid 2000
01-24 20:01:46.755   434 13083 I ActivityManager: Start proc 16660:com.calm.android/u0a69 for activity com.calm.android/.activities.MainWearActivity
01-24 20:01:46.930   434 13083 W ActivityManager: Slow operation: 81ms so far, now at attachApplicationLocked: after mServices.attachApplicationLocked
01-24 20:01:46.948   434   453 W BroadcastQueue: Background execution not allowed: receiving Intent { act=android.os.UpdateLock.UPDATE_LOCK_CHANGED flg=0x4000010 (has extras) } to com.google.android.gms/.chimera.GmsIntentOperationService$PersistentTrustedReceiver
01-24 20:01:47.212 16660 16670 I zygote  : Background concurrent copying GC freed 1045(361KB) AllocSpace objects, 0(0B) LOS objects, 31% free, 1103KB/1615KB, paused 1.050ms total 148.297ms
01-24 20:01:47.353 16660 16679 D OpenGLRenderer: HWUI GL Pipeline
01-24 20:01:47.423 16660 16679 I Adreno-EGL: <qeglDrvAPI_eglInitialize:379>: EGL 1.4 QUALCOMM build:  (I7af58d6928)
01-24 20:01:47.423 16660 16679 I Adreno-EGL: OpenGL ES Shader Compiler Version: E031.35.01.00
01-24 20:01:47.423 16660 16679 I Adreno-EGL: Build Date: 09/14/17 Thu
01-24 20:01:47.423 16660 16679 I Adreno-EGL: Local Branch: gfx-adreno.lnx.1.0
01-24 20:01:47.423 16660 16679 I Adreno-EGL: Remote Branch: 
01-24 20:01:47.423 16660 16679 I Adreno-EGL: Local Patches: 
01-24 20:01:47.423 16660 16679 I Adreno-EGL: Reconstruct Branch: 
01-24 20:01:47.428 16660 16679 I vndksupport: sphal namespace is not configured for this process. Loading /vendor/lib/hw/gralloc.msm8909.so from the current namespace instead.
01-24 20:01:47.439 16679 16679 W RenderThread: type=1400 audit(0.0:560): avc: denied { read } for name="gpuclk" dev="sysfs" ino=18862 scontext=u:r:untrusted_app:s0:c512,c768 tcontext=u:object_r:sysfs:s0 tclass=file permissive=0
01-24 20:01:47.442 16660 16679 I OpenGLRenderer: Initialized EGL, version 1.4
01-24 20:01:47.442 16660 16679 D OpenGLRenderer: Swap behavior 1
01-24 20:01:47.449 16660 16679 W Adreno-ES20: <get_gpu_clk:229>: open failed: errno 13
01-24 20:01:47.461 16660 16679 W Adreno-EGL: <qeglDrvAPI_eglGetConfigAttrib:612>: EGL_BAD_ATTRIBUTE
01-24 20:01:47.464 16660 16679 I vndksupport: sphal namespace is not configured for this process. Loading /vendor/lib/hw/gralloc.msm8909.so from the current namespace instead.
01-24 20:01:47.587 16660 16679 I vndksupport: sphal namespace is not configured for this process. Loading /vendor/lib/hw/gralloc.msm8909.so from the current namespace instead.
01-24 20:01:47.621   434   461 I ActivityManager: Displayed com.calm.android/.activities.MainWearActivity: +904ms
01-24 20:01:47.683 16660 16677 D SyncApi : Node name and ID: Pixel 2 | 1f79a19
01-24 20:01:47.698 16660 16677 D SyncApi : Message sent: 17277
01-24 20:01:47.721 16660 16684 D SyncApi : Node name and ID: Pixel 2 | 1f79a19 | /stats
01-24 20:01:47.729 16660 16684 D SyncApi : Message sent: 17278
01-24 20:01:48.598  7206  7251 I dailytrack: HealthSportDataCacheUtil::saveData(),currentThread4=handle_total_data
01-24 20:01:50.307   434   536 E TaskPersister: File error accessing recents directory (directory doesn't exist?).
01-24 20:01:53.604  7206  7251 I chatty  : uid=10025(u0_a25) handle_total_da identical 1 line
01-24 20:01:58.610  7206  7251 I dailytrack: HealthSportDataCacheUtil::saveData(),currentThread4=handle_total_data
01-24 20:02:00.011 15691 15691 D WallpaperUtil: InternalCache: available=1546M
01-24 20:02:00.030 15691 15691 E Watchface: WeatherManager::checkUpdateDisplayWeather() mWeatherInfo is null !
01-24 20:02:00.038 32131 32131 W OngoingChipController: Attempting to remove non-existent UI for chip [com.google.android.wearable.app, media_controls]
01-24 20:02:03.615  7206  7251 I dailytrack: HealthSportDataCacheUtil::saveData(),currentThread4=handle_total_data
01-24 20:02:03.837 16685 16685 D AndroidRuntime: >>>>>> START com.android.internal.os.RuntimeInit uid 2000 <<<<<<
01-24 20:02:05.045 16685 16685 D AndroidRuntime: Calling main entry com.android.commands.pm.Pm
01-24 20:02:05.077   434 13083 I ActivityManager: Force stopping com.calm.android appid=10069 user=0: clear data
01-24 20:02:05.078   434 13083 I ActivityManager: Killing 16660:com.calm.android/u0a69 (adj 0): stop com.calm.android
01-24 20:02:05.083   434 13083 W ActivityManager: Force removing ActivityRecord{b24704a u0 com.calm.android/.activities.MainWearActivity t477}: app died, no saved state
01-24 20:02:05.123   323   370 E SurfaceFlinger: Failed to find layer (com.calm.android/com.calm.android.activities.MainWearActivity#0) in layer parent (no-parent).
01-24 20:02:05.265   434  2560 W InputMethodManagerService: Got RemoteException sending setActive(false) notification to pid 16660 uid 10069
01-24 20:02:05.410   434   454 W Looper  : Dispatch took 328ms on android.ui, h=Handler (com.android.server.am.ActivityManagerService$UiHandler) {dee4953} cb=null msg=53
01-24 20:02:05.432   434   453 I ActivityManager: Force stopping com.calm.android appid=10069 user=-1: clearApplicationUserData
01-24 20:02:05.440   434   461 W ActivityManager: setHasOverlayUi called on unknown pid: 16660
01-24 20:02:05.441   434   453 W BroadcastQueue: Background execution not allowed: receiving Intent { act=android.os.UpdateLock.UPDATE_LOCK_CHANGED flg=0x4000010 (has extras) } to com.google.android.gms/.chimera.GmsIntentOperationService$PersistentTrustedReceiver
01-24 20:02:05.460   335   335 I keystore: clear_uid 10069
01-24 20:02:05.468   434   536 E TaskPersister: File error accessing recents directory (directory doesn't exist?).
01-24 20:02:05.478 15691 15691 E Watchface: CocosWatchFaceService::Handler msg: -5 0.0;--
01-24 20:02:05.578 16685 16685 I app_process: System.exit called, status: 0
01-24 20:02:05.578 16685 16685 I AndroidRuntime: VM exiting with result code 0.
01-24 20:02:05.597 31332 31332 D Avrcp   : AvrcpServiceBroadcastReceiver-> Action: android.intent.action.PACKAGE_DATA_CLEARED
01-24 20:02:05.597 31332 31332 D Avrcp   : packageName: com.calm.android removed: true
01-24 20:02:05.597 31332 31332 V Avrcp   : isBrowseSupported for com.calm.android: false
01-24 20:02:05.599 13109 13109 I GeofencerStateMachine: removeGeofences: removeRequest=RemoveGeofencingRequest[REMOVE_ALL packageName=com.calm.android]
01-24 20:02:05.689   712   712 D RegisteredNfcFServicesCache: Service unchanged, not updating
01-24 20:02:05.693 13109 16696 I Fitness : Clearing all cached OAuth tokens for: com.calm.android [CONTEXT service_id=17 ]
01-24 20:02:05.704 13109 16696 I Fitness : Removing all subscriptions for: com.calm.android [CONTEXT service_id=17 ]
01-24 20:02:05.791 13109 16696 I Fitness : Clearing all cached OAuth tokens for: com.calm.android [CONTEXT service_id=17 ]
01-24 20:02:05.807 13109 16696 I Fitness : Removing all subscriptions for: com.calm.android [CONTEXT service_id=17 ]
01-24 20:02:05.861   712   726 I zygote  : Background concurrent copying GC freed 9342(407KB) AllocSpace objects, 0(0B) LOS objects, 29% free, 1244KB/1756KB, paused 5.915ms total 213.384ms
01-24 20:02:08.620  7206  7251 I dailytrack: HealthSportDataCacheUtil::saveData(),currentThread4=handle_total_data
01-24 20:02:10.950   434  2560 I ActivityManager: START u0 {act=api.android.category.MAIN cat=[api.android.intent.LAUNCHER] flg=0x10000000 cmp=com.calm.android/.activities.MainWearActivity} from uid 2000
01-24 20:02:11.041   434   610 I ActivityManager: Start proc 16711:com.calm.android/u0a69 for activity com.calm.android/.activities.MainWearActivity
01-24 20:02:11.214   434   610 W ActivityManager: Slow operation: 94ms so far, now at attachApplicationLocked: after mServices.attachApplicationLocked
01-24 20:02:11.243   434   453 W BroadcastQueue: Background execution not allowed: receiving Intent { act=android.os.UpdateLock.UPDATE_LOCK_CHANGED flg=0x4000010 (has extras) } to com.google.android.gms/.chimera.GmsIntentOperationService$PersistentTrustedReceiver
01-24 20:02:11.513 16711 16722 I zygote  : Background concurrent copying GC freed 806(356KB) AllocSpace objects, 0(0B) LOS objects, 30% free, 1156KB/1668KB, paused 27.398ms total 219.717ms
01-24 20:02:11.688 16711 16732 D OpenGLRenderer: HWUI GL Pipeline
01-24 20:02:11.767 16711 16732 I Adreno-EGL: <qeglDrvAPI_eglInitialize:379>: EGL 1.4 QUALCOMM build:  (I7af58d6928)
01-24 20:02:11.767 16711 16732 I Adreno-EGL: OpenGL ES Shader Compiler Version: E031.35.01.00
01-24 20:02:11.767 16711 16732 I Adreno-EGL: Build Date: 09/14/17 Thu
01-24 20:02:11.767 16711 16732 I Adreno-EGL: Local Branch: gfx-adreno.lnx.1.0
01-24 20:02:11.767 16711 16732 I Adreno-EGL: Remote Branch: 
01-24 20:02:11.767 16711 16732 I Adreno-EGL: Local Patches: 
01-24 20:02:11.767 16711 16732 I Adreno-EGL: Reconstruct Branch: 
01-24 20:02:11.771 16711 16732 I vndksupport: sphal namespace is not configured for this process. Loading /vendor/lib/hw/gralloc.msm8909.so from the current namespace instead.
01-24 20:02:11.788 16711 16732 I OpenGLRenderer: Initialized EGL, version 1.4
01-24 20:02:11.788 16711 16732 D OpenGLRenderer: Swap behavior 1
01-24 20:02:11.789 16732 16732 W RenderThread: type=1400 audit(0.0:561): avc: denied { read } for name="gpuclk" dev="sysfs" ino=18862 scontext=u:r:untrusted_app:s0:c512,c768 tcontext=u:object_r:sysfs:s0 tclass=file permissive=0
01-24 20:02:11.801 16711 16732 W Adreno-ES20: <get_gpu_clk:229>: open failed: errno 13
01-24 20:02:11.818 16711 16732 W Adreno-EGL: <qeglDrvAPI_eglGetConfigAttrib:612>: EGL_BAD_ATTRIBUTE
01-24 20:02:11.820 16711 16732 I vndksupport: sphal namespace is not configured for this process. Loading /vendor/lib/hw/gralloc.msm8909.so from the current namespace instead.
01-24 20:02:11.940   723   723 I battery : BatteryService: mInternalBatteryReceiver onReceive() action = android.intent.action.BATTERY_CHANGED
01-24 20:02:11.942 16711 16732 I vndksupport: sphal namespace is not configured for this process. Loading /vendor/lib/hw/gralloc.msm8909.so from the current namespace instead.
01-24 20:02:11.948 31787 31787 I ADVLog  : ADV.SensorService:/BatteryTemperature: 346  /isUsbOrAc: 1
01-24 20:02:11.951   319   319 D WifiHAL : In DebugCommand::handleResponse
01-24 20:02:11.951   319   319 D WifiHAL : len = 4, expected len = 4
01-24 20:02:11.999   434  2021 E BatteryStatsService: no controller energy info supplied
01-24 20:02:12.003   434  2021 I chatty  : uid=1000(system) Binder:434_D identical 1 line
01-24 20:02:12.003   434  2021 E BatteryStatsService: no controller energy info supplied
01-24 20:02:12.004   434   461 I ActivityManager: Displayed com.calm.android/.activities.MainWearActivity: +989ms
01-24 20:02:12.094 16711 16730 D SyncApi : Node name and ID: Pixel 2 | 1f79a19
01-24 20:02:12.131 16711 16730 D SyncApi : Message sent: 17279
01-24 20:02:12.148 16711 16737 D SyncApi : Node name and ID: Pixel 2 | 1f79a19 | /stats
01-24 20:02:12.162 16711 16737 D SyncApi : Message sent: 17280
01-24 20:02:13.621  7206  7251 I dailytrack: HealthSportDataCacheUtil::saveData(),currentThread4=handle_total_data
01-24 20:02:14.531   434   536 E TaskPersister: File error accessing recents directory (directory doesn't exist?).
01-24 20:02:18.626  7206  7251 I chatty  : uid=10025(u0_a25) handle_total_da identical 1 line
01-24 20:02:23.633  7206  7251 I dailytrack: HealthSportDataCacheUtil::saveData(),currentThread4=handle_total_data
01-24 20:02:28.134 16738 16738 D AndroidRuntime: >>>>>> START com.android.internal.os.RuntimeInit uid 2000 <<<<<<
01-24 20:02:28.639  7206  7251 I dailytrack: HealthSportDataCacheUtil::saveData(),currentThread4=handle_total_data
01-24 20:02:29.301 16738 16738 D AndroidRuntime: Calling main entry com.android.commands.pm.Pm
01-24 20:02:29.335   434   610 I ActivityManager: Force stopping com.calm.android appid=10069 user=0: clear data
01-24 20:02:29.338   434   610 I ActivityManager: Killing 16711:com.calm.android/u0a69 (adj 0): stop com.calm.android
01-24 20:02:29.342   434   610 W ActivityManager: Force removing ActivityRecord{abce80 u0 com.calm.android/.activities.MainWearActivity t478}: app died, no saved state
01-24 20:02:29.580   434   453 I ActivityManager: Force stopping com.calm.android appid=10069 user=-1: clearApplicationUserData
01-24 20:02:29.608   434   461 W ActivityManager: setHasOverlayUi called on unknown pid: 16711
01-24 20:02:29.609   434   454 W Looper  : Dispatch took 272ms on android.ui, h=Handler (com.android.server.am.ActivityManagerService$UiHandler) {dee4953} cb=null msg=53
01-24 20:02:29.658   434   453 W BroadcastQueue: Background execution not allowed: receiving Intent { act=android.os.UpdateLock.UPDATE_LOCK_CHANGED flg=0x4000010 (has extras) } to com.google.android.gms/.chimera.GmsIntentOperationService$PersistentTrustedReceiver
01-24 20:02:29.694 15691 15691 E Watchface: CocosWatchFaceService::Handler msg: -5 0.0;--
01-24 20:02:29.698   335   335 I keystore: clear_uid 10069
01-24 20:02:29.701   434   536 E TaskPersister: File error accessing recents directory (directory doesn't exist?).
01-24 20:02:29.812 31332 31332 D Avrcp   : AvrcpServiceBroadcastReceiver-> Action: android.intent.action.PACKAGE_DATA_CLEARED
01-24 20:02:29.812 31332 31332 D Avrcp   : packageName: com.calm.android removed: true
01-24 20:02:29.812 31332 31332 V Avrcp   : isBrowseSupported for com.calm.android: false
01-24 20:02:29.815 13109 13109 I GeofencerStateMachine: removeGeofences: removeRequest=RemoveGeofencingRequest[REMOVE_ALL packageName=com.calm.android]
01-24 20:02:29.826 16738 16738 I app_process: System.exit called, status: 0
01-24 20:02:29.826 16738 16738 I AndroidRuntime: VM exiting with result code 0.
01-24 20:02:29.896 13109 16749 I Fitness : Clearing all cached OAuth tokens for: com.calm.android [CONTEXT service_id=17 ]
01-24 20:02:29.898 13109 16749 I Fitness : Removing all subscriptions for: com.calm.android [CONTEXT service_id=17 ]
01-24 20:02:29.964   712   712 D RegisteredNfcFServicesCache: Service unchanged, not updating
01-24 20:02:30.002 13109 16749 I Fitness : Clearing all cached OAuth tokens for: com.calm.android [CONTEXT service_id=17 ]
01-24 20:02:30.006 13109 16749 I Fitness : Removing all subscriptions for: com.calm.android [CONTEXT service_id=17 ]
01-24 20:02:33.645  7206  7251 I dailytrack: HealthSportDataCacheUtil::saveData(),currentThread4=handle_total_data
01-24 20:02:35.309   434  2426 I ActivityManager: START u0 {act=api.android.category.MAIN cat=[api.android.intent.LAUNCHER] flg=0x10000000 cmp=com.calm.android/.activities.MainWearActivity} from uid 2000
01-24 20:02:35.405   434   610 I ActivityManager: Start proc 16764:com.calm.android/u0a69 for activity com.calm.android/.activities.MainWearActivity
01-24 20:02:35.599   434   610 W ActivityManager: Slow operation: 91ms so far, now at attachApplicationLocked: after mServices.attachApplicationLocked
01-24 20:02:35.633   434   453 W BroadcastQueue: Background execution not allowed: receiving Intent { act=android.os.UpdateLock.UPDATE_LOCK_CHANGED flg=0x4000010 (has extras) } to com.google.android.gms/.chimera.GmsIntentOperationService$PersistentTrustedReceiver
01-24 20:02:36.088 16764 16783 D OpenGLRenderer: HWUI GL Pipeline
01-24 20:02:36.105 15691 15701 I zygote  : Background concurrent copying GC freed 4539(418KB) AllocSpace objects, 0(0B) LOS objects, 28% free, 1259KB/1771KB, paused 963us total 309.304ms
01-24 20:02:36.151 16764 16783 I Adreno-EGL: <qeglDrvAPI_eglInitialize:379>: EGL 1.4 QUALCOMM build:  (I7af58d6928)
01-24 20:02:36.151 16764 16783 I Adreno-EGL: OpenGL ES Shader Compiler Version: E031.35.01.00
01-24 20:02:36.151 16764 16783 I Adreno-EGL: Build Date: 09/14/17 Thu
01-24 20:02:36.151 16764 16783 I Adreno-EGL: Local Branch: gfx-adreno.lnx.1.0
01-24 20:02:36.151 16764 16783 I Adreno-EGL: Remote Branch: 
01-24 20:02:36.151 16764 16783 I Adreno-EGL: Local Patches: 
01-24 20:02:36.151 16764 16783 I Adreno-EGL: Reconstruct Branch: 
01-24 20:02:36.155 16764 16783 I vndksupport: sphal namespace is not configured for this process. Loading /vendor/lib/hw/gralloc.msm8909.so from the current namespace instead.
01-24 20:02:36.167   323   403 W HWComposer: Ignoring duplicate VSYNC event from HWC (t=168425679862934)
01-24 20:02:36.169 16783 16783 W RenderThread: type=1400 audit(0.0:562): avc: denied { read } for name="gpuclk" dev="sysfs" ino=18862 scontext=u:r:untrusted_app:s0:c512,c768 tcontext=u:object_r:sysfs:s0 tclass=file permissive=0
01-24 20:02:36.170 16764 16783 I OpenGLRenderer: Initialized EGL, version 1.4
01-24 20:02:36.171 16764 16783 D OpenGLRenderer: Swap behavior 1
01-24 20:02:36.179 16764 16783 W Adreno-ES20: <get_gpu_clk:229>: open failed: errno 13
01-24 20:02:36.189 16764 16783 W Adreno-EGL: <qeglDrvAPI_eglGetConfigAttrib:612>: EGL_BAD_ATTRIBUTE
01-24 20:02:36.192 16764 16783 I vndksupport: sphal namespace is not configured for this process. Loading /vendor/lib/hw/gralloc.msm8909.so from the current namespace instead.
01-24 20:02:36.221 16764 16774 I zygote  : Background concurrent copying GC freed 1449(270KB) AllocSpace objects, 0(0B) LOS objects, 30% free, 1157KB/1669KB, paused 25.372ms total 229.407ms
01-24 20:02:36.317 16764 16783 I vndksupport: sphal namespace is not configured for this process. Loading /vendor/lib/hw/gralloc.msm8909.so from the current namespace instead.
01-24 20:02:36.392   434   461 I ActivityManager: Displayed com.calm.android/.activities.MainWearActivity: +984ms
01-24 20:02:36.450 16764 16781 D SyncApi : Node name and ID: Pixel 2 | 1f79a19
01-24 20:02:36.499 16764 16781 D SyncApi : Message sent: 17281
01-24 20:02:36.520 16764 16788 D SyncApi : Node name and ID: Pixel 2 | 1f79a19 | /stats
01-24 20:02:36.536 16764 16788 D SyncApi : Message sent: 17282
01-24 20:02:36.634   434   443 I zygote  : Background concurrent copying GC freed 20185(1517KB) AllocSpace objects, 21(512KB) LOS objects, 15% free, 11MB/13MB, paused 3.246ms total 1.283s
01-24 20:02:38.651  7206  7251 I dailytrack: HealthSportDataCacheUtil::saveData(),currentThread4=handle_total_data
01-24 20:02:38.963   434   536 E TaskPersister: File error accessing recents directory (directory doesn't exist?).
01-24 20:02:43.657  7206  7251 I chatty  : uid=10025(u0_a25) handle_total_da identical 1 line
01-24 20:02:48.662  7206  7251 I dailytrack: HealthSportDataCacheUtil::saveData(),currentThread4=handle_total_data
01-24 20:02:52.481 16789 16789 D AndroidRuntime: >>>>>> START com.android.internal.os.RuntimeInit uid 2000 <<<<<<
01-24 20:02:53.572 16789 16789 D AndroidRuntime: Calling main entry com.android.commands.pm.Pm
01-24 20:02:53.608   434 13233 I ActivityManager: Force stopping com.calm.android appid=10069 user=0: clear data
01-24 20:02:53.610   434 13233 I ActivityManager: Killing 16764:com.calm.android/u0a69 (adj 0): stop com.calm.android
01-24 20:02:53.614   434 13233 W ActivityManager: Force removing ActivityRecord{699b441 u0 com.calm.android/.activities.MainWearActivity t479}: app died, no saved state
01-24 20:02:53.666  7206  7251 I dailytrack: HealthSportDataCacheUtil::saveData(),currentThread4=handle_total_data
01-24 20:02:53.803   434   610 W InputMethodManagerService: Got RemoteException sending setActive(false) notification to pid 16764 uid 10069
01-24 20:02:53.893   335   335 I keystore: clear_uid 10069
01-24 20:02:53.918   434   453 I ActivityManager: Force stopping com.calm.android appid=10069 user=-1: clearApplicationUserData
01-24 20:02:53.928   434   461 W ActivityManager: setHasOverlayUi called on unknown pid: 16764
01-24 20:02:53.928   434   454 W Looper  : Dispatch took 319ms on android.ui, h=Handler (com.android.server.am.ActivityManagerService$UiHandler) {dee4953} cb=null msg=53
01-24 20:02:53.945   434   536 E TaskPersister: File error accessing recents directory (directory doesn't exist?).
01-24 20:02:53.950 15691 15691 E Watchface: CocosWatchFaceService::Handler msg: -5 0.0;--
01-24 20:02:53.952   434   453 W BroadcastQueue: Background execution not allowed: receiving Intent { act=android.os.UpdateLock.UPDATE_LOCK_CHANGED flg=0x4000010 (has extras) } to com.google.android.gms/.chimera.GmsIntentOperationService$PersistentTrustedReceiver
01-24 20:02:54.103 31332 31332 D Avrcp   : AvrcpServiceBroadcastReceiver-> Action: android.intent.action.PACKAGE_DATA_CLEARED
01-24 20:02:54.103 31332 31332 D Avrcp   : packageName: com.calm.android removed: true
01-24 20:02:54.103 31332 31332 V Avrcp   : isBrowseSupported for com.calm.android: false
01-24 20:02:54.104 13109 13109 I GeofencerStateMachine: removeGeofences: removeRequest=RemoveGeofencingRequest[REMOVE_ALL packageName=com.calm.android]
01-24 20:02:54.160 16789 16789 I app_process: System.exit called, status: 0
01-24 20:02:54.160 16789 16789 I AndroidRuntime: VM exiting with result code 0.
01-24 20:02:54.191   712   712 D RegisteredNfcFServicesCache: Service unchanged, not updating
01-24 20:02:54.223 13109 16805 I Fitness : Clearing all cached OAuth tokens for: com.calm.android [CONTEXT service_id=17 ]
01-24 20:02:54.227 13109 16805 I Fitness : Removing all subscriptions for: com.calm.android [CONTEXT service_id=17 ]
01-24 20:02:54.323 13109 16805 I Fitness : Clearing all cached OAuth tokens for: com.calm.android [CONTEXT service_id=17 ]
01-24 20:02:54.327 13109 16805 I Fitness : Removing all subscriptions for: com.calm.android [CONTEXT service_id=17 ]
01-24 20:02:54.492   328   328 D shd     : ProcessSensorDeactive sensor:0x0, handle:0 
01-24 20:02:54.509   328   328 D shd     : Process sensor Batch sensor:0, period:10, batch:10
01-24 20:02:54.510   328   328 D shd     : ProcessSensorActive sensor:0x0, handle:0, option:0
01-24 20:02:54.526 13109 13122 I zygote  : Background concurrent copying GC freed 35607(2MB) AllocSpace objects, 0(0B) LOS objects, 20% free, 7MB/9MB, paused 1.138ms total 550.390ms
01-24 20:02:58.666  7206  7251 I dailytrack: HealthSportDataCacheUtil::saveData(),currentThread4=handle_total_data
01-24 20:02:59.584   434  2426 I ActivityManager: START u0 {act=api.android.category.MAIN cat=[api.android.intent.LAUNCHER] flg=0x10000000 cmp=com.calm.android/.activities.MainWearActivity} from uid 2000
01-24 20:02:59.674   434 13233 I ActivityManager: Start proc 16816:com.calm.android/u0a69 for activity com.calm.android/.activities.MainWearActivity
01-24 20:02:59.798 16816 16826 I zygote  : Background concurrent copying GC freed 520(390KB) AllocSpace objects, 0(0B) LOS objects, 35% free, 933KB/1445KB, paused 11.113ms total 68.709ms
01-24 20:02:59.840   434 13233 W ActivityManager: Slow operation: 86ms so far, now at attachApplicationLocked: after mServices.attachApplicationLocked
01-24 20:02:59.905   434   453 W BroadcastQueue: Background execution not allowed: receiving Intent { act=android.os.UpdateLock.UPDATE_LOCK_CHANGED flg=0x4000010 (has extras) } to com.google.android.gms/.chimera.GmsIntentOperationService$PersistentTrustedReceiver
01-24 20:02:59.921   323   403 W HWComposer: Ignoring duplicate VSYNC event from HWC (t=168449403657196)
01-24 20:03:00.076 15691 15691 D WallpaperUtil: InternalCache: available=1546M
01-24 20:03:00.266 16816 16835 D OpenGLRenderer: HWUI GL Pipeline
01-24 20:03:00.298 15691 15691 E Watchface: WeatherManager::checkUpdateDisplayWeather() mWeatherInfo is null !
01-24 20:03:00.307 32131 32131 W OngoingChipController: Attempting to remove non-existent UI for chip [com.google.android.wearable.app, media_controls]
01-24 20:03:00.337 16816 16835 I Adreno-EGL: <qeglDrvAPI_eglInitialize:379>: EGL 1.4 QUALCOMM build:  (I7af58d6928)
01-24 20:03:00.337 16816 16835 I Adreno-EGL: OpenGL ES Shader Compiler Version: E031.35.01.00
01-24 20:03:00.337 16816 16835 I Adreno-EGL: Build Date: 09/14/17 Thu
01-24 20:03:00.337 16816 16835 I Adreno-EGL: Local Branch: gfx-adreno.lnx.1.0
01-24 20:03:00.337 16816 16835 I Adreno-EGL: Remote Branch: 
01-24 20:03:00.337 16816 16835 I Adreno-EGL: Local Patches: 
01-24 20:03:00.337 16816 16835 I Adreno-EGL: Reconstruct Branch: 
01-24 20:03:00.342 16816 16835 I vndksupport: sphal namespace is not configured for this process. Loading /vendor/lib/hw/gralloc.msm8909.so from the current namespace instead.
01-24 20:03:00.349 16835 16835 W RenderThread: type=1400 audit(0.0:563): avc: denied { read } for name="gpuclk" dev="sysfs" ino=18862 scontext=u:r:untrusted_app:s0:c512,c768 tcontext=u:object_r:sysfs:s0 tclass=file permissive=0
01-24 20:03:00.357 16816 16835 I OpenGLRenderer: Initialized EGL, version 1.4
01-24 20:03:00.357 16816 16835 D OpenGLRenderer: Swap behavior 1
01-24 20:03:00.363 16816 16835 W Adreno-ES20: <get_gpu_clk:229>: open failed: errno 13
01-24 20:03:00.375 16816 16835 W Adreno-EGL: <qeglDrvAPI_eglGetConfigAttrib:612>: EGL_BAD_ATTRIBUTE
01-24 20:03:00.378 16816 16835 I vndksupport: sphal namespace is not configured for this process. Loading /vendor/lib/hw/gralloc.msm8909.so from the current namespace instead.
01-24 20:03:00.457 16816 16826 I zygote  : Background concurrent copying GC freed 1453(292KB) AllocSpace objects, 0(0B) LOS objects, 29% free, 1199KB/1711KB, paused 3.980ms total 256.177ms
01-24 20:03:00.505 16816 16835 I vndksupport: sphal namespace is not configured for this process. Loading /vendor/lib/hw/gralloc.msm8909.so from the current namespace instead.
01-24 20:03:00.537   434   461 I ActivityManager: Displayed com.calm.android/.activities.MainWearActivity: +903ms
01-24 20:03:00.646 16816 16833 D SyncApi : Node name and ID: Pixel 2 | 1f79a19
01-24 20:03:00.709 16816 16833 D SyncApi : Message sent: 17283
01-24 20:03:00.752 16816 16839 D SyncApi : Node name and ID: Pixel 2 | 1f79a19 | /stats
01-24 20:03:00.762 16816 16839 D SyncApi : Message sent: 17284
01-24 20:03:00.802 31332 31342 I zygote  : Background concurrent copying GC freed 369(400KB) AllocSpace objects, 0(0B) LOS objects, 33% free, 1008KB/1520KB, paused 4.637ms total 109.990ms
01-24 20:03:03.139   434   536 E TaskPersister: File error accessing recents directory (directory doesn't exist?).
01-24 20:03:03.671  7206  7251 I dailytrack: HealthSportDataCacheUtil::saveData(),currentThread4=handle_total_data
01-24 20:03:08.676  7206  7251 I dailytrack: HealthSportDataCacheUtil::saveData(),currentThread4=handle_total_data
01-24 20:03:11.947   723   723 I battery : BatteryService: mInternalBatteryReceiver onReceive() action = android.intent.action.BATTERY_CHANGED
01-24 20:03:11.958 31787 31787 I ADVLog  : ADV.SensorService:/BatteryTemperature: 345  /isUsbOrAc: 1
01-24 20:03:11.964   319   319 D WifiHAL : In DebugCommand::handleResponse
01-24 20:03:11.964   319   319 D WifiHAL : len = 4, expected len = 4
01-24 20:03:11.994   434 13233 E BatteryStatsService: no controller energy info supplied
01-24 20:03:11.997   434 13233 I chatty  : uid=1000(system) Binder:434_20 identical 1 line
01-24 20:03:11.998   434 13233 E BatteryStatsService: no controller energy info supplied
01-24 20:03:12.174   723   737 I zygote  : Background concurrent copying GC freed 6874(591KB) AllocSpace objects, 2(192KB) LOS objects, 25% free, 1975KB/2MB, paused 4.004ms total 116.531ms
01-24 20:03:13.681  7206  7251 I dailytrack: HealthSportDataCacheUtil::saveData(),currentThread4=handle_total_data
01-24 20:03:16.640   434 16842 D NetworkMonitor/NetworkAgentInfo [WIFI () - 448]: PROBE_DNS www.google.com 49ms FAIL
01-24 20:03:16.645   434 16843 D NetworkMonitor/NetworkAgentInfo [WIFI () - 448]: PROBE_DNS connectivitycheck.gstatic.com 43ms FAIL
01-24 20:03:16.661   434 16843 D NetworkMonitor/NetworkAgentInfo [WIFI () - 448]: PROBE_HTTP http://connectivitycheck.gstatic.com/generate_204 Probably not a portal: exception java.net.UnknownHostException: Unable to resolve host "connectivitycheck.gstatic.com": No address associated with hostname
01-24 20:03:16.670   434 16842 D NetworkMonitor/NetworkAgentInfo [WIFI () - 448]: PROBE_HTTPS https://www.google.com/generate_204 Probably not a portal: exception java.net.UnknownHostException: Unable to resolve host "www.google.com": No address associated with hostname
01-24 20:03:16.678   434  1808 D NetworkMonitor/NetworkAgentInfo [WIFI () - 448]: PROBE_FALLBACK http://www.google.com/gen_204 Probably not a portal: exception java.net.UnknownHostException: Unable to resolve host "www.google.com": No address associated with hostname
01-24 20:03:16.682   434   517 D ConnectivityService: NetworkAgentInfo [WIFI () - 448] validation failed
01-24 20:03:16.683   434   514 D WifiStateMachine: NETWORK_STATUS_UNWANTED_VALIDATION_FAILED
01-24 20:03:16.914 16840 16840 D AndroidRuntime: >>>>>> START com.android.internal.os.RuntimeInit uid 2000 <<<<<<
01-24 20:03:18.165 16840 16840 D AndroidRuntime: Calling main entry com.android.commands.pm.Pm
01-24 20:03:18.200   434 13233 I ActivityManager: Force stopping com.calm.android appid=10069 user=0: clear data
01-24 20:03:18.201   434 13233 I ActivityManager: Killing 16816:com.calm.android/u0a69 (adj 0): stop com.calm.android
01-24 20:03:18.211   434 13233 W ActivityManager: Force removing ActivityRecord{41c5ce u0 com.calm.android/.activities.MainWearActivity t480}: app died, no saved state
01-24 20:03:18.511   434   454 W Looper  : Dispatch took 309ms on android.ui, h=Handler (com.android.server.am.ActivityManagerService$UiHandler) {dee4953} cb=null msg=53
01-24 20:03:18.541   434   453 I ActivityManager: Force stopping com.calm.android appid=10069 user=-1: clearApplicationUserData
01-24 20:03:18.549   335   335 I keystore: clear_uid 10069
01-24 20:03:18.577 15691 15691 E Watchface: CocosWatchFaceService::Handler msg: -5 0.0;--
01-24 20:03:18.604   434   461 W ActivityManager: setHasOverlayUi called on unknown pid: 16816
01-24 20:03:18.610   434   536 E TaskPersister: File error accessing recents directory (directory doesn't exist?).
01-24 20:03:18.621   434   453 W BroadcastQueue: Background execution not allowed: receiving Intent { act=android.os.UpdateLock.UPDATE_LOCK_CHANGED flg=0x4000010 (has extras) } to com.google.android.gms/.chimera.GmsIntentOperationService$PersistentTrustedReceiver
01-24 20:03:18.686  7206  7251 I dailytrack: HealthSportDataCacheUtil::saveData(),currentThread4=handle_total_data
01-24 20:03:18.769 13109 13109 I GeofencerStateMachine: removeGeofences: removeRequest=RemoveGeofencingRequest[REMOVE_ALL packageName=com.calm.android]
01-24 20:03:18.771 31332 31332 D Avrcp   : AvrcpServiceBroadcastReceiver-> Action: android.intent.action.PACKAGE_DATA_CLEARED
01-24 20:03:18.771 31332 31332 D Avrcp   : packageName: com.calm.android removed: true
01-24 20:03:18.771 31332 31332 V Avrcp   : isBrowseSupported for com.calm.android: false
01-24 20:03:18.792 16840 16840 I app_process: System.exit called, status: 0
01-24 20:03:18.792 16840 16840 I AndroidRuntime: VM exiting with result code 0.
01-24 20:03:18.842   712   712 D RegisteredNfcFServicesCache: Service unchanged, not updating
01-24 20:03:18.882 13109 16857 I Fitness : Clearing all cached OAuth tokens for: com.calm.android [CONTEXT service_id=17 ]
01-24 20:03:18.890 13109 16857 I Fitness : Removing all subscriptions for: com.calm.android [CONTEXT service_id=17 ]
01-24 20:03:18.961 13109 16857 I Fitness : Clearing all cached OAuth tokens for: com.calm.android [CONTEXT service_id=17 ]
01-24 20:03:18.967 13109 16857 I Fitness : Removing all subscriptions for: com.calm.android [CONTEXT service_id=17 ]
01-24 20:03:23.691  7206  7251 I dailytrack: HealthSportDataCacheUtil::saveData(),currentThread4=handle_total_data
01-24 20:03:24.130   434  3945 I ActivityManager: START u0 {act=api.android.category.MAIN cat=[api.android.intent.LAUNCHER] flg=0x10000000 cmp=com.calm.android/.activities.MainWearActivity} from uid 2000
01-24 20:03:24.236   434 13233 I ActivityManager: Start proc 16871:com.calm.android/u0a69 for activity com.calm.android/.activities.MainWearActivity
01-24 20:03:24.504   434 13233 W ActivityManager: Slow operation: 103ms so far, now at attachApplicationLocked: after mServices.attachApplicationLocked
01-24 20:03:24.526   434   453 W BroadcastQueue: Background execution not allowed: receiving Intent { act=android.os.UpdateLock.UPDATE_LOCK_CHANGED flg=0x4000010 (has extras) } to com.google.android.gms/.chimera.GmsIntentOperationService$PersistentTrustedReceiver
01-24 20:03:24.559   323   403 W HWComposer: Ignoring duplicate VSYNC event from HWC (t=168474059465937)
01-24 20:03:24.953 16871 16890 D OpenGLRenderer: HWUI GL Pipeline
01-24 20:03:24.993 16871 16881 I zygote  : Background concurrent copying GC freed 1495(279KB) AllocSpace objects, 0(0B) LOS objects, 30% free, 1158KB/1670KB, paused 3.637ms total 151.527ms
01-24 20:03:25.014 16871 16890 I Adreno-EGL: <qeglDrvAPI_eglInitialize:379>: EGL 1.4 QUALCOMM build:  (I7af58d6928)
01-24 20:03:25.014 16871 16890 I Adreno-EGL: OpenGL ES Shader Compiler Version: E031.35.01.00
01-24 20:03:25.014 16871 16890 I Adreno-EGL: Build Date: 09/14/17 Thu
01-24 20:03:25.014 16871 16890 I Adreno-EGL: Local Branch: gfx-adreno.lnx.1.0
01-24 20:03:25.014 16871 16890 I Adreno-EGL: Remote Branch: 
01-24 20:03:25.014 16871 16890 I Adreno-EGL: Local Patches: 
01-24 20:03:25.014 16871 16890 I Adreno-EGL: Reconstruct Branch: 
01-24 20:03:25.019 16871 16890 I vndksupport: sphal namespace is not configured for this process. Loading /vendor/lib/hw/gralloc.msm8909.so from the current namespace instead.
01-24 20:03:25.029 16890 16890 W RenderThread: type=1400 audit(0.0:564): avc: denied { read } for name="gpuclk" dev="sysfs" ino=18862 scontext=u:r:untrusted_app:s0:c512,c768 tcontext=u:object_r:sysfs:s0 tclass=file permissive=0
01-24 20:03:25.034 16871 16890 I OpenGLRenderer: Initialized EGL, version 1.4
01-24 20:03:25.035 16871 16890 D OpenGLRenderer: Swap behavior 1
01-24 20:03:25.041 16871 16890 W Adreno-ES20: <get_gpu_clk:229>: open failed: errno 13
01-24 20:03:25.054 16871 16890 W Adreno-EGL: <qeglDrvAPI_eglGetConfigAttrib:612>: EGL_BAD_ATTRIBUTE
01-24 20:03:25.056 16871 16890 I vndksupport: sphal namespace is not configured for this process. Loading /vendor/lib/hw/gralloc.msm8909.so from the current namespace instead.
01-24 20:03:25.185 16871 16890 I vndksupport: sphal namespace is not configured for this process. Loading /vendor/lib/hw/gralloc.msm8909.so from the current namespace instead.
01-24 20:03:25.228   434   461 I ActivityManager: Displayed com.calm.android/.activities.MainWearActivity: +1s26ms
01-24 20:03:25.302   434   443 I zygote  : Background concurrent copying GC freed 20268(1479KB) AllocSpace objects, 18(452KB) LOS objects, 15% free, 11MB/13MB, paused 8.421ms total 1.121s
01-24 20:03:25.337 16871 16888 D SyncApi : Node name and ID: Pixel 2 | 1f79a19
01-24 20:03:25.359 16871 16888 D SyncApi : Message sent: 17285
01-24 20:03:25.378 16871 16895 D SyncApi : Node name and ID: Pixel 2 | 1f79a19 | /stats
01-24 20:03:25.388 16871 16895 D SyncApi : Message sent: 17286
01-24 20:03:27.773   434   536 E TaskPersister: File error accessing recents directory (directory doesn't exist?).
01-24 20:03:28.700  7206  7251 I dailytrack: HealthSportDataCacheUtil::saveData(),currentThread4=handle_total_data
01-24 20:03:33.708  7206  7251 I chatty  : uid=10025(u0_a25) handle_total_da identical 1 line
01-24 20:03:38.713  7206  7251 I dailytrack: HealthSportDataCacheUtil::saveData(),currentThread4=handle_total_data
01-24 20:03:41.493 16896 16896 D AndroidRuntime: >>>>>> START com.android.internal.os.RuntimeInit uid 2000 <<<<<<
01-24 20:03:42.732 16896 16896 D AndroidRuntime: Calling main entry com.android.commands.pm.Pm
01-24 20:03:42.757   434  3945 I ActivityManager: Force stopping com.calm.android appid=10069 user=0: clear data
01-24 20:03:42.759   434  3945 I ActivityManager: Killing 16871:com.calm.android/u0a69 (adj 0): stop com.calm.android
01-24 20:03:42.768   434  3945 W ActivityManager: Force removing ActivityRecord{4c85d24 u0 com.calm.android/.activities.MainWearActivity t481}: app died, no saved state
01-24 20:03:42.933   434  2426 W InputMethodManagerService: Got RemoteException sending setActive(false) notification to pid 16871 uid 10069
01-24 20:03:43.038   434   453 I ActivityManager: Force stopping com.calm.android appid=10069 user=-1: clearApplicationUserData
01-24 20:03:43.048   434   461 W ActivityManager: setHasOverlayUi called on unknown pid: 16871
01-24 20:03:43.048   335   335 I keystore: clear_uid 10069
01-24 20:03:43.053   434   454 W Looper  : Dispatch took 294ms on android.ui, h=Handler (com.android.server.am.ActivityManagerService$UiHandler) {dee4953} cb=null msg=53
01-24 20:03:43.073   434   453 W BroadcastQueue: Background execution not allowed: receiving Intent { act=android.os.UpdateLock.UPDATE_LOCK_CHANGED flg=0x4000010 (has extras) } to com.google.android.gms/.chimera.GmsIntentOperationService$PersistentTrustedReceiver
01-24 20:03:43.104 15691 15691 E Watchface: CocosWatchFaceService::Handler msg: -5 0.0;--
01-24 20:03:43.114   434   536 E TaskPersister: File error accessing recents directory (directory doesn't exist?).
01-24 20:03:43.254 31332 31332 D Avrcp   : AvrcpServiceBroadcastReceiver-> Action: android.intent.action.PACKAGE_DATA_CLEARED
01-24 20:03:43.254 31332 31332 D Avrcp   : packageName: com.calm.android removed: true
01-24 20:03:43.254 31332 31332 V Avrcp   : isBrowseSupported for com.calm.android: false
01-24 20:03:43.258 13109 13109 I GeofencerStateMachine: removeGeofences: removeRequest=RemoveGeofencingRequest[REMOVE_ALL packageName=com.calm.android]
01-24 20:03:43.288   712   712 D RegisteredNfcFServicesCache: Service unchanged, not updating
01-24 20:03:43.296 16896 16896 I app_process: System.exit called, status: 0
01-24 20:03:43.297 16896 16896 I AndroidRuntime: VM exiting with result code 0.
01-24 20:03:43.333 13109 16907 I Fitness : Clearing all cached OAuth tokens for: com.calm.android [CONTEXT service_id=17 ]
01-24 20:03:43.350 13109 16907 I Fitness : Removing all subscriptions for: com.calm.android [CONTEXT service_id=17 ]
01-24 20:03:43.424 13109 16907 I Fitness : Clearing all cached OAuth tokens for: com.calm.android [CONTEXT service_id=17 ]
01-24 20:03:43.428 13109 16907 I Fitness : Removing all subscriptions for: com.calm.android [CONTEXT service_id=17 ]
01-24 20:03:43.716  7206  7251 I dailytrack: HealthSportDataCacheUtil::saveData(),currentThread4=handle_total_data


